{"bootlog":{"path":"/var/log/boot.log","content":null,"err":""},"dmesg":["[    0.000000] Initializing cgroup subsys cpuset","[    0.000000] Initializing cgroup subsys cpu","[    0.000000] Initializing cgroup subsys cpuacct","[    0.000000] Linux version 3.10.0-1127.el7.x86_64 (mockbuild@x86-034.build.eng.bos.redhat.com) (gcc version 4.8.5 20150623 (Red Hat 4.8.5-39) (GCC) ) #1 SMP Tue Feb 18 16:39:12 EST 2020","[    0.000000] Command line: BOOT_IMAGE=/vmlinuz-3.10.0-1127.el7.x86_64 root=/dev/mapper/rhel-root ro rd.lvm.lv=rhel/root rd.lvm.lv=rhel/swap rhgb quiet transparent_hugepage=never","[    0.000000] Disabled fast string operations","[    0.000000] e820: BIOS-provided physical RAM map:","[    0.000000] BIOS-e820: [mem 0x0000000000000000-0x000000000009f7ff] usable","[    0.000000] BIOS-e820: [mem 0x000000000009f800-0x000000000009ffff] reserved","[    0.000000] BIOS-e820: [mem 0x00000000000dc000-0x00000000000fffff] reserved","[    0.000000] BIOS-e820: [mem 0x0000000000100000-0x00000000bfeeffff] usable","[    0.000000] BIOS-e820: [mem 0x00000000bfef0000-0x00000000bfefefff] ACPI data","[    0.000000] BIOS-e820: [mem 0x00000000bfeff000-0x00000000bfefffff] ACPI NVS","[    0.000000] BIOS-e820: [mem 0x00000000bff00000-0x00000000bfffffff] usable","[    0.000000] BIOS-e820: [mem 0x00000000f0000000-0x00000000f7ffffff] reserved","[    0.000000] BIOS-e820: [mem 0x00000000fec00000-0x00000000fec0ffff] reserved","[    0.000000] BIOS-e820: [mem 0x00000000fee00000-0x00000000fee00fff] reserved","[    0.000000] BIOS-e820: [mem 0x00000000fffe0000-0x00000000ffffffff] reserved","[    0.000000] BIOS-e820: [mem 0x0000000100000000-0x000000063fffffff] usable","[    0.000000] NX (Execute Disable) protection: active","[    0.000000] SMBIOS 2.4 present.","[    0.000000] DMI: VMware, Inc. VMware Virtual Platform/440BX Desktop Reference Platform, BIOS 6.00 09/21/2015","[    0.000000] Hypervisor detected: VMware","[    0.000000] vmware: TSC freq read from hypervisor : 2800.000 MHz","[    0.000000] vmware: Host bus clock speed read from hypervisor : 66000000 Hz","[    0.000000] vmware: using sched offset of 8127829939 ns","[    0.000000] e820: update [mem 0x00000000-0x00000fff] usable ==\u003e reserved","[    0.000000] e820: remove [mem 0x000a0000-0x000fffff] usable","[    0.000000] e820: last_pfn = 0x640000 max_arch_pfn = 0x400000000","[    0.000000] MTRR default type: uncachable","[    0.000000] MTRR fixed ranges enabled:","[    0.000000]   00000-9FFFF write-back","[    0.000000]   A0000-BFFFF uncachable","[    0.000000]   C0000-CFFFF write-protect","[    0.000000]   D0000-EFFFF uncachable","[    0.000000]   F0000-FFFFF write-protect","[    0.000000] MTRR variable ranges enabled:","[    0.000000]   0 base 000C0000000 mask 3FFC0000000 uncachable","[    0.000000]   1 base 00000000000 mask 3FC00000000 write-back","[    0.000000]   2 base 00400000000 mask 3FE00000000 write-back","[    0.000000]   3 base 00600000000 mask 3FFC0000000 write-back","[    0.000000]   4 disabled","[    0.000000]   5 disabled","[    0.000000]   6 disabled","[    0.000000]   7 disabled","[    0.000000] PAT configuration [0-7]: WB  WC  UC- UC  WB  WP  UC- UC","[    0.000000] original variable MTRRs","[    0.000000] reg 0, base: 3GB, range: 1GB, type UC","[    0.000000] reg 1, base: 0GB, range: 16GB, type WB","[    0.000000] reg 2, base: 16GB, range: 8GB, type WB","[    0.000000] reg 3, base: 24GB, range: 1GB, type WB","[    0.000000] total RAM covered: 24576M","[    0.000000] Found optimal setting for mtrr clean up","[    0.000000]  gran_size: 64K \tchunk_size: 64K \tnum_reg: 6  \tlose cover RAM: 0G","[    0.000000] New variable MTRRs","[    0.000000] reg 0, base: 0GB, range: 2GB, type WB","[    0.000000] reg 1, base: 2GB, range: 1GB, type WB","[    0.000000] reg 2, base: 4GB, range: 4GB, type WB","[    0.000000] reg 3, base: 8GB, range: 8GB, type WB","[    0.000000] reg 4, base: 16GB, range: 8GB, type WB","[    0.000000] reg 5, base: 24GB, range: 1GB, type WB","[    0.000000] e820: update [mem 0xc0000000-0xffffffff] usable ==\u003e reserved","[    0.000000] e820: last_pfn = 0xc0000 max_arch_pfn = 0x400000000","[    0.000000] found SMP MP-table at [mem 0x000f6b30-0x000f6b3f] mapped at [ffffffffff200b30]","[    0.000000] Base memory trampoline at [ffff883580099000] 99000 size 24576","[    0.000000] BRK [0x2fae74000, 0x2fae74fff] PGTABLE","[    0.000000] BRK [0x2fae75000, 0x2fae75fff] PGTABLE","[    0.000000] BRK [0x2fae76000, 0x2fae76fff] PGTABLE","[    0.000000] BRK [0x2fae77000, 0x2fae77fff] PGTABLE","[    0.000000] BRK [0x2fae78000, 0x2fae78fff] PGTABLE","[    0.000000] BRK [0x2fae79000, 0x2fae79fff] PGTABLE","[    0.000000] BRK [0x2fae7a000, 0x2fae7afff] PGTABLE","[    0.000000] BRK [0x2fae7b000, 0x2fae7bfff] PGTABLE","[    0.000000] RAMDISK: [mem 0x3434d000-0x3619efff]","[    0.000000] Early table checksum verification disabled","[    0.000000] ACPI: RSDP 00000000000f6ac0 00024 (v02 PTLTD )","[    0.000000] ACPI: XSDT 00000000bfef0cc5 0005C (v01 INTEL  440BX    06040000 VMW  01324272)","[    0.000000] ACPI: FACP 00000000bfefee73 000F4 (v04 INTEL  440BX    06040000 PTL  000F4240)","[    0.000000] ACPI: DSDT 00000000bfef10c5 0DDAE (v01 PTLTD  Custom   06040000 MSFT 03000001)","[    0.000000] ACPI: FACS 00000000bfefffc0 00040","[    0.000000] ACPI: BOOT 00000000bfef109d 00028 (v01 PTLTD  $SBFTBL$ 06040000  LTP 00000001)","[    0.000000] ACPI: APIC 00000000bfef0f4d 000B2 (v01 PTLTD  ? APIC   06040000  LTP 00000000)","[    0.000000] ACPI: MCFG 00000000bfef0f11 0003C (v01 PTLTD  $PCITBL$ 06040000  LTP 00000001)","[    0.000000] ACPI: SRAT 00000000bfef0dc1 00150 (v02 VMWARE MEMPLUG  06040000 VMW  00000001)","[    0.000000] ACPI: HPET 00000000bfef0d89 00038 (v01 VMWARE VMW HPET 06040000 VMW  00000001)","[    0.000000] ACPI: WAET 00000000bfef0d61 00028 (v01 VMWARE VMW WAET 06040000 VMW  00000001)","[    0.000000] ACPI: Local APIC address 0xfee00000","[    0.000000] SRAT: PXM 0 -\u003e APIC 0x00 -\u003e Node 0","[    0.000000] SRAT: PXM 0 -\u003e APIC 0x01 -\u003e Node 0","[    0.000000] SRAT: PXM 0 -\u003e APIC 0x02 -\u003e Node 0","[    0.000000] SRAT: PXM 0 -\u003e APIC 0x03 -\u003e Node 0","[    0.000000] SRAT: PXM 0 -\u003e APIC 0x04 -\u003e Node 0","[    0.000000] SRAT: PXM 0 -\u003e APIC 0x05 -\u003e Node 0","[    0.000000] SRAT: PXM 0 -\u003e APIC 0x06 -\u003e Node 0","[    0.000000] SRAT: PXM 0 -\u003e APIC 0x07 -\u003e Node 0","[    0.000000] SRAT: Node 0 PXM 0 [mem 0x00000000-0x0009ffff]","[    0.000000] SRAT: Node 0 PXM 0 [mem 0x00100000-0x0fffffff]","[    0.000000] SRAT: Node 0 PXM 0 [mem 0x10000000-0xbfffffff]","[    0.000000] SRAT: Node 0 PXM 0 [mem 0x100000000-0x63fffffff]","[    0.000000] NUMA: Node 0 [mem 0x00000000-0x0009ffff] + [mem 0x00100000-0x0fffffff] -\u003e [mem 0x00000000-0x0fffffff]","[    0.000000] NUMA: Node 0 [mem 0x00000000-0x0fffffff] + [mem 0x10000000-0xbfffffff] -\u003e [mem 0x00000000-0xbfffffff]","[    0.000000] NUMA: Node 0 [mem 0x00000000-0xbfffffff] + [mem 0x100000000-0x63fffffff] -\u003e [mem 0x00000000-0x63fffffff]","[    0.000000] NODE_DATA(0) allocated [mem 0x63ffc5000-0x63ffebfff]","[    0.000000] Zone ranges:","[    0.000000]   DMA      [mem 0x00001000-0x00ffffff]","[    0.000000]   DMA32    [mem 0x01000000-0xffffffff]","[    0.000000]   Normal   [mem 0x100000000-0x63fffffff]","[    0.000000] Movable zone start for each node","[    0.000000] Early memory node ranges","[    0.000000]   node   0: [mem 0x00001000-0x0009efff]","[    0.000000]   node   0: [mem 0x00100000-0xbfeeffff]","[    0.000000]   node   0: [mem 0xbff00000-0xbfffffff]","[    0.000000]   node   0: [mem 0x100000000-0x63fffffff]","[    0.000000] Initmem setup node 0 [mem 0x00001000-0x63fffffff]","[    0.000000] On node 0 totalpages: 6291342","[    0.000000]   DMA zone: 64 pages used for memmap","[    0.000000]   DMA zone: 21 pages reserved","[    0.000000]   DMA zone: 3998 pages, LIFO batch:0","[    0.000000]   DMA32 zone: 12224 pages used for memmap","[    0.000000]   DMA32 zone: 782320 pages, LIFO batch:31","[    0.000000]   Normal zone: 86016 pages used for memmap","[    0.000000]   Normal zone: 5505024 pages, LIFO batch:31","[    0.000000] ACPI: PM-Timer IO Port: 0x1008","[    0.000000] ACPI: Local APIC address 0xfee00000","[    0.000000] ACPI: LAPIC (acpi_id[0x00] lapic_id[0x00] enabled)","[    0.000000] ACPI: LAPIC (acpi_id[0x01] lapic_id[0x01] enabled)","[    0.000000] ACPI: LAPIC (acpi_id[0x02] lapic_id[0x02] enabled)","[    0.000000] ACPI: LAPIC (acpi_id[0x03] lapic_id[0x03] enabled)","[    0.000000] ACPI: LAPIC (acpi_id[0x04] lapic_id[0x04] enabled)","[    0.000000] ACPI: LAPIC (acpi_id[0x05] lapic_id[0x05] enabled)","[    0.000000] ACPI: LAPIC (acpi_id[0x06] lapic_id[0x06] enabled)","[    0.000000] ACPI: LAPIC (acpi_id[0x07] lapic_id[0x07] enabled)","[    0.000000] ACPI: LAPIC_NMI (acpi_id[0x00] high edge lint[0x1])","[    0.000000] ACPI: LAPIC_NMI (acpi_id[0x01] high edge lint[0x1])","[    0.000000] ACPI: LAPIC_NMI (acpi_id[0x02] high edge lint[0x1])","[    0.000000] ACPI: LAPIC_NMI (acpi_id[0x03] high edge lint[0x1])","[    0.000000] ACPI: LAPIC_NMI (acpi_id[0x04] high edge lint[0x1])","[    0.000000] ACPI: LAPIC_NMI (acpi_id[0x05] high edge lint[0x1])","[    0.000000] ACPI: LAPIC_NMI (acpi_id[0x06] high edge lint[0x1])","[    0.000000] ACPI: LAPIC_NMI (acpi_id[0x07] high edge lint[0x1])","[    0.000000] ACPI: IOAPIC (id[0x08] address[0xfec00000] gsi_base[0])","[    0.000000] IOAPIC[0]: apic_id 8, version 17, address 0xfec00000, GSI 0-23","[    0.000000] ACPI: INT_SRC_OVR (bus 0 bus_irq 0 global_irq 2 high edge)","[    0.000000] ACPI: IRQ0 used by override.","[    0.000000] ACPI: IRQ9 used by override.","[    0.000000] Using ACPI (MADT) for SMP configuration information","[    0.000000] ACPI: HPET id: 0x8086af01 base: 0xfed00000","[    0.000000] smpboot: Allowing 8 CPUs, 0 hotplug CPUs","[    0.000000] PM: Registered nosave memory: [mem 0x0009f000-0x0009ffff]","[    0.000000] PM: Registered nosave memory: [mem 0x000a0000-0x000dbfff]","[    0.000000] PM: Registered nosave memory: [mem 0x000dc000-0x000fffff]","[    0.000000] PM: Registered nosave memory: [mem 0xbfef0000-0xbfefefff]","[    0.000000] PM: Registered nosave memory: [mem 0xbfeff000-0xbfefffff]","[    0.000000] PM: Registered nosave memory: [mem 0xc0000000-0xefffffff]","[    0.000000] PM: Registered nosave memory: [mem 0xf0000000-0xf7ffffff]","[    0.000000] PM: Registered nosave memory: [mem 0xf8000000-0xfebfffff]","[    0.000000] PM: Registered nosave memory: [mem 0xfec00000-0xfec0ffff]","[    0.000000] PM: Registered nosave memory: [mem 0xfec10000-0xfedfffff]","[    0.000000] PM: Registered nosave memory: [mem 0xfee00000-0xfee00fff]","[    0.000000] PM: Registered nosave memory: [mem 0xfee01000-0xfffdffff]","[    0.000000] PM: Registered nosave memory: [mem 0xfffe0000-0xffffffff]","[    0.000000] e820: [mem 0xc0000000-0xefffffff] available for PCI devices","[    0.000000] Booting paravirtualized kernel on VMware hypervisor","[    0.000000] setup_percpu: NR_CPUS:5120 nr_cpumask_bits:8 nr_cpu_ids:8 nr_node_ids:1","[    0.000000] percpu: Embedded 38 pages/cpu s118784 r8192 d28672 u262144","[    0.000000] pcpu-alloc: s118784 r8192 d28672 u262144 alloc=1*2097152","[    0.000000] pcpu-alloc: [0] 0 1 2 3 4 5 6 7","[    0.000000] Built 1 zonelists in Zone order, mobility grouping on.  Total pages: 6193017","[    0.000000] Policy zone: Normal","[    0.000000] Kernel command line: BOOT_IMAGE=/vmlinuz-3.10.0-1127.el7.x86_64 root=/dev/mapper/rhel-root ro rd.lvm.lv=rhel/root rd.lvm.lv=rhel/swap rhgb quiet transparent_hugepage=never","[    0.000000] PID hash table entries: 4096 (order: 3, 32768 bytes)","[    0.000000] x86/fpu: xstate_offset[2]: 0240, xstate_sizes[2]: 0100","[    0.000000] xsave: enabled xstate_bv 0x7, cntxt size 0x340 using standard form","[    0.000000] Memory: 5145724k/26214400k available (7784k kernel code, 1049032k absent, 511064k reserved, 5957k data, 1980k init)","[    0.000000] SLUB: HWalign=64, Order=0-3, MinObjects=0, CPUs=8, Nodes=1","[    0.000000] x86/pti: Unmapping kernel while in userspace","[    0.000000] Hierarchical RCU implementation.","[    0.000000] \tRCU restricting CPUs from NR_CPUS=5120 to nr_cpu_ids=8.","[    0.000000] NR_IRQS:327936 nr_irqs:488 0","[    0.000000] Console: colour VGA+ 80x25","[    0.000000] console [tty0] enabled","[    0.000000] allocated 100663296 bytes of page_cgroup","[    0.000000] please try 'cgroup_disable=memory' option if you don't want memory cgroups","[    0.000000] hpet clockevent registered","[    0.000000] tsc: Detected 2800.000 MHz processor","[    0.285338] Calibrating delay loop (skipped) preset value.. 5600.00 BogoMIPS (lpj=2800000)","[    0.285342] pid_max: default: 32768 minimum: 301","[    0.285387] Security Framework initialized","[    0.285397] SELinux:  Initializing.","[    0.285413] SELinux:  Starting in permissive mode","[    0.285415] Yama: becoming mindful.","[    0.289476] Dentry cache hash table entries: 4194304 (order: 13, 33554432 bytes)","[    0.310465] Inode-cache hash table entries: 2097152 (order: 12, 16777216 bytes)","[    0.318781] Mount-cache hash table entries: 65536 (order: 7, 524288 bytes)","[    0.318835] Mountpoint-cache hash table entries: 65536 (order: 7, 524288 bytes)","[    0.319819] Initializing cgroup subsys memory","[    0.319827] Initializing cgroup subsys devices","[    0.319831] Initializing cgroup subsys freezer","[    0.319833] Initializing cgroup subsys net_cls","[    0.319835] Initializing cgroup subsys blkio","[    0.319837] Initializing cgroup subsys perf_event","[    0.319840] Initializing cgroup subsys hugetlb","[    0.319842] Initializing cgroup subsys pids","[    0.319844] Initializing cgroup subsys net_prio","[    0.319945] Disabled fast string operations","[    0.320761] Last level iTLB entries: 4KB 512, 2MB 0, 4MB 0","[    0.320764] Last level dTLB entries: 4KB 512, 2MB 0, 4MB 0","[    0.320765] tlb_flushall_shift: 6","[    0.320770] FEATURE SPEC_CTRL Not Present","[    0.320772] FEATURE IBPB_SUPPORT Not Present","[    0.320773] Spectre V1 : Mitigation: Load fences, usercopy/swapgs barriers and __user pointer sanitization","[    0.321041] Spectre V2 : Vulnerable: Retpoline without IBPB","[    0.321045] Speculative Store Bypass: Vulnerable","[    0.321105] MDS: Vulnerable: Clear CPU buffers attempted, no microcode","[    0.321641] Freeing SMP alternatives: 28k freed","[    0.328758] ACPI: Core revision 20130517","[    0.338498] ACPI: All ACPI Tables successfully acquired","[    0.343948] ftrace: allocating 29618 entries in 116 pages","[    0.393638] Enabling x2apic","[    0.394558] Enabled x2apic","[    0.395223] Switched APIC routing to physical x2apic.","[    0.398018] ..TIMER: vector=0x30 apic1=0 pin1=2 apic2=-1 pin2=-1","[    0.398021] smpboot: CPU0: Intel(R) Xeon(R) CPU E5-2680 v2 @ 2.80GHz (fam: 06, model: 3e, stepping: 04)","[    0.398061] TSC deadline timer enabled","[    0.398233] Performance Events: IvyBridge events, core PMU driver.","[    0.398283] core: CPUID marked event: 'cpu cycles' unavailable","[    0.398285] core: CPUID marked event: 'instructions' unavailable","[    0.398286] core: CPUID marked event: 'bus cycles' unavailable","[    0.398288] core: CPUID marked event: 'cache references' unavailable","[    0.398289] core: CPUID marked event: 'cache misses' unavailable","[    0.398290] core: CPUID marked event: 'branch instructions' unavailable","[    0.398291] core: CPUID marked event: 'branch misses' unavailable","[    0.398296] ... version:                1","[    0.398297] ... bit width:              48","[    0.398298] ... generic registers:      4","[    0.398299] ... value mask:             0000ffffffffffff","[    0.398300] ... max period:             000000007fffffff","[    0.398302] ... fixed-purpose events:   0","[    0.398303] ... event mask:             000000000000000f","[    0.400647] NMI watchdog: disabled (cpu0): hardware events not enabled","[    0.400649] NMI watchdog: Shutting down hard lockup detector on all cpus","[    0.402979] Disabled fast string operations","[    0.406851] Disabled fast string operations","[    0.410109] Disabled fast string operations","[    0.413644] Disabled fast string operations","[    0.417826] Disabled fast string operations","[    0.421011] Disabled fast string operations","[    0.400742] smpboot: Booting Node   0, Processors  #1 #2 #3 #4 #5 #6 #7 OK","[    0.423929] Disabled fast string operations","[    0.424916] Skipped synchronization checks as TSC is reliable.","[    0.424944] Brought up 8 CPUs","[    0.424946] smpboot: Max logical packages: 1","[    0.424948] smpboot: Total of 8 processors activated (44800.00 BogoMIPS)","[    0.534225] node 0 initialised, 4877145 pages in 106ms","[    0.534476] devtmpfs: initialized","[    0.534550] x86/mm: Memory block size: 128MB","[    0.538421] EVM: security.selinux","[    0.538423] EVM: security.ima","[    0.538424] EVM: security.capability","[    0.538568] PM: Registering ACPI NVS region [mem 0xbfeff000-0xbfefffff] (4096 bytes)","[    0.539718] atomic64 test passed for x86-64 platform with CX8 and with SSE","[    0.539721] pinctrl core: initialized pinctrl subsystem","[    0.539885] RTC time:  1:01:31, date: 05/21/22","[    0.539970] NET: Registered protocol family 16","[    0.540162] ACPI: bus type PCI registered","[    0.540165] acpiphp: ACPI Hot Plug PCI Controller Driver version: 0.5","[    0.540356] PCI: MMCONFIG for domain 0000 [bus 00-7f] at [mem 0xf0000000-0xf7ffffff] (base 0xf0000000)","[    0.540359] PCI: MMCONFIG at [mem 0xf0000000-0xf7ffffff] reserved in E820","[    0.540366] PCI: Using configuration type 1 for base access","[    0.540611] core: PMU erratum BJ122, BV98, HSD29 workaround disabled, HT off","[    0.546023] ACPI: Added _OSI(Module Device)","[    0.546025] ACPI: Added _OSI(Processor Device)","[    0.546026] ACPI: Added _OSI(3.0 _SCP Extensions)","[    0.546027] ACPI: Added _OSI(Processor Aggregator Device)","[    0.546029] ACPI: Added _OSI(Linux-Dell-Video)","[    0.549007] ACPI: EC: Look up EC in DSDT","[    0.554355] ACPI: [Firmware Bug]: BIOS _OSI(Linux) query ignored","[    0.558500] ACPI: Interpreter enabled","[    0.558532] ACPI: (supports S0 S1 S4 S5)","[    0.558534] ACPI: Using IOAPIC for interrupt routing","[    0.558574] PCI: Using host bridge windows from ACPI; if necessary, use \"pci=nocrs\" and report a bug","[    0.558851] ACPI: Enabled 4 GPEs in block 00 to 0F","[    0.628830] ACPI: PCI Root Bridge [PCI0] (domain 0000 [bus 00-7f])","[    0.628842] acpi PNP0A03:00: _OSC: OS supports [ExtendedConfig ASPM ClockPM Segments MSI]","[    0.629033] acpi PNP0A03:00: _OSC: platform does not support [AER]","[    0.629243] acpi PNP0A03:00: _OSC: OS now controls [PCIeHotplug SHPCHotplug PME PCIeCapability]","[    0.631083] PCI host bridge to bus 0000:00","[    0.631088] pci_bus 0000:00: root bus resource [mem 0x000a0000-0x000bffff window]","[    0.631091] pci_bus 0000:00: root bus resource [mem 0x000d0000-0x000d3fff window]","[    0.631094] pci_bus 0000:00: root bus resource [mem 0x000d4000-0x000d7fff window]","[    0.631096] pci_bus 0000:00: root bus resource [mem 0x000d8000-0x000dbfff window]","[    0.631098] pci_bus 0000:00: root bus resource [mem 0xc0000000-0xfebfffff window]","[    0.631101] pci_bus 0000:00: root bus resource [io  0x0000-0x0cf7 window]","[    0.631104] pci_bus 0000:00: root bus resource [io  0x0d00-0xfeff window]","[    0.631106] pci_bus 0000:00: root bus resource [bus 00-7f]","[    0.631178] pci 0000:00:00.0: [8086:7190] type 00 class 0x060000","[    0.631744] pci 0000:00:01.0: [8086:7191] type 01 class 0x060400","[    0.632338] pci 0000:00:07.0: [8086:7110] type 00 class 0x060100","[    0.633093] pci 0000:00:07.1: [8086:7111] type 00 class 0x01018a","[    0.635171] pci 0000:00:07.1: reg 0x20: [io  0x1060-0x106f]","[    0.635970] pci 0000:00:07.1: legacy IDE quirk: reg 0x10: [io  0x01f0-0x01f7]","[    0.635973] pci 0000:00:07.1: legacy IDE quirk: reg 0x14: [io  0x03f6]","[    0.635974] pci 0000:00:07.1: legacy IDE quirk: reg 0x18: [io  0x0170-0x0177]","[    0.635976] pci 0000:00:07.1: legacy IDE quirk: reg 0x1c: [io  0x0376]","[    0.636308] pci 0000:00:07.3: [8086:7113] type 00 class 0x068000","[    0.638879] pci 0000:00:07.3: quirk: [io  0x1000-0x103f] claimed by PIIX4 ACPI","[    0.638896] pci 0000:00:07.3: quirk: [io  0x1040-0x104f] claimed by PIIX4 SMB","[    0.639331] pci 0000:00:07.7: [15ad:0740] type 00 class 0x088000","[    0.641093] pci 0000:00:07.7: reg 0x10: [io  0x1080-0x10bf]","[    0.642326] pci 0000:00:07.7: reg 0x14: [mem 0xfebfe000-0xfebfffff 64bit]","[    0.648410] pci 0000:00:0f.0: [15ad:0405] type 00 class 0x030000","[    0.653168] pci 0000:00:0f.0: reg 0x10: [io  0x1070-0x107f]","[    0.656535] pci 0000:00:0f.0: reg 0x14: [mem 0xe8000000-0xefffffff pref]","[    0.659967] pci 0000:00:0f.0: reg 0x18: [mem 0xfe000000-0xfe7fffff]","[    0.674050] pci 0000:00:0f.0: reg 0x30: [mem 0x00000000-0x00007fff pref]","[    0.674754] pci 0000:00:10.0: [1000:0030] type 00 class 0x010000","[    0.676278] pci 0000:00:10.0: reg 0x10: [io  0x1400-0x14ff]","[    0.677873] pci 0000:00:10.0: reg 0x14: [mem 0xfeba0000-0xfebbffff 64bit]","[    0.679654] pci 0000:00:10.0: reg 0x1c: [mem 0xfebc0000-0xfebdffff 64bit]","[    0.682809] pci 0000:00:10.0: reg 0x30: [mem 0x00000000-0x00003fff pref]","[    0.683186] pci 0000:00:11.0: [15ad:0790] type 01 class 0x060401","[    0.683678] pci 0000:00:11.0: System wakeup disabled by ACPI","[    0.683813] pci 0000:00:15.0: [15ad:07a0] type 01 class 0x060400","[    0.684371] pci 0000:00:15.0: PME# supported from D0 D3hot D3cold","[    0.684561] pci 0000:00:15.0: System wakeup disabled by ACPI","[    0.684724] pci 0000:00:15.1: [15ad:07a0] type 01 class 0x060400","[    0.685287] pci 0000:00:15.1: PME# supported from D0 D3hot D3cold","[    0.685478] pci 0000:00:15.1: System wakeup disabled by ACPI","[    0.685657] pci 0000:00:15.2: [15ad:07a0] type 01 class 0x060400","[    0.686215] pci 0000:00:15.2: PME# supported from D0 D3hot D3cold","[    0.686449] pci 0000:00:15.2: System wakeup disabled by ACPI","[    0.686557] pci 0000:00:15.3: [15ad:07a0] type 01 class 0x060400","[    0.687125] pci 0000:00:15.3: PME# supported from D0 D3hot D3cold","[    0.687317] pci 0000:00:15.3: System wakeup disabled by ACPI","[    0.687421] pci 0000:00:15.4: [15ad:07a0] type 01 class 0x060400","[    0.688136] pci 0000:00:15.4: PME# supported from D0 D3hot D3cold","[    0.688325] pci 0000:00:15.4: System wakeup disabled by ACPI","[    0.688431] pci 0000:00:15.5: [15ad:07a0] type 01 class 0x060400","[    0.688996] pci 0000:00:15.5: PME# supported from D0 D3hot D3cold","[    0.689208] pci 0000:00:15.5: System wakeup disabled by ACPI","[    0.689320] pci 0000:00:15.6: [15ad:07a0] type 01 class 0x060400","[    0.689889] pci 0000:00:15.6: PME# supported from D0 D3hot D3cold","[    0.690078] pci 0000:00:15.6: System wakeup disabled by ACPI","[    0.690186] pci 0000:00:15.7: [15ad:07a0] type 01 class 0x060400","[    0.690742] pci 0000:00:15.7: PME# supported from D0 D3hot D3cold","[    0.690940] pci 0000:00:15.7: System wakeup disabled by ACPI","[    0.691097] pci 0000:00:16.0: [15ad:07a0] type 01 class 0x060400","[    0.691652] pci 0000:00:16.0: PME# supported from D0 D3hot D3cold","[    0.691842] pci 0000:00:16.0: System wakeup disabled by ACPI","[    0.691954] pci 0000:00:16.1: [15ad:07a0] type 01 class 0x060400","[    0.692516] pci 0000:00:16.1: PME# supported from D0 D3hot D3cold","[    0.692769] pci 0000:00:16.1: System wakeup disabled by ACPI","[    0.692874] pci 0000:00:16.2: [15ad:07a0] type 01 class 0x060400","[    0.693431] pci 0000:00:16.2: PME# supported from D0 D3hot D3cold","[    0.693622] pci 0000:00:16.2: System wakeup disabled by ACPI","[    0.693731] pci 0000:00:16.3: [15ad:07a0] type 01 class 0x060400","[    0.694287] pci 0000:00:16.3: PME# supported from D0 D3hot D3cold","[    0.694476] pci 0000:00:16.3: System wakeup disabled by ACPI","[    0.694578] pci 0000:00:16.4: [15ad:07a0] type 01 class 0x060400","[    0.695144] pci 0000:00:16.4: PME# supported from D0 D3hot D3cold","[    0.695333] pci 0000:00:16.4: System wakeup disabled by ACPI","[    0.695437] pci 0000:00:16.5: [15ad:07a0] type 01 class 0x060400","[    0.695991] pci 0000:00:16.5: PME# supported from D0 D3hot D3cold","[    0.696181] pci 0000:00:16.5: System wakeup disabled by ACPI","[    0.696284] pci 0000:00:16.6: [15ad:07a0] type 01 class 0x060400","[    0.696864] pci 0000:00:16.6: PME# supported from D0 D3hot D3cold","[    0.697060] pci 0000:00:16.6: System wakeup disabled by ACPI","[    0.697164] pci 0000:00:16.7: [15ad:07a0] type 01 class 0x060400","[    0.697746] pci 0000:00:16.7: PME# supported from D0 D3hot D3cold","[    0.697942] pci 0000:00:16.7: System wakeup disabled by ACPI","[    0.698046] pci 0000:00:17.0: [15ad:07a0] type 01 class 0x060400","[    0.698592] pci 0000:00:17.0: PME# supported from D0 D3hot D3cold","[    0.698778] pci 0000:00:17.0: System wakeup disabled by ACPI","[    0.698882] pci 0000:00:17.1: [15ad:07a0] type 01 class 0x060400","[    0.699455] pci 0000:00:17.1: PME# supported from D0 D3hot D3cold","[    0.699643] pci 0000:00:17.1: System wakeup disabled by ACPI","[    0.699748] pci 0000:00:17.2: [15ad:07a0] type 01 class 0x060400","[    0.700305] pci 0000:00:17.2: PME# supported from D0 D3hot D3cold","[    0.700561] pci 0000:00:17.2: System wakeup disabled by ACPI","[    0.700665] pci 0000:00:17.3: [15ad:07a0] type 01 class 0x060400","[    0.701230] pci 0000:00:17.3: PME# supported from D0 D3hot D3cold","[    0.701420] pci 0000:00:17.3: System wakeup disabled by ACPI","[    0.701523] pci 0000:00:17.4: [15ad:07a0] type 01 class 0x060400","[    0.702076] pci 0000:00:17.4: PME# supported from D0 D3hot D3cold","[    0.702266] pci 0000:00:17.4: System wakeup disabled by ACPI","[    0.702370] pci 0000:00:17.5: [15ad:07a0] type 01 class 0x060400","[    0.702914] pci 0000:00:17.5: PME# supported from D0 D3hot D3cold","[    0.703111] pci 0000:00:17.5: System wakeup disabled by ACPI","[    0.703213] pci 0000:00:17.6: [15ad:07a0] type 01 class 0x060400","[    0.703758] pci 0000:00:17.6: PME# supported from D0 D3hot D3cold","[    0.703947] pci 0000:00:17.6: System wakeup disabled by ACPI","[    0.704057] pci 0000:00:17.7: [15ad:07a0] type 01 class 0x060400","[    0.704616] pci 0000:00:17.7: PME# supported from D0 D3hot D3cold","[    0.704805] pci 0000:00:17.7: System wakeup disabled by ACPI","[    0.704908] pci 0000:00:18.0: [15ad:07a0] type 01 class 0x060400","[    0.705464] pci 0000:00:18.0: PME# supported from D0 D3hot D3cold","[    0.705652] pci 0000:00:18.0: System wakeup disabled by ACPI","[    0.705755] pci 0000:00:18.1: [15ad:07a0] type 01 class 0x060400","[    0.706309] pci 0000:00:18.1: PME# supported from D0 D3hot D3cold","[    0.706513] pci 0000:00:18.1: System wakeup disabled by ACPI","[    0.706618] pci 0000:00:18.2: [15ad:07a0] type 01 class 0x060400","[    0.707169] pci 0000:00:18.2: PME# supported from D0 D3hot D3cold","[    0.707357] pci 0000:00:18.2: System wakeup disabled by ACPI","[    0.707464] pci 0000:00:18.3: [15ad:07a0] type 01 class 0x060400","[    0.708008] pci 0000:00:18.3: PME# supported from D0 D3hot D3cold","[    0.708204] pci 0000:00:18.3: System wakeup disabled by ACPI","[    0.708306] pci 0000:00:18.4: [15ad:07a0] type 01 class 0x060400","[    0.708850] pci 0000:00:18.4: PME# supported from D0 D3hot D3cold","[    0.709046] pci 0000:00:18.4: System wakeup disabled by ACPI","[    0.709149] pci 0000:00:18.5: [15ad:07a0] type 01 class 0x060400","[    0.709703] pci 0000:00:18.5: PME# supported from D0 D3hot D3cold","[    0.709905] pci 0000:00:18.5: System wakeup disabled by ACPI","[    0.710008] pci 0000:00:18.6: [15ad:07a0] type 01 class 0x060400","[    0.710563] pci 0000:00:18.6: PME# supported from D0 D3hot D3cold","[    0.710750] pci 0000:00:18.6: System wakeup disabled by ACPI","[    0.710854] pci 0000:00:18.7: [15ad:07a0] type 01 class 0x060400","[    0.711406] pci 0000:00:18.7: PME# supported from D0 D3hot D3cold","[    0.711593] pci 0000:00:18.7: System wakeup disabled by ACPI","[    0.711965] pci 0000:00:01.0: PCI bridge to [bus 01]","[    0.712301] acpiphp: Slot [32] registered","[    0.712334] acpiphp: Slot [33] registered","[    0.712366] acpiphp: Slot [34] registered","[    0.712398] acpiphp: Slot [35] registered","[    0.712429] acpiphp: Slot [36] registered","[    0.712460] acpiphp: Slot [37] registered","[    0.712491] acpiphp: Slot [38] registered","[    0.712521] acpiphp: Slot [39] registered","[    0.712551] acpiphp: Slot [40] registered","[    0.712581] acpiphp: Slot [41] registered","[    0.712612] acpiphp: Slot [42] registered","[    0.712643] acpiphp: Slot [43] registered","[    0.712674] acpiphp: Slot [44] registered","[    0.712704] acpiphp: Slot [45] registered","[    0.712734] acpiphp: Slot [46] registered","[    0.712763] acpiphp: Slot [47] registered","[    0.712793] acpiphp: Slot [48] registered","[    0.712825] acpiphp: Slot [49] registered","[    0.712855] acpiphp: Slot [50] registered","[    0.712886] acpiphp: Slot [51] registered","[    0.712916] acpiphp: Slot [52] registered","[    0.712947] acpiphp: Slot [53] registered","[    0.712977] acpiphp: Slot [54] registered","[    0.713008] acpiphp: Slot [55] registered","[    0.713038] acpiphp: Slot [56] registered","[    0.713077] acpiphp: Slot [57] registered","[    0.713108] acpiphp: Slot [58] registered","[    0.713138] acpiphp: Slot [59] registered","[    0.713168] acpiphp: Slot [60] registered","[    0.713198] acpiphp: Slot [61] registered","[    0.713230] acpiphp: Slot [62] registered","[    0.713261] acpiphp: Slot [63] registered","[    0.713322] pci 0000:02:01.0: [1000:0030] type 00 class 0x010000","[    0.715440] pci 0000:02:01.0: reg 0x10: [io  0x2000-0x20ff]","[    0.717012] pci 0000:02:01.0: reg 0x14: [mem 0xfd5c0000-0xfd5dffff 64bit]","[    0.718723] pci 0000:02:01.0: reg 0x1c: [mem 0xfd5e0000-0xfd5fffff 64bit]","[    0.721713] pci 0000:02:01.0: reg 0x30: [mem 0x00000000-0x00003fff pref]","[    0.722063] pci 0000:02:01.0: System wakeup disabled by ACPI","[    0.722327] pci 0000:00:11.0: PCI bridge to [bus 02] (subtractive decode)","[    0.722346] pci 0000:00:11.0:   bridge window [io  0x2000-0x3fff]","[    0.722362] pci 0000:00:11.0:   bridge window [mem 0xfd500000-0xfdffffff]","[    0.722393] pci 0000:00:11.0:   bridge window [mem 0xe7b00000-0xe7ffffff 64bit pref]","[    0.722395] pci 0000:00:11.0:   bridge window [mem 0x000a0000-0x000bffff window] (subtractive decode)","[    0.722397] pci 0000:00:11.0:   bridge window [mem 0x000d0000-0x000d3fff window] (subtractive decode)","[    0.722399] pci 0000:00:11.0:   bridge window [mem 0x000d4000-0x000d7fff window] (subtractive decode)","[    0.722400] pci 0000:00:11.0:   bridge window [mem 0x000d8000-0x000dbfff window] (subtractive decode)","[    0.722402] pci 0000:00:11.0:   bridge window [mem 0xc0000000-0xfebfffff window] (subtractive decode)","[    0.722403] pci 0000:00:11.0:   bridge window [io  0x0000-0x0cf7 window] (subtractive decode)","[    0.722440] pci 0000:00:11.0:   bridge window [io  0x0d00-0xfeff window] (subtractive decode)","[    0.722742] pci 0000:00:15.0: PCI bridge to [bus 03]","[    0.722758] pci 0000:00:15.0:   bridge window [io  0x4000-0x4fff]","[    0.722774] pci 0000:00:15.0:   bridge window [mem 0xfd400000-0xfd4fffff]","[    0.722804] pci 0000:00:15.0:   bridge window [mem 0xe7a00000-0xe7afffff 64bit pref]","[    0.723057] pci 0000:00:15.1: PCI bridge to [bus 04]","[    0.723073] pci 0000:00:15.1:   bridge window [io  0x8000-0x8fff]","[    0.723089] pci 0000:00:15.1:   bridge window [mem 0xfd000000-0xfd0fffff]","[    0.723119] pci 0000:00:15.1:   bridge window [mem 0xe7700000-0xe77fffff 64bit pref]","[    0.723366] pci 0000:00:15.2: PCI bridge to [bus 05]","[    0.723382] pci 0000:00:15.2:   bridge window [io  0xc000-0xcfff]","[    0.723398] pci 0000:00:15.2:   bridge window [mem 0xfcc00000-0xfccfffff]","[    0.723463] pci 0000:00:15.2:   bridge window [mem 0xe7300000-0xe73fffff 64bit pref]","[    0.723715] pci 0000:00:15.3: PCI bridge to [bus 06]","[    0.723753] pci 0000:00:15.3:   bridge window [mem 0xfc800000-0xfc8fffff]","[    0.723783] pci 0000:00:15.3:   bridge window [mem 0xe6f00000-0xe6ffffff 64bit pref]","[    0.724029] pci 0000:00:15.4: PCI bridge to [bus 07]","[    0.724059] pci 0000:00:15.4:   bridge window [mem 0xfc400000-0xfc4fffff]","[    0.724089] pci 0000:00:15.4:   bridge window [mem 0xe6b00000-0xe6bfffff 64bit pref]","[    0.724332] pci 0000:00:15.5: PCI bridge to [bus 08]","[    0.724362] pci 0000:00:15.5:   bridge window [mem 0xfc000000-0xfc0fffff]","[    0.724393] pci 0000:00:15.5:   bridge window [mem 0xe6700000-0xe67fffff 64bit pref]","[    0.724685] pci 0000:00:15.6: PCI bridge to [bus 09]","[    0.724715] pci 0000:00:15.6:   bridge window [mem 0xfbc00000-0xfbcfffff]","[    0.724753] pci 0000:00:15.6:   bridge window [mem 0xe6300000-0xe63fffff 64bit pref]","[    0.724998] pci 0000:00:15.7: PCI bridge to [bus 0a]","[    0.725028] pci 0000:00:15.7:   bridge window [mem 0xfb800000-0xfb8fffff]","[    0.725058] pci 0000:00:15.7:   bridge window [mem 0xe5f00000-0xe5ffffff 64bit pref]","[    0.725369] pci 0000:0b:00.0: [15ad:07b0] type 00 class 0x020000","[    0.727287] pci 0000:0b:00.0: reg 0x10: [mem 0xfd3fc000-0xfd3fcfff]","[    0.729060] pci 0000:0b:00.0: reg 0x14: [mem 0xfd3fd000-0xfd3fdfff]","[    0.731142] pci 0000:0b:00.0: reg 0x18: [mem 0xfd3fe000-0xfd3fffff]","[    0.733203] pci 0000:0b:00.0: reg 0x1c: [io  0x5000-0x500f]","[    0.739187] pci 0000:0b:00.0: reg 0x30: [mem 0x00000000-0x0000ffff pref]","[    0.739567] pci 0000:0b:00.0: supports D1 D2","[    0.739570] pci 0000:0b:00.0: PME# supported from D0 D1 D2 D3hot D3cold","[    0.739757] pci 0000:0b:00.0: 128.000 Gb/s available PCIe bandwidth, limited by 5 GT/s x32 link at 0000:00:16.0 (capable of 252.032 Gb/s with 8 GT/s x32 link)","[    0.739821] pci 0000:0b:00.0: System wakeup disabled by ACPI","[    0.739888] pci 0000:0b:00.0: disabling ASPM on pre-1.1 PCIe device.  You can enable it with 'pcie_aspm=force'","[    0.739938] pci 0000:00:16.0: PCI bridge to [bus 0b]","[    0.739963] pci 0000:00:16.0:   bridge window [io  0x5000-0x5fff]","[    0.739982] pci 0000:00:16.0:   bridge window [mem 0xfd300000-0xfd3fffff]","[    0.740313] pci 0000:00:16.1: PCI bridge to [bus 0c]","[    0.740330] pci 0000:00:16.1:   bridge window [io  0x9000-0x9fff]","[    0.740349] pci 0000:00:16.1:   bridge window [mem 0xfcf00000-0xfcffffff]","[    0.740380] pci 0000:00:16.1:   bridge window [mem 0xe7600000-0xe76fffff 64bit pref]","[    0.740679] pci 0000:00:16.2: PCI bridge to [bus 0d]","[    0.740695] pci 0000:00:16.2:   bridge window [io  0xd000-0xdfff]","[    0.740711] pci 0000:00:16.2:   bridge window [mem 0xfcb00000-0xfcbfffff]","[    0.740741] pci 0000:00:16.2:   bridge window [mem 0xe7200000-0xe72fffff 64bit pref]","[    0.740990] pci 0000:00:16.3: PCI bridge to [bus 0e]","[    0.741027] pci 0000:00:16.3:   bridge window [mem 0xfc700000-0xfc7fffff]","[    0.741064] pci 0000:00:16.3:   bridge window [mem 0xe6e00000-0xe6efffff 64bit pref]","[    0.741344] pci 0000:00:16.4: PCI bridge to [bus 0f]","[    0.741376] pci 0000:00:16.4:   bridge window [mem 0xfc300000-0xfc3fffff]","[    0.741406] pci 0000:00:16.4:   bridge window [mem 0xe6a00000-0xe6afffff 64bit pref]","[    0.741655] pci 0000:00:16.5: PCI bridge to [bus 10]","[    0.741685] pci 0000:00:16.5:   bridge window [mem 0xfbf00000-0xfbffffff]","[    0.741715] pci 0000:00:16.5:   bridge window [mem 0xe6600000-0xe66fffff 64bit pref]","[    0.741961] pci 0000:00:16.6: PCI bridge to [bus 11]","[    0.741990] pci 0000:00:16.6:   bridge window [mem 0xfbb00000-0xfbbfffff]","[    0.742020] pci 0000:00:16.6:   bridge window [mem 0xe6200000-0xe62fffff 64bit pref]","[    0.742295] pci 0000:00:16.7: PCI bridge to [bus 12]","[    0.742325] pci 0000:00:16.7:   bridge window [mem 0xfb700000-0xfb7fffff]","[    0.742356] pci 0000:00:16.7:   bridge window [mem 0xe5e00000-0xe5efffff 64bit pref]","[    0.742620] pci 0000:00:17.0: PCI bridge to [bus 13]","[    0.742636] pci 0000:00:17.0:   bridge window [io  0x6000-0x6fff]","[    0.742652] pci 0000:00:17.0:   bridge window [mem 0xfd200000-0xfd2fffff]","[    0.742682] pci 0000:00:17.0:   bridge window [mem 0xe7900000-0xe79fffff 64bit pref]","[    0.742930] pci 0000:00:17.1: PCI bridge to [bus 14]","[    0.742945] pci 0000:00:17.1:   bridge window [io  0xa000-0xafff]","[    0.742961] pci 0000:00:17.1:   bridge window [mem 0xfce00000-0xfcefffff]","[    0.742991] pci 0000:00:17.1:   bridge window [mem 0xe7500000-0xe75fffff 64bit pref]","[    0.743273] pci 0000:00:17.2: PCI bridge to [bus 15]","[    0.743289] pci 0000:00:17.2:   bridge window [io  0xe000-0xefff]","[    0.743306] pci 0000:00:17.2:   bridge window [mem 0xfca00000-0xfcafffff]","[    0.743336] pci 0000:00:17.2:   bridge window [mem 0xe7100000-0xe71fffff 64bit pref]","[    0.743585] pci 0000:00:17.3: PCI bridge to [bus 16]","[    0.743615] pci 0000:00:17.3:   bridge window [mem 0xfc600000-0xfc6fffff]","[    0.743645] pci 0000:00:17.3:   bridge window [mem 0xe6d00000-0xe6dfffff 64bit pref]","[    0.743891] pci 0000:00:17.4: PCI bridge to [bus 17]","[    0.743921] pci 0000:00:17.4:   bridge window [mem 0xfc200000-0xfc2fffff]","[    0.743951] pci 0000:00:17.4:   bridge window [mem 0xe6900000-0xe69fffff 64bit pref]","[    0.744195] pci 0000:00:17.5: PCI bridge to [bus 18]","[    0.744225] pci 0000:00:17.5:   bridge window [mem 0xfbe00000-0xfbefffff]","[    0.744261] pci 0000:00:17.5:   bridge window [mem 0xe6500000-0xe65fffff 64bit pref]","[    0.744571] pci 0000:00:17.6: PCI bridge to [bus 19]","[    0.744601] pci 0000:00:17.6:   bridge window [mem 0xfba00000-0xfbafffff]","[    0.744631] pci 0000:00:17.6:   bridge window [mem 0xe6100000-0xe61fffff 64bit pref]","[    0.744879] pci 0000:00:17.7: PCI bridge to [bus 1a]","[    0.744909] pci 0000:00:17.7:   bridge window [mem 0xfb600000-0xfb6fffff]","[    0.744939] pci 0000:00:17.7:   bridge window [mem 0xe5d00000-0xe5dfffff 64bit pref]","[    0.745192] pci 0000:00:18.0: PCI bridge to [bus 1b]","[    0.745208] pci 0000:00:18.0:   bridge window [io  0x7000-0x7fff]","[    0.745224] pci 0000:00:18.0:   bridge window [mem 0xfd100000-0xfd1fffff]","[    0.745255] pci 0000:00:18.0:   bridge window [mem 0xe7800000-0xe78fffff 64bit pref]","[    0.745527] pci 0000:00:18.1: PCI bridge to [bus 1c]","[    0.745543] pci 0000:00:18.1:   bridge window [io  0xb000-0xbfff]","[    0.745559] pci 0000:00:18.1:   bridge window [mem 0xfcd00000-0xfcdfffff]","[    0.745589] pci 0000:00:18.1:   bridge window [mem 0xe7400000-0xe74fffff 64bit pref]","[    0.745837] pci 0000:00:18.2: PCI bridge to [bus 1d]","[    0.745866] pci 0000:00:18.2:   bridge window [mem 0xfc900000-0xfc9fffff]","[    0.745896] pci 0000:00:18.2:   bridge window [mem 0xe7000000-0xe70fffff 64bit pref]","[    0.746154] pci 0000:00:18.3: PCI bridge to [bus 1e]","[    0.746197] pci 0000:00:18.3:   bridge window [mem 0xfc500000-0xfc5fffff]","[    0.746240] pci 0000:00:18.3:   bridge window [mem 0xe6c00000-0xe6cfffff 64bit pref]","[    0.746528] pci 0000:00:18.4: PCI bridge to [bus 1f]","[    0.746559] pci 0000:00:18.4:   bridge window [mem 0xfc100000-0xfc1fffff]","[    0.746589] pci 0000:00:18.4:   bridge window [mem 0xe6800000-0xe68fffff 64bit pref]","[    0.746840] pci 0000:00:18.5: PCI bridge to [bus 20]","[    0.746870] pci 0000:00:18.5:   bridge window [mem 0xfbd00000-0xfbdfffff]","[    0.746900] pci 0000:00:18.5:   bridge window [mem 0xe6400000-0xe64fffff 64bit pref]","[    0.747175] pci 0000:00:18.6: PCI bridge to [bus 21]","[    0.747206] pci 0000:00:18.6:   bridge window [mem 0xfb900000-0xfb9fffff]","[    0.747236] pci 0000:00:18.6:   bridge window [mem 0xe6000000-0xe60fffff 64bit pref]","[    0.747493] pci 0000:00:18.7: PCI bridge to [bus 22]","[    0.747523] pci 0000:00:18.7:   bridge window [mem 0xfb500000-0xfb5fffff]","[    0.747553] pci 0000:00:18.7:   bridge window [mem 0xe5c00000-0xe5cfffff 64bit pref]","[    0.749529] ACPI: PCI Interrupt Link [LNKA] (IRQs 3 4 5 6 7 *9 10 11 14 15)","[    0.749596] ACPI: PCI Interrupt Link [LNKB] (IRQs 3 4 5 6 7 9 10 *11 14 15)","[    0.749659] ACPI: PCI Interrupt Link [LNKC] (IRQs 3 4 5 6 7 9 10 11 14 15) *0, disabled.","[    0.749720] ACPI: PCI Interrupt Link [LNKD] (IRQs 3 4 5 6 7 9 *10 11 14 15)","[    0.757326] vgaarb: device added: PCI:0000:00:0f.0,decodes=io+mem,owns=io+mem,locks=none","[    0.757340] vgaarb: loaded","[    0.757341] vgaarb: bridge control possible 0000:00:0f.0","[    0.757460] SCSI subsystem initialized","[    0.757504] ACPI: bus type USB registered","[    0.757532] usbcore: registered new interface driver usbfs","[    0.757546] usbcore: registered new interface driver hub","[    0.757617] usbcore: registered new device driver usb","[    0.758363] EDAC MC: Ver: 3.0.0","[    0.759418] PCI: Using ACPI for IRQ routing","[    0.779711] PCI: pci_cache_line_size set to 64 bytes","[    0.780383] e820: reserve RAM buffer [mem 0x0009f800-0x0009ffff]","[    0.780387] e820: reserve RAM buffer [mem 0xbfef0000-0xbfffffff]","[    0.780589] NetLabel: Initializing","[    0.780591] NetLabel:  domain hash size = 128","[    0.780592] NetLabel:  protocols = UNLABELED CIPSOv4","[    0.780605] NetLabel:  unlabeled traffic allowed by default","[    0.780848] hpet0: at MMIO 0xfed00000, IRQs 2, 8, 0, 0, 0, 0, 0, 0, 0, 0, 0, 0, 0, 0, 0, 0","[    0.780856] hpet0: 16 comparators, 64-bit 14.318180 MHz counter","[    0.783953] amd_nb: Cannot enumerate AMD northbridges","[    0.784028] Switched to clocksource hpet","[    0.790407] pnp: PnP ACPI init","[    0.790432] ACPI: bus type PNP registered","[    0.790704] system 00:00: [io  0x1000-0x103f] could not be reserved","[    0.790707] system 00:00: [io  0x1040-0x104f] has been reserved","[    0.790711] system 00:00: [io  0x0cf0-0x0cf1] has been reserved","[    0.790716] system 00:00: Plug and Play ACPI device, IDs PNP0c02 (active)","[    0.790777] pnp 00:01: Plug and Play ACPI device, IDs PNP0b00 (active)","[    0.790817] pnp 00:02: Plug and Play ACPI device, IDs PNP0303 (active)","[    0.790862] pnp 00:03: Plug and Play ACPI device, IDs PNP0f13 (active)","[    0.791124] system 00:04: [mem 0xfed00000-0xfed003ff] has been reserved","[    0.791128] system 00:04: Plug and Play ACPI device, IDs PNP0103 PNP0c01 (active)","[    0.793043] system 00:05: [io  0xfce0-0xfcff] has been reserved","[    0.793048] system 00:05: [mem 0xf0000000-0xf7ffffff] has been reserved","[    0.793052] system 00:05: [mem 0xfe800000-0xfe9fffff] has been reserved","[    0.793056] system 00:05: Plug and Play ACPI device, IDs PNP0c02 (active)","[    0.798218] pnp: PnP ACPI: found 6 devices","[    0.798221] ACPI: bus type PNP unregistered","[    0.806400] pci 0000:00:15.3: bridge window [io  0x1000-0x0fff] to [bus 06] add_size 1000","[    0.806404] pci 0000:00:15.4: bridge window [io  0x1000-0x0fff] to [bus 07] add_size 1000","[    0.806406] pci 0000:00:15.5: bridge window [io  0x1000-0x0fff] to [bus 08] add_size 1000","[    0.806408] pci 0000:00:15.6: bridge window [io  0x1000-0x0fff] to [bus 09] add_size 1000","[    0.806411] pci 0000:00:15.7: bridge window [io  0x1000-0x0fff] to [bus 0a] add_size 1000","[    0.806414] pci 0000:00:16.0: bridge window [mem 0x00100000-0x000fffff 64bit pref] to [bus 0b] add_size 200000 add_align 100000","[    0.806417] pci 0000:00:16.3: bridge window [io  0x1000-0x0fff] to [bus 0e] add_size 1000","[    0.806419] pci 0000:00:16.4: bridge window [io  0x1000-0x0fff] to [bus 0f] add_size 1000","[    0.806422] pci 0000:00:16.5: bridge window [io  0x1000-0x0fff] to [bus 10] add_size 1000","[    0.806424] pci 0000:00:16.6: bridge window [io  0x1000-0x0fff] to [bus 11] add_size 1000","[    0.806426] pci 0000:00:16.7: bridge window [io  0x1000-0x0fff] to [bus 12] add_size 1000","[    0.806429] pci 0000:00:17.3: bridge window [io  0x1000-0x0fff] to [bus 16] add_size 1000","[    0.806431] pci 0000:00:17.4: bridge window [io  0x1000-0x0fff] to [bus 17] add_size 1000","[    0.806433] pci 0000:00:17.5: bridge window [io  0x1000-0x0fff] to [bus 18] add_size 1000","[    0.806435] pci 0000:00:17.6: bridge window [io  0x1000-0x0fff] to [bus 19] add_size 1000","[    0.806437] pci 0000:00:17.7: bridge window [io  0x1000-0x0fff] to [bus 1a] add_size 1000","[    0.806440] pci 0000:00:18.2: bridge window [io  0x1000-0x0fff] to [bus 1d] add_size 1000","[    0.806442] pci 0000:00:18.3: bridge window [io  0x1000-0x0fff] to [bus 1e] add_size 1000","[    0.806444] pci 0000:00:18.4: bridge window [io  0x1000-0x0fff] to [bus 1f] add_size 1000","[    0.806446] pci 0000:00:18.5: bridge window [io  0x1000-0x0fff] to [bus 20] add_size 1000","[    0.806448] pci 0000:00:18.6: bridge window [io  0x1000-0x0fff] to [bus 21] add_size 1000","[    0.806450] pci 0000:00:18.7: bridge window [io  0x1000-0x0fff] to [bus 22] add_size 1000","[    0.806463] pci 0000:00:16.0: res[15]=[mem 0x00100000-0x000fffff 64bit pref] res_to_dev_res add_size 200000 min_align 100000","[    0.806465] pci 0000:00:16.0: res[15]=[mem 0x00100000-0x002fffff 64bit pref] res_to_dev_res add_size 200000 min_align 100000","[    0.806467] pci 0000:00:15.3: res[13]=[io  0x1000-0x0fff] res_to_dev_res add_size 1000 min_align 1000","[    0.806468] pci 0000:00:15.3: res[13]=[io  0x1000-0x1fff] res_to_dev_res add_size 1000 min_align 1000","[    0.806470] pci 0000:00:15.4: res[13]=[io  0x1000-0x0fff] res_to_dev_res add_size 1000 min_align 1000","[    0.806472] pci 0000:00:15.4: res[13]=[io  0x1000-0x1fff] res_to_dev_res add_size 1000 min_align 1000","[    0.806474] pci 0000:00:15.5: res[13]=[io  0x1000-0x0fff] res_to_dev_res add_size 1000 min_align 1000","[    0.806476] pci 0000:00:15.5: res[13]=[io  0x1000-0x1fff] res_to_dev_res add_size 1000 min_align 1000","[    0.806478] pci 0000:00:15.6: res[13]=[io  0x1000-0x0fff] res_to_dev_res add_size 1000 min_align 1000","[    0.806479] pci 0000:00:15.6: res[13]=[io  0x1000-0x1fff] res_to_dev_res add_size 1000 min_align 1000","[    0.806481] pci 0000:00:15.7: res[13]=[io  0x1000-0x0fff] res_to_dev_res add_size 1000 min_align 1000","[    0.806483] pci 0000:00:15.7: res[13]=[io  0x1000-0x1fff] res_to_dev_res add_size 1000 min_align 1000","[    0.806485] pci 0000:00:16.3: res[13]=[io  0x1000-0x0fff] res_to_dev_res add_size 1000 min_align 1000","[    0.806486] pci 0000:00:16.3: res[13]=[io  0x1000-0x1fff] res_to_dev_res add_size 1000 min_align 1000","[    0.806488] pci 0000:00:16.4: res[13]=[io  0x1000-0x0fff] res_to_dev_res add_size 1000 min_align 1000","[    0.806490] pci 0000:00:16.4: res[13]=[io  0x1000-0x1fff] res_to_dev_res add_size 1000 min_align 1000","[    0.806491] pci 0000:00:16.5: res[13]=[io  0x1000-0x0fff] res_to_dev_res add_size 1000 min_align 1000","[    0.806493] pci 0000:00:16.5: res[13]=[io  0x1000-0x1fff] res_to_dev_res add_size 1000 min_align 1000","[    0.806495] pci 0000:00:16.6: res[13]=[io  0x1000-0x0fff] res_to_dev_res add_size 1000 min_align 1000","[    0.806497] pci 0000:00:16.6: res[13]=[io  0x1000-0x1fff] res_to_dev_res add_size 1000 min_align 1000","[    0.806498] pci 0000:00:16.7: res[13]=[io  0x1000-0x0fff] res_to_dev_res add_size 1000 min_align 1000","[    0.806500] pci 0000:00:16.7: res[13]=[io  0x1000-0x1fff] res_to_dev_res add_size 1000 min_align 1000","[    0.806502] pci 0000:00:17.3: res[13]=[io  0x1000-0x0fff] res_to_dev_res add_size 1000 min_align 1000","[    0.806503] pci 0000:00:17.3: res[13]=[io  0x1000-0x1fff] res_to_dev_res add_size 1000 min_align 1000","[    0.806505] pci 0000:00:17.4: res[13]=[io  0x1000-0x0fff] res_to_dev_res add_size 1000 min_align 1000","[    0.806507] pci 0000:00:17.4: res[13]=[io  0x1000-0x1fff] res_to_dev_res add_size 1000 min_align 1000","[    0.806509] pci 0000:00:17.5: res[13]=[io  0x1000-0x0fff] res_to_dev_res add_size 1000 min_align 1000","[    0.806511] pci 0000:00:17.5: res[13]=[io  0x1000-0x1fff] res_to_dev_res add_size 1000 min_align 1000","[    0.806512] pci 0000:00:17.6: res[13]=[io  0x1000-0x0fff] res_to_dev_res add_size 1000 min_align 1000","[    0.806514] pci 0000:00:17.6: res[13]=[io  0x1000-0x1fff] res_to_dev_res add_size 1000 min_align 1000","[    0.806516] pci 0000:00:17.7: res[13]=[io  0x1000-0x0fff] res_to_dev_res add_size 1000 min_align 1000","[    0.806517] pci 0000:00:17.7: res[13]=[io  0x1000-0x1fff] res_to_dev_res add_size 1000 min_align 1000","[    0.806519] pci 0000:00:18.2: res[13]=[io  0x1000-0x0fff] res_to_dev_res add_size 1000 min_align 1000","[    0.806521] pci 0000:00:18.2: res[13]=[io  0x1000-0x1fff] res_to_dev_res add_size 1000 min_align 1000","[    0.806523] pci 0000:00:18.3: res[13]=[io  0x1000-0x0fff] res_to_dev_res add_size 1000 min_align 1000","[    0.806524] pci 0000:00:18.3: res[13]=[io  0x1000-0x1fff] res_to_dev_res add_size 1000 min_align 1000","[    0.806526] pci 0000:00:18.4: res[13]=[io  0x1000-0x0fff] res_to_dev_res add_size 1000 min_align 1000","[    0.806528] pci 0000:00:18.4: res[13]=[io  0x1000-0x1fff] res_to_dev_res add_size 1000 min_align 1000","[    0.806529] pci 0000:00:18.5: res[13]=[io  0x1000-0x0fff] res_to_dev_res add_size 1000 min_align 1000","[    0.806531] pci 0000:00:18.5: res[13]=[io  0x1000-0x1fff] res_to_dev_res add_size 1000 min_align 1000","[    0.806533] pci 0000:00:18.6: res[13]=[io  0x1000-0x0fff] res_to_dev_res add_size 1000 min_align 1000","[    0.806534] pci 0000:00:18.6: res[13]=[io  0x1000-0x1fff] res_to_dev_res add_size 1000 min_align 1000","[    0.806536] pci 0000:00:18.7: res[13]=[io  0x1000-0x0fff] res_to_dev_res add_size 1000 min_align 1000","[    0.806538] pci 0000:00:18.7: res[13]=[io  0x1000-0x1fff] res_to_dev_res add_size 1000 min_align 1000","[    0.806545] pci 0000:00:16.0: BAR 15: assigned [mem 0xc0000000-0xc01fffff 64bit pref]","[    0.806549] pci 0000:00:0f.0: BAR 6: assigned [mem 0xc0200000-0xc0207fff pref]","[    0.806552] pci 0000:00:10.0: BAR 6: assigned [mem 0xc0208000-0xc020bfff pref]","[    0.806555] pci 0000:00:15.3: BAR 13: no space for [io  size 0x1000]","[    0.806557] pci 0000:00:15.3: BAR 13: failed to assign [io  size 0x1000]","[    0.806561] pci 0000:00:15.4: BAR 13: no space for [io  size 0x1000]","[    0.806562] pci 0000:00:15.4: BAR 13: failed to assign [io  size 0x1000]","[    0.806565] pci 0000:00:15.5: BAR 13: no space for [io  size 0x1000]","[    0.806566] pci 0000:00:15.5: BAR 13: failed to assign [io  size 0x1000]","[    0.806568] pci 0000:00:15.6: BAR 13: no space for [io  size 0x1000]","[    0.806570] pci 0000:00:15.6: BAR 13: failed to assign [io  size 0x1000]","[    0.806572] pci 0000:00:15.7: BAR 13: no space for [io  size 0x1000]","[    0.806574] pci 0000:00:15.7: BAR 13: failed to assign [io  size 0x1000]","[    0.806576] pci 0000:00:16.3: BAR 13: no space for [io  size 0x1000]","[    0.806577] pci 0000:00:16.3: BAR 13: failed to assign [io  size 0x1000]","[    0.806580] pci 0000:00:16.4: BAR 13: no space for [io  size 0x1000]","[    0.806581] pci 0000:00:16.4: BAR 13: failed to assign [io  size 0x1000]","[    0.806583] pci 0000:00:16.5: BAR 13: no space for [io  size 0x1000]","[    0.806585] pci 0000:00:16.5: BAR 13: failed to assign [io  size 0x1000]","[    0.806587] pci 0000:00:16.6: BAR 13: no space for [io  size 0x1000]","[    0.806589] pci 0000:00:16.6: BAR 13: failed to assign [io  size 0x1000]","[    0.806591] pci 0000:00:16.7: BAR 13: no space for [io  size 0x1000]","[    0.806592] pci 0000:00:16.7: BAR 13: failed to assign [io  size 0x1000]","[    0.806595] pci 0000:00:17.3: BAR 13: no space for [io  size 0x1000]","[    0.806596] pci 0000:00:17.3: BAR 13: failed to assign [io  size 0x1000]","[    0.806598] pci 0000:00:17.4: BAR 13: no space for [io  size 0x1000]","[    0.806600] pci 0000:00:17.4: BAR 13: failed to assign [io  size 0x1000]","[    0.806602] pci 0000:00:17.5: BAR 13: no space for [io  size 0x1000]","[    0.806603] pci 0000:00:17.5: BAR 13: failed to assign [io  size 0x1000]","[    0.806606] pci 0000:00:17.6: BAR 13: no space for [io  size 0x1000]","[    0.806607] pci 0000:00:17.6: BAR 13: failed to assign [io  size 0x1000]","[    0.806609] pci 0000:00:17.7: BAR 13: no space for [io  size 0x1000]","[    0.806611] pci 0000:00:17.7: BAR 13: failed to assign [io  size 0x1000]","[    0.806613] pci 0000:00:18.2: BAR 13: no space for [io  size 0x1000]","[    0.806614] pci 0000:00:18.2: BAR 13: failed to assign [io  size 0x1000]","[    0.806617] pci 0000:00:18.3: BAR 13: no space for [io  size 0x1000]","[    0.806618] pci 0000:00:18.3: BAR 13: failed to assign [io  size 0x1000]","[    0.806620] pci 0000:00:18.4: BAR 13: no space for [io  size 0x1000]","[    0.806622] pci 0000:00:18.4: BAR 13: failed to assign [io  size 0x1000]","[    0.806624] pci 0000:00:18.5: BAR 13: no space for [io  size 0x1000]","[    0.806625] pci 0000:00:18.5: BAR 13: failed to assign [io  size 0x1000]","[    0.806628] pci 0000:00:18.6: BAR 13: no space for [io  size 0x1000]","[    0.806629] pci 0000:00:18.6: BAR 13: failed to assign [io  size 0x1000]","[    0.806631] pci 0000:00:18.7: BAR 13: no space for [io  size 0x1000]","[    0.806633] pci 0000:00:18.7: BAR 13: failed to assign [io  size 0x1000]","[    0.806638] pci 0000:00:18.7: BAR 13: no space for [io  size 0x1000]","[    0.806640] pci 0000:00:18.7: BAR 13: failed to assign [io  size 0x1000]","[    0.806642] pci 0000:00:18.6: BAR 13: no space for [io  size 0x1000]","[    0.806643] pci 0000:00:18.6: BAR 13: failed to assign [io  size 0x1000]","[    0.806646] pci 0000:00:18.5: BAR 13: no space for [io  size 0x1000]","[    0.806647] pci 0000:00:18.5: BAR 13: failed to assign [io  size 0x1000]","[    0.806649] pci 0000:00:18.4: BAR 13: no space for [io  size 0x1000]","[    0.806651] pci 0000:00:18.4: BAR 13: failed to assign [io  size 0x1000]","[    0.806653] pci 0000:00:18.3: BAR 13: no space for [io  size 0x1000]","[    0.806655] pci 0000:00:18.3: BAR 13: failed to assign [io  size 0x1000]","[    0.806657] pci 0000:00:18.2: BAR 13: no space for [io  size 0x1000]","[    0.806658] pci 0000:00:18.2: BAR 13: failed to assign [io  size 0x1000]","[    0.806661] pci 0000:00:17.7: BAR 13: no space for [io  size 0x1000]","[    0.806662] pci 0000:00:17.7: BAR 13: failed to assign [io  size 0x1000]","[    0.806664] pci 0000:00:17.6: BAR 13: no space for [io  size 0x1000]","[    0.806666] pci 0000:00:17.6: BAR 13: failed to assign [io  size 0x1000]","[    0.806668] pci 0000:00:17.5: BAR 13: no space for [io  size 0x1000]","[    0.806670] pci 0000:00:17.5: BAR 13: failed to assign [io  size 0x1000]","[    0.806672] pci 0000:00:17.4: BAR 13: no space for [io  size 0x1000]","[    0.806673] pci 0000:00:17.4: BAR 13: failed to assign [io  size 0x1000]","[    0.806676] pci 0000:00:17.3: BAR 13: no space for [io  size 0x1000]","[    0.806677] pci 0000:00:17.3: BAR 13: failed to assign [io  size 0x1000]","[    0.806679] pci 0000:00:16.7: BAR 13: no space for [io  size 0x1000]","[    0.806681] pci 0000:00:16.7: BAR 13: failed to assign [io  size 0x1000]","[    0.806683] pci 0000:00:16.6: BAR 13: no space for [io  size 0x1000]","[    0.806685] pci 0000:00:16.6: BAR 13: failed to assign [io  size 0x1000]","[    0.806687] pci 0000:00:16.5: BAR 13: no space for [io  size 0x1000]","[    0.806688] pci 0000:00:16.5: BAR 13: failed to assign [io  size 0x1000]","[    0.806690] pci 0000:00:16.4: BAR 13: no space for [io  size 0x1000]","[    0.806692] pci 0000:00:16.4: BAR 13: failed to assign [io  size 0x1000]","[    0.806694] pci 0000:00:16.3: BAR 13: no space for [io  size 0x1000]","[    0.806696] pci 0000:00:16.3: BAR 13: failed to assign [io  size 0x1000]","[    0.806698] pci 0000:00:15.7: BAR 13: no space for [io  size 0x1000]","[    0.806699] pci 0000:00:15.7: BAR 13: failed to assign [io  size 0x1000]","[    0.806702] pci 0000:00:15.6: BAR 13: no space for [io  size 0x1000]","[    0.806703] pci 0000:00:15.6: BAR 13: failed to assign [io  size 0x1000]","[    0.806705] pci 0000:00:15.5: BAR 13: no space for [io  size 0x1000]","[    0.806707] pci 0000:00:15.5: BAR 13: failed to assign [io  size 0x1000]","[    0.806710] pci 0000:00:15.4: BAR 13: no space for [io  size 0x1000]","[    0.806711] pci 0000:00:15.4: BAR 13: failed to assign [io  size 0x1000]","[    0.806713] pci 0000:00:15.3: BAR 13: no space for [io  size 0x1000]","[    0.806715] pci 0000:00:15.3: BAR 13: failed to assign [io  size 0x1000]","[    0.806717] pci 0000:00:01.0: PCI bridge to [bus 01]","[    0.806799] pci 0000:02:01.0: BAR 6: assigned [mem 0xfd500000-0xfd503fff pref]","[    0.806801] pci 0000:00:11.0: PCI bridge to [bus 02]","[    0.806812] pci 0000:00:11.0:   bridge window [io  0x2000-0x3fff]","[    0.806835] pci 0000:00:11.0:   bridge window [mem 0xfd500000-0xfdffffff]","[    0.806851] pci 0000:00:11.0:   bridge window [mem 0xe7b00000-0xe7ffffff 64bit pref]","[    0.806881] pci 0000:00:15.0: PCI bridge to [bus 03]","[    0.806891] pci 0000:00:15.0:   bridge window [io  0x4000-0x4fff]","[    0.806914] pci 0000:00:15.0:   bridge window [mem 0xfd400000-0xfd4fffff]","[    0.806930] pci 0000:00:15.0:   bridge window [mem 0xe7a00000-0xe7afffff 64bit pref]","[    0.807003] pci 0000:00:15.1: PCI bridge to [bus 04]","[    0.807013] pci 0000:00:15.1:   bridge window [io  0x8000-0x8fff]","[    0.807047] pci 0000:00:15.1:   bridge window [mem 0xfd000000-0xfd0fffff]","[    0.807063] pci 0000:00:15.1:   bridge window [mem 0xe7700000-0xe77fffff 64bit pref]","[    0.807102] pci 0000:00:15.2: PCI bridge to [bus 05]","[    0.807112] pci 0000:00:15.2:   bridge window [io  0xc000-0xcfff]","[    0.807135] pci 0000:00:15.2:   bridge window [mem 0xfcc00000-0xfccfffff]","[    0.807151] pci 0000:00:15.2:   bridge window [mem 0xe7300000-0xe73fffff 64bit pref]","[    0.807189] pci 0000:00:15.3: PCI bridge to [bus 06]","[    0.807213] pci 0000:00:15.3:   bridge window [mem 0xfc800000-0xfc8fffff]","[    0.807229] pci 0000:00:15.3:   bridge window [mem 0xe6f00000-0xe6ffffff 64bit pref]","[    0.807266] pci 0000:00:15.4: PCI bridge to [bus 07]","[    0.807289] pci 0000:00:15.4:   bridge window [mem 0xfc400000-0xfc4fffff]","[    0.807306] pci 0000:00:15.4:   bridge window [mem 0xe6b00000-0xe6bfffff 64bit pref]","[    0.807342] pci 0000:00:15.5: PCI bridge to [bus 08]","[    0.807368] pci 0000:00:15.5:   bridge window [mem 0xfc000000-0xfc0fffff]","[    0.807384] pci 0000:00:15.5:   bridge window [mem 0xe6700000-0xe67fffff 64bit pref]","[    0.807420] pci 0000:00:15.6: PCI bridge to [bus 09]","[    0.807444] pci 0000:00:15.6:   bridge window [mem 0xfbc00000-0xfbcfffff]","[    0.807460] pci 0000:00:15.6:   bridge window [mem 0xe6300000-0xe63fffff 64bit pref]","[    0.807496] pci 0000:00:15.7: PCI bridge to [bus 0a]","[    0.807520] pci 0000:00:15.7:   bridge window [mem 0xfb800000-0xfb8fffff]","[    0.807537] pci 0000:00:15.7:   bridge window [mem 0xe5f00000-0xe5ffffff 64bit pref]","[    0.807575] pci 0000:0b:00.0: BAR 6: assigned [mem 0xfd300000-0xfd30ffff pref]","[    0.807577] pci 0000:00:16.0: PCI bridge to [bus 0b]","[    0.807586] pci 0000:00:16.0:   bridge window [io  0x5000-0x5fff]","[    0.807610] pci 0000:00:16.0:   bridge window [mem 0xfd300000-0xfd3fffff]","[    0.807626] pci 0000:00:16.0:   bridge window [mem 0xc0000000-0xc01fffff 64bit pref]","[    0.807662] pci 0000:00:16.1: PCI bridge to [bus 0c]","[    0.807672] pci 0000:00:16.1:   bridge window [io  0x9000-0x9fff]","[    0.807695] pci 0000:00:16.1:   bridge window [mem 0xfcf00000-0xfcffffff]","[    0.807711] pci 0000:00:16.1:   bridge window [mem 0xe7600000-0xe76fffff 64bit pref]","[    0.807748] pci 0000:00:16.2: PCI bridge to [bus 0d]","[    0.807759] pci 0000:00:16.2:   bridge window [io  0xd000-0xdfff]","[    0.807782] pci 0000:00:16.2:   bridge window [mem 0xfcb00000-0xfcbfffff]","[    0.807798] pci 0000:00:16.2:   bridge window [mem 0xe7200000-0xe72fffff 64bit pref]","[    0.807836] pci 0000:00:16.3: PCI bridge to [bus 0e]","[    0.807860] pci 0000:00:16.3:   bridge window [mem 0xfc700000-0xfc7fffff]","[    0.807876] pci 0000:00:16.3:   bridge window [mem 0xe6e00000-0xe6efffff 64bit pref]","[    0.807912] pci 0000:00:16.4: PCI bridge to [bus 0f]","[    0.807937] pci 0000:00:16.4:   bridge window [mem 0xfc300000-0xfc3fffff]","[    0.807953] pci 0000:00:16.4:   bridge window [mem 0xe6a00000-0xe6afffff 64bit pref]","[    0.807990] pci 0000:00:16.5: PCI bridge to [bus 10]","[    0.808014] pci 0000:00:16.5:   bridge window [mem 0xfbf00000-0xfbffffff]","[    0.808041] pci 0000:00:16.5:   bridge window [mem 0xe6600000-0xe66fffff 64bit pref]","[    0.808079] pci 0000:00:16.6: PCI bridge to [bus 11]","[    0.808103] pci 0000:00:16.6:   bridge window [mem 0xfbb00000-0xfbbfffff]","[    0.808120] pci 0000:00:16.6:   bridge window [mem 0xe6200000-0xe62fffff 64bit pref]","[    0.808156] pci 0000:00:16.7: PCI bridge to [bus 12]","[    0.808180] pci 0000:00:16.7:   bridge window [mem 0xfb700000-0xfb7fffff]","[    0.808196] pci 0000:00:16.7:   bridge window [mem 0xe5e00000-0xe5efffff 64bit pref]","[    0.808233] pci 0000:00:17.0: PCI bridge to [bus 13]","[    0.808243] pci 0000:00:17.0:   bridge window [io  0x6000-0x6fff]","[    0.808266] pci 0000:00:17.0:   bridge window [mem 0xfd200000-0xfd2fffff]","[    0.808282] pci 0000:00:17.0:   bridge window [mem 0xe7900000-0xe79fffff 64bit pref]","[    0.808319] pci 0000:00:17.1: PCI bridge to [bus 14]","[    0.808329] pci 0000:00:17.1:   bridge window [io  0xa000-0xafff]","[    0.808352] pci 0000:00:17.1:   bridge window [mem 0xfce00000-0xfcefffff]","[    0.808368] pci 0000:00:17.1:   bridge window [mem 0xe7500000-0xe75fffff 64bit pref]","[    0.808408] pci 0000:00:17.2: PCI bridge to [bus 15]","[    0.808418] pci 0000:00:17.2:   bridge window [io  0xe000-0xefff]","[    0.808441] pci 0000:00:17.2:   bridge window [mem 0xfca00000-0xfcafffff]","[    0.808457] pci 0000:00:17.2:   bridge window [mem 0xe7100000-0xe71fffff 64bit pref]","[    0.808494] pci 0000:00:17.3: PCI bridge to [bus 16]","[    0.808518] pci 0000:00:17.3:   bridge window [mem 0xfc600000-0xfc6fffff]","[    0.808534] pci 0000:00:17.3:   bridge window [mem 0xe6d00000-0xe6dfffff 64bit pref]","[    0.808570] pci 0000:00:17.4: PCI bridge to [bus 17]","[    0.808594] pci 0000:00:17.4:   bridge window [mem 0xfc200000-0xfc2fffff]","[    0.808610] pci 0000:00:17.4:   bridge window [mem 0xe6900000-0xe69fffff 64bit pref]","[    0.808647] pci 0000:00:17.5: PCI bridge to [bus 18]","[    0.808671] pci 0000:00:17.5:   bridge window [mem 0xfbe00000-0xfbefffff]","[    0.808687] pci 0000:00:17.5:   bridge window [mem 0xe6500000-0xe65fffff 64bit pref]","[    0.808724] pci 0000:00:17.6: PCI bridge to [bus 19]","[    0.808748] pci 0000:00:17.6:   bridge window [mem 0xfba00000-0xfbafffff]","[    0.808764] pci 0000:00:17.6:   bridge window [mem 0xe6100000-0xe61fffff 64bit pref]","[    0.808800] pci 0000:00:17.7: PCI bridge to [bus 1a]","[    0.808824] pci 0000:00:17.7:   bridge window [mem 0xfb600000-0xfb6fffff]","[    0.808840] pci 0000:00:17.7:   bridge window [mem 0xe5d00000-0xe5dfffff 64bit pref]","[    0.808877] pci 0000:00:18.0: PCI bridge to [bus 1b]","[    0.808887] pci 0000:00:18.0:   bridge window [io  0x7000-0x7fff]","[    0.808910] pci 0000:00:18.0:   bridge window [mem 0xfd100000-0xfd1fffff]","[    0.808926] pci 0000:00:18.0:   bridge window [mem 0xe7800000-0xe78fffff 64bit pref]","[    0.808963] pci 0000:00:18.1: PCI bridge to [bus 1c]","[    0.808973] pci 0000:00:18.1:   bridge window [io  0xb000-0xbfff]","[    0.808996] pci 0000:00:18.1:   bridge window [mem 0xfcd00000-0xfcdfffff]","[    0.809012] pci 0000:00:18.1:   bridge window [mem 0xe7400000-0xe74fffff 64bit pref]","[    0.809061] pci 0000:00:18.2: PCI bridge to [bus 1d]","[    0.809085] pci 0000:00:18.2:   bridge window [mem 0xfc900000-0xfc9fffff]","[    0.809101] pci 0000:00:18.2:   bridge window [mem 0xe7000000-0xe70fffff 64bit pref]","[    0.809139] pci 0000:00:18.3: PCI bridge to [bus 1e]","[    0.809163] pci 0000:00:18.3:   bridge window [mem 0xfc500000-0xfc5fffff]","[    0.809179] pci 0000:00:18.3:   bridge window [mem 0xe6c00000-0xe6cfffff 64bit pref]","[    0.809216] pci 0000:00:18.4: PCI bridge to [bus 1f]","[    0.809240] pci 0000:00:18.4:   bridge window [mem 0xfc100000-0xfc1fffff]","[    0.809256] pci 0000:00:18.4:   bridge window [mem 0xe6800000-0xe68fffff 64bit pref]","[    0.809293] pci 0000:00:18.5: PCI bridge to [bus 20]","[    0.809317] pci 0000:00:18.5:   bridge window [mem 0xfbd00000-0xfbdfffff]","[    0.809333] pci 0000:00:18.5:   bridge window [mem 0xe6400000-0xe64fffff 64bit pref]","[    0.809375] pci 0000:00:18.6: PCI bridge to [bus 21]","[    0.809399] pci 0000:00:18.6:   bridge window [mem 0xfb900000-0xfb9fffff]","[    0.809415] pci 0000:00:18.6:   bridge window [mem 0xe6000000-0xe60fffff 64bit pref]","[    0.809452] pci 0000:00:18.7: PCI bridge to [bus 22]","[    0.809476] pci 0000:00:18.7:   bridge window [mem 0xfb500000-0xfb5fffff]","[    0.809492] pci 0000:00:18.7:   bridge window [mem 0xe5c00000-0xe5cfffff 64bit pref]","[    0.809530] pci_bus 0000:00: resource 4 [mem 0x000a0000-0x000bffff window]","[    0.809532] pci_bus 0000:00: resource 5 [mem 0x000d0000-0x000d3fff window]","[    0.809534] pci_bus 0000:00: resource 6 [mem 0x000d4000-0x000d7fff window]","[    0.809535] pci_bus 0000:00: resource 7 [mem 0x000d8000-0x000dbfff window]","[    0.809537] pci_bus 0000:00: resource 8 [mem 0xc0000000-0xfebfffff window]","[    0.809539] pci_bus 0000:00: resource 9 [io  0x0000-0x0cf7 window]","[    0.809541] pci_bus 0000:00: resource 10 [io  0x0d00-0xfeff window]","[    0.809543] pci_bus 0000:02: resource 0 [io  0x2000-0x3fff]","[    0.809544] pci_bus 0000:02: resource 1 [mem 0xfd500000-0xfdffffff]","[    0.809546] pci_bus 0000:02: resource 2 [mem 0xe7b00000-0xe7ffffff 64bit pref]","[    0.809548] pci_bus 0000:02: resource 4 [mem 0x000a0000-0x000bffff window]","[    0.809549] pci_bus 0000:02: resource 5 [mem 0x000d0000-0x000d3fff window]","[    0.809551] pci_bus 0000:02: resource 6 [mem 0x000d4000-0x000d7fff window]","[    0.809552] pci_bus 0000:02: resource 7 [mem 0x000d8000-0x000dbfff window]","[    0.809554] pci_bus 0000:02: resource 8 [mem 0xc0000000-0xfebfffff window]","[    0.809555] pci_bus 0000:02: resource 9 [io  0x0000-0x0cf7 window]","[    0.809557] pci_bus 0000:02: resource 10 [io  0x0d00-0xfeff window]","[    0.809559] pci_bus 0000:03: resource 0 [io  0x4000-0x4fff]","[    0.809560] pci_bus 0000:03: resource 1 [mem 0xfd400000-0xfd4fffff]","[    0.809562] pci_bus 0000:03: resource 2 [mem 0xe7a00000-0xe7afffff 64bit pref]","[    0.809563] pci_bus 0000:04: resource 0 [io  0x8000-0x8fff]","[    0.809565] pci_bus 0000:04: resource 1 [mem 0xfd000000-0xfd0fffff]","[    0.809567] pci_bus 0000:04: resource 2 [mem 0xe7700000-0xe77fffff 64bit pref]","[    0.809568] pci_bus 0000:05: resource 0 [io  0xc000-0xcfff]","[    0.809570] pci_bus 0000:05: resource 1 [mem 0xfcc00000-0xfccfffff]","[    0.809571] pci_bus 0000:05: resource 2 [mem 0xe7300000-0xe73fffff 64bit pref]","[    0.809573] pci_bus 0000:06: resource 1 [mem 0xfc800000-0xfc8fffff]","[    0.809575] pci_bus 0000:06: resource 2 [mem 0xe6f00000-0xe6ffffff 64bit pref]","[    0.809576] pci_bus 0000:07: resource 1 [mem 0xfc400000-0xfc4fffff]","[    0.809578] pci_bus 0000:07: resource 2 [mem 0xe6b00000-0xe6bfffff 64bit pref]","[    0.809580] pci_bus 0000:08: resource 1 [mem 0xfc000000-0xfc0fffff]","[    0.809582] pci_bus 0000:08: resource 2 [mem 0xe6700000-0xe67fffff 64bit pref]","[    0.809583] pci_bus 0000:09: resource 1 [mem 0xfbc00000-0xfbcfffff]","[    0.809585] pci_bus 0000:09: resource 2 [mem 0xe6300000-0xe63fffff 64bit pref]","[    0.809586] pci_bus 0000:0a: resource 1 [mem 0xfb800000-0xfb8fffff]","[    0.809588] pci_bus 0000:0a: resource 2 [mem 0xe5f00000-0xe5ffffff 64bit pref]","[    0.809590] pci_bus 0000:0b: resource 0 [io  0x5000-0x5fff]","[    0.809591] pci_bus 0000:0b: resource 1 [mem 0xfd300000-0xfd3fffff]","[    0.809593] pci_bus 0000:0b: resource 2 [mem 0xc0000000-0xc01fffff 64bit pref]","[    0.809594] pci_bus 0000:0c: resource 0 [io  0x9000-0x9fff]","[    0.809596] pci_bus 0000:0c: resource 1 [mem 0xfcf00000-0xfcffffff]","[    0.809597] pci_bus 0000:0c: resource 2 [mem 0xe7600000-0xe76fffff 64bit pref]","[    0.809599] pci_bus 0000:0d: resource 0 [io  0xd000-0xdfff]","[    0.809601] pci_bus 0000:0d: resource 1 [mem 0xfcb00000-0xfcbfffff]","[    0.809602] pci_bus 0000:0d: resource 2 [mem 0xe7200000-0xe72fffff 64bit pref]","[    0.809604] pci_bus 0000:0e: resource 1 [mem 0xfc700000-0xfc7fffff]","[    0.809605] pci_bus 0000:0e: resource 2 [mem 0xe6e00000-0xe6efffff 64bit pref]","[    0.809607] pci_bus 0000:0f: resource 1 [mem 0xfc300000-0xfc3fffff]","[    0.809609] pci_bus 0000:0f: resource 2 [mem 0xe6a00000-0xe6afffff 64bit pref]","[    0.809610] pci_bus 0000:10: resource 1 [mem 0xfbf00000-0xfbffffff]","[    0.809612] pci_bus 0000:10: resource 2 [mem 0xe6600000-0xe66fffff 64bit pref]","[    0.809614] pci_bus 0000:11: resource 1 [mem 0xfbb00000-0xfbbfffff]","[    0.809615] pci_bus 0000:11: resource 2 [mem 0xe6200000-0xe62fffff 64bit pref]","[    0.809617] pci_bus 0000:12: resource 1 [mem 0xfb700000-0xfb7fffff]","[    0.809618] pci_bus 0000:12: resource 2 [mem 0xe5e00000-0xe5efffff 64bit pref]","[    0.809620] pci_bus 0000:13: resource 0 [io  0x6000-0x6fff]","[    0.809622] pci_bus 0000:13: resource 1 [mem 0xfd200000-0xfd2fffff]","[    0.809623] pci_bus 0000:13: resource 2 [mem 0xe7900000-0xe79fffff 64bit pref]","[    0.809625] pci_bus 0000:14: resource 0 [io  0xa000-0xafff]","[    0.809626] pci_bus 0000:14: resource 1 [mem 0xfce00000-0xfcefffff]","[    0.809628] pci_bus 0000:14: resource 2 [mem 0xe7500000-0xe75fffff 64bit pref]","[    0.809630] pci_bus 0000:15: resource 0 [io  0xe000-0xefff]","[    0.809631] pci_bus 0000:15: resource 1 [mem 0xfca00000-0xfcafffff]","[    0.809633] pci_bus 0000:15: resource 2 [mem 0xe7100000-0xe71fffff 64bit pref]","[    0.809635] pci_bus 0000:16: resource 1 [mem 0xfc600000-0xfc6fffff]","[    0.809636] pci_bus 0000:16: resource 2 [mem 0xe6d00000-0xe6dfffff 64bit pref]","[    0.809638] pci_bus 0000:17: resource 1 [mem 0xfc200000-0xfc2fffff]","[    0.809640] pci_bus 0000:17: resource 2 [mem 0xe6900000-0xe69fffff 64bit pref]","[    0.809641] pci_bus 0000:18: resource 1 [mem 0xfbe00000-0xfbefffff]","[    0.809643] pci_bus 0000:18: resource 2 [mem 0xe6500000-0xe65fffff 64bit pref]","[    0.809645] pci_bus 0000:19: resource 1 [mem 0xfba00000-0xfbafffff]","[    0.809646] pci_bus 0000:19: resource 2 [mem 0xe6100000-0xe61fffff 64bit pref]","[    0.809648] pci_bus 0000:1a: resource 1 [mem 0xfb600000-0xfb6fffff]","[    0.809650] pci_bus 0000:1a: resource 2 [mem 0xe5d00000-0xe5dfffff 64bit pref]","[    0.809651] pci_bus 0000:1b: resource 0 [io  0x7000-0x7fff]","[    0.809653] pci_bus 0000:1b: resource 1 [mem 0xfd100000-0xfd1fffff]","[    0.809654] pci_bus 0000:1b: resource 2 [mem 0xe7800000-0xe78fffff 64bit pref]","[    0.809656] pci_bus 0000:1c: resource 0 [io  0xb000-0xbfff]","[    0.809657] pci_bus 0000:1c: resource 1 [mem 0xfcd00000-0xfcdfffff]","[    0.809659] pci_bus 0000:1c: resource 2 [mem 0xe7400000-0xe74fffff 64bit pref]","[    0.809661] pci_bus 0000:1d: resource 1 [mem 0xfc900000-0xfc9fffff]","[    0.809663] pci_bus 0000:1d: resource 2 [mem 0xe7000000-0xe70fffff 64bit pref]","[    0.809664] pci_bus 0000:1e: resource 1 [mem 0xfc500000-0xfc5fffff]","[    0.809666] pci_bus 0000:1e: resource 2 [mem 0xe6c00000-0xe6cfffff 64bit pref]","[    0.809667] pci_bus 0000:1f: resource 1 [mem 0xfc100000-0xfc1fffff]","[    0.809669] pci_bus 0000:1f: resource 2 [mem 0xe6800000-0xe68fffff 64bit pref]","[    0.809670] pci_bus 0000:20: resource 1 [mem 0xfbd00000-0xfbdfffff]","[    0.809672] pci_bus 0000:20: resource 2 [mem 0xe6400000-0xe64fffff 64bit pref]","[    0.809674] pci_bus 0000:21: resource 1 [mem 0xfb900000-0xfb9fffff]","[    0.809675] pci_bus 0000:21: resource 2 [mem 0xe6000000-0xe60fffff 64bit pref]","[    0.809677] pci_bus 0000:22: resource 1 [mem 0xfb500000-0xfb5fffff]","[    0.809679] pci_bus 0000:22: resource 2 [mem 0xe5c00000-0xe5cfffff 64bit pref]","[    0.809712] NET: Registered protocol family 2","[    0.810610] TCP established hash table entries: 262144 (order: 9, 2097152 bytes)","[    0.811481] TCP bind hash table entries: 65536 (order: 8, 1048576 bytes)","[    0.811552] TCP: Hash tables configured (established 262144 bind 65536)","[    0.811571] TCP: reno registered","[    0.811604] UDP hash table entries: 16384 (order: 7, 524288 bytes)","[    0.811677] UDP-Lite hash table entries: 16384 (order: 7, 524288 bytes)","[    0.811772] NET: Registered protocol family 1","[    0.811787] pci 0000:00:00.0: Limiting direct PCI/PCI transfers","[    0.811860] pci 0000:00:0f.0: Boot video device","[    0.812166] PCI: CLS 32 bytes, default 64","[    0.812236] Unpacking initramfs...","[    1.243243] Freeing initrd memory: 31048k freed","[    1.251991] PCI-DMA: Using software bounce buffering for IO (SWIOTLB)","[    1.252003] software IO TLB [mem 0xbbef0000-0xbfef0000] (64MB) mapped at [ffff88363bef0000-ffff88363feeffff]","[    1.252216] RAPL PMU: API unit is 2^-32 Joules, 3 fixed counters, 10737418240 ms ovfl timer","[    1.252218] RAPL PMU: hw unit of domain pp0-core 2^-0 Joules","[    1.252220] RAPL PMU: hw unit of domain package 2^-0 Joules","[    1.252221] RAPL PMU: hw unit of domain dram 2^-0 Joules","[    1.252379] Simple Boot Flag at 0x36 set to 0x80","[    1.252470] Switched to clocksource tsc","[    1.255035] sha1_ssse3: Using AVX optimized SHA-1 implementation","[    1.255152] sha256_ssse3: Using AVX optimized SHA-256 implementation","[    1.255969] futex hash table entries: 2048 (order: 5, 131072 bytes)","[    1.256034] Initialise system trusted keyring","[    1.256076] audit: initializing netlink socket (disabled)","[    1.256114] type=2000 audit(1653094891.911:1): initialized","[    1.281432] HugeTLB registered 2 MB page size, pre-allocated 0 pages","[    1.282702] zpool: loaded","[    1.282705] zbud: loaded","[    1.282991] VFS: Disk quotas dquot_6.5.2","[    1.283033] Dquot-cache hash table entries: 512 (order 0, 4096 bytes)","[    1.283345] Key type big_key registered","[    1.283347] SELinux:  Registering netfilter hooks","[    1.286674] NET: Registered protocol family 38","[    1.286682] Key type asymmetric registered","[    1.286685] Asymmetric key parser 'x509' registered","[    1.286728] Block layer SCSI generic (bsg) driver version 0.4 loaded (major 248)","[    1.286818] io scheduler noop registered","[    1.286821] io scheduler deadline registered (default)","[    1.286848] io scheduler cfq registered","[    1.286851] io scheduler mq-deadline registered","[    1.286854] io scheduler kyber registered","[    1.287491] pcieport 0000:00:15.0: irq 24 for MSI/MSI-X","[    1.288013] pcieport 0000:00:15.1: irq 25 for MSI/MSI-X","[    1.288514] pcieport 0000:00:15.2: irq 26 for MSI/MSI-X","[    1.289001] pcieport 0000:00:15.3: irq 27 for MSI/MSI-X","[    1.289497] pcieport 0000:00:15.4: irq 28 for MSI/MSI-X","[    1.289977] pcieport 0000:00:15.5: irq 29 for MSI/MSI-X","[    1.290429] pcieport 0000:00:15.6: irq 30 for MSI/MSI-X","[    1.290879] pcieport 0000:00:15.7: irq 31 for MSI/MSI-X","[    1.291327] pcieport 0000:00:16.0: irq 32 for MSI/MSI-X","[    1.291810] pcieport 0000:00:16.1: irq 33 for MSI/MSI-X","[    1.292290] pcieport 0000:00:16.2: irq 34 for MSI/MSI-X","[    1.292749] pcieport 0000:00:16.3: irq 35 for MSI/MSI-X","[    1.293248] pcieport 0000:00:16.4: irq 36 for MSI/MSI-X","[    1.293710] pcieport 0000:00:16.5: irq 37 for MSI/MSI-X","[    1.294162] pcieport 0000:00:16.6: irq 38 for MSI/MSI-X","[    1.294606] pcieport 0000:00:16.7: irq 39 for MSI/MSI-X","[    1.295063] pcieport 0000:00:17.0: irq 40 for MSI/MSI-X","[    1.295510] pcieport 0000:00:17.1: irq 41 for MSI/MSI-X","[    1.295950] pcieport 0000:00:17.2: irq 42 for MSI/MSI-X","[    1.296483] pcieport 0000:00:17.3: irq 43 for MSI/MSI-X","[    1.297066] pcieport 0000:00:17.4: irq 44 for MSI/MSI-X","[    1.297621] pcieport 0000:00:17.5: irq 45 for MSI/MSI-X","[    1.298260] pcieport 0000:00:17.6: irq 46 for MSI/MSI-X","[    1.298858] pcieport 0000:00:17.7: irq 47 for MSI/MSI-X","[    1.299349] pcieport 0000:00:18.0: irq 48 for MSI/MSI-X","[    1.299815] pcieport 0000:00:18.1: irq 49 for MSI/MSI-X","[    1.300278] pcieport 0000:00:18.2: irq 50 for MSI/MSI-X","[    1.300755] pcieport 0000:00:18.3: irq 51 for MSI/MSI-X","[    1.301277] pcieport 0000:00:18.4: irq 52 for MSI/MSI-X","[    1.301734] pcieport 0000:00:18.5: irq 53 for MSI/MSI-X","[    1.302234] pcieport 0000:00:18.6: irq 54 for MSI/MSI-X","[    1.302701] pcieport 0000:00:18.7: irq 55 for MSI/MSI-X","[    1.303113] pcieport 0000:00:15.0: Signaling PME through PCIe PME interrupt","[    1.303141] pcie_pme 0000:00:15.0:pcie001: service driver pcie_pme loaded","[    1.303237] pcieport 0000:00:15.1: Signaling PME through PCIe PME interrupt","[    1.303254] pcie_pme 0000:00:15.1:pcie001: service driver pcie_pme loaded","[    1.303340] pcieport 0000:00:15.2: Signaling PME through PCIe PME interrupt","[    1.303358] pcie_pme 0000:00:15.2:pcie001: service driver pcie_pme loaded","[    1.303442] pcieport 0000:00:15.3: Signaling PME through PCIe PME interrupt","[    1.303459] pcie_pme 0000:00:15.3:pcie001: service driver pcie_pme loaded","[    1.303543] pcieport 0000:00:15.4: Signaling PME through PCIe PME interrupt","[    1.303560] pcie_pme 0000:00:15.4:pcie001: service driver pcie_pme loaded","[    1.303644] pcieport 0000:00:15.5: Signaling PME through PCIe PME interrupt","[    1.303661] pcie_pme 0000:00:15.5:pcie001: service driver pcie_pme loaded","[    1.303744] pcieport 0000:00:15.6: Signaling PME through PCIe PME interrupt","[    1.303760] pcie_pme 0000:00:15.6:pcie001: service driver pcie_pme loaded","[    1.303844] pcieport 0000:00:15.7: Signaling PME through PCIe PME interrupt","[    1.303862] pcie_pme 0000:00:15.7:pcie001: service driver pcie_pme loaded","[    1.303945] pcieport 0000:00:16.0: Signaling PME through PCIe PME interrupt","[    1.303947] pci 0000:0b:00.0: Signaling PME through PCIe PME interrupt","[    1.303963] pcie_pme 0000:00:16.0:pcie001: service driver pcie_pme loaded","[    1.304055] pcieport 0000:00:16.1: Signaling PME through PCIe PME interrupt","[    1.304073] pcie_pme 0000:00:16.1:pcie001: service driver pcie_pme loaded","[    1.304158] pcieport 0000:00:16.2: Signaling PME through PCIe PME interrupt","[    1.304175] pcie_pme 0000:00:16.2:pcie001: service driver pcie_pme loaded","[    1.304258] pcieport 0000:00:16.3: Signaling PME through PCIe PME interrupt","[    1.304276] pcie_pme 0000:00:16.3:pcie001: service driver pcie_pme loaded","[    1.304359] pcieport 0000:00:16.4: Signaling PME through PCIe PME interrupt","[    1.304376] pcie_pme 0000:00:16.4:pcie001: service driver pcie_pme loaded","[    1.304460] pcieport 0000:00:16.5: Signaling PME through PCIe PME interrupt","[    1.304477] pcie_pme 0000:00:16.5:pcie001: service driver pcie_pme loaded","[    1.304560] pcieport 0000:00:16.6: Signaling PME through PCIe PME interrupt","[    1.304577] pcie_pme 0000:00:16.6:pcie001: service driver pcie_pme loaded","[    1.304660] pcieport 0000:00:16.7: Signaling PME through PCIe PME interrupt","[    1.304677] pcie_pme 0000:00:16.7:pcie001: service driver pcie_pme loaded","[    1.304768] pcieport 0000:00:17.0: Signaling PME through PCIe PME interrupt","[    1.304795] pcie_pme 0000:00:17.0:pcie001: service driver pcie_pme loaded","[    1.304909] pcieport 0000:00:17.1: Signaling PME through PCIe PME interrupt","[    1.304926] pcie_pme 0000:00:17.1:pcie001: service driver pcie_pme loaded","[    1.305013] pcieport 0000:00:17.2: Signaling PME through PCIe PME interrupt","[    1.305039] pcie_pme 0000:00:17.2:pcie001: service driver pcie_pme loaded","[    1.305150] pcieport 0000:00:17.3: Signaling PME through PCIe PME interrupt","[    1.305167] pcie_pme 0000:00:17.3:pcie001: service driver pcie_pme loaded","[    1.305253] pcieport 0000:00:17.4: Signaling PME through PCIe PME interrupt","[    1.305270] pcie_pme 0000:00:17.4:pcie001: service driver pcie_pme loaded","[    1.305355] pcieport 0000:00:17.5: Signaling PME through PCIe PME interrupt","[    1.305372] pcie_pme 0000:00:17.5:pcie001: service driver pcie_pme loaded","[    1.305455] pcieport 0000:00:17.6: Signaling PME through PCIe PME interrupt","[    1.305472] pcie_pme 0000:00:17.6:pcie001: service driver pcie_pme loaded","[    1.305555] pcieport 0000:00:17.7: Signaling PME through PCIe PME interrupt","[    1.305572] pcie_pme 0000:00:17.7:pcie001: service driver pcie_pme loaded","[    1.305654] pcieport 0000:00:18.0: Signaling PME through PCIe PME interrupt","[    1.305671] pcie_pme 0000:00:18.0:pcie001: service driver pcie_pme loaded","[    1.305754] pcieport 0000:00:18.1: Signaling PME through PCIe PME interrupt","[    1.305771] pcie_pme 0000:00:18.1:pcie001: service driver pcie_pme loaded","[    1.305855] pcieport 0000:00:18.2: Signaling PME through PCIe PME interrupt","[    1.305881] pcie_pme 0000:00:18.2:pcie001: service driver pcie_pme loaded","[    1.305984] pcieport 0000:00:18.3: Signaling PME through PCIe PME interrupt","[    1.306001] pcie_pme 0000:00:18.3:pcie001: service driver pcie_pme loaded","[    1.306094] pcieport 0000:00:18.4: Signaling PME through PCIe PME interrupt","[    1.306116] pcie_pme 0000:00:18.4:pcie001: service driver pcie_pme loaded","[    1.306221] pcieport 0000:00:18.5: Signaling PME through PCIe PME interrupt","[    1.306238] pcie_pme 0000:00:18.5:pcie001: service driver pcie_pme loaded","[    1.306320] pcieport 0000:00:18.6: Signaling PME through PCIe PME interrupt","[    1.306337] pcie_pme 0000:00:18.6:pcie001: service driver pcie_pme loaded","[    1.306421] pcieport 0000:00:18.7: Signaling PME through PCIe PME interrupt","[    1.306438] pcie_pme 0000:00:18.7:pcie001: service driver pcie_pme loaded","[    1.306464] pci_hotplug: PCI Hot Plug PCI Core version: 0.5","[    1.306498] pciehp 0000:00:15.0:pcie004: Slot #160 AttnBtn+ PwrCtrl+ MRL- AttnInd- PwrInd- HotPlug+ Surprise- Interlock- NoCompl+ LLActRep+","[    1.306582] pciehp 0000:00:15.0:pcie004: service driver pciehp loaded","[    1.306614] pciehp 0000:00:15.1:pcie004: Slot #161 AttnBtn+ PwrCtrl+ MRL- AttnInd- PwrInd- HotPlug+ Surprise- Interlock- NoCompl+ LLActRep+","[    1.306661] pciehp 0000:00:15.1:pcie004: service driver pciehp loaded","[    1.306690] pciehp 0000:00:15.2:pcie004: Slot #162 AttnBtn+ PwrCtrl+ MRL- AttnInd- PwrInd- HotPlug+ Surprise- Interlock- NoCompl+ LLActRep+","[    1.306732] pciehp 0000:00:15.2:pcie004: service driver pciehp loaded","[    1.306761] pciehp 0000:00:15.3:pcie004: Slot #163 AttnBtn+ PwrCtrl+ MRL- AttnInd- PwrInd- HotPlug+ Surprise- Interlock- NoCompl+ LLActRep+","[    1.306802] pciehp 0000:00:15.3:pcie004: service driver pciehp loaded","[    1.306831] pciehp 0000:00:15.4:pcie004: Slot #164 AttnBtn+ PwrCtrl+ MRL- AttnInd- PwrInd- HotPlug+ Surprise- Interlock- NoCompl+ LLActRep+","[    1.306872] pciehp 0000:00:15.4:pcie004: service driver pciehp loaded","[    1.306901] pciehp 0000:00:15.5:pcie004: Slot #165 AttnBtn+ PwrCtrl+ MRL- AttnInd- PwrInd- HotPlug+ Surprise- Interlock- NoCompl+ LLActRep+","[    1.306942] pciehp 0000:00:15.5:pcie004: service driver pciehp loaded","[    1.306972] pciehp 0000:00:15.6:pcie004: Slot #166 AttnBtn+ PwrCtrl+ MRL- AttnInd- PwrInd- HotPlug+ Surprise- Interlock- NoCompl+ LLActRep+","[    1.307014] pciehp 0000:00:15.6:pcie004: service driver pciehp loaded","[    1.307051] pciehp 0000:00:15.7:pcie004: Slot #167 AttnBtn+ PwrCtrl+ MRL- AttnInd- PwrInd- HotPlug+ Surprise- Interlock- NoCompl+ LLActRep+","[    1.307094] pciehp 0000:00:15.7:pcie004: service driver pciehp loaded","[    1.307135] pciehp 0000:00:16.0:pcie004: Slot #192 AttnBtn+ PwrCtrl+ MRL- AttnInd- PwrInd- HotPlug+ Surprise- Interlock- NoCompl+ LLActRep+","[    1.307192] pciehp 0000:00:16.0:pcie004: service driver pciehp loaded","[    1.307223] pciehp 0000:00:16.1:pcie004: Slot #193 AttnBtn+ PwrCtrl+ MRL- AttnInd- PwrInd- HotPlug+ Surprise- Interlock- NoCompl+ LLActRep+","[    1.307266] pciehp 0000:00:16.1:pcie004: service driver pciehp loaded","[    1.307295] pciehp 0000:00:16.2:pcie004: Slot #194 AttnBtn+ PwrCtrl+ MRL- AttnInd- PwrInd- HotPlug+ Surprise- Interlock- NoCompl+ LLActRep+","[    1.307337] pciehp 0000:00:16.2:pcie004: service driver pciehp loaded","[    1.307367] pciehp 0000:00:16.3:pcie004: Slot #195 AttnBtn+ PwrCtrl+ MRL- AttnInd- PwrInd- HotPlug+ Surprise- Interlock- NoCompl+ LLActRep+","[    1.307409] pciehp 0000:00:16.3:pcie004: service driver pciehp loaded","[    1.307440] pciehp 0000:00:16.4:pcie004: Slot #196 AttnBtn+ PwrCtrl+ MRL- AttnInd- PwrInd- HotPlug+ Surprise- Interlock- NoCompl+ LLActRep+","[    1.307483] pciehp 0000:00:16.4:pcie004: service driver pciehp loaded","[    1.307512] pciehp 0000:00:16.5:pcie004: Slot #197 AttnBtn+ PwrCtrl+ MRL- AttnInd- PwrInd- HotPlug+ Surprise- Interlock- NoCompl+ LLActRep+","[    1.307554] pciehp 0000:00:16.5:pcie004: service driver pciehp loaded","[    1.307583] pciehp 0000:00:16.6:pcie004: Slot #198 AttnBtn+ PwrCtrl+ MRL- AttnInd- PwrInd- HotPlug+ Surprise- Interlock- NoCompl+ LLActRep+","[    1.307625] pciehp 0000:00:16.6:pcie004: service driver pciehp loaded","[    1.307653] pciehp 0000:00:16.7:pcie004: Slot #199 AttnBtn+ PwrCtrl+ MRL- AttnInd- PwrInd- HotPlug+ Surprise- Interlock- NoCompl+ LLActRep+","[    1.307695] pciehp 0000:00:16.7:pcie004: service driver pciehp loaded","[    1.307723] pciehp 0000:00:17.0:pcie004: Slot #224 AttnBtn+ PwrCtrl+ MRL- AttnInd- PwrInd- HotPlug+ Surprise- Interlock- NoCompl+ LLActRep+","[    1.307765] pciehp 0000:00:17.0:pcie004: service driver pciehp loaded","[    1.307794] pciehp 0000:00:17.1:pcie004: Slot #225 AttnBtn+ PwrCtrl+ MRL- AttnInd- PwrInd- HotPlug+ Surprise- Interlock- NoCompl+ LLActRep+","[    1.307836] pciehp 0000:00:17.1:pcie004: service driver pciehp loaded","[    1.307865] pciehp 0000:00:17.2:pcie004: Slot #226 AttnBtn+ PwrCtrl+ MRL- AttnInd- PwrInd- HotPlug+ Surprise- Interlock- NoCompl+ LLActRep+","[    1.307906] pciehp 0000:00:17.2:pcie004: service driver pciehp loaded","[    1.307936] pciehp 0000:00:17.3:pcie004: Slot #227 AttnBtn+ PwrCtrl+ MRL- AttnInd- PwrInd- HotPlug+ Surprise- Interlock- NoCompl+ LLActRep+","[    1.307983] pciehp 0000:00:17.3:pcie004: service driver pciehp loaded","[    1.308013] pciehp 0000:00:17.4:pcie004: Slot #228 AttnBtn+ PwrCtrl+ MRL- AttnInd- PwrInd- HotPlug+ Surprise- Interlock- NoCompl+ LLActRep+","[    1.308064] pciehp 0000:00:17.4:pcie004: service driver pciehp loaded","[    1.308092] pciehp 0000:00:17.5:pcie004: Slot #229 AttnBtn+ PwrCtrl+ MRL- AttnInd- PwrInd- HotPlug+ Surprise- Interlock- NoCompl+ LLActRep+","[    1.308138] pciehp 0000:00:17.5:pcie004: service driver pciehp loaded","[    1.308167] pciehp 0000:00:17.6:pcie004: Slot #230 AttnBtn+ PwrCtrl+ MRL- AttnInd- PwrInd- HotPlug+ Surprise- Interlock- NoCompl+ LLActRep+","[    1.308209] pciehp 0000:00:17.6:pcie004: service driver pciehp loaded","[    1.308238] pciehp 0000:00:17.7:pcie004: Slot #231 AttnBtn+ PwrCtrl+ MRL- AttnInd- PwrInd- HotPlug+ Surprise- Interlock- NoCompl+ LLActRep+","[    1.308280] pciehp 0000:00:17.7:pcie004: service driver pciehp loaded","[    1.308308] pciehp 0000:00:18.0:pcie004: Slot #256 AttnBtn+ PwrCtrl+ MRL- AttnInd- PwrInd- HotPlug+ Surprise- Interlock- NoCompl+ LLActRep+","[    1.308351] pciehp 0000:00:18.0:pcie004: service driver pciehp loaded","[    1.308379] pciehp 0000:00:18.1:pcie004: Slot #257 AttnBtn+ PwrCtrl+ MRL- AttnInd- PwrInd- HotPlug+ Surprise- Interlock- NoCompl+ LLActRep+","[    1.308420] pciehp 0000:00:18.1:pcie004: service driver pciehp loaded","[    1.308448] pciehp 0000:00:18.2:pcie004: Slot #258 AttnBtn+ PwrCtrl+ MRL- AttnInd- PwrInd- HotPlug+ Surprise- Interlock- NoCompl+ LLActRep+","[    1.308491] pciehp 0000:00:18.2:pcie004: service driver pciehp loaded","[    1.308519] pciehp 0000:00:18.3:pcie004: Slot #259 AttnBtn+ PwrCtrl+ MRL- AttnInd- PwrInd- HotPlug+ Surprise- Interlock- NoCompl+ LLActRep+","[    1.308561] pciehp 0000:00:18.3:pcie004: service driver pciehp loaded","[    1.308589] pciehp 0000:00:18.4:pcie004: Slot #260 AttnBtn+ PwrCtrl+ MRL- AttnInd- PwrInd- HotPlug+ Surprise- Interlock- NoCompl+ LLActRep+","[    1.308631] pciehp 0000:00:18.4:pcie004: service driver pciehp loaded","[    1.308659] pciehp 0000:00:18.5:pcie004: Slot #261 AttnBtn+ PwrCtrl+ MRL- AttnInd- PwrInd- HotPlug+ Surprise- Interlock- NoCompl+ LLActRep+","[    1.308708] pciehp 0000:00:18.5:pcie004: service driver pciehp loaded","[    1.308750] pciehp 0000:00:18.6:pcie004: Slot #262 AttnBtn+ PwrCtrl+ MRL- AttnInd- PwrInd- HotPlug+ Surprise- Interlock- NoCompl+ LLActRep+","[    1.308805] pciehp 0000:00:18.6:pcie004: service driver pciehp loaded","[    1.308834] pciehp 0000:00:18.7:pcie004: Slot #263 AttnBtn+ PwrCtrl+ MRL- AttnInd- PwrInd- HotPlug+ Surprise- Interlock- NoCompl+ LLActRep+","[    1.308877] pciehp 0000:00:18.7:pcie004: service driver pciehp loaded","[    1.308883] pciehp: PCI Express Hot Plug Controller Driver version: 0.4","[    1.308917] shpchp: Standard Hot Plug PCI Controller Driver version: 0.4","[    1.308996] intel_idle: does not run on family 6 model 62","[    1.309339] ACPI: AC Adapter [ACAD] (on-line)","[    1.309449] input: Power Button as /devices/LNXSYSTM:00/LNXPWRBN:00/input/input0","[    1.309453] ACPI: Power Button [PWRF]","[    1.311398] GHES: HEST is not enabled!","[    1.311789] Serial: 8250/16550 driver, 4 ports, IRQ sharing enabled","[    1.312864] Non-volatile memory driver v1.3","[    1.312949] Linux agpgart interface v0.103","[    1.313155] agpgart-intel 0000:00:00.0: Intel 440BX Chipset","[    1.314392] agpgart-intel 0000:00:00.0: AGP aperture is 256M @ 0x0","[    1.314496] crash memory driver: version 1.1","[    1.314613] rdac: device handler registered","[    1.314667] hp_sw: device handler registered","[    1.314670] emc: device handler registered","[    1.314752] alua: device handler registered","[    1.314828] libphy: Fixed MDIO Bus: probed","[    1.314884] ehci_hcd: USB 2.0 'Enhanced' Host Controller (EHCI) Driver","[    1.314889] ehci-pci: EHCI PCI platform driver","[    1.314903] ohci_hcd: USB 1.1 'Open' Host Controller (OHCI) Driver","[    1.314907] ohci-pci: OHCI PCI platform driver","[    1.314919] uhci_hcd: USB Universal Host Controller Interface driver","[    1.314972] usbcore: registered new interface driver usbserial_generic","[    1.314978] usbserial: USB Serial support registered for generic","[    1.315030] i8042: PNP: PS/2 Controller [PNP0303:KBC,PNP0f13:MOUS] at 0x60,0x64 irq 1,12","[    1.315975] serio: i8042 KBD port at 0x60,0x64 irq 1","[    1.315981] serio: i8042 AUX port at 0x60,0x64 irq 12","[    1.316105] mousedev: PS/2 mouse device common for all mice","[    1.336781] rtc_cmos 00:01: rtc core: registered rtc_cmos as rtc0","[    1.336903] rtc_cmos 00:01: alarms up to one month, y3k, 114 bytes nvram, hpet irqs","[    1.336972] cpuidle: using governor menu","[    1.338926] hidraw: raw HID events driver (C) Jiri Kosina","[    1.339038] usbcore: registered new interface driver usbhid","[    1.339040] usbhid: USB HID core driver","[    1.339162] drop_monitor: Initializing network drop monitor service","[    1.339232] TCP: cubic registered","[    1.339235] Initializing XFRM netlink socket","[    1.339359] NET: Registered protocol family 10","[    1.340216] NET: Registered protocol family 17","[    1.340225] mpls_gso: MPLS GSO support","[    1.340442] mce: Using 0 MCE banks","[    1.340699] input: AT Translated Set 2 keyboard as /devices/platform/i8042/serio0/input/input1","[    1.340708] PM: Hibernation image not present or could not be loaded.","[    1.340713] Loading compiled-in X.509 certificates","[    1.341157] Loaded X.509 cert 'Red Hat Enterprise Linux Driver Update Program (key 3): bf57f3e87362bc7229d9f465321773dfd1f77a80'","[    1.341495] input: VirtualPS/2 VMware VMMouse as /devices/platform/i8042/serio1/input/input2","[    1.341554] Loaded X.509 cert 'Red Hat Enterprise Linux kpatch signing key: 4d38fd864ebe18c5f0b72e3852e2014c3a676fc8'","[    1.341733] input: VirtualPS/2 VMware VMMouse as /devices/platform/i8042/serio1/input/input3","[    1.341949] Loaded X.509 cert 'Red Hat Enterprise Linux kernel signing key: d863126284db0e8332609e1e3bdfc5ae66330b73'","[    1.341967] registered taskstats version 1","[    1.344795] Key type trusted registered","[    1.347111] Key type encrypted registered","[    1.347143] IMA: No TPM chip found, activating TPM-bypass! (rc=-19)","[    1.348199]   Magic number: 6:635:3","[    1.348544] rtc_cmos 00:01: setting system clock to 2022-05-21 01:01:32 UTC (1653094892)","[    1.349442] Freeing unused kernel memory: 1980k freed","[    1.349949] Write protecting the kernel read-only data: 12288k","[    1.350870] Freeing unused kernel memory: 396k freed","[    1.351922] Freeing unused kernel memory: 540k freed","[    1.356431] random: systemd: uninitialized urandom read (16 bytes read)","[    1.356811] random: systemd: uninitialized urandom read (16 bytes read)","[    1.356829] random: systemd: uninitialized urandom read (16 bytes read)","[    1.357935] systemd[1]: systemd 219 running in system mode. (+PAM +AUDIT +SELINUX +IMA -APPARMOR +SMACK +SYSVINIT +UTMP +LIBCRYPTSETUP +GCRYPT +GNUTLS +ACL +XZ +LZ4 -SECCOMP +BLKID +ELFUTILS +KMOD +IDN)","[    1.357959] systemd[1]: Detected virtualization vmware.","[    1.357968] systemd[1]: Detected architecture x86-64.","[    1.357972] systemd[1]: Running in initial RAM disk.","[    1.358008] systemd[1]: Set hostname to \u003crhel708\u003e.","[    1.391515] random: systemd: uninitialized urandom read (16 bytes read)","[    1.391545] random: systemd: uninitialized urandom read (16 bytes read)","[    1.391590] random: systemd: uninitialized urandom read (16 bytes read)","[    1.391640] random: systemd: uninitialized urandom read (16 bytes read)","[    1.392402] random: systemd: uninitialized urandom read (16 bytes read)","[    1.392514] random: systemd: uninitialized urandom read (16 bytes read)","[    1.392879] random: systemd: uninitialized urandom read (16 bytes read)","[    1.397413] systemd[1]: Reached target Swap.","[    1.397462] systemd[1]: Reached target Local File Systems.","[    1.397475] systemd[1]: Reached target Timers.","[    1.397664] systemd[1]: Created slice Root Slice.","[    1.397738] systemd[1]: Created slice System Slice.","[    1.397811] systemd[1]: Listening on Journal Socket.","[    1.398286] systemd[1]: Starting Journal Service...","[    1.398767] systemd[1]: Starting Create list of required static device nodes for the current kernel...","[    1.399202] systemd[1]: Starting Setup Virtual Console...","[    1.399264] systemd[1]: Reached target Slices.","[    1.399306] systemd[1]: Listening on udev Kernel Socket.","[    1.399842] systemd[1]: Starting Apply Kernel Variables...","[    1.400388] systemd[1]: Starting dracut cmdline hook...","[    1.400439] systemd[1]: Listening on udev Control Socket.","[    1.400458] systemd[1]: Reached target Sockets.","[    1.400851] systemd[1]: Started Create list of required static device nodes for the current kernel.","[    1.402147] systemd[1]: Starting Create Static Device Nodes in /dev...","[    1.402469] systemd[1]: Started Apply Kernel Variables.","[    1.404843] systemd[1]: Started Create Static Device Nodes in /dev.","[    1.466634] systemd[1]: Started Setup Virtual Console.","[    1.483991] systemd[1]: Started Journal Service.","[    1.599157] device-mapper: uevent: version 1.0.3","[    1.599419] device-mapper: ioctl: 4.37.1-ioctl (2018-04-03) initialised: dm-devel@redhat.com","[    1.720257] Fusion MPT base driver 3.04.20","[    1.720260] Copyright (c) 1999-2008 LSI Corporation","[    1.720283] VMware vmxnet3 virtual NIC driver - version 1.4.16.0-k-NAPI","[    1.720337] vmxnet3 0000:0b:00.0: # of Tx queues : 8, # of Rx queues : 8","[    1.733072] vmxnet3 0000:0b:00.0: irq 56 for MSI/MSI-X","[    1.733139] vmxnet3 0000:0b:00.0: irq 57 for MSI/MSI-X","[    1.733204] vmxnet3 0000:0b:00.0: irq 58 for MSI/MSI-X","[    1.733260] vmxnet3 0000:0b:00.0: irq 59 for MSI/MSI-X","[    1.733290] vmxnet3 0000:0b:00.0: irq 60 for MSI/MSI-X","[    1.733338] vmxnet3 0000:0b:00.0: irq 61 for MSI/MSI-X","[    1.733371] vmxnet3 0000:0b:00.0: irq 62 for MSI/MSI-X","[    1.733395] vmxnet3 0000:0b:00.0: irq 63 for MSI/MSI-X","[    1.733422] vmxnet3 0000:0b:00.0: irq 64 for MSI/MSI-X","[    1.734113] vmxnet3 0000:0b:00.0 eth0: NIC Link is Up 10000 Mbps","[    1.739878] libata version 3.00 loaded.","[    1.742373] Fusion MPT SPI Host driver 3.04.20","[    1.743243] mptbase: ioc0: Initiating bringup","[    1.762274] ioc0: LSI53C1030 B0: Capabilities={Initiator}","[    1.804168] scsi host0: ioc0: LSI53C1030 B0, FwRev=01032920h, Ports=1, MaxQ=128, IRQ=17","[    1.832356] ata_piix 0000:00:07.1: version 2.13","[    1.832801] scsi 0:0:0:0: Direct-Access     VMware   Virtual disk     1.0  PQ: 0 ANSI: 2","[    1.833547] mptbase: ioc1: Initiating bringup","[    1.833580] scsi host1: ata_piix","[    1.833902] scsi host2: ata_piix","[    1.834068] ata1: PATA max UDMA/33 cmd 0x1f0 ctl 0x3f6 bmdma 0x1060 irq 14","[    1.834072] ata2: PATA max UDMA/33 cmd 0x170 ctl 0x376 bmdma 0x1068 irq 15","[    1.835216] [drm] DMA map mode: Keeping DMA mappings.","[    1.835491] [drm] Capabilities:","[    1.835494] [drm]   Rect copy.","[    1.835495] [drm]   Cursor.","[    1.835496] [drm]   Cursor bypass.","[    1.835497] [drm]   Cursor bypass 2.","[    1.835498] [drm]   8bit emulation.","[    1.835499] [drm]   Alpha cursor.","[    1.835500] [drm]   Extended Fifo.","[    1.835501] [drm]   Multimon.","[    1.835502] [drm]   Pitchlock.","[    1.835503] [drm]   Irq mask.","[    1.835504] [drm]   Display Topology.","[    1.835505] [drm]   GMR.","[    1.835506] [drm]   Traces.","[    1.835507] [drm]   GMR2.","[    1.835507] [drm]   Screen Object 2.","[    1.835508] [drm]   Command Buffers.","[    1.835509] [drm]   Command Buffers 2.","[    1.835510] [drm]   Guest Backed Resources.","[    1.835512] [drm] Max GMR ids is 64","[    1.835513] [drm] Max number of GMR pages is 65536","[    1.835515] [drm] Max dedicated hypervisor surface memory is 0 kiB","[    1.835516] [drm] Maximum display memory size is 8192 kiB","[    1.835517] [drm] VRAM at 0xe8000000 size is 8192 kiB","[    1.835519] [drm] MMIO at 0xfe000000 size is 256 kiB","[    1.835991] [TTM] Zone  kernel: Available graphics memory: 12344148 kiB","[    1.835993] [TTM] Zone   dma32: Available graphics memory: 2097152 kiB","[    1.835994] [TTM] Initializing pool allocator","[    1.836002] [TTM] Initializing DMA pool allocator","[    1.836109] [drm] Supports vblank timestamp caching Rev 2 (21.10.2013).","[    1.836112] [drm] No driver support for vblank timestamp query.","[    1.836634] [drm] Screen Target Display device initialized","[    1.837445] [drm] width 1280","[    1.837590] [drm] height 768","[    1.837604] [drm] bpp 32","[    1.854552] ioc1: LSI53C1030 B0: Capabilities={Initiator}","[    1.860176] [drm] Fifo max 0x00040000 min 0x00001000 cap 0x0000077f","[    1.862638] [drm] Using command buffers with DMA pool.","[    1.862662] [drm] DX: no.","[    1.862664] [drm] Atomic: yes.","[    1.862665] [drm] SM4_1: no.","[    1.876334] fbcon: svgadrmfb (fb0) is primary device","[    1.883931] Console: switching to colour frame buffer device 160x48","[    1.893066] scsi target0:0:0: Beginning Domain Validation","[    1.893656] scsi target0:0:0: Domain Validation skipping write tests","[    1.893657] scsi target0:0:0: Ending Domain Validation","[    1.893686] scsi target0:0:0: FAST-40 WIDE SCSI 80.0 MB/s ST (25 ns, offset 127)","[    1.893887] scsi 0:0:1:0: Direct-Access     VMware   Virtual disk     1.0  PQ: 0 ANSI: 2","[    1.900953] scsi host3: ioc1: LSI53C1030 B0, FwRev=01032920h, Ports=1, MaxQ=128, IRQ=19","[    1.906044] [drm] Initialized vmwgfx 2.15.0 20180704 for 0000:00:0f.0 on minor 0","[    1.912158] scsi target0:0:1: Beginning Domain Validation","[    1.912729] scsi target0:0:1: Domain Validation skipping write tests","[    1.912732] scsi target0:0:1: Ending Domain Validation","[    1.912768] scsi target0:0:1: FAST-40 WIDE SCSI 80.0 MB/s ST (25 ns, offset 127)","[    1.913024] scsi 0:0:2:0: Direct-Access     VMware   Virtual disk     1.