{
    "bootlog": {
        "path": "/var/log/boot.log",
        "content": null,
        "err": ""
    },
    "dmesg": "[    0.000000] Initializing cgroup subsys cpuset\n[    0.000000] Initializing cgroup subsys cpu\n[    0.000000] Initializing cgroup subsys cpuacct\n[    0.000000] Linux version 3.10.0-1160.el7.x86_64 (mockbuild@kbuilder.bsys.centos.org) (gcc version 4.8.5 20150623 (Red Hat 4.8.5-44) (GCC) ) #1 SMP Mon Oct 19 16:18:59 UTC 2020\n[    0.000000] Command line: BOOT_IMAGE=/vmlinuz-3.10.0-1160.el7.x86_64 root=/dev/mapper/centos-root ro crashkernel=auto rd.lvm.lv=centos/root rd.lvm.lv=centos/swap rhgb quiet LANG=zh_CN.UTF-8\n[    0.000000] Disabled fast string operations\n[    0.000000] e820: BIOS-provided physical RAM map:\n[    0.000000] BIOS-e820: [mem 0x0000000000000000-0x000000000009ebff] usable\n[    0.000000] BIOS-e820: [mem 0x000000000009ec00-0x000000000009ffff] reserved\n[    0.000000] BIOS-e820: [mem 0x00000000000dc000-0x00000000000fffff] reserved\n[    0.000000] BIOS-e820: [mem 0x0000000000100000-0x00000000bfedffff] usable\n[    0.000000] BIOS-e820: [mem 0x00000000bfee0000-0x00000000bfefefff] ACPI data\n[    0.000000] BIOS-e820: [mem 0x00000000bfeff000-0x00000000bfefffff] ACPI NVS\n[    0.000000] BIOS-e820: [mem 0x00000000bff00000-0x00000000bfffffff] usable\n[    0.000000] BIOS-e820: [mem 0x00000000f0000000-0x00000000f7ffffff] reserved\n[    0.000000] BIOS-e820: [mem 0x00000000fec00000-0x00000000fec0ffff] reserved\n[    0.000000] BIOS-e820: [mem 0x00000000fee00000-0x00000000fee00fff] reserved\n[    0.000000] BIOS-e820: [mem 0x00000000fffe0000-0x00000000ffffffff] reserved\n[    0.000000] NX (Execute Disable) protection: active\n[    0.000000] SMBIOS 2.7 present.\n[    0.000000] DMI: VMware, Inc. VMware Virtual Platform/440BX Desktop Reference Platform, BIOS 6.00 07/22/2020\n[    0.000000] Hypervisor detected: VMware\n[    0.000000] vmware: TSC freq read from hypervisor : 2803.201 MHz\n[    0.000000] vmware: Host bus clock speed read from hypervisor : 66000000 Hz\n[    0.000000] vmware: using sched offset of 6361368181 ns\n[    0.000000] e820: update [mem 0x00000000-0x00000fff] usable ==\u003e reserved\n[    0.000000] e820: remove [mem 0x000a0000-0x000fffff] usable\n[    0.000000] e820: last_pfn = 0xc0000 max_arch_pfn = 0x400000000\n[    0.000000] MTRR default type: uncachable\n[    0.000000] MTRR fixed ranges enabled:\n[    0.000000]   00000-9FFFF write-back\n[    0.000000]   A0000-BFFFF uncachable\n[    0.000000]   C0000-CBFFF write-protect\n[    0.000000]   CC000-EFFFF uncachable\n[    0.000000]   F0000-FFFFF write-protect\n[    0.000000] MTRR variable ranges enabled:\n[    0.000000]   0 base 000000000000 mask 1FFF00000000 write-back\n[    0.000000]   1 base 0000C0000000 mask 1FFFC0000000 uncachable\n[    0.000000]   2 disabled\n[    0.000000]   3 disabled\n[    0.000000]   4 disabled\n[    0.000000]   5 disabled\n[    0.000000]   6 disabled\n[    0.000000]   7 disabled\n[    0.000000] PAT configuration [0-7]: WB  WC  UC- UC  WB  WP  UC- UC  \n[    0.000000] original variable MTRRs\n[    0.000000] reg 0, base: 0GB, range: 4GB, type WB\n[    0.000000] reg 1, base: 3GB, range: 1GB, type UC\n[    0.000000] total RAM covered: 3072M\n[    0.000000] Found optimal setting for mtrr clean up\n[    0.000000]  gran_size: 64K \tchunk_size: 64K \tnum_reg: 2  \tlose cover RAM: 0G\n[    0.000000] New variable MTRRs\n[    0.000000] reg 0, base: 0GB, range: 2GB, type WB\n[    0.000000] reg 1, base: 2GB, range: 1GB, type WB\n[    0.000000] found SMP MP-table at [mem 0x000f6a70-0x000f6a7f] mapped at [ffffffffff200a70]\n[    0.000000] Base memory trampoline at [ffff94f600098000] 98000 size 24576\n[    0.000000] Using GB pages for direct mapping\n[    0.000000] BRK [0x19075000, 0x19075fff] PGTABLE\n[    0.000000] BRK [0x19076000, 0x19076fff] PGTABLE\n[    0.000000] BRK [0x19077000, 0x19077fff] PGTABLE\n[    0.000000] BRK [0x19078000, 0x19078fff] PGTABLE\n[    0.000000] BRK [0x19079000, 0x19079fff] PGTABLE\n[    0.000000] BRK [0x1907a000, 0x1907afff] PGTABLE\n[    0.000000] RAMDISK: [mem 0x356b7000-0x36b53fff]\n[    0.000000] Early table checksum verification disabled\n[    0.000000] ACPI: RSDP 00000000000f6a00 00024 (v02 PTLTD )\n[    0.000000] ACPI: XSDT 00000000bfeea683 0005C (v01 INTEL  440BX    06040000 VMW  01324272)\n[    0.000000] ACPI: FACP 00000000bfefee73 000F4 (v04 INTEL  440BX    06040000 PTL  000F4240)\n[    0.000000] ACPI: DSDT 00000000bfeeb7e9 1368A (v01 PTLTD  Custom   06040000 MSFT 03000001)\n[    0.000000] ACPI: FACS 00000000bfefffc0 00040\n[    0.000000] ACPI: BOOT 00000000bfeeb7c1 00028 (v01 PTLTD  $SBFTBL$ 06040000  LTP 00000001)\n[    0.000000] ACPI: APIC 00000000bfeeb07f 00742 (v01 PTLTD  ? APIC   06040000  LTP 00000000)\n[    0.000000] ACPI: MCFG 00000000bfeeb043 0003C (v01 PTLTD  $PCITBL$ 06040000  LTP 00000001)\n[    0.000000] ACPI: SRAT 00000000bfeea77f 00880 (v02 VMWARE MEMPLUG  06040000 VMW  00000001)\n[    0.000000] ACPI: HPET 00000000bfeea747 00038 (v01 VMWARE VMW HPET 06040000 VMW  00000001)\n[    0.000000] ACPI: WAET 00000000bfeea71f 00028 (v01 VMWARE VMW WAET 06040000 VMW  00000001)\n[    0.000000] ACPI: Local APIC address 0xfee00000\n[    0.000000] system APIC only can use physical flat\n[    0.000000] Setting APIC routing to physical flat.\n[    0.000000] SRAT: PXM 0 -\u003e APIC 0x00 -\u003e Node 0\n[    0.000000] SRAT: PXM 0 -\u003e APIC 0x02 -\u003e Node 0\n[    0.000000] SRAT: PXM 0 -\u003e APIC 0x04 -\u003e Node 0\n[    0.000000] SRAT: PXM 0 -\u003e APIC 0x06 -\u003e Node 0\n[    0.000000] SRAT: PXM 0 -\u003e APIC 0x08 -\u003e Node 0\n[    0.000000] SRAT: PXM 0 -\u003e APIC 0x0a -\u003e Node 0\n[    0.000000] SRAT: PXM 0 -\u003e APIC 0x0c -\u003e Node 0\n[    0.000000] SRAT: PXM 0 -\u003e APIC 0x0e -\u003e Node 0\n[    0.000000] SRAT: PXM 0 -\u003e APIC 0x10 -\u003e Node 0\n[    0.000000] SRAT: PXM 0 -\u003e APIC 0x12 -\u003e Node 0\n[    0.000000] SRAT: PXM 0 -\u003e APIC 0x14 -\u003e Node 0\n[    0.000000] SRAT: PXM 0 -\u003e APIC 0x16 -\u003e Node 0\n[    0.000000] SRAT: PXM 0 -\u003e APIC 0x18 -\u003e Node 0\n[    0.000000] SRAT: PXM 0 -\u003e APIC 0x1a -\u003e Node 0\n[    0.000000] SRAT: PXM 0 -\u003e APIC 0x1c -\u003e Node 0\n[    0.000000] SRAT: PXM 0 -\u003e APIC 0x1e -\u003e Node 0\n[    0.000000] SRAT: PXM 0 -\u003e APIC 0x20 -\u003e Node 0\n[    0.000000] SRAT: PXM 0 -\u003e APIC 0x22 -\u003e Node 0\n[    0.000000] SRAT: PXM 0 -\u003e APIC 0x24 -\u003e Node 0\n[    0.000000] SRAT: PXM 0 -\u003e APIC 0x26 -\u003e Node 0\n[    0.000000] SRAT: PXM 0 -\u003e APIC 0x28 -\u003e Node 0\n[    0.000000] SRAT: PXM 0 -\u003e APIC 0x2a -\u003e Node 0\n[    0.000000] SRAT: PXM 0 -\u003e APIC 0x2c -\u003e Node 0\n[    0.000000] SRAT: PXM 0 -\u003e APIC 0x2e -\u003e Node 0\n[    0.000000] SRAT: PXM 0 -\u003e APIC 0x30 -\u003e Node 0\n[    0.000000] SRAT: PXM 0 -\u003e APIC 0x32 -\u003e Node 0\n[    0.000000] SRAT: PXM 0 -\u003e APIC 0x34 -\u003e Node 0\n[    0.000000] SRAT: PXM 0 -\u003e APIC 0x36 -\u003e Node 0\n[    0.000000] SRAT: PXM 0 -\u003e APIC 0x38 -\u003e Node 0\n[    0.000000] SRAT: PXM 0 -\u003e APIC 0x3a -\u003e Node 0\n[    0.000000] SRAT: PXM 0 -\u003e APIC 0x3c -\u003e Node 0\n[    0.000000] SRAT: PXM 0 -\u003e APIC 0x3e -\u003e Node 0\n[    0.000000] SRAT: PXM 0 -\u003e APIC 0x40 -\u003e Node 0\n[    0.000000] SRAT: PXM 0 -\u003e APIC 0x42 -\u003e Node 0\n[    0.000000] SRAT: PXM 0 -\u003e APIC 0x44 -\u003e Node 0\n[    0.000000] SRAT: PXM 0 -\u003e APIC 0x46 -\u003e Node 0\n[    0.000000] SRAT: PXM 0 -\u003e APIC 0x48 -\u003e Node 0\n[    0.000000] SRAT: PXM 0 -\u003e APIC 0x4a -\u003e Node 0\n[    0.000000] SRAT: PXM 0 -\u003e APIC 0x4c -\u003e Node 0\n[    0.000000] SRAT: PXM 0 -\u003e APIC 0x4e -\u003e Node 0\n[    0.000000] SRAT: PXM 0 -\u003e APIC 0x50 -\u003e Node 0\n[    0.000000] SRAT: PXM 0 -\u003e APIC 0x52 -\u003e Node 0\n[    0.000000] SRAT: PXM 0 -\u003e APIC 0x54 -\u003e Node 0\n[    0.000000] SRAT: PXM 0 -\u003e APIC 0x56 -\u003e Node 0\n[    0.000000] SRAT: PXM 0 -\u003e APIC 0x58 -\u003e Node 0\n[    0.000000] SRAT: PXM 0 -\u003e APIC 0x5a -\u003e Node 0\n[    0.000000] SRAT: PXM 0 -\u003e APIC 0x5c -\u003e Node 0\n[    0.000000] SRAT: PXM 0 -\u003e APIC 0x5e -\u003e Node 0\n[    0.000000] SRAT: PXM 0 -\u003e APIC 0x60 -\u003e Node 0\n[    0.000000] SRAT: PXM 0 -\u003e APIC 0x62 -\u003e Node 0\n[    0.000000] SRAT: PXM 0 -\u003e APIC 0x64 -\u003e Node 0\n[    0.000000] SRAT: PXM 0 -\u003e APIC 0x66 -\u003e Node 0\n[    0.000000] SRAT: PXM 0 -\u003e APIC 0x68 -\u003e Node 0\n[    0.000000] SRAT: PXM 0 -\u003e APIC 0x6a -\u003e Node 0\n[    0.000000] SRAT: PXM 0 -\u003e APIC 0x6c -\u003e Node 0\n[    0.000000] SRAT: PXM 0 -\u003e APIC 0x6e -\u003e Node 0\n[    0.000000] SRAT: PXM 0 -\u003e APIC 0x70 -\u003e Node 0\n[    0.000000] SRAT: PXM 0 -\u003e APIC 0x72 -\u003e Node 0\n[    0.000000] SRAT: PXM 0 -\u003e APIC 0x74 -\u003e Node 0\n[    0.000000] SRAT: PXM 0 -\u003e APIC 0x76 -\u003e Node 0\n[    0.000000] SRAT: PXM 0 -\u003e APIC 0x78 -\u003e Node 0\n[    0.000000] SRAT: PXM 0 -\u003e APIC 0x7a -\u003e Node 0\n[    0.000000] SRAT: PXM 0 -\u003e APIC 0x7c -\u003e Node 0\n[    0.000000] SRAT: PXM 0 -\u003e APIC 0x7e -\u003e Node 0\n[    0.000000] SRAT: PXM 0 -\u003e APIC 0x80 -\u003e Node 0\n[    0.000000] SRAT: PXM 0 -\u003e APIC 0x82 -\u003e Node 0\n[    0.000000] SRAT: PXM 0 -\u003e APIC 0x84 -\u003e Node 0\n[    0.000000] SRAT: PXM 0 -\u003e APIC 0x86 -\u003e Node 0\n[    0.000000] SRAT: PXM 0 -\u003e APIC 0x88 -\u003e Node 0\n[    0.000000] SRAT: PXM 0 -\u003e APIC 0x8a -\u003e Node 0\n[    0.000000] SRAT: PXM 0 -\u003e APIC 0x8c -\u003e Node 0\n[    0.000000] SRAT: PXM 0 -\u003e APIC 0x8e -\u003e Node 0\n[    0.000000] SRAT: PXM 0 -\u003e APIC 0x90 -\u003e Node 0\n[    0.000000] SRAT: PXM 0 -\u003e APIC 0x92 -\u003e Node 0\n[    0.000000] SRAT: PXM 0 -\u003e APIC 0x94 -\u003e Node 0\n[    0.000000] SRAT: PXM 0 -\u003e APIC 0x96 -\u003e Node 0\n[    0.000000] SRAT: PXM 0 -\u003e APIC 0x98 -\u003e Node 0\n[    0.000000] SRAT: PXM 0 -\u003e APIC 0x9a -\u003e Node 0\n[    0.000000] SRAT: PXM 0 -\u003e APIC 0x9c -\u003e Node 0\n[    0.000000] SRAT: PXM 0 -\u003e APIC 0x9e -\u003e Node 0\n[    0.000000] SRAT: PXM 0 -\u003e APIC 0xa0 -\u003e Node 0\n[    0.000000] SRAT: PXM 0 -\u003e APIC 0xa2 -\u003e Node 0\n[    0.000000] SRAT: PXM 0 -\u003e APIC 0xa4 -\u003e Node 0\n[    0.000000] SRAT: PXM 0 -\u003e APIC 0xa6 -\u003e Node 0\n[    0.000000] SRAT: PXM 0 -\u003e APIC 0xa8 -\u003e Node 0\n[    0.000000] SRAT: PXM 0 -\u003e APIC 0xaa -\u003e Node 0\n[    0.000000] SRAT: PXM 0 -\u003e APIC 0xac -\u003e Node 0\n[    0.000000] SRAT: PXM 0 -\u003e APIC 0xae -\u003e Node 0\n[    0.000000] SRAT: PXM 0 -\u003e APIC 0xb0 -\u003e Node 0\n[    0.000000] SRAT: PXM 0 -\u003e APIC 0xb2 -\u003e Node 0\n[    0.000000] SRAT: PXM 0 -\u003e APIC 0xb4 -\u003e Node 0\n[    0.000000] SRAT: PXM 0 -\u003e APIC 0xb6 -\u003e Node 0\n[    0.000000] SRAT: PXM 0 -\u003e APIC 0xb8 -\u003e Node 0\n[    0.000000] SRAT: PXM 0 -\u003e APIC 0xba -\u003e Node 0\n[    0.000000] SRAT: PXM 0 -\u003e APIC 0xbc -\u003e Node 0\n[    0.000000] SRAT: PXM 0 -\u003e APIC 0xbe -\u003e Node 0\n[    0.000000] SRAT: PXM 0 -\u003e APIC 0xc0 -\u003e Node 0\n[    0.000000] SRAT: PXM 0 -\u003e APIC 0xc2 -\u003e Node 0\n[    0.000000] SRAT: PXM 0 -\u003e APIC 0xc4 -\u003e Node 0\n[    0.000000] SRAT: PXM 0 -\u003e APIC 0xc6 -\u003e Node 0\n[    0.000000] SRAT: PXM 0 -\u003e APIC 0xc8 -\u003e Node 0\n[    0.000000] SRAT: PXM 0 -\u003e APIC 0xca -\u003e Node 0\n[    0.000000] SRAT: PXM 0 -\u003e APIC 0xcc -\u003e Node 0\n[    0.000000] SRAT: PXM 0 -\u003e APIC 0xce -\u003e Node 0\n[    0.000000] SRAT: PXM 0 -\u003e APIC 0xd0 -\u003e Node 0\n[    0.000000] SRAT: PXM 0 -\u003e APIC 0xd2 -\u003e Node 0\n[    0.000000] SRAT: PXM 0 -\u003e APIC 0xd4 -\u003e Node 0\n[    0.000000] SRAT: PXM 0 -\u003e APIC 0xd6 -\u003e Node 0\n[    0.000000] SRAT: PXM 0 -\u003e APIC 0xd8 -\u003e Node 0\n[    0.000000] SRAT: PXM 0 -\u003e APIC 0xda -\u003e Node 0\n[    0.000000] SRAT: PXM 0 -\u003e APIC 0xdc -\u003e Node 0\n[    0.000000] SRAT: PXM 0 -\u003e APIC 0xde -\u003e Node 0\n[    0.000000] SRAT: PXM 0 -\u003e APIC 0xe0 -\u003e Node 0\n[    0.000000] SRAT: PXM 0 -\u003e APIC 0xe2 -\u003e Node 0\n[    0.000000] SRAT: PXM 0 -\u003e APIC 0xe4 -\u003e Node 0\n[    0.000000] SRAT: PXM 0 -\u003e APIC 0xe6 -\u003e Node 0\n[    0.000000] SRAT: PXM 0 -\u003e APIC 0xe8 -\u003e Node 0\n[    0.000000] SRAT: PXM 0 -\u003e APIC 0xea -\u003e Node 0\n[    0.000000] SRAT: PXM 0 -\u003e APIC 0xec -\u003e Node 0\n[    0.000000] SRAT: PXM 0 -\u003e APIC 0xee -\u003e Node 0\n[    0.000000] SRAT: PXM 0 -\u003e APIC 0xf0 -\u003e Node 0\n[    0.000000] SRAT: PXM 0 -\u003e APIC 0xf2 -\u003e Node 0\n[    0.000000] SRAT: PXM 0 -\u003e APIC 0xf4 -\u003e Node 0\n[    0.000000] SRAT: PXM 0 -\u003e APIC 0xf6 -\u003e Node 0\n[    0.000000] SRAT: PXM 0 -\u003e APIC 0xf8 -\u003e Node 0\n[    0.000000] SRAT: PXM 0 -\u003e APIC 0xfa -\u003e Node 0\n[    0.000000] SRAT: PXM 0 -\u003e APIC 0xfc -\u003e Node 0\n[    0.000000] SRAT: PXM 0 -\u003e APIC 0xfe -\u003e Node 0\n[    0.000000] SRAT: Node 0 PXM 0 [mem 0x00000000-0x0009ffff]\n[    0.000000] SRAT: Node 0 PXM 0 [mem 0x00100000-0xbfffffff]\n[    0.000000] NUMA: Node 0 [mem 0x00000000-0x0009ffff] + [mem 0x00100000-0xbfffffff] -\u003e [mem 0x00000000-0xbfffffff]\n[    0.000000] NODE_DATA(0) allocated [mem 0xbffd9000-0xbfffffff]\n[    0.000000] Reserving 161MB of memory at 688MB for crashkernel (System RAM: 3071MB)\n[    0.000000] Zone ranges:\n[    0.000000]   DMA      [mem 0x00001000-0x00ffffff]\n[    0.000000]   DMA32    [mem 0x01000000-0xffffffff]\n[    0.000000]   Normal   empty\n[    0.000000] Movable zone start for each node\n[    0.000000] Early memory node ranges\n[    0.000000]   node   0: [mem 0x00001000-0x0009dfff]\n[    0.000000]   node   0: [mem 0x00100000-0xbfedffff]\n[    0.000000]   node   0: [mem 0xbff00000-0xbfffffff]\n[    0.000000] Initmem setup node 0 [mem 0x00001000-0xbfffffff]\n[    0.000000] On node 0 totalpages: 786301\n[    0.000000]   DMA zone: 64 pages used for memmap\n[    0.000000]   DMA zone: 21 pages reserved\n[    0.000000]   DMA zone: 3997 pages, LIFO batch:0\n[    0.000000]   DMA32 zone: 12224 pages used for memmap\n[    0.000000]   DMA32 zone: 782304 pages, LIFO batch:31\n[    0.000000] ACPI: PM-Timer IO Port: 0x1008\n[    0.000000] ACPI: Local APIC address 0xfee00000\n[    0.000000] system APIC only can use physical flat\n[    0.000000] ACPI: LAPIC (acpi_id[0x00] lapic_id[0x00] enabled)\n[    0.000000] ACPI: LAPIC (acpi_id[0x01] lapic_id[0x02] enabled)\n[    0.000000] ACPI: LAPIC (acpi_id[0x02] lapic_id[0x04] disabled)\n[    0.000000] ACPI: LAPIC (acpi_id[0x03] lapic_id[0x06] disabled)\n[    0.000000] ACPI: LAPIC (acpi_id[0x04] lapic_id[0x08] disabled)\n[    0.000000] ACPI: LAPIC (acpi_id[0x05] lapic_id[0x0a] disabled)\n[    0.000000] ACPI: LAPIC (acpi_id[0x06] lapic_id[0x0c] disabled)\n[    0.000000] ACPI: LAPIC (acpi_id[0x07] lapic_id[0x0e] disabled)\n[    0.000000] ACPI: LAPIC (acpi_id[0x08] lapic_id[0x10] disabled)\n[    0.000000] ACPI: LAPIC (acpi_id[0x09] lapic_id[0x12] disabled)\n[    0.000000] ACPI: LAPIC (acpi_id[0x0a] lapic_id[0x14] disabled)\n[    0.000000] ACPI: LAPIC (acpi_id[0x0b] lapic_id[0x16] disabled)\n[    0.000000] ACPI: LAPIC (acpi_id[0x0c] lapic_id[0x18] disabled)\n[    0.000000] ACPI: LAPIC (acpi_id[0x0d] lapic_id[0x1a] disabled)\n[    0.000000] ACPI: LAPIC (acpi_id[0x0e] lapic_id[0x1c] disabled)\n[    0.000000] ACPI: LAPIC (acpi_id[0x0f] lapic_id[0x1e] disabled)\n[    0.000000] ACPI: LAPIC (acpi_id[0x10] lapic_id[0x20] disabled)\n[    0.000000] ACPI: LAPIC (acpi_id[0x11] lapic_id[0x22] disabled)\n[    0.000000] ACPI: LAPIC (acpi_id[0x12] lapic_id[0x24] disabled)\n[    0.000000] ACPI: LAPIC (acpi_id[0x13] lapic_id[0x26] disabled)\n[    0.000000] ACPI: LAPIC (acpi_id[0x14] lapic_id[0x28] disabled)\n[    0.000000] ACPI: LAPIC (acpi_id[0x15] lapic_id[0x2a] disabled)\n[    0.000000] ACPI: LAPIC (acpi_id[0x16] lapic_id[0x2c] disabled)\n[    0.000000] ACPI: LAPIC (acpi_id[0x17] lapic_id[0x2e] disabled)\n[    0.000000] ACPI: LAPIC (acpi_id[0x18] lapic_id[0x30] disabled)\n[    0.000000] ACPI: LAPIC (acpi_id[0x19] lapic_id[0x32] disabled)\n[    0.000000] ACPI: LAPIC (acpi_id[0x1a] lapic_id[0x34] disabled)\n[    0.000000] ACPI: LAPIC (acpi_id[0x1b] lapic_id[0x36] disabled)\n[    0.000000] ACPI: LAPIC (acpi_id[0x1c] lapic_id[0x38] disabled)\n[    0.000000] ACPI: LAPIC (acpi_id[0x1d] lapic_id[0x3a] disabled)\n[    0.000000] ACPI: LAPIC (acpi_id[0x1e] lapic_id[0x3c] disabled)\n[    0.000000] ACPI: LAPIC (acpi_id[0x1f] lapic_id[0x3e] disabled)\n[    0.000000] ACPI: LAPIC (acpi_id[0x20] lapic_id[0x40] disabled)\n[    0.000000] ACPI: LAPIC (acpi_id[0x21] lapic_id[0x42] disabled)\n[    0.000000] ACPI: LAPIC (acpi_id[0x22] lapic_id[0x44] disabled)\n[    0.000000] ACPI: LAPIC (acpi_id[0x23] lapic_id[0x46] disabled)\n[    0.000000] ACPI: LAPIC (acpi_id[0x24] lapic_id[0x48] disabled)\n[    0.000000] ACPI: LAPIC (acpi_id[0x25] lapic_id[0x4a] disabled)\n[    0.000000] ACPI: LAPIC (acpi_id[0x26] lapic_id[0x4c] disabled)\n[    0.000000] ACPI: LAPIC (acpi_id[0x27] lapic_id[0x4e] disabled)\n[    0.000000] ACPI: LAPIC (acpi_id[0x28] lapic_id[0x50] disabled)\n[    0.000000] ACPI: LAPIC (acpi_id[0x29] lapic_id[0x52] disabled)\n[    0.000000] ACPI: LAPIC (acpi_id[0x2a] lapic_id[0x54] disabled)\n[    0.000000] ACPI: LAPIC (acpi_id[0x2b] lapic_id[0x56] disabled)\n[    0.000000] ACPI: LAPIC (acpi_id[0x2c] lapic_id[0x58] disabled)\n[    0.000000] ACPI: LAPIC (acpi_id[0x2d] lapic_id[0x5a] disabled)\n[    0.000000] ACPI: LAPIC (acpi_id[0x2e] lapic_id[0x5c] disabled)\n[    0.000000] ACPI: LAPIC (acpi_id[0x2f] lapic_id[0x5e] disabled)\n[    0.000000] ACPI: LAPIC (acpi_id[0x30] lapic_id[0x60] disabled)\n[    0.000000] ACPI: LAPIC (acpi_id[0x31] lapic_id[0x62] disabled)\n[    0.000000] ACPI: LAPIC (acpi_id[0x32] lapic_id[0x64] disabled)\n[    0.000000] ACPI: LAPIC (acpi_id[0x33] lapic_id[0x66] disabled)\n[    0.000000] ACPI: LAPIC (acpi_id[0x34] lapic_id[0x68] disabled)\n[    0.000000] ACPI: LAPIC (acpi_id[0x35] lapic_id[0x6a] disabled)\n[    0.000000] ACPI: LAPIC (acpi_id[0x36] lapic_id[0x6c] disabled)\n[    0.000000] ACPI: LAPIC (acpi_id[0x37] lapic_id[0x6e] disabled)\n[    0.000000] ACPI: LAPIC (acpi_id[0x38] lapic_id[0x70] disabled)\n[    0.000000] ACPI: LAPIC (acpi_id[0x39] lapic_id[0x72] disabled)\n[    0.000000] ACPI: LAPIC (acpi_id[0x3a] lapic_id[0x74] disabled)\n[    0.000000] ACPI: LAPIC (acpi_id[0x3b] lapic_id[0x76] disabled)\n[    0.000000] ACPI: LAPIC (acpi_id[0x3c] lapic_id[0x78] disabled)\n[    0.000000] ACPI: LAPIC (acpi_id[0x3d] lapic_id[0x7a] disabled)\n[    0.000000] ACPI: LAPIC (acpi_id[0x3e] lapic_id[0x7c] disabled)\n[    0.000000] ACPI: LAPIC (acpi_id[0x3f] lapic_id[0x7e] disabled)\n[    0.000000] ACPI: LAPIC (acpi_id[0x40] lapic_id[0x80] disabled)\n[    0.000000] ACPI: LAPIC (acpi_id[0x41] lapic_id[0x82] disabled)\n[    0.000000] ACPI: LAPIC (acpi_id[0x42] lapic_id[0x84] disabled)\n[    0.000000] ACPI: LAPIC (acpi_id[0x43] lapic_id[0x86] disabled)\n[    0.000000] ACPI: LAPIC (acpi_id[0x44] lapic_id[0x88] disabled)\n[    0.000000] ACPI: LAPIC (acpi_id[0x45] lapic_id[0x8a] disabled)\n[    0.000000] ACPI: LAPIC (acpi_id[0x46] lapic_id[0x8c] disabled)\n[    0.000000] ACPI: LAPIC (acpi_id[0x47] lapic_id[0x8e] disabled)\n[    0.000000] ACPI: LAPIC (acpi_id[0x48] lapic_id[0x90] disabled)\n[    0.000000] ACPI: LAPIC (acpi_id[0x49] lapic_id[0x92] disabled)\n[    0.000000] ACPI: LAPIC (acpi_id[0x4a] lapic_id[0x94] disabled)\n[    0.000000] ACPI: LAPIC (acpi_id[0x4b] lapic_id[0x96] disabled)\n[    0.000000] ACPI: LAPIC (acpi_id[0x4c] lapic_id[0x98] disabled)\n[    0.000000] ACPI: LAPIC (acpi_id[0x4d] lapic_id[0x9a] disabled)\n[    0.000000] ACPI: LAPIC (acpi_id[0x4e] lapic_id[0x9c] disabled)\n[    0.000000] ACPI: LAPIC (acpi_id[0x4f] lapic_id[0x9e] disabled)\n[    0.000000] ACPI: LAPIC (acpi_id[0x50] lapic_id[0xa0] disabled)\n[    0.000000] ACPI: LAPIC (acpi_id[0x51] lapic_id[0xa2] disabled)\n[    0.000000] ACPI: LAPIC (acpi_id[0x52] lapic_id[0xa4] disabled)\n[    0.000000] ACPI: LAPIC (acpi_id[0x53] lapic_id[0xa6] disabled)\n[    0.000000] ACPI: LAPIC (acpi_id[0x54] lapic_id[0xa8] disabled)\n[    0.000000] ACPI: LAPIC (acpi_id[0x55] lapic_id[0xaa] disabled)\n[    0.000000] ACPI: LAPIC (acpi_id[0x56] lapic_id[0xac] disabled)\n[    0.000000] ACPI: LAPIC (acpi_id[0x57] lapic_id[0xae] disabled)\n[    0.000000] ACPI: LAPIC (acpi_id[0x58] lapic_id[0xb0] disabled)\n[    0.000000] ACPI: LAPIC (acpi_id[0x59] lapic_id[0xb2] disabled)\n[    0.000000] ACPI: LAPIC (acpi_id[0x5a] lapic_id[0xb4] disabled)\n[    0.000000] ACPI: LAPIC (acpi_id[0x5b] lapic_id[0xb6] disabled)\n[    0.000000] ACPI: LAPIC (acpi_id[0x5c] lapic_id[0xb8] disabled)\n[    0.000000] ACPI: LAPIC (acpi_id[0x5d] lapic_id[0xba] disabled)\n[    0.000000] ACPI: LAPIC (acpi_id[0x5e] lapic_id[0xbc] disabled)\n[    0.000000] ACPI: LAPIC (acpi_id[0x5f] lapic_id[0xbe] disabled)\n[    0.000000] ACPI: LAPIC (acpi_id[0x60] lapic_id[0xc0] disabled)\n[    0.000000] ACPI: LAPIC (acpi_id[0x61] lapic_id[0xc2] disabled)\n[    0.000000] ACPI: LAPIC (acpi_id[0x62] lapic_id[0xc4] disabled)\n[    0.000000] ACPI: LAPIC (acpi_id[0x63] lapic_id[0xc6] disabled)\n[    0.000000] ACPI: LAPIC (acpi_id[0x64] lapic_id[0xc8] disabled)\n[    0.000000] ACPI: LAPIC (acpi_id[0x65] lapic_id[0xca] disabled)\n[    0.000000] ACPI: LAPIC (acpi_id[0x66] lapic_id[0xcc] disabled)\n[    0.000000] ACPI: LAPIC (acpi_id[0x67] lapic_id[0xce] disabled)\n[    0.000000] ACPI: LAPIC (acpi_id[0x68] lapic_id[0xd0] disabled)\n[    0.000000] ACPI: LAPIC (acpi_id[0x69] lapic_id[0xd2] disabled)\n[    0.000000] ACPI: LAPIC (acpi_id[0x6a] lapic_id[0xd4] disabled)\n[    0.000000] ACPI: LAPIC (acpi_id[0x6b] lapic_id[0xd6] disabled)\n[    0.000000] ACPI: LAPIC (acpi_id[0x6c] lapic_id[0xd8] disabled)\n[    0.000000] ACPI: LAPIC (acpi_id[0x6d] lapic_id[0xda] disabled)\n[    0.000000] ACPI: LAPIC (acpi_id[0x6e] lapic_id[0xdc] disabled)\n[    0.000000] ACPI: LAPIC (acpi_id[0x6f] lapic_id[0xde] disabled)\n[    0.000000] ACPI: LAPIC (acpi_id[0x70] lapic_id[0xe0] disabled)\n[    0.000000] ACPI: LAPIC (acpi_id[0x71] lapic_id[0xe2] disabled)\n[    0.000000] ACPI: LAPIC (acpi_id[0x72] lapic_id[0xe4] disabled)\n[    0.000000] ACPI: LAPIC (acpi_id[0x73] lapic_id[0xe6] disabled)\n[    0.000000] ACPI: LAPIC (acpi_id[0x74] lapic_id[0xe8] disabled)\n[    0.000000] ACPI: LAPIC (acpi_id[0x75] lapic_id[0xea] disabled)\n[    0.000000] ACPI: LAPIC (acpi_id[0x76] lapic_id[0xec] disabled)\n[    0.000000] ACPI: LAPIC (acpi_id[0x77] lapic_id[0xee] disabled)\n[    0.000000] ACPI: LAPIC (acpi_id[0x78] lapic_id[0xf0] disabled)\n[    0.000000] ACPI: LAPIC (acpi_id[0x79] lapic_id[0xf2] disabled)\n[    0.000000] ACPI: LAPIC (acpi_id[0x7a] lapic_id[0xf4] disabled)\n[    0.000000] ACPI: LAPIC (acpi_id[0x7b] lapic_id[0xf6] disabled)\n[    0.000000] ACPI: LAPIC (acpi_id[0x7c] lapic_id[0xf8] disabled)\n[    0.000000] ACPI: LAPIC (acpi_id[0x7d] lapic_id[0xfa] disabled)\n[    0.000000] ACPI: LAPIC (acpi_id[0x7e] lapic_id[0xfc] disabled)\n[    0.000000] ACPI: LAPIC (acpi_id[0x7f] lapic_id[0xfe] disabled)\n[    0.000000] ACPI: LAPIC_NMI (acpi_id[0x00] high edge lint[0x1])\n[    0.000000] ACPI: LAPIC_NMI (acpi_id[0x01] high edge lint[0x1])\n[    0.000000] ACPI: LAPIC_NMI (acpi_id[0x02] high edge lint[0x1])\n[    0.000000] ACPI: LAPIC_NMI (acpi_id[0x03] high edge lint[0x1])\n[    0.000000] ACPI: LAPIC_NMI (acpi_id[0x04] high edge lint[0x1])\n[    0.000000] ACPI: LAPIC_NMI (acpi_id[0x05] high edge lint[0x1])\n[    0.000000] ACPI: LAPIC_NMI (acpi_id[0x06] high edge lint[0x1])\n[    0.000000] ACPI: LAPIC_NMI (acpi_id[0x07] high edge lint[0x1])\n[    0.000000] ACPI: LAPIC_NMI (acpi_id[0x08] high edge lint[0x1])\n[    0.000000] ACPI: LAPIC_NMI (acpi_id[0x09] high edge lint[0x1])\n[    0.000000] ACPI: LAPIC_NMI (acpi_id[0x0a] high edge lint[0x1])\n[    0.000000] ACPI: LAPIC_NMI (acpi_id[0x0b] high edge lint[0x1])\n[    0.000000] ACPI: LAPIC_NMI (acpi_id[0x0c] high edge lint[0x1])\n[    0.000000] ACPI: LAPIC_NMI (acpi_id[0x0d] high edge lint[0x1])\n[    0.000000] ACPI: LAPIC_NMI (acpi_id[0x0e] high edge lint[0x1])\n[    0.000000] ACPI: LAPIC_NMI (acpi_id[0x0f] high edge lint[0x1])\n[    0.000000] ACPI: LAPIC_NMI (acpi_id[0x10] high edge lint[0x1])\n[    0.000000] ACPI: LAPIC_NMI (acpi_id[0x11] high edge lint[0x1])\n[    0.000000] ACPI: LAPIC_NMI (acpi_id[0x12] high edge lint[0x1])\n[    0.000000] ACPI: LAPIC_NMI (acpi_id[0x13] high edge lint[0x1])\n[    0.000000] ACPI: LAPIC_NMI (acpi_id[0x14] high edge lint[0x1])\n[    0.000000] ACPI: LAPIC_NMI (acpi_id[0x15] high edge lint[0x1])\n[    0.000000] ACPI: LAPIC_NMI (acpi_id[0x16] high edge lint[0x1])\n[    0.000000] ACPI: LAPIC_NMI (acpi_id[0x17] high edge lint[0x1])\n[    0.000000] ACPI: LAPIC_NMI (acpi_id[0x18] high edge lint[0x1])\n[    0.000000] ACPI: LAPIC_NMI (acpi_id[0x19] high edge lint[0x1])\n[    0.000000] ACPI: LAPIC_NMI (acpi_id[0x1a] high edge lint[0x1])\n[    0.000000] ACPI: LAPIC_NMI (acpi_id[0x1b] high edge lint[0x1])\n[    0.000000] ACPI: LAPIC_NMI (acpi_id[0x1c] high edge lint[0x1])\n[    0.000000] ACPI: LAPIC_NMI (acpi_id[0x1d] high edge lint[0x1])\n[    0.000000] ACPI: LAPIC_NMI (acpi_id[0x1e] high edge lint[0x1])\n[    0.000000] ACPI: LAPIC_NMI (acpi_id[0x1f] high edge lint[0x1])\n[    0.000000] ACPI: LAPIC_NMI (acpi_id[0x20] high edge lint[0x1])\n[    0.000000] ACPI: LAPIC_NMI (acpi_id[0x21] high edge lint[0x1])\n[    0.000000] ACPI: LAPIC_NMI (acpi_id[0x22] high edge lint[0x1])\n[    0.000000] ACPI: LAPIC_NMI (acpi_id[0x23] high edge lint[0x1])\n[    0.000000] ACPI: LAPIC_NMI (acpi_id[0x24] high edge lint[0x1])\n[    0.000000] ACPI: LAPIC_NMI (acpi_id[0x25] high edge lint[0x1])\n[    0.000000] ACPI: LAPIC_NMI (acpi_id[0x26] high edge lint[0x1])\n[    0.000000] ACPI: LAPIC_NMI (acpi_id[0x27] high edge lint[0x1])\n[    0.000000] ACPI: LAPIC_NMI (acpi_id[0x28] high edge lint[0x1])\n[    0.000000] ACPI: LAPIC_NMI (acpi_id[0x29] high edge lint[0x1])\n[    0.000000] ACPI: LAPIC_NMI (acpi_id[0x2a] high edge lint[0x1])\n[    0.000000] ACPI: LAPIC_NMI (acpi_id[0x2b] high edge lint[0x1])\n[    0.000000] ACPI: LAPIC_NMI (acpi_id[0x2c] high edge lint[0x1])\n[    0.000000] ACPI: LAPIC_NMI (acpi_id[0x2d] high edge lint[0x1])\n[    0.000000] ACPI: LAPIC_NMI (acpi_id[0x2e] high edge lint[0x1])\n[    0.000000] ACPI: LAPIC_NMI (acpi_id[0x2f] high edge lint[0x1])\n[    0.000000] ACPI: LAPIC_NMI (acpi_id[0x30] high edge lint[0x1])\n[    0.000000] ACPI: LAPIC_NMI (acpi_id[0x31] high edge lint[0x1])\n[    0.000000] ACPI: LAPIC_NMI (acpi_id[0x32] high edge lint[0x1])\n[    0.000000] ACPI: LAPIC_NMI (acpi_id[0x33] high edge lint[0x1])\n[    0.000000] ACPI: LAPIC_NMI (acpi_id[0x34] high edge lint[0x1])\n[    0.000000] ACPI: LAPIC_NMI (acpi_id[0x35] high edge lint[0x1])\n[    0.000000] ACPI: LAPIC_NMI (acpi_id[0x36] high edge lint[0x1])\n[    0.000000] ACPI: LAPIC_NMI (acpi_id[0x37] high edge lint[0x1])\n[    0.000000] ACPI: LAPIC_NMI (acpi_id[0x38] high edge lint[0x1])\n[    0.000000] ACPI: LAPIC_NMI (acpi_id[0x39] high edge lint[0x1])\n[    0.000000] ACPI: LAPIC_NMI (acpi_id[0x3a] high edge lint[0x1])\n[    0.000000] ACPI: LAPIC_NMI (acpi_id[0x3b] high edge lint[0x1])\n[    0.000000] ACPI: LAPIC_NMI (acpi_id[0x3c] high edge lint[0x1])\n[    0.000000] ACPI: LAPIC_NMI (acpi_id[0x3d] high edge lint[0x1])\n[    0.000000] ACPI: LAPIC_NMI (acpi_id[0x3e] high edge lint[0x1])\n[    0.000000] ACPI: LAPIC_NMI (acpi_id[0x3f] high edge lint[0x1])\n[    0.000000] ACPI: LAPIC_NMI (acpi_id[0x40] high edge lint[0x1])\n[    0.000000] ACPI: LAPIC_NMI (acpi_id[0x41] high edge lint[0x1])\n[    0.000000] ACPI: LAPIC_NMI (acpi_id[0x42] high edge lint[0x1])\n[    0.000000] ACPI: LAPIC_NMI (acpi_id[0x43] high edge lint[0x1])\n[    0.000000] ACPI: LAPIC_NMI (acpi_id[0x44] high edge lint[0x1])\n[    0.000000] ACPI: LAPIC_NMI (acpi_id[0x45] high edge lint[0x1])\n[    0.000000] ACPI: LAPIC_NMI (acpi_id[0x46] high edge lint[0x1])\n[    0.000000] ACPI: LAPIC_NMI (acpi_id[0x47] high edge lint[0x1])\n[    0.000000] ACPI: LAPIC_NMI (acpi_id[0x48] high edge lint[0x1])\n[    0.000000] ACPI: LAPIC_NMI (acpi_id[0x49] high edge lint[0x1])\n[    0.000000] ACPI: LAPIC_NMI (acpi_id[0x4a] high edge lint[0x1])\n[    0.000000] ACPI: LAPIC_NMI (acpi_id[0x4b] high edge lint[0x1])\n[    0.000000] ACPI: LAPIC_NMI (acpi_id[0x4c] high edge lint[0x1])\n[    0.000000] ACPI: LAPIC_NMI (acpi_id[0x4d] high edge lint[0x1])\n[    0.000000] ACPI: LAPIC_NMI (acpi_id[0x4e] high edge lint[0x1])\n[    0.000000] ACPI: LAPIC_NMI (acpi_id[0x4f] high edge lint[0x1])\n[    0.000000] ACPI: LAPIC_NMI (acpi_id[0x50] high edge lint[0x1])\n[    0.000000] ACPI: LAPIC_NMI (acpi_id[0x51] high edge lint[0x1])\n[    0.000000] ACPI: LAPIC_NMI (acpi_id[0x52] high edge lint[0x1])\n[    0.000000] ACPI: LAPIC_NMI (acpi_id[0x53] high edge lint[0x1])\n[    0.000000] ACPI: LAPIC_NMI (acpi_id[0x54] high edge lint[0x1])\n[    0.000000] ACPI: LAPIC_NMI (acpi_id[0x55] high edge lint[0x1])\n[    0.000000] ACPI: LAPIC_NMI (acpi_id[0x56] high edge lint[0x1])\n[    0.000000] ACPI: LAPIC_NMI (acpi_id[0x57] high edge lint[0x1])\n[    0.000000] ACPI: LAPIC_NMI (acpi_id[0x58] high edge lint[0x1])\n[    0.000000] ACPI: LAPIC_NMI (acpi_id[0x59] high edge lint[0x1])\n[    0.000000] ACPI: LAPIC_NMI (acpi_id[0x5a] high edge lint[0x1])\n[    0.000000] ACPI: LAPIC_NMI (acpi_id[0x5b] high edge lint[0x1])\n[    0.000000] ACPI: LAPIC_NMI (acpi_id[0x5c] high edge lint[0x1])\n[    0.000000] ACPI: LAPIC_NMI (acpi_id[0x5d] high edge lint[0x1])\n[    0.000000] ACPI: LAPIC_NMI (acpi_id[0x5e] high edge lint[0x1])\n[    0.000000] ACPI: LAPIC_NMI (acpi_id[0x5f] high edge lint[0x1])\n[    0.000000] ACPI: LAPIC_NMI (acpi_id[0x60] high edge lint[0x1])\n[    0.000000] ACPI: LAPIC_NMI (acpi_id[0x61] high edge lint[0x1])\n[    0.000000] ACPI: LAPIC_NMI (acpi_id[0x62] high edge lint[0x1])\n[    0.000000] ACPI: LAPIC_NMI (acpi_id[0x63] high edge lint[0x1])\n[    0.000000] ACPI: LAPIC_NMI (acpi_id[0x64] high edge lint[0x1])\n[    0.000000] ACPI: LAPIC_NMI (acpi_id[0x65] high edge lint[0x1])\n[    0.000000] ACPI: LAPIC_NMI (acpi_id[0x66] high edge lint[0x1])\n[    0.000000] ACPI: LAPIC_NMI (acpi_id[0x67] high edge lint[0x1])\n[    0.000000] ACPI: LAPIC_NMI (acpi_id[0x68] high edge lint[0x1])\n[    0.000000] ACPI: LAPIC_NMI (acpi_id[0x69] high edge lint[0x1])\n[    0.000000] ACPI: LAPIC_NMI (acpi_id[0x6a] high edge lint[0x1])\n[    0.000000] ACPI: LAPIC_NMI (acpi_id[0x6b] high edge lint[0x1])\n[    0.000000] ACPI: LAPIC_NMI (acpi_id[0x6c] high edge lint[0x1])\n[    0.000000] ACPI: LAPIC_NMI (acpi_id[0x6d] high edge lint[0x1])\n[    0.000000] ACPI: LAPIC_NMI (acpi_id[0x6e] high edge lint[0x1])\n[    0.000000] ACPI: LAPIC_NMI (acpi_id[0x6f] high edge lint[0x1])\n[    0.000000] ACPI: LAPIC_NMI (acpi_id[0x70] high edge lint[0x1])\n[    0.000000] ACPI: LAPIC_NMI (acpi_id[0x71] high edge lint[0x1])\n[    0.000000] ACPI: LAPIC_NMI (acpi_id[0x72] high edge lint[0x1])\n[    0.000000] ACPI: LAPIC_NMI (acpi_id[0x73] high edge lint[0x1])\n[    0.000000] ACPI: LAPIC_NMI (acpi_id[0x74] high edge lint[0x1])\n[    0.000000] ACPI: LAPIC_NMI (acpi_id[0x75] high edge lint[0x1])\n[    0.000000] ACPI: LAPIC_NMI (acpi_id[0x76] high edge lint[0x1])\n[    0.000000] ACPI: LAPIC_NMI (acpi_id[0x77] high edge lint[0x1])\n[    0.000000] ACPI: LAPIC_NMI (acpi_id[0x78] high edge lint[0x1])\n[    0.000000] ACPI: LAPIC_NMI (acpi_id[0x79] high edge lint[0x1])\n[    0.000000] ACPI: LAPIC_NMI (acpi_id[0x7a] high edge lint[0x1])\n[    0.000000] ACPI: LAPIC_NMI (acpi_id[0x7b] high edge lint[0x1])\n[    0.000000] ACPI: LAPIC_NMI (acpi_id[0x7c] high edge lint[0x1])\n[    0.000000] ACPI: LAPIC_NMI (acpi_id[0x7d] high edge lint[0x1])\n[    0.000000] ACPI: LAPIC_NMI (acpi_id[0x7e] high edge lint[0x1])\n[    0.000000] ACPI: LAPIC_NMI (acpi_id[0x7f] high edge lint[0x1])\n[    0.000000] ACPI: IOAPIC (id[0x01] address[0xfec00000] gsi_base[0])\n[    0.000000] IOAPIC[0]: apic_id 1, version 32, address 0xfec00000, GSI 0-23\n[    0.000000] ACPI: INT_SRC_OVR (bus 0 bus_irq 0 global_irq 2 high edge)\n[    0.000000] ACPI: IRQ0 used by override.\n[    0.000000] ACPI: IRQ9 used by override.\n[    0.000000] Using ACPI (MADT) for SMP configuration information\n[    0.000000] ACPI: HPET id: 0x8086af01 base: 0xfed00000\n[    0.000000] smpboot: Allowing 128 CPUs, 126 hotplug CPUs\n[    0.000000] PM: Registered nosave memory: [mem 0x0009e000-0x0009efff]\n[    0.000000] PM: Registered nosave memory: [mem 0x0009f000-0x0009ffff]\n[    0.000000] PM: Registered nosave memory: [mem 0x000a0000-0x000dbfff]\n[    0.000000] PM: Registered nosave memory: [mem 0x000dc000-0x000fffff]\n[    0.000000] PM: Registered nosave memory: [mem 0xbfee0000-0xbfefefff]\n[    0.000000] PM: Registered nosave memory: [mem 0xbfeff000-0xbfefffff]\n[    0.000000] e820: [mem 0xc0000000-0xefffffff] available for PCI devices\n[    0.000000] Booting paravirtualized kernel on VMware hypervisor\n[    0.000000] Detected CPU family 6 model 140 stepping 1\n[    0.000000] Warning: Intel Processor - this hardware has not undergone upstream testing. Please consult http://wiki.centos.org/FAQ for more information\n[    0.000000] setup_percpu: NR_CPUS:5120 nr_cpumask_bits:128 nr_cpu_ids:128 nr_node_ids:1\n[    0.000000] percpu: Embedded 38 pages/cpu s118784 r8192 d28672 u262144\n[    0.000000] pcpu-alloc: s118784 r8192 d28672 u262144 alloc=1*2097152\n[    0.000000] pcpu-alloc: [0] 000 001 002 003 004 005 006 007 \n[    0.000000] pcpu-alloc: [0] 008 009 010 011 012 013 014 015 \n[    0.000000] pcpu-alloc: [0] 016 017 018 019 020 021 022 023 \n[    0.000000] pcpu-alloc: [0] 024 025 026 027 028 029 030 031 \n[    0.000000] pcpu-alloc: [0] 032 033 034 035 036 037 038 039 \n[    0.000000] pcpu-alloc: [0] 040 041 042 043 044 045 046 047 \n[    0.000000] pcpu-alloc: [0] 048 049 050 051 052 053 054 055 \n[    0.000000] pcpu-alloc: [0] 056 057 058 059 060 061 062 063 \n[    0.000000] pcpu-alloc: [0] 064 065 066 067 068 069 070 071 \n[    0.000000] pcpu-alloc: [0] 072 073 074 075 076 077 078 079 \n[    0.000000] pcpu-alloc: [0] 080 081 082 083 084 085 086 087 \n[    0.000000] pcpu-alloc: [0] 088 089 090 091 092 093 094 095 \n[    0.000000] pcpu-alloc: [0] 096 097 098 099 100 101 102 103 \n[    0.000000] pcpu-alloc: [0] 104 105 106 107 108 109 110 111 \n[    0.000000] pcpu-alloc: [0] 112 113 114 115 116 117 118 119 \n[    0.000000] pcpu-alloc: [0] 120 121 122 123 124 125 126 127 \n[    0.000000] Built 1 zonelists in Node order, mobility grouping on.  Total pages: 773992\n[    0.000000] Policy zone: DMA32\n[    0.000000] Kernel command line: BOOT_IMAGE=/vmlinuz-3.10.0-1160.el7.x86_64 root=/dev/mapper/centos-root ro crashkernel=auto rd.lvm.lv=centos/root rd.lvm.lv=centos/swap rhgb quiet LANG=zh_CN.UTF-8\n[    0.000000] PID hash table entries: 4096 (order: 3, 32768 bytes)\n[    0.000000] x86/fpu: xstate_offset[2]: 0240, xstate_sizes[2]: 0100\n[    0.000000] x86/fpu: xstate_offset[3]: 0000, xstate_sizes[3]: 0000\n[    0.000000] x86/fpu: xstate_offset[4]: 0000, xstate_sizes[4]: 0000\n[    0.000000] x86/fpu: xstate_offset[5]: 0440, xstate_sizes[5]: 0040\n[    0.000000] x86/fpu: xstate_offset[6]: 0480, xstate_sizes[6]: 0200\n[    0.000000] x86/fpu: xstate_offset[7]: 0680, xstate_sizes[7]: 0400\n[    0.000000] xsave: enabled xstate_bv 0xe7, cntxt size 0xa80 using standard form\n[    0.000000] Memory: 2022824k/3145728k available (7788k kernel code, 524k absent, 274032k reserved, 5954k data, 1984k init)\n[    0.000000] SLUB: HWalign=64, Order=0-3, MinObjects=0, CPUs=128, Nodes=1\n[    0.000000] Hierarchical RCU implementation.\n[    0.000000] \tRCU restricting CPUs from NR_CPUS=5120 to nr_cpu_ids=128.\n[    0.000000] NR_IRQS:327936 nr_irqs:1448 0\n[    0.000000] Console: colour VGA+ 80x25\n[    0.000000] console [tty0] enabled\n[    0.000000] allocated 81788928 bytes of page_cgroup\n[    0.000000] please try 'cgroup_disable=memory' option if you don't want memory cgroups\n[    0.000000] hpet clockevent registered\n[    0.000000] tsc: Detected 2803.201 MHz processor\n[    0.989543] Calibrating delay loop (skipped) preset value.. 5606.40 BogoMIPS (lpj=2803201)\n[    0.989552] pid_max: default: 131072 minimum: 1024\n[    0.989626] Security Framework initialized\n[    0.989638] SELinux:  Initializing.\n[    0.989655] SELinux:  Starting in permissive mode\n[    0.989662] Yama: becoming mindful.\n[    0.989680] Dentry cache hash table entries: 524288 (order: 10, 4194304 bytes)\n[    0.989695] Inode-cache hash table entries: 262144 (order: 9, 2097152 bytes)\n[    0.990799] Mount-cache hash table entries: 8192 (order: 4, 65536 bytes)\n[    0.990803] Mountpoint-cache hash table entries: 8192 (order: 4, 65536 bytes)\n[    0.991165] Initializing cgroup subsys memory\n[    0.991170] Initializing cgroup subsys devices\n[    0.991171] Initializing cgroup subsys freezer\n[    0.991172] Initializing cgroup subsys net_cls\n[    0.991173] Initializing cgroup subsys blkio\n[    0.991174] Initializing cgroup subsys perf_event\n[    0.991175] Initializing cgroup subsys hugetlb\n[    0.991176] Initializing cgroup subsys pids\n[    0.991177] Initializing cgroup subsys net_prio\n[    0.991854] Disabled fast string operations\n[    0.993561] x86/cpu: User Mode Instruction Prevention (UMIP) activated\n[    0.999027] Last level iTLB entries: 4KB 0, 2MB 0, 4MB 0\n[    0.999027] Last level dTLB entries: 4KB 0, 2MB 0, 4MB 0\n[    0.999027] tlb_flushall_shift: 6\n[    0.999027] FEATURE SPEC_CTRL Present\n[    0.999027] FEATURE IBPB_SUPPORT Present\n[    0.999027] Spectre V1 : Mitigation: Load fences, usercopy/swapgs barriers and __user pointer sanitization\n[    0.999027] Spectre V2 : Enabling Indirect Branch Prediction Barrier\n[    1.002763] Spectre V2 : Mitigation: Full retpoline\n[    1.003778] Speculative Store Bypass: Mitigation: Speculative Store Bypass disabled via prctl and seccomp\n[    1.024868] Freeing SMP alternatives: 28k freed\n[    1.116773] ACPI: Core revision 20130517\n[    1.126140] ACPI: All ACPI Tables successfully acquired\n[    1.129616] ftrace: allocating 29651 entries in 116 pages\n[    1.549455] Enabling x2apic\n[    1.549497] Enabled x2apic\n[    1.550740] Switched APIC routing to physical x2apic.\n[    1.555422] ..TIMER: vector=0x30 apic1=0 pin1=2 apic2=-1 pin2=-1\n[    1.555539] smpboot: CPU0: 11th Gen Intel(R) Core(TM) i7-1165G7 @ 2.80GHz (fam: 06, model: 8c, stepping: 01)\n[    1.605709] TSC deadline timer enabled\n[    1.606148] Performance Events: generic architected perfmon v1, core PMU driver.\n[    1.606287] core: CPUID marked event: 'cpu cycles' unavailable\n[    1.606296] core: CPUID marked event: 'instructions' unavailable\n[    1.606304] core: CPUID marked event: 'bus cycles' unavailable\n[    1.606312] core: CPUID marked event: 'cache references' unavailable\n[    1.606320] core: CPUID marked event: 'cache misses' unavailable\n[    1.606328] core: CPUID marked event: 'branch instructions' unavailable\n[    1.606337] core: CPUID marked event: 'branch misses' unavailable\n[    1.606356] ... version:                1\n[    1.606364] ... bit width:              48\n[    1.606372] ... generic registers:      8\n[    1.606380] ... value mask:             0000ffffffffffff\n[    1.606388] ... max period:             000000007fffffff\n[    1.606396] ... fixed-purpose events:   0\n[    1.606404] ... event mask:             00000000000000ff\n[    1.613453] NMI watchdog: disabled (cpu0): hardware events not enabled\n[    1.613462] NMI watchdog: Shutting down hard lockup detector on all cpus\n[    1.615450] Disabled fast string operations\n[    1.620030] smpboot: CPU 1 Converting physical 2 to logical package 1\n[    1.620041] smpboot: CPU 1 Converting physical 0 to logical die 1\n[    1.613784] smpboot: Booting Node   0, Processors  #1\n[    1.620342] Brought up 2 CPUs\n[    1.620355] smpboot: Max logical packages: 128\n[    1.620367] smpboot: Total of 2 processors activated (11212.80 BogoMIPS)\n[    1.626490] node 0 initialised, 212085 pages in 2ms\n[    1.628373] devtmpfs: initialized\n[    1.628431] x86/mm: Memory block size: 128MB\n[    1.629320] EVM: security.selinux\n[    1.629326] EVM: security.ima\n[    1.629332] EVM: security.capability\n[    1.629595] PM: Registering ACPI NVS region [mem 0xbfeff000-0xbfefffff] (4096 bytes)\n[    1.631789] atomic64 test passed for x86-64 platform with CX8 and with SSE\n[    1.631814] pinctrl core: initialized pinctrl subsystem\n[    1.659715] RTC time:  9:17:00, date: 12/29/21\n[    1.660001] NET: Registered protocol family 16\n[    1.660209] ACPI: bus type PCI registered\n[    1.660213] acpiphp: ACPI Hot Plug PCI Controller Driver version: 0.5\n[    1.660700] PCI: MMCONFIG for domain 0000 [bus 00-7f] at [mem 0xf0000000-0xf7ffffff] (base 0xf0000000)\n[    1.660705] PCI: MMCONFIG at [mem 0xf0000000-0xf7ffffff] reserved in E820\n[    1.660718] PCI: Using configuration type 1 for base access\n[    1.669001] ACPI: Added _OSI(Module Device)\n[    1.669008] ACPI: Added _OSI(Processor Device)\n[    1.669012] ACPI: Added _OSI(3.0 _SCP Extensions)\n[    1.669015] ACPI: Added _OSI(Processor Aggregator Device)\n[    1.669018] ACPI: Added _OSI(Linux-Dell-Video)\n[    1.672772] ACPI: EC: Look up EC in DSDT\n[    1.684287] ACPI: [Firmware Bug]: BIOS _OSI(Linux) query ignored\n[    1.714983] ACPI: Interpreter enabled\n[    1.714993] ACPI: (supports S0 S1 S4 S5)\n[    1.714995] ACPI: Using IOAPIC for interrupt routing\n[    1.715020] PCI: Using host bridge windows from ACPI; if necessary, use \"pci=nocrs\" and report a bug\n[    1.715224] ACPI: Enabled 4 GPEs in block 00 to 0F\n[    1.789900] ACPI: PCI Root Bridge [PCI0] (domain 0000 [bus 00-7f])\n[    1.789907] acpi PNP0A03:00: _OSC: OS supports [ExtendedConfig ASPM ClockPM Segments MSI]\n[    1.790018] acpi PNP0A03:00: _OSC: platform does not support [AER]\n[    1.790144] acpi PNP0A03:00: _OSC: OS now controls [PCIeHotplug SHPCHotplug PME PCIeCapability]\n[    1.794223] PCI host bridge to bus 0000:00\n[    1.794231] pci_bus 0000:00: root bus resource [mem 0x000a0000-0x000bffff window]\n[    1.794235] pci_bus 0000:00: root bus resource [mem 0x000cc000-0x000cffff window]\n[    1.794238] pci_bus 0000:00: root bus resource [mem 0x000d0000-0x000d3fff window]\n[    1.794241] pci_bus 0000:00: root bus resource [mem 0x000d4000-0x000d7fff window]\n[    1.794245] pci_bus 0000:00: root bus resource [mem 0x000d8000-0x000dbfff window]\n[    1.794248] pci_bus 0000:00: root bus resource [mem 0xc0000000-0xfebfffff window]\n[    1.794251] pci_bus 0000:00: root bus resource [io  0x0000-0x0cf7 window]\n[    1.794255] pci_bus 0000:00: root bus resource [io  0x0d00-0xfeff window]\n[    1.794259] pci_bus 0000:00: root bus resource [bus 00-7f]\n[    1.794403] pci 0000:00:00.0: [8086:7190] type 00 class 0x060000\n[    1.796405] pci 0000:00:01.0: [8086:7191] type 01 class 0x060400\n[    1.798016] pci 0000:00:07.0: [8086:7110] type 00 class 0x060100\n[    1.799311] pci 0000:00:07.1: [8086:7111] type 00 class 0x01018a\n[    1.800940] pci 0000:00:07.1: reg 0x20: [io  0x1060-0x106f]\n[    1.801499] pci 0000:00:07.1: legacy IDE quirk: reg 0x10: [io  0x01f0-0x01f7]\n[    1.801501] pci 0000:00:07.1: legacy IDE quirk: reg 0x14: [io  0x03f6]\n[    1.801503] pci 0000:00:07.1: legacy IDE quirk: reg 0x18: [io  0x0170-0x0177]\n[    1.801505] pci 0000:00:07.1: legacy IDE quirk: reg 0x1c: [io  0x0376]\n[    1.802010] pci 0000:00:07.3: [8086:7113] type 00 class 0x068000\n[    1.803312] pci 0000:00:07.3: quirk: [io  0x1000-0x103f] claimed by PIIX4 ACPI\n[    1.803327] pci 0000:00:07.3: quirk: [io  0x1040-0x104f] claimed by PIIX4 SMB\n[    1.803775] pci 0000:00:0f.0: [15ad:0405] type 00 class 0x030000\n[    1.805033] pci 0000:00:0f.0: reg 0x10: [io  0x1070-0x107f]\n[    1.806287] pci 0000:00:0f.0: reg 0x14: [mem 0xe8000000-0xefffffff pref]\n[    1.807193] pci 0000:00:0f.0: reg 0x18: [mem 0xfe000000-0xfe7fffff]\n[    1.812453] pci 0000:00:0f.0: reg 0x30: [mem 0x00000000-0x00007fff pref]\n[    1.813034] pci 0000:00:10.0: [1000:0030] type 00 class 0x010000\n[    1.813354] pci 0000:00:10.0: reg 0x10: [io  0x1400-0x14ff]\n[    1.813718] pci 0000:00:10.0: reg 0x14: [mem 0xfebc0000-0xfebdffff 64bit]\n[    1.814045] pci 0000:00:10.0: reg 0x1c: [mem 0xfebe0000-0xfebfffff 64bit]\n[    1.814545] pci 0000:00:10.0: reg 0x30: [mem 0x00000000-0x00003fff pref]\n[    1.815049] pci 0000:00:11.0: [15ad:0790] type 01 class 0x060401\n[    1.815976] pci 0000:00:11.0: System wakeup disabled by ACPI\n[    1.816193] pci 0000:00:15.0: [15ad:07a0] type 01 class 0x060400\n[    1.817374] pci 0000:00:15.0: PME# supported from D0 D3hot D3cold\n[    1.817673] pci 0000:00:15.0: System wakeup disabled by ACPI\n[    1.817856] pci 0000:00:15.1: [15ad:07a0] type 01 class 0x060400\n[    1.819682] pci 0000:00:15.1: PME# supported from D0 D3hot D3cold\n[    1.820296] pci 0000:00:15.1: System wakeup disabled by ACPI\n[    1.820642] pci 0000:00:15.2: [15ad:07a0] type 01 class 0x060400\n[    1.822365] pci 0000:00:15.2: PME# supported from D0 D3hot D3cold\n[    1.822640] pci 0000:00:15.2: System wakeup disabled by ACPI\n[    1.822795] pci 0000:00:15.3: [15ad:07a0] type 01 class 0x060400\n[    1.824655] pci 0000:00:15.3: PME# supported from D0 D3hot D3cold\n[    1.825271] pci 0000:00:15.3: System wakeup disabled by ACPI\n[    1.825751] pci 0000:00:15.4: [15ad:07a0] type 01 class 0x060400\n[    1.827789] pci 0000:00:15.4: PME# supported from D0 D3hot D3cold\n[    1.828105] pci 0000:00:15.4: System wakeup disabled by ACPI\n[    1.828297] pci 0000:00:15.5: [15ad:07a0] type 01 class 0x060400\n[    1.829424] pci 0000:00:15.5: PME# supported from D0 D3hot D3cold\n[    1.829707] pci 0000:00:15.5: System wakeup disabled by ACPI\n[    1.829867] pci 0000:00:15.6: [15ad:07a0] type 01 class 0x060400\n[    1.831031] pci 0000:00:15.6: PME# supported from D0 D3hot D3cold\n[    1.831345] pci 0000:00:15.6: System wakeup disabled by ACPI\n[    1.831536] pci 0000:00:15.7: [15ad:07a0] type 01 class 0x060400\n[    1.832728] pci 0000:00:15.7: PME# supported from D0 D3hot D3cold\n[    1.832967] pci 0000:00:15.7: System wakeup disabled by ACPI\n[    1.833146] pci 0000:00:16.0: [15ad:07a0] type 01 class 0x060400\n[    1.834766] pci 0000:00:16.0: PME# supported from D0 D3hot D3cold\n[    1.835522] pci 0000:00:16.0: System wakeup disabled by ACPI\n[    1.835920] pci 0000:00:16.1: [15ad:07a0] type 01 class 0x060400\n[    1.837750] pci 0000:00:16.1: PME# supported from D0 D3hot D3cold\n[    1.838292] pci 0000:00:16.1: System wakeup disabled by ACPI\n[    1.838504] pci 0000:00:16.2: [15ad:07a0] type 01 class 0x060400\n[    1.839746] pci 0000:00:16.2: PME# supported from D0 D3hot D3cold\n[    1.840106] pci 0000:00:16.2: System wakeup disabled by ACPI\n[    1.840306] pci 0000:00:16.3: [15ad:07a0] type 01 class 0x060400\n[    1.841492] pci 0000:00:16.3: PME# supported from D0 D3hot D3cold\n[    1.841786] pci 0000:00:16.3: System wakeup disabled by ACPI\n[    1.841945] pci 0000:00:16.4: [15ad:07a0] type 01 class 0x060400\n[    1.844108] pci 0000:00:16.4: PME# supported from D0 D3hot D3cold\n[    1.844596] pci 0000:00:16.4: System wakeup disabled by ACPI\n[    1.844748] pci 0000:00:16.5: [15ad:07a0] type 01 class 0x060400\n[    1.845902] pci 0000:00:16.5: PME# supported from D0 D3hot D3cold\n[    1.846269] pci 0000:00:16.5: System wakeup disabled by ACPI\n[    1.846437] pci 0000:00:16.6: [15ad:07a0] type 01 class 0x060400\n[    1.847469] pci 0000:00:16.6: PME# supported from D0 D3hot D3cold\n[    1.847723] pci 0000:00:16.6: System wakeup disabled by ACPI\n[    1.847879] pci 0000:00:16.7: [15ad:07a0] type 01 class 0x060400\n[    1.849793] pci 0000:00:16.7: PME# supported from D0 D3hot D3cold\n[    1.850425] pci 0000:00:16.7: System wakeup disabled by ACPI\n[    1.850638] pci 0000:00:17.0: [15ad:07a0] type 01 class 0x060400\n[    1.852973] pci 0000:00:17.0: PME# supported from D0 D3hot D3cold\n[    1.853740] pci 0000:00:17.0: System wakeup disabled by ACPI\n[    1.854026] pci 0000:00:17.1: [15ad:07a0] type 01 class 0x060400\n[    1.855460] pci 0000:00:17.1: PME# supported from D0 D3hot D3cold\n[    1.856142] pci 0000:00:17.1: System wakeup disabled by ACPI\n[    1.856282] pci 0000:00:17.2: [15ad:07a0] type 01 class 0x060400\n[    1.858146] pci 0000:00:17.2: PME# supported from D0 D3hot D3cold\n[    1.858861] pci 0000:00:17.2: System wakeup disabled by ACPI\n[    1.859295] pci 0000:00:17.3: [15ad:07a0] type 01 class 0x060400\n[    1.860382] pci 0000:00:17.3: PME# supported from D0 D3hot D3cold\n[    1.860671] pci 0000:00:17.3: System wakeup disabled by ACPI\n[    1.860831] pci 0000:00:17.4: [15ad:07a0] type 01 class 0x060400\n[    1.863064] pci 0000:00:17.4: PME# supported from D0 D3hot D3cold\n[    1.863722] pci 0000:00:17.4: System wakeup disabled by ACPI\n[    1.864014] pci 0000:00:17.5: [15ad:07a0] type 01 class 0x060400\n[    1.866412] pci 0000:00:17.5: PME# supported from D0 D3hot D3cold\n[    1.866827] pci 0000:00:17.5: System wakeup disabled by ACPI\n[    1.867346] pci 0000:00:17.6: [15ad:07a0] type 01 class 0x060400\n[    1.869607] pci 0000:00:17.6: PME# supported from D0 D3hot D3cold\n[    1.870160] pci 0000:00:17.6: System wakeup disabled by ACPI\n[    1.870652] pci 0000:00:17.7: [15ad:07a0] type 01 class 0x060400\n[    1.871994] pci 0000:00:17.7: PME# supported from D0 D3hot D3cold\n[    1.872439] pci 0000:00:17.7: System wakeup disabled by ACPI\n[    1.872634] pci 0000:00:18.0: [15ad:07a0] type 01 class 0x060400\n[    1.873688] pci 0000:00:18.0: PME# supported from D0 D3hot D3cold\n[    1.873926] pci 0000:00:18.0: System wakeup disabled by ACPI\n[    1.874062] pci 0000:00:18.1: [15ad:07a0] type 01 class 0x060400\n[    1.875306] pci 0000:00:18.1: PME# supported from D0 D3hot D3cold\n[    1.875996] pci 0000:00:18.1: System wakeup disabled by ACPI\n[    1.876392] pci 0000:00:18.2: [15ad:07a0] type 01 class 0x060400\n[    1.878115] pci 0000:00:18.2: PME# supported from D0 D3hot D3cold\n[    1.878711] pci 0000:00:18.2: System wakeup disabled by ACPI\n[    1.878869] pci 0000:00:18.3: [15ad:07a0] type 01 class 0x060400\n[    1.880967] pci 0000:00:18.3: PME# supported from D0 D3hot D3cold\n[    1.881313] pci 0000:00:18.3: System wakeup disabled by ACPI\n[    1.881498] pci 0000:00:18.4: [15ad:07a0] type 01 class 0x060400\n[    1.883880] pci 0000:00:18.4: PME# supported from D0 D3hot D3cold\n[    1.884740] pci 0000:00:18.4: System wakeup disabled by ACPI\n[    1.885152] pci 0000:00:18.5: [15ad:07a0] type 01 class 0x060400\n[    1.887660] pci 0000:00:18.5: PME# supported from D0 D3hot D3cold\n[    1.888006] pci 0000:00:18.5: System wakeup disabled by ACPI\n[    1.888212] pci 0000:00:18.6: [15ad:07a0] type 01 class 0x060400\n[    1.890540] pci 0000:00:18.6: PME# supported from D0 D3hot D3cold\n[    1.890979] pci 0000:00:18.6: System wakeup disabled by ACPI\n[    1.891312] pci 0000:00:18.7: [15ad:07a0] type 01 class 0x060400\n[    1.892675] pci 0000:00:18.7: PME# supported from D0 D3hot D3cold\n[    1.893112] pci 0000:00:18.7: System wakeup disabled by ACPI\n[    1.894571] pci 0000:00:01.0: PCI bridge to [bus 01]\n[    1.895800] acpiphp: Slot [32] registered\n[    1.895972] acpiphp: Slot [33] registered\n[    1.896099] acpiphp: Slot [34] registered\n[    1.896216] acpiphp: Slot [35] registered\n[    1.896335] acpiphp: Slot [36] registered\n[    1.896451] acpiphp: Slot [37] registered\n[    1.896538] acpiphp: Slot [38] registered\n[    1.896578] acpiphp: Slot [39] registered\n[    1.896618] acpiphp: Slot [40] registered\n[    1.896658] acpiphp: Slot [41] registered\n[    1.896699] acpiphp: Slot [42] registered\n[    1.896738] acpiphp: Slot [43] registered\n[    1.896778] acpiphp: Slot [44] registered\n[    1.896819] acpiphp: Slot [45] registered\n[    1.896858] acpiphp: Slot [46] registered\n[    1.897135] acpiphp: Slot [47] registered\n[    1.897252] acpiphp: Slot [48] registered\n[    1.897369] acpiphp: Slot [49] registered\n[    1.897421] acpiphp: Slot [50] registered\n[    1.897472] acpiphp: Slot [51] registered\n[    1.897523] acpiphp: Slot [52] registered\n[    1.897573] acpiphp: Slot [53] registered\n[    1.897625] acpiphp: Slot [54] registered\n[    1.897676] acpiphp: Slot [55] registered\n[    1.897732] acpiphp: Slot [56] registered\n[    1.897848] acpiphp: Slot [57] registered\n[    1.898043] acpiphp: Slot [58] registered\n[    1.898163] acpiphp: Slot [59] registered\n[    1.898281] acpiphp: Slot [60] registered\n[    1.898398] acpiphp: Slot [61] registered\n[    1.898515] acpiphp: Slot [62] registered\n[    1.898619] acpiphp: Slot [63] registered\n[    1.898711] pci 0000:02:00.0: [15ad:0774] type 00 class 0x0c0300\n[    1.900417] pci 0000:02:00.0: reg 0x20: [io  0x2080-0x209f]\n[    1.901891] pci 0000:02:00.0: System wakeup disabled by ACPI\n[    1.902086] pci 0000:02:01.0: [8086:100f] type 00 class 0x020000\n[    1.904312] pci 0000:02:01.0: reg 0x10: [mem 0xfd5c0000-0xfd5dffff 64bit]\n[    1.904663] pci 0000:02:01.0: reg 0x18: [mem 0xfdff0000-0xfdffffff 64bit]\n[    1.904948] pci 0000:02:01.0: reg 0x20: [io  0x2000-0x203f]\n[    1.905592] pci 0000:02:01.0: reg 0x30: [mem 0x00000000-0x0000ffff pref]\n[    1.905972] pci 0000:02:01.0: PME# supported from D0 D3hot D3cold\n[    1.906161] pci 0000:02:01.0: System wakeup disabled by ACPI\n[    1.906277] pci 0000:02:02.0: [1274:1371] type 00 class 0x040100\n[    1.906590] pci 0000:02:02.0: reg 0x10: [io  0x2040-0x207f]\n[    1.908743] pci 0000:02:02.0: System wakeup disabled by ACPI\n[    1.908888] pci 0000:02:03.0: [15ad:0770] type 00 class 0x0c0320\n[    1.909260] pci 0000:02:03.0: reg 0x10: [mem 0xfd5ef000-0xfd5effff]\n[    1.912756] pci 0000:02:03.0: System wakeup disabled by ACPI\n[    1.913389] pci 0000:00:11.0: PCI bridge to [bus 02] (subtractive decode)\n[    1.913421] pci 0000:00:11.0:   bridge window [io  0x2000-0x3fff]\n[    1.913469] pci 0000:00:11.0:   bridge window [mem 0xfd500000-0xfdffffff]\n[    1.913562] pci 0000:00:11.0:   bridge window [mem 0xe7b00000-0xe7ffffff 64bit pref]\n[    1.913566] pci 0000:00:11.0:   bridge window [mem 0x000a0000-0x000bffff window] (subtractive decode)\n[    1.913568] pci 0000:00:11.0:   bridge window [mem 0x000cc000-0x000cffff window] (subtractive decode)\n[    1.913570] pci 0000:00:11.0:   bridge window [mem 0x000d0000-0x000d3fff window] (subtractive decode)\n[    1.913572] pci 0000:00:11.0:   bridge window [mem 0x000d4000-0x000d7fff window] (subtractive decode)\n[    1.913575] pci 0000:00:11.0:   bridge window [mem 0x000d8000-0x000dbfff window] (subtractive decode)\n[    1.913577] pci 0000:00:11.0:   bridge window [mem 0xc0000000-0xfebfffff window] (subtractive decode)\n[    1.913579] pci 0000:00:11.0:   bridge window [io  0x0000-0x0cf7 window] (subtractive decode)\n[    1.913581] pci 0000:00:11.0:   bridge window [io  0x0d00-0xfeff window] (subtractive decode)\n[    1.914225] pci 0000:00:15.0: PCI bridge to [bus 03]\n[    1.914291] pci 0000:00:15.0:   bridge window [io  0x4000-0x4fff]\n[    1.914363] pci 0000:00:15.0:   bridge window [mem 0xfd400000-0xfd4fffff]\n[    1.914499] pci 0000:00:15.0:   bridge window [mem 0xe7a00000-0xe7afffff 64bit pref]\n[    1.915532] pci 0000:00:15.1: PCI bridge to [bus 04]\n[    1.915551] pci 0000:00:15.1:   bridge window [io  0x8000-0x8fff]\n[    1.915579] pci 0000:00:15.1:   bridge window [mem 0xfd000000-0xfd0fffff]\n[    1.915632] pci 0000:00:15.1:   bridge window [mem 0xe7600000-0xe76fffff 64bit pref]\n[    1.916093] pci 0000:00:15.2: PCI bridge to [bus 05]\n[    1.916111] pci 0000:00:15.2:   bridge window [io  0xc000-0xcfff]\n[    1.916143] pci 0000:00:15.2:   bridge window [mem 0xfcc00000-0xfccfffff]\n[    1.916206] pci 0000:00:15.2:   bridge window [mem 0xe7200000-0xe72fffff 64bit pref]\n[    1.917283] pci 0000:00:15.3: PCI bridge to [bus 06]\n[    1.917338] pci 0000:00:15.3:   bridge window [mem 0xfc800000-0xfc8fffff]\n[    1.917396] pci 0000:00:15.3:   bridge window [mem 0xe6e00000-0xe6efffff 64bit pref]\n[    1.917846] pci 0000:00:15.4: PCI bridge to [bus 07]\n[    1.917884] pci 0000:00:15.4:   bridge window [mem 0xfc400000-0xfc4fffff]\n[    1.917931] pci 0000:00:15.4:   bridge window [mem 0xe6a00000-0xe6afffff 64bit pref]\n[    1.918436] pci 0000:00:15.5: PCI bridge to [bus 08]\n[    1.918479] pci 0000:00:15.5:   bridge window [mem 0xfc000000-0xfc0fffff]\n[    1.918541] pci 0000:00:15.5:   bridge window [mem 0xe6600000-0xe66fffff 64bit pref]\n[    1.919430] pci 0000:00:15.6: PCI bridge to [bus 09]\n[    1.919490] pci 0000:00:15.6:   bridge window [mem 0xfbc00000-0xfbcfffff]\n[    1.919551] pci 0000:00:15.6:   bridge window [mem 0xe6200000-0xe62fffff 64bit pref]\n[    1.920104] pci 0000:00:15.7: PCI bridge to [bus 0a]\n[    1.920153] pci 0000:00:15.7:   bridge window [mem 0xfb800000-0xfb8fffff]\n[    1.920214] pci 0000:00:15.7:   bridge window [mem 0xe5e00000-0xe5efffff 64bit pref]\n[    1.920710] pci 0000:00:16.0: PCI bridge to [bus 0b]\n[    1.920731] pci 0000:00:16.0:   bridge window [io  0x5000-0x5fff]\n[    1.920763] pci 0000:00:16.0:   bridge window [mem 0xfd300000-0xfd3fffff]\n[    1.920826] pci 0000:00:16.0:   bridge window [mem 0xe7900000-0xe79fffff 64bit pref]\n[    1.921460] pci 0000:00:16.1: PCI bridge to [bus 0c]\n[    1.921486] pci 0000:00:16.1:   bridge window [io  0x9000-0x9fff]\n[    1.921521] pci 0000:00:16.1:   bridge window [mem 0xfcf00000-0xfcffffff]\n[    1.921579] pci 0000:00:16.1:   bridge window [mem 0xe7500000-0xe75fffff 64bit pref]\n[    1.922202] pci 0000:00:16.2: PCI bridge to [bus 0d]\n[    1.922225] pci 0000:00:16.2:   bridge window [io  0xd000-0xdfff]\n[    1.922266] pci 0000:00:16.2:   bridge window [mem 0xfcb00000-0xfcbfffff]\n[    1.922347] pci 0000:00:16.2:   bridge window [mem 0xe7100000-0xe71fffff 64bit pref]\n[    1.922958] pci 0000:00:16.3: PCI bridge to [bus 0e]\n[    1.923012] pci 0000:00:16.3:   bridge window [mem 0xfc700000-0xfc7fffff]\n[    1.923075] pci 0000:00:16.3:   bridge window [mem 0xe6d00000-0xe6dfffff 64bit pref]\n[    1.923543] pci 0000:00:16.4: PCI bridge to [bus 0f]\n[    1.923586] pci 0000:00:16.4:   bridge window [mem 0xfc300000-0xfc3fffff]\n[    1.923640] pci 0000:00:16.4:   bridge window [mem 0xe6900000-0xe69fffff 64bit pref]\n[    1.924067] pci 0000:00:16.5: PCI bridge to [bus 10]\n[    1.924111] pci 0000:00:16.5:   bridge window [mem 0xfbf00000-0xfbffffff]\n[    1.924165] pci 0000:00:16.5:   bridge window [mem 0xe6500000-0xe65fffff 64bit pref]\n[    1.924762] pci 0000:00:16.6: PCI bridge to [bus 11]\n[    1.924809] pci 0000:00:16.6:   bridge window [mem 0xfbb00000-0xfbbfffff]\n[    1.924866] pci 0000:00:16.6:   bridge window [mem 0xe6100000-0xe61fffff 64bit pref]\n[    1.925386] pci 0000:00:16.7: PCI bridge to [bus 12]\n[    1.925446] pci 0000:00:16.7:   bridge window [mem 0xfb700000-0xfb7fffff]\n[    1.925517] pci 0000:00:16.7:   bridge window [mem 0xe5d00000-0xe5dfffff 64bit pref]\n[    1.926096] pci 0000:00:17.0: PCI bridge to [bus 13]\n[    1.926113] pci 0000:00:17.0:   bridge window [io  0x6000-0x6fff]\n[    1.926141] pci 0000:00:17.0:   bridge window [mem 0xfd200000-0xfd2fffff]\n[    1.926194] pci 0000:00:17.0:   bridge window [mem 0xe7800000-0xe78fffff 64bit pref]\n[    1.926745] pci 0000:00:17.1: PCI bridge to [bus 14]\n[    1.926765] pci 0000:00:17.1:   bridge window [io  0xa000-0xafff]\n[    1.926798] pci 0000:00:17.1:   bridge window [mem 0xfce00000-0xfcefffff]\n[    1.926864] pci 0000:00:17.1:   bridge window [mem 0xe7400000-0xe74fffff 64bit pref]\n[    1.927386] pci 0000:00:17.2: PCI bridge to [bus 15]\n[    1.927405] pci 0000:00:17.2:   bridge window [io  0xe000-0xefff]\n[    1.927436] pci 0000:00:17.2:   bridge window [mem 0xfca00000-0xfcafffff]\n[    1.927503] pci 0000:00:17.2:   bridge window [mem 0xe7000000-0xe70fffff 64bit pref]\n[    1.927945] pci 0000:00:17.3: PCI bridge to [bus 16]\n[    1.927993] pci 0000:00:17.3:   bridge window [mem 0xfc600000-0xfc6fffff]\n[    1.928051] pci 0000:00:17.3:   bridge window [mem 0xe6c00000-0xe6cfffff 64bit pref]\n[    1.928506] pci 0000:00:17.4: PCI bridge to [bus 17]\n[    1.928665] pci 0000:00:17.4:   bridge window [mem 0xfc200000-0xfc2fffff]\n[    1.928731] pci 0000:00:17.4:   bridge window [mem 0xe6800000-0xe68fffff 64bit pref]\n[    1.929170] pci 0000:00:17.5: PCI bridge to [bus 18]\n[    1.929215] pci 0000:00:17.5:   bridge window [mem 0xfbe00000-0xfbefffff]\n[    1.929279] pci 0000:00:17.5:   bridge window [mem 0xe6400000-0xe64fffff 64bit pref]\n[    1.929804] pci 0000:00:17.6: PCI bridge to [bus 19]\n[    1.929856] pci 0000:00:17.6:   bridge window [mem 0xfba00000-0xfbafffff]\n[    1.929920] pci 0000:00:17.6:   bridge window [mem 0xe6000000-0xe60fffff 64bit pref]\n[    1.930372] pci 0000:00:17.7: PCI bridge to [bus 1a]\n[    1.930415] pci 0000:00:17.7:   bridge window [mem 0xfb600000-0xfb6fffff]\n[    1.930469] pci 0000:00:17.7:   bridge window [mem 0xe5c00000-0xe5cfffff 64bit pref]\n[    1.931036] pci 0000:00:18.0: PCI bridge to [bus 1b]\n[    1.931054] pci 0000:00:18.0:   bridge window [io  0x7000-0x7fff]\n[    1.931082] pci 0000:00:18.0:   bridge window [mem 0xfd100000-0xfd1fffff]\n[    1.931136] pci 0000:00:18.0:   bridge window [mem 0xe7700000-0xe77fffff 64bit pref]\n[    1.931642] pci 0000:00:18.1: PCI bridge to [bus 1c]\n[    1.931663] pci 0000:00:18.1:   bridge window [io  0xb000-0xbfff]\n[    1.931696] pci 0000:00:18.1:   bridge window [mem 0xfcd00000-0xfcdfffff]\n[    1.931760] pci 0000:00:18.1:   bridge window [mem 0xe7300000-0xe73fffff 64bit pref]\n[    1.932217] pci 0000:00:18.2: PCI bridge to [bus 1d]\n[    1.932260] pci 0000:00:18.2:   bridge window [mem 0xfc900000-0xfc9fffff]\n[    1.932314] pci 0000:00:18.2:   bridge window [mem 0xe6f00000-0xe6ffffff 64bit pref]\n[    1.932874] pci 0000:00:18.3: PCI bridge to [bus 1e]\n[    1.932926] pci 0000:00:18.3:   bridge window [mem 0xfc500000-0xfc5fffff]\n[    1.932990] pci 0000:00:18.3:   bridge window [mem 0xe6b00000-0xe6bfffff 64bit pref]\n[    1.933620] pci 0000:00:18.4: PCI bridge to [bus 1f]\n[    1.933762] pci 0000:00:18.4:   bridge window [mem 0xfc100000-0xfc1fffff]\n[    1.933912] pci 0000:00:18.4:   bridge window [mem 0xe6700000-0xe67fffff 64bit pref]\n[    1.934860] pci 0000:00:18.5: PCI bridge to [bus 20]\n[    1.934907] pci 0000:00:18.5:   bridge window [mem 0xfbd00000-0xfbdfffff]\n[    1.934966] pci 0000:00:18.5:   bridge window [mem 0xe6300000-0xe63fffff 64bit pref]\n[    1.935433] pci 0000:00:18.6: PCI bridge to [bus 21]\n[    1.935476] pci 0000:00:18.6:   bridge window [mem 0xfb900000-0xfb9fffff]\n[    1.935531] pci 0000:00:18.6:   bridge window [mem 0xe5f00000-0xe5ffffff 64bit pref]\n[    1.936041] pci 0000:00:18.7: PCI bridge to [bus 22]\n[    1.936084] pci 0000:00:18.7:   bridge window [mem 0xfb500000-0xfb5fffff]\n[    1.936138] pci 0000:00:18.7:   bridge window [mem 0xe5b00000-0xe5bfffff 64bit pref]\n[    1.940271] ACPI: PCI Interrupt Link [LNKA] (IRQs 3 4 5 6 7 *9 10 11 14 15)\n[    1.940323] ACPI: PCI Interrupt Link [LNKB] (IRQs 3 4 5 6 7 9 10 *11 14 15)\n[    1.940373] ACPI: PCI Interrupt Link [LNKC] (IRQs 3 4 5 6 7 9 *10 11 14 15)\n[    1.940424] ACPI: PCI Interrupt Link [LNKD] (IRQs 3 4 5 6 *7 9 10 11 14 15)\n[    1.956568] vgaarb: device added: PCI:0000:00:0f.0,decodes=io+mem,owns=io+mem,locks=none\n[    1.956577] vgaarb: loaded\n[    1.956578] vgaarb: bridge control possible 0000:00:0f.0\n[    1.956869] SCSI subsystem initialized\n[    1.956888] ACPI: bus type USB registered\n[    1.956901] usbcore: registered new interface driver usbfs\n[    1.956906] usbcore: registered new interface driver hub\n[    1.956975] usbcore: registered new device driver usb\n[    1.957194] EDAC MC: Ver: 3.0.0\n[    1.958883] PCI: Using ACPI for IRQ routing\n[    2.021246] PCI: pci_cache_line_size set to 64 bytes\n[    2.025304] e820: reserve RAM buffer [mem 0x0009ec00-0x0009ffff]\n[    2.025311] e820: reserve RAM buffer [mem 0xbfee0000-0xbfffffff]\n[    2.025680] NetLabel: Initializing\n[    2.025681] NetLabel:  domain hash size = 128\n[    2.025682] NetLabel:  protocols = UNLABELED CIPSOv4\n[    2.025694] NetLabel:  unlabeled traffic allowed by default\n[    2.028664] hpet0: at MMIO 0xfed00000, IRQs 2, 8, 0, 0, 0, 0, 0, 0, 0, 0, 0, 0, 0, 0, 0, 0\n[    2.028671] hpet0: 16 comparators, 64-bit 14.318180 MHz counter\n[    2.032546] amd_nb: Cannot enumerate AMD northbridges\n[    2.032675] Switched to clocksource hpet\n[    2.053033] pnp: PnP ACPI init\n[    2.053047] ACPI: bus type PNP registered\n[    2.053542] system 00:00: [io  0x1000-0x103f] could not be reserved\n[    2.053545] system 00:00: [io  0x1040-0x104f] has been reserved\n[    2.053548] system 00:00: [io  0x0cf0-0x0cf1] has been reserved\n[    2.053552] system 00:00: Plug and Play ACPI device, IDs PNP0c02 (active)\n[    2.053653] pnp 00:01: Plug and Play ACPI device, IDs PNP0b00 (active)\n[    2.053788] pnp 00:02: Plug and Play ACPI device, IDs PNP0303 (active)\n[    2.053949] pnp 00:03: Plug and Play ACPI device, IDs VMW0003 PNP0f13 (active)\n[    2.054137] system 00:04: [mem 0xfed00000-0xfed003ff] has been reserved\n[    2.054140] system 00:04: Plug and Play ACPI device, IDs PNP0103 PNP0c01 (active)\n[    2.056723] pnp 00:05: Plug and Play ACPI device, IDs PNP0501 (active)\n[    2.057305] system 00:06: [io  0xfce0-0xfcff] has been reserved\n[    2.057310] system 00:06: [mem 0xf0000000-0xf7ffffff] has been reserved\n[    2.057313] system 00:06: [mem 0xfe800000-0xfe9fffff] has been reserved\n[    2.057333] system 00:06: Plug and Play ACPI device, IDs PNP0c02 (active)\n[    2.063522] pnp: PnP ACPI: found 7 devices\n[    2.063526] ACPI: bus type PNP unregistered\n[    2.083164] pci 0000:00:15.3: bridge window [io  0x1000-0x0fff] to [bus 06] add_size 1000\n[    2.083167] pci 0000:00:15.4: bridge window [io  0x1000-0x0fff] to [bus 07] add_size 1000\n[    2.083169] pci 0000:00:15.5: bridge window [io  0x1000-0x0fff] to [bus 08] add_size 1000\n[    2.083170] pci 0000:00:15.6: bridge window [io  0x1000-0x0fff] to [bus 09] add_size 1000\n[    2.083171] pci 0000:00:15.7: bridge window [io  0x1000-0x0fff] to [bus 0a] add_size 1000\n[    2.083173] pci 0000:00:16.3: bridge window [io  0x1000-0x0fff] to [bus 0e] add_size 1000\n[    2.083175] pci 0000:00:16.4: bridge window [io  0x1000-0x0fff] to [bus 0f] add_size 1000\n[    2.083183] pci 0000:00:16.5: bridge window [io  0x1000-0x0fff] to [bus 10] add_size 1000\n[    2.083184] pci 0000:00:16.6: bridge window [io  0x1000-0x0fff] to [bus 11] add_size 1000\n[    2.083186] pci 0000:00:16.7: bridge window [io  0x1000-0x0fff] to [bus 12] add_size 1000\n[    2.083188] pci 0000:00:17.3: bridge window [io  0x1000-0x0fff] to [bus 16] add_size 1000\n[    2.083189] pci 0000:00:17.4: bridge window [io  0x1000-0x0fff] to [bus 17] add_size 1000\n[    2.083191] pci 0000:00:17.5: bridge window [io  0x1000-0x0fff] to [bus 18] add_size 1000\n[    2.083192] pci 0000:00:17.6: bridge window [io  0x1000-0x0fff] to [bus 19] add_size 1000\n[    2.083194] pci 0000:00:17.7: bridge window [io  0x1000-0x0fff] to [bus 1a] add_size 1000\n[    2.083195] pci 0000:00:18.2: bridge window [io  0x1000-0x0fff] to [bus 1d] add_size 1000\n[    2.083197] pci 0000:00:18.3: bridge window [io  0x1000-0x0fff] to [bus 1e] add_size 1000\n[    2.083198] pci 0000:00:18.4: bridge window [io  0x1000-0x0fff] to [bus 1f] add_size 1000\n[    2.083199] pci 0000:00:18.5: bridge window [io  0x1000-0x0fff] to [bus 20] add_size 1000\n[    2.083201] pci 0000:00:18.6: bridge window [io  0x1000-0x0fff] to [bus 21] add_size 1000\n[    2.083202] pci 0000:00:18.7: bridge window [io  0x1000-0x0fff] to [bus 22] add_size 1000\n[    2.083216] pci 0000:00:15.3: res[13]=[io  0x1000-0x0fff] res_to_dev_res add_size 1000 min_align 1000\n[    2.083217] pci 0000:00:15.3: res[13]=[io  0x1000-0x1fff] res_to_dev_res add_size 1000 min_align 1000\n[    2.083218] pci 0000:00:15.4: res[13]=[io  0x1000-0x0fff] res_to_dev_res add_size 1000 min_align 1000\n[    2.083220] pci 0000:00:15.4: res[13]=[io  0x1000-0x1fff] res_to_dev_res add_size 1000 min_align 1000\n[    2.083221] pci 0000:00:15.5: res[13]=[io  0x1000-0x0fff] res_to_dev_res add_size 1000 min_align 1000\n[    2.083223] pci 0000:00:15.5: res[13]=[io  0x1000-0x1fff] res_to_dev_res add_size 1000 min_align 1000\n[    2.083224] pci 0000:00:15.6: res[13]=[io  0x1000-0x0fff] res_to_dev_res add_size 1000 min_align 1000\n[    2.083225] pci 0000:00:15.6: res[13]=[io  0x1000-0x1fff] res_to_dev_res add_size 1000 min_align 1000\n[    2.083227] pci 0000:00:15.7: res[13]=[io  0x1000-0x0fff] res_to_dev_res add_size 1000 min_align 1000\n[    2.083228] pci 0000:00:15.7: res[13]=[io  0x1000-0x1fff] res_to_dev_res add_size 1000 min_align 1000\n[    2.083230] pci 0000:00:16.3: res[13]=[io  0x1000-0x0fff] res_to_dev_res add_size 1000 min_align 1000\n[    2.083231] pci 0000:00:16.3: res[13]=[io  0x1000-0x1fff] res_to_dev_res add_size 1000 min_align 1000\n[    2.083232] pci 0000:00:16.4: res[13]=[io  0x1000-0x0fff] res_to_dev_res add_size 1000 min_align 1000\n[    2.083234] pci 0000:00:16.4: res[13]=[io  0x1000-0x1fff] res_to_dev_res add_size 1000 min_align 1000\n[    2.083235] pci 0000:00:16.5: res[13]=[io  0x1000-0x0fff] res_to_dev_res add_size 1000 min_align 1000\n[    2.083236] pci 0000:00:16.5: res[13]=[io  0x1000-0x1fff] res_to_dev_res add_size 1000 min_align 1000\n[    2.083238] pci 0000:00:16.6: res[13]=[io  0x1000-0x0fff] res_to_dev_res add_size 1000 min_align 1000\n[    2.083239] pci 0000:00:16.6: res[13]=[io  0x1000-0x1fff] res_to_dev_res add_size 1000 min_align 1000\n[    2.083241] pci 0000:00:16.7: res[13]=[io  0x1000-0x0fff] res_to_dev_res add_size 1000 min_align 1000\n[    2.083242] pci 0000:00:16.7: res[13]=[io  0x1000-0x1fff] res_to_dev_res add_size 1000 min_align 1000\n[    2.083243] pci 0000:00:17.3: res[13]=[io  0x1000-0x0fff] res_to_dev_res add_size 1000 min_align 1000\n[    2.083245] pci 0000:00:17.3: res[13]=[io  0x1000-0x1fff] res_to_dev_res add_size 1000 min_align 1000\n[    2.083246] pci 0000:00:17.4: res[13]=[io  0x1000-0x0fff] res_to_dev_res add_size 1000 min_align 1000\n[    2.083247] pci 0000:00:17.4: res[13]=[io  0x1000-0x1fff] res_to_dev_res add_size 1000 min_align 1000\n[    2.083249] pci 0000:00:17.5: res[13]=[io  0x1000-0x0fff] res_to_dev_res add_size 1000 min_align 1000\n[    2.083250] pci 0000:00:17.5: res[13]=[io  0x1000-0x1fff] res_to_dev_res add_size 1000 min_align 1000\n[    2.083252] pci 0000:00:17.6: res[13]=[io  0x1000-0x0fff] res_to_dev_res add_size 1000 min_align 1000\n[    2.083253] pci 0000:00:17.6: res[13]=[io  0x1000-0x1fff] res_to_dev_res add_size 1000 min_align 1000\n[    2.083254] pci 0000:00:17.7: res[13]=[io  0x1000-0x0fff] res_to_dev_res add_size 1000 min_align 1000\n[    2.083256] pci 0000:00:17.7: res[13]=[io  0x1000-0x1fff] res_to_dev_res add_size 1000 min_align 1000\n[    2.083257] pci 0000:00:18.2: res[13]=[io  0x1000-0x0fff] res_to_dev_res add_size 1000 min_align 1000\n[    2.083258] pci 0000:00:18.2: res[13]=[io  0x1000-0x1fff] res_to_dev_res add_size 1000 min_align 1000\n[    2.083260] pci 0000:00:18.3: res[13]=[io  0x1000-0x0fff] res_to_dev_res add_size 1000 min_align 1000\n[    2.083261] pci 0000:00:18.3: res[13]=[io  0x1000-0x1fff] res_to_dev_res add_size 1000 min_align 1000\n[    2.083263] pci 0000:00:18.4: res[13]=[io  0x1000-0x0fff] res_to_dev_res add_size 1000 min_align 1000\n[    2.083264] pci 0000:00:18.4: res[13]=[io  0x1000-0x1fff] res_to_dev_res add_size 1000 min_align 1000\n[    2.083265] pci 0000:00:18.5: res[13]=[io  0x1000-0x0fff] res_to_dev_res add_size 1000 min_align 1000\n[    2.083267] pci 0000:00:18.5: res[13]=[io  0x1000-0x1fff] res_to_dev_res add_size 1000 min_align 1000\n[    2.083268] pci 0000:00:18.6: res[13]=[io  0x1000-0x0fff] res_to_dev_res add_size 1000 min_align 1000\n[    2.083269] pci 0000:00:18.6: res[13]=[io  0x1000-0x1fff] res_to_dev_res add_size 1000 min_align 1000\n[    2.083271] pci 0000:00:18.7: res[13]=[io  0x1000-0x0fff] res_to_dev_res add_size 1000 min_align 1000\n[    2.083272] pci 0000:00:18.7: res[13]=[io  0x1000-0x1fff] res_to_dev_res add_size 1000 min_align 1000\n[    2.083277] pci 0000:00:0f.0: BAR 6: assigned [mem 0xc0000000-0xc0007fff pref]\n[    2.083279] pci 0000:00:10.0: BAR 6: assigned [mem 0xc0008000-0xc000bfff pref]\n[    2.083283] pci 0000:00:15.3: BAR 13: no space for [io  size 0x1000]\n[    2.083284] pci 0000:00:15.3: BAR 13: failed to assign [io  size 0x1000]\n[    2.083287] pci 0000:00:15.4: BAR 13: no space for [io  size 0x1000]\n[    2.083288] pci 0000:00:15.4: BAR 13: failed to assign [io  size 0x1000]\n[    2.083290] pci 0000:00:15.5: BAR 13: no space for [io  size 0x1000]\n[    2.083291] pci 0000:00:15.5: BAR 13: failed to assign [io  size 0x1000]\n[    2.083293] pci 0000:00:15.6: BAR 13: no space for [io  size 0x1000]\n[    2.083294] pci 0000:00:15.6: BAR 13: failed to assign [io  size 0x1000]\n[    2.083296] pci 0000:00:15.7: BAR 13: no space for [io  size 0x1000]\n[    2.083297] pci 0000:00:15.7: BAR 13: failed to assign [io  size 0x1000]\n[    2.083299] pci 0000:00:16.3: BAR 13: no space for [io  size 0x1000]\n[    2.083300] pci 0000:00:16.3: BAR 13: failed to assign [io  size 0x1000]\n[    2.083302] pci 0000:00:16.4: BAR 13: no space for [io  size 0x1000]\n[    2.083304] pci 0000:00:16.4: BAR 13: failed to assign [io  size 0x1000]\n[    2.083306] pci 0000:00:16.5: BAR 13: no space for [io  size 0x1000]\n[    2.083307] pci 0000:00:16.5: BAR 13: failed to assign [io  size 0x1000]\n[    2.083309] pci 0000:00:16.6: BAR 13: no space for [io  size 0x1000]\n[    2.083310] pci 0000:00:16.6: BAR 13: failed to assign [io  size 0x1000]\n[    2.083312] pci 0000:00:16.7: BAR 13: no space for [io  size 0x1000]\n[    2.083313] pci 0000:00:16.7: BAR 13: failed to assign [io  size 0x1000]\n[    2.083315] pci 0000:00:17.3: BAR 13: no space for [io  size 0x1000]\n[    2.083316] pci 0000:00:17.3: BAR 13: failed to assign [io  size 0x1000]\n[    2.083318] pci 0000:00:17.4: BAR 13: no space for [io  size 0x1000]\n[    2.083319] pci 0000:00:17.4: BAR 13: failed to assign [io  size 0x1000]\n[    2.083321] pci 0000:00:17.5: BAR 13: no space for [io  size 0x1000]\n[    2.083323] pci 0000:00:17.5: BAR 13: failed to assign [io  size 0x1000]\n[    2.083324] pci 0000:00:17.6: BAR 13: no space for [io  size 0x1000]\n[    2.083326] pci 0000:00:17.6: BAR 13: failed to assign [io  size 0x1000]\n[    2.083328] pci 0000:00:17.7: BAR 13: no space for [io  size 0x1000]\n[    2.083329] pci 0000:00:17.7: BAR 13: failed to assign [io  size 0x1000]\n[    2.083331] pci 0000:00:18.2: BAR 13: no space for [io  size 0x1000]\n[    2.083332] pci 0000:00:18.2: BAR 13: failed to assign [io  size 0x1000]\n[    2.083334] pci 0000:00:18.3: BAR 13: no space for [io  size 0x1000]\n[    2.083335] pci 0000:00:18.3: BAR 13: failed to assign [io  size 0x1000]\n[    2.083337] pci 0000:00:18.4: BAR 13: no space for [io  size 0x1000]\n[    2.083338] pci 0000:00:18.4: BAR 13: failed to assign [io  size 0x1000]\n[    2.083340] pci 0000:00:18.5: BAR 13: no space for [io  size 0x1000]\n[    2.083341] pci 0000:00:18.5: BAR 13: failed to assign [io  size 0x1000]\n[    2.083343] pci 0000:00:18.6: BAR 13: no space for [io  size 0x1000]\n[    2.083345] pci 0000:00:18.6: BAR 13: failed to assign [io  size 0x1000]\n[    2.083346] pci 0000:00:18.7: BAR 13: no space for [io  size 0x1000]\n[    2.083348] pci 0000:00:18.7: BAR 13: failed to assign [io  size 0x1000]\n[    2.083351] pci 0000:00:18.7: BAR 13: no space for [io  size 0x1000]\n[    2.083353] pci 0000:00:18.7: BAR 13: failed to assign [io  size 0x1000]\n[    2.083355] pci 0000:00:18.6: BAR 13: no space for [io  size 0x1000]\n[    2.083356] pci 0000:00:18.6: BAR 13: failed to assign [io  size 0x1000]\n[    2.083358] pci 0000:00:18.5: BAR 13: no space for [io  size 0x1000]\n[    2.083359] pci 0000:00:18.5: BAR 13: failed to assign [io  size 0x1000]\n[    2.083361] pci 0000:00:18.4: BAR 13: no space for [io  size 0x1000]\n[    2.083362] pci 0000:00:18.4: BAR 13: failed to assign [io  size 0x1000]\n[    2.083364] pci 0000:00:18.3: BAR 13: no space for [io  size 0x1000]\n[    2.083365] pci 0000:00:18.3: BAR 13: failed to assign [io  size 0x1000]\n[    2.083367] pci 0000:00:18.2: BAR 13: no space for [io  size 0x1000]\n[    2.083369] pci 0000:00:18.2: BAR 13: failed to assign [io  size 0x1000]\n[    2.083370] pci 0000:00:17.7: BAR 13: no space for [io  size 0x1000]\n[    2.083372] pci 0000:00:17.7: BAR 13: failed to assign [io  size 0x1000]\n[    2.083374] pci 0000:00:17.6: BAR 13: no space for [io  size 0x1000]\n[    2.083375] pci 0000:00:17.6: BAR 13: failed to assign [io  size 0x1000]\n[    2.083377] pci 0000:00:17.5: BAR 13: no space for [io  size 0x1000]\n[    2.083378] pci 0000:00:17.5: BAR 13: failed to assign [io  size 0x1000]\n[    2.083380] pci 0000:00:17.4: BAR 13: no space for [io  size 0x1000]\n[    2.083381] pci 0000:00:17.4: BAR 13: failed to assign [io  size 0x1000]\n[    2.083383] pci 0000:00:17.3: BAR 13: no space for [io  size 0x1000]\n[    2.083384] pci 0000:00:17.3: BAR 13: failed to assign [io  size 0x1000]\n[    2.083386] pci 0000:00:16.7: BAR 13: no space for [io  size 0x1000]\n[    2.083388] pci 0000:00:16.7: BAR 13: failed to assign [io  size 0x1000]\n[    2.083389] pci 0000:00:16.6: BAR 13: no space for [io  size 0x1000]\n[    2.083391] pci 0000:00:16.6: BAR 13: failed to assign [io  size 0x1000]\n[    2.083393] pci 0000:00:16.5: BAR 13: no space for [io  size 0x1000]\n[    2.083394] pci 0000:00:16.5: BAR 13: failed to assign [io  size 0x1000]\n[    2.083396] pci 0000:00:16.4: BAR 13: no space for [io  size 0x1000]\n[    2.083397] pci 0000:00:16.4: BAR 13: failed to assign [io  size 0x1000]\n[    2.083399] pci 0000:00:16.3: BAR 13: no space for [io  size 0x1000]\n[    2.083400] pci 0000:00:16.3: BAR 13: failed to assign [io  size 0x1000]\n[    2.083402] pci 0000:00:15.7: BAR 13: no space for [io  size 0x1000]\n[    2.083403] pci 0000:00:15.7: BAR 13: failed to assign [io  size 0x1000]\n[    2.083405] pci 0000:00:15.6: BAR 13: no space for [io  size 0x1000]\n[    2.083407] pci 0000:00:15.6: BAR 13: failed to assign [io  size 0x1000]\n[    2.083408] pci 0000:00:15.5: BAR 13: no space for [io  size 0x1000]\n[    2.083410] pci 0000:00:15.5: BAR 13: failed to assign [io  size 0x1000]\n[    2.083412] pci 0000:00:15.4: BAR 13: no space for [io  size 0x1000]\n[    2.083413] pci 0000:00:15.4: BAR 13: failed to assign [io  size 0x1000]\n[    2.083415] pci 0000:00:15.3: BAR 13: no space for [io  size 0x1000]\n[    2.083416] pci 0000:00:15.3: BAR 13: failed to assign [io  size 0x1000]\n[    2.083418] pci 0000:00:01.0: PCI bridge to [bus 01]\n[    2.083591] pci 0000:02:01.0: BAR 6: assigned [mem 0xfd500000-0xfd50ffff pref]\n[    2.083593] pci 0000:00:11.0: PCI bridge to [bus 02]\n[    2.083610] pci 0000:00:11.0:   bridge window [io  0x2000-0x3fff]\n[    2.083652] pci 0000:00:11.0:   bridge window [mem 0xfd500000-0xfdffffff]\n[    2.083681] pci 0000:00:11.0:   bridge window [mem 0xe7b00000-0xe7ffffff 64bit pref]\n[    2.083735] pci 0000:00:15.0: PCI bridge to [bus 03]\n[    2.083751] pci 0000:00:15.0:   bridge window [io  0x4000-0x4fff]\n[    2.083792] pci 0000:00:15.0:   bridge window [mem 0xfd400000-0xfd4fffff]\n[    2.083820] pci 0000:00:15.0:   bridge window [mem 0xe7a00000-0xe7afffff 64bit pref]\n[    2.083911] pci 0000:00:15.1: PCI bridge to [bus 04]\n[    2.083926] pci 0000:00:15.1:   bridge window [io  0x8000-0x8fff]\n[    2.083967] pci 0000:00:15.1:   bridge window [mem 0xfd000000-0xfd0fffff]\n[    2.083995] pci 0000:00:15.1:   bridge window [mem 0xe7600000-0xe76fffff 64bit pref]\n[    2.084062] pci 0000:00:15.2: PCI bridge to [bus 05]\n[    2.084078] pci 0000:00:15.2:   bridge window [io  0xc000-0xcfff]\n[    2.084123] pci 0000:00:15.2:   bridge window [mem 0xfcc00000-0xfccfffff]\n[    2.084156] pci 0000:00:15.2:   bridge window [mem 0xe7200000-0xe72fffff 64bit pref]\n[    2.084321] pci 0000:00:15.3: PCI bridge to [bus 06]\n[    2.084363] pci 0000:00:15.3:   bridge window [mem 0xfc800000-0xfc8fffff]\n[    2.084391] pci 0000:00:15.3:   bridge window [mem 0xe6e00000-0xe6efffff 64bit pref]\n[    2.084459] pci 0000:00:15.4: PCI bridge to [bus 07]\n[    2.084501] pci 0000:00:15.4:   bridge window [mem 0xfc400000-0xfc4fffff]\n[    2.084529] pci 0000:00:15.4:   bridge window [mem 0xe6a00000-0xe6afffff 64bit pref]\n[    2.084596] pci 0000:00:15.5: PCI bridge to [bus 08]\n[    2.084638] pci 0000:00:15.5:   bridge window [mem 0xfc000000-0xfc0fffff]\n[    2.084666] pci 0000:00:15.5:   bridge window [mem 0xe6600000-0xe66fffff 64bit pref]\n[    2.084734] pci 0000:00:15.6: PCI bridge to [bus 09]\n[    2.084775] pci 0000:00:15.6:   bridge window [mem 0xfbc00000-0xfbcfffff]\n[    2.084803] pci 0000:00:15.6:   bridge window [mem 0xe6200000-0xe62fffff 64bit pref]\n[    2.084871] pci 0000:00:15.7: PCI bridge to [bus 0a]\n[    2.084913] pci 0000:00:15.7:   bridge window [mem 0xfb800000-0xfb8fffff]\n[    2.084941] pci 0000:00:15.7:   bridge window [mem 0xe5e00000-0xe5efffff 64bit pref]\n[    2.085008] pci 0000:00:16.0: PCI bridge to [bus 0b]\n[    2.085026] pci 0000:00:16.0:   bridge window [io  0x5000-0x5fff]\n[    2.085075] pci 0000:00:16.0:   bridge window [mem 0xfd300000-0xfd3fffff]\n[    2.085108] pci 0000:00:16.0:   bridge window [mem 0xe7900000-0xe79fffff 64bit pref]\n[    2.085188] pci 0000:00:16.1: PCI bridge to [bus 0c]\n[    2.085213] pci 0000:00:16.1:   bridge window [io  0x9000-0x9fff]\n[    2.085345] pci 0000:00:16.1:   bridge window [mem 0xfcf00000-0xfcffffff]\n[    2.085379] pci 0000:00:16.1:   bridge window [mem 0xe7500000-0xe75fffff 64bit pref]\n[    2.085460] pci 0000:00:16.2: PCI bridge to [bus 0d]\n[    2.085479] pci 0000:00:16.2:   bridge window [io  0xd000-0xdfff]\n[    2.085528] pci 0000:00:16.2:   bridge window [mem 0xfcb00000-0xfcbfffff]\n[    2.085561] pci 0000:00:16.2:   bridge window [mem 0xe7100000-0xe71fffff 64bit pref]\n[    2.085643] pci 0000:00:16.3: PCI bridge to [bus 0e]\n[    2.085684] pci 0000:00:16.3:   bridge window [mem 0xfc700000-0xfc7fffff]\n[    2.085712] pci 0000:00:16.3:   bridge window [mem 0xe6d00000-0xe6dfffff 64bit pref]\n[    2.085780] pci 0000:00:16.4: PCI bridge to [bus 0f]\n[    2.085821] pci 0000:00:16.4:   bridge window [mem 0xfc300000-0xfc3fffff]\n[    2.085849] pci 0000:00:16.4:   bridge window [mem 0xe6900000-0xe69fffff 64bit pref]\n[    2.085916] pci 0000:00:16.5: PCI bridge to [bus 10]\n[    2.085958] pci 0000:00:16.5:   bridge window [mem 0xfbf00000-0xfbffffff]\n[    2.085986] pci 0000:00:16.5:   bridge window [mem 0xe6500000-0xe65fffff 64bit pref]\n[    2.086168] pci 0000:00:16.6: PCI bridge to [bus 11]\n[    2.086237] pci 0000:00:16.6:   bridge window [mem 0xfbb00000-0xfbbfffff]\n[    2.086276] pci 0000:00:16.6:   bridge window [mem 0xe6100000-0xe61fffff 64bit pref]\n[    2.086382] pci 0000:00:16.7: PCI bridge to [bus 12]\n[    2.086440] pci 0000:00:16.7:   bridge window [mem 0xfb700000-0xfb7fffff]\n[    2.086475] pci 0000:00:16.7:   bridge window [mem 0xe5d00000-0xe5dfffff 64bit pref]\n[    2.086563] pci 0000:00:17.0: PCI bridge to [bus 13]\n[    2.086582] pci 0000:00:17.0:   bridge window [io  0x6000-0x6fff]\n[    2.086631] pci 0000:00:17.0:   bridge window [mem 0xfd200000-0xfd2fffff]\n[    2.086664] pci 0000:00:17.0:   bridge window [mem 0xe7800000-0xe78fffff 64bit pref]\n[    2.086748] pci 0000:00:17.1: PCI bridge to [bus 14]\n[    2.086766] pci 0000:00:17.1:   bridge window [io  0xa000-0xafff]\n[    2.086813] pci 0000:00:17.1:   bridge window [mem 0xfce00000-0xfcefffff]\n[    2.086845] pci 0000:00:17.1:   bridge window [mem 0xe7400000-0xe74fffff 64bit pref]\n[    2.086928] pci 0000:00:17.2: PCI bridge to [bus 15]\n[    2.086948] pci 0000:00:17.2:   bridge window [io  0xe000-0xefff]\n[    2.087089] pci 0000:00:17.2:   bridge window [mem 0xfca00000-0xfcafffff]\n[    2.087121] pci 0000:00:17.2:   bridge window [mem 0xe7000000-0xe70fffff 64bit pref]\n[    2.087193] pci 0000:00:17.3: PCI bridge to [bus 16]\n[    2.087236] pci 0000:00:17.3:   bridge window [mem 0xfc600000-0xfc6fffff]\n[    2.087265] pci 0000:00:17.3:   bridge window [mem 0xe6c00000-0xe6cfffff 64bit pref]\n[    2.087334] pci 0000:00:17.4: PCI bridge to [bus 17]\n[    2.087377] pci 0000:00:17.4:   bridge window [mem 0xfc200000-0xfc2fffff]\n[    2.087405] pci 0000:00:17.4:   bridge window [mem 0xe6800000-0xe68fffff 64bit pref]\n[    2.087476] pci 0000:00:17.5: PCI bridge to [bus 18]\n[    2.087521] pci 0000:00:17.5:   bridge window [mem 0xfbe00000-0xfbefffff]\n[    2.087554] pci 0000:00:17.5:   bridge window [mem 0xe6400000-0xe64fffff 64bit pref]\n[    2.087641] pci 0000:00:17.6: PCI bridge to [bus 19]\n[    2.087691] pci 0000:00:17.6:   bridge window [mem 0xfba00000-0xfbafffff]\n[    2.087726] pci 0000:00:17.6:   bridge window [mem 0xe6000000-0xe60fffff 64bit pref]\n[    2.087803] pci 0000:00:17.7: PCI bridge to [bus 1a]\n[    2.087846] pci 0000:00:17.7:   bridge window [mem 0xfb600000-0xfb6fffff]\n[    2.087875] pci 0000:00:17.7:   bridge window [mem 0xe5c00000-0xe5cfffff 64bit pref]\n[    2.087944] pci 0000:00:18.0: PCI bridge to [bus 1b]\n[    2.087961] pci 0000:00:18.0:   bridge window [io  0x7000-0x7fff]\n[    2.088003] pci 0000:00:18.0:   bridge window [mem 0xfd100000-0xfd1fffff]\n[    2.088036] pci 0000:00:18.0:   bridge window [mem 0xe7700000-0xe77fffff 64bit pref]\n[    2.088112] pci 0000:00:18.1: PCI bridge to [bus 1c]\n[    2.088129] pci 0000:00:18.1:   bridge window [io  0xb000-0xbfff]\n[    2.088173] pci 0000:00:18.1:   bridge window [mem 0xfcd00000-0xfcdfffff]\n[    2.088202] pci 0000:00:18.1:   bridge window [mem 0xe7300000-0xe73fffff 64bit pref]\n[    2.088274] pci 0000:00:18.2: PCI bridge to [bus 1d]\n[    2.088319] pci 0000:00:18.2:   bridge window [mem 0xfc900000-0xfc9fffff]\n[    2.088350] pci 0000:00:18.2:   bridge window [mem 0xe6f00000-0xe6ffffff 64bit pref]\n[    2.088424] pci 0000:00:18.3: PCI bridge to [bus 1e]\n[    2.088467] pci 0000:00:18.3:   bridge window [mem 0xfc500000-0xfc5fffff]\n[    2.088499] pci 0000:00:18.3:   bridge window [mem 0xe6b00000-0xe6bfffff 64bit pref]\n[    2.088574] pci 0000:00:18.4: PCI bridge to [bus 1f]\n[    2.088758] pci 0000:00:18.4:   bridge window [mem 0xfc100000-0xfc1fffff]\n[    2.088795] pci 0000:00:18.4:   bridge window [mem 0xe6700000-0xe67fffff 64bit pref]\n[    2.088879] pci 0000:00:18.5: PCI bridge to [bus 20]\n[    2.088926] pci 0000:00:18.5:   bridge window [mem 0xfbd00000-0xfbdfffff]\n[    2.088956] pci 0000:00:18.5:   bridge window [mem 0xe6300000-0xe63fffff 64bit pref]\n[    2.089034] pci 0000:00:18.6: PCI bridge to [bus 21]\n[    2.089087] pci 0000:00:18.6:   bridge window [mem 0xfb900000-0xfb9fffff]\n[    2.089128] pci 0000:00:18.6:   bridge window [mem 0xe5f00000-0xe5ffffff 64bit pref]\n[    2.089217] pci 0000:00:18.7: PCI bridge to [bus 22]\n[    2.089276] pci 0000:00:18.7:   bridge window [mem 0xfb500000-0xfb5fffff]\n[    2.089317] pci 0000:00:18.7:   bridge window [mem 0xe5b00000-0xe5bfffff 64bit pref]\n[    2.089408] pci_bus 0000:00: resource 4 [mem 0x000a0000-0x000bffff window]\n[    2.089410] pci_bus 0000:00: resource 5 [mem 0x000cc000-0x000cffff window]\n[    2.089411] pci_bus 0000:00: resource 6 [mem 0x000d0000-0x000d3fff window]\n[    2.089413] pci_bus 0000:00: resource 7 [mem 0x000d4000-0x000d7fff window]\n[    2.089415] pci_bus 0000:00: resource 8 [mem 0x000d8000-0x000dbfff window]\n[    2.089417] pci_bus 0000:00: resource 9 [mem 0xc0000000-0xfebfffff window]\n[    2.089418] pci_bus 0000:00: resource 10 [io  0x0000-0x0cf7 window]\n[    2.089420] pci_bus 0000:00: resource 11 [io  0x0d00-0xfeff window]\n[    2.089424] pci_bus 0000:02: resource 0 [io  0x2000-0x3fff]\n[    2.089425] pci_bus 0000:02: resource 1 [mem 0xfd500000-0xfdffffff]\n[    2.089427] pci_bus 0000:02: resource 2 [mem 0xe7b00000-0xe7ffffff 64bit pref]\n[    2.089428] pci_bus 0000:02: resource 4 [mem 0x000a0000-0x000bffff window]\n[    2.089430] pci_bus 0000:02: resource 5 [mem 0x000cc000-0x000cffff window]\n[    2.089432] pci_bus 0000:02: resource 6 [mem 0x000d0000-0x000d3fff window]\n[    2.089433] pci_bus 0000:02: resource 7 [mem 0x000d4000-0x000d7fff window]\n[    2.089435] pci_bus 0000:02: resource 8 [mem 0x000d8000-0x000dbfff window]\n[    2.089437] pci_bus 0000:02: resource 9 [mem 0xc0000000-0xfebfffff window]\n[    2.089438] pci_bus 0000:02: resource 10 [io  0x0000-0x0cf7 window]\n[    2.089440] pci_bus 0000:02: resource 11 [io  0x0d00-0xfeff window]\n[    2.089442] pci_bus 0000:03: resource 0 [io  0x4000-0x4fff]\n[    2.089444] pci_bus 0000:03: resource 1 [mem 0xfd400000-0xfd4fffff]\n[    2.089446] pci_bus 0000:03: resource 2 [mem 0xe7a00000-0xe7afffff 64bit pref]\n[    2.089448] pci_bus 0000:04: resource 0 [io  0x8000-0x8fff]\n[    2.089450] pci_bus 0000:04: resource 1 [mem 0xfd000000-0xfd0fffff]\n[    2.089452] pci_bus 0000:04: resource 2 [mem 0xe7600000-0xe76fffff 64bit pref]\n[    2.089453] pci_bus 0000:05: resource 0 [io  0xc000-0xcfff]\n[    2.089455] pci_bus 0000:05: resource 1 [mem 0xfcc00000-0xfccfffff]\n[    2.089457] pci_bus 0000:05: resource 2 [mem 0xe7200000-0xe72fffff 64bit pref]\n[    2.089459] pci_bus 0000:06: resource 1 [mem 0xfc800000-0xfc8fffff]\n[    2.089460] pci_bus 0000:06: resource 2 [mem 0xe6e00000-0xe6efffff 64bit pref]\n[    2.089462] pci_bus 0000:07: resource 1 [mem 0xfc400000-0xfc4fffff]\n[    2.089464] pci_bus 0000:07: resource 2 [mem 0xe6a00000-0xe6afffff 64bit pref]\n[    2.089466] pci_bus 0000:08: resource 1 [mem 0xfc000000-0xfc0fffff]\n[    2.089467] pci_bus 0000:08: resource 2 [mem 0xe6600000-0xe66fffff 64bit pref]\n[    2.089470] pci_bus 0000:09: resource 1 [mem 0xfbc00000-0xfbcfffff]\n[    2.089471] pci_bus 0000:09: resource 2 [mem 0xe6200000-0xe62fffff 64bit pref]\n[    2.089473] pci_bus 0000:0a: resource 1 [mem 0xfb800000-0xfb8fffff]\n[    2.089475] pci_bus 0000:0a: resource 2 [mem 0xe5e00000-0xe5efffff 64bit pref]\n[    2.089477] pci_bus 0000:0b: resource 0 [io  0x5000-0x5fff]\n[    2.089479] pci_bus 0000:0b: resource 1 [mem 0xfd300000-0xfd3fffff]\n[    2.089480] pci_bus 0000:0b: resource 2 [mem 0xe7900000-0xe79fffff 64bit pref]\n[    2.089482] pci_bus 0000:0c: resource 0 [io  0x9000-0x9fff]\n[    2.089484] pci_bus 0000:0c: resource 1 [mem 0xfcf00000-0xfcffffff]\n[    2.089486] pci_bus 0000:0c: resource 2 [mem 0xe7500000-0xe75fffff 64bit pref]\n[    2.089487] pci_bus 0000:0d: resource 0 [io  0xd000-0xdfff]\n[    2.089489] pci_bus 0000:0d: resource 1 [mem 0xfcb00000-0xfcbfffff]\n[    2.089491] pci_bus 0000:0d: resource 2 [mem 0xe7100000-0xe71fffff 64bit pref]\n[    2.089493] pci_bus 0000:0e: resource 1 [mem 0xfc700000-0xfc7fffff]\n[    2.089494] pci_bus 0000:0e: resource 2 [mem 0xe6d00000-0xe6dfffff 64bit pref]\n[    2.089497] pci_bus 0000:0f: resource 1 [mem 0xfc300000-0xfc3fffff]\n[    2.089498] pci_bus 0000:0f: resource 2 [mem 0xe6900000-0xe69fffff 64bit pref]\n[    2.089500] pci_bus 0000:10: resource 1 [mem 0xfbf00000-0xfbffffff]\n[    2.089502] pci_bus 0000:10: resource 2 [mem 0xe6500000-0xe65fffff 64bit pref]\n[    2.089503] pci_bus 0000:11: resource 1 [mem 0xfbb00000-0xfbbfffff]\n[    2.089505] pci_bus 0000:11: resource 2 [mem 0xe6100000-0xe61fffff 64bit pref]\n[    2.089507] pci_bus 0000:12: resource 1 [mem 0xfb700000-0xfb7fffff]\n[    2.089508] pci_bus 0000:12: resource 2 [mem 0xe5d00000-0xe5dfffff 64bit pref]\n[    2.089510] pci_bus 0000:13: resource 0 [io  0x6000-0x6fff]\n[    2.089512] pci_bus 0000:13: resource 1 [mem 0xfd200000-0xfd2fffff]\n[    2.089513] pci_bus 0000:13: resource 2 [mem 0xe7800000-0xe78fffff 64bit pref]\n[    2.089515] pci_bus 0000:14: resource 0 [io  0xa000-0xafff]\n[    2.089517] pci_bus 0000:14: resource 1 [mem 0xfce00000-0xfcefffff]\n[    2.089519] pci_bus 0000:14: resource 2 [mem 0xe7400000-0xe74fffff 64bit pref]\n[    2.089520] pci_bus 0000:15: resource 0 [io  0xe000-0xefff]\n[    2.089522] pci_bus 0000:15: resource 1 [mem 0xfca00000-0xfcafffff]\n[    2.089524] pci_bus 0000:15: resource 2 [mem 0xe7000000-0xe70fffff 64bit pref]\n[    2.089526] pci_bus 0000:16: resource 1 [mem 0xfc600000-0xfc6fffff]\n[    2.089527] pci_bus 0000:16: resource 2 [mem 0xe6c00000-0xe6cfffff 64bit pref]\n[    2.089529] pci_bus 0000:17: resource 1 [mem 0xfc200000-0xfc2fffff]\n[    2.089531] pci_bus 0000:17: resource 2 [mem 0xe6800000-0xe68fffff 64bit pref]\n[    2.089533] pci_bus 0000:18: resource 1 [mem 0xfbe00000-0xfbefffff]\n[    2.089535] pci_bus 0000:18: resource 2 [mem 0xe6400000-0xe64fffff 64bit pref]\n[    2.089536] pci_bus 0000:19: resource 1 [mem 0xfba00000-0xfbafffff]\n[    2.089538] pci_bus 0000:19: resource 2 [mem 0xe6000000-0xe60fffff 64bit pref]\n[    2.089540] pci_bus 0000:1a: resource 1 [mem 0xfb600000-0xfb6fffff]\n[    2.089542] pci_bus 0000:1a: resource 2 [mem 0xe5c00000-0xe5cfffff 64bit pref]\n[    2.089543] pci_bus 0000:1b: resource 0 [io  0x7000-0x7fff]\n[    2.089545] pci_bus 0000:1b: resource 1 [mem 0xfd100000-0xfd1fffff]\n[    2.089546] pci_bus 0000:1b: resource 2 [mem 0xe7700000-0xe77fffff 64bit pref]\n[    2.089548] pci_bus 0000:1c: resource 0 [io  0xb000-0xbfff]\n[    2.089550] pci_bus 0000:1c: resource 1 [mem 0xfcd00000-0xfcdfffff]\n[    2.089551] pci_bus 0000:1c: resource 2 [mem 0xe7300000-0xe73fffff 64bit pref]\n[    2.089553] pci_bus 0000:1d: resource 1 [mem 0xfc900000-0xfc9fffff]\n[    2.089555] pci_bus 0000:1d: resource 2 [mem 0xe6f00000-0xe6ffffff 64bit pref]\n[    2.089556] pci_bus 0000:1e: resource 1 [mem 0xfc500000-0xfc5fffff]\n[    2.089558] pci_bus 0000:1e: resource 2 [mem 0xe6b00000-0xe6bfffff 64bit pref]\n[    2.089560] pci_bus 0000:1f: resource 1 [mem 0xfc100000-0xfc1fffff]\n[    2.089562] pci_bus 0000:1f: resource 2 [mem 0xe6700000-0xe67fffff 64bit pref]\n[    2.089564] pci_bus 0000:20: resource 1 [mem 0xfbd00000-0xfbdfffff]\n[    2.089565] pci_bus 0000:20: resource 2 [mem 0xe6300000-0xe63fffff 64bit pref]\n[    2.089567] pci_bus 0000:21: resource 1 [mem 0xfb900000-0xfb9fffff]\n[    2.089569] pci_bus 0000:21: resource 2 [mem 0xe5f00000-0xe5ffffff 64bit pref]\n[    2.089571] pci_bus 0000:22: resource 1 [mem 0xfb500000-0xfb5fffff]\n[    2.089572] pci_bus 0000:22: resource 2 [mem 0xe5b00000-0xe5bfffff 64bit pref]\n[    2.089623] NET: Registered protocol family 2\n[    2.090100] TCP established hash table entries: 32768 (order: 6, 262144 bytes)\n[    2.090204] TCP bind hash table entries: 32768 (order: 7, 524288 bytes)\n[    2.090335] TCP: Hash tables configured (established 32768 bind 32768)\n[    2.090364] TCP: reno registered\n[    2.090378] UDP hash table entries: 2048 (order: 4, 65536 bytes)\n[    2.090405] UDP-Lite hash table entries: 2048 (order: 4, 65536 bytes)\n[    2.090744] NET: Registered protocol family 1\n[    2.090758] pci 0000:00:00.0: Limiting direct PCI/PCI transfers\n[    2.090842] pci 0000:00:0f.0: Boot video device\n[    2.092108] PCI: CLS mismatch (32 != 64), using 64 bytes\n[    2.092863] Unpacking initramfs...\n[    2.495385] Freeing initrd memory: 21108k freed\n[    2.497866] Simple Boot Flag at 0x36 set to 0x80\n[    2.498214] Switched to clocksource tsc\n[    2.499643] sha1_ssse3: Using SHA-NI optimized SHA-1 implementation\n[    2.499929] sha256_ssse3: Using SHA-256-NI optimized SHA-256 implementation\n[    2.502508] futex hash table entries: 32768 (order: 9, 2097152 bytes)\n[    2.508428] Initialise system trusted keyring\n[    2.508538] audit: initializing netlink socket (disabled)\n[    2.508548] type=2000 audit(1640769419.890:1): initialized\n[    2.532407] HugeTLB registered 1 GB page size, pre-allocated 0 pages\n[    2.532410] HugeTLB registered 2 MB page size, pre-allocated 0 pages\n[    2.534414] zpool: loaded\n[    2.534417] zbud: loaded\n[    2.534798] VFS: Disk quotas dquot_6.5.2\n[    2.534851] Dquot-cache hash table entries: 512 (order 0, 4096 bytes)\n[    2.535409] Key type big_key registered\n[    2.535412] SELinux:  Registering netfilter hooks\n[    2.544205] NET: Registered protocol family 38\n[    2.544210] Key type asymmetric registered\n[    2.544213] Asymmetric key parser 'x509' registered\n[    2.544242] Block layer SCSI generic (bsg) driver version 0.4 loaded (major 248)\n[    2.544547] io scheduler noop registered\n[    2.544549] io scheduler deadline registered (default)\n[    2.544568] io scheduler cfq registered\n[    2.544571] io scheduler mq-deadline registered\n[    2.544577] io scheduler kyber registered\n[    2.545084] pcieport 0000:00:15.0: irq 24 for MSI/MSI-X\n[    2.546117] pcieport 0000:00:15.1: irq 25 for MSI/MSI-X\n[    2.547009] pcieport 0000:00:15.2: irq 26 for MSI/MSI-X\n[    2.548038] pcieport 0000:00:15.3: irq 27 for MSI/MSI-X\n[    2.549666] pcieport 0000:00:15.4: irq 28 for MSI/MSI-X\n[    2.551073] pcieport 0000:00:15.5: irq 29 for MSI/MSI-X\n[    2.552441] pcieport 0000:00:15.6: irq 30 for MSI/MSI-X\n[    2.553847] pcieport 0000:00:15.7: irq 31 for MSI/MSI-X\n[    2.554554] pcieport 0000:00:16.0: irq 32 for MSI/MSI-X\n[    2.555381] pcieport 0000:00:16.1: irq 33 for MSI/MSI-X\n[    2.556335] pcieport 0000:00:16.2: irq 34 for MSI/MSI-X\n[    2.557726] pcieport 0000:00:16.3: irq 35 for MSI/MSI-X\n[    2.559068] pcieport 0000:00:16.4: irq 36 for MSI/MSI-X\n[    2.560664] pcieport 0000:00:16.5: irq 37 for MSI/MSI-X\n[    2.561824] pcieport 0000:00:16.6: irq 38 for MSI/MSI-X\n[    2.562800] pcieport 0000:00:16.7: irq 39 for MSI/MSI-X\n[    2.564141] pcieport 0000:00:17.0: irq 40 for MSI/MSI-X\n[    2.565091] pcieport 0000:00:17.1: irq 41 for MSI/MSI-X\n[    2.566080] pcieport 0000:00:17.2: irq 42 for MSI/MSI-X\n[    2.566988] pcieport 0000:00:17.3: irq 43 for MSI/MSI-X\n[    2.567860] pcieport 0000:00:17.4: irq 44 for MSI/MSI-X\n[    2.568809] pcieport 0000:00:17.5: irq 45 for MSI/MSI-X\n[    2.569720] pcieport 0000:00:17.6: irq 46 for MSI/MSI-X\n[    2.570656] pcieport 0000:00:17.7: irq 47 for MSI/MSI-X\n[    2.571558] pcieport 0000:00:18.0: irq 48 for MSI/MSI-X\n[    2.572507] pcieport 0000:00:18.1: irq 49 for MSI/MSI-X\n[    2.573439] pcieport 0000:00:18.2: irq 50 for MSI/MSI-X\n[    2.574359] pcieport 0000:00:18.3: irq 51 for MSI/MSI-X\n[    2.575130] pcieport 0000:00:18.4: irq 52 for MSI/MSI-X\n[    2.575948] pcieport 0000:00:18.5: irq 53 for MSI/MSI-X\n[    2.576844] pcieport 0000:00:18.6: irq 54 for MSI/MSI-X\n[    2.577715] pcieport 0000:00:18.7: irq 55 for MSI/MSI-X\n[    2.578430] pcieport 0000:00:15.0: Signaling PME through PCIe PME interrupt\n[    2.578459] pcie_pme 0000:00:15.0:pcie001: service driver pcie_pme loaded\n[    2.578606] pcieport 0000:00:15.1: Signaling PME through PCIe PME interrupt\n[    2.578634] pcie_pme 0000:00:15.1:pcie001: service driver pcie_pme loaded\n[    2.578784] pcieport 0000:00:15.2: Signaling PME through PCIe PME interrupt\n[    2.578812] pcie_pme 0000:00:15.2:pcie001: service driver pcie_pme loaded\n[    2.578967] pcieport 0000:00:15.3: Signaling PME through PCIe PME interrupt\n[    2.578996] pcie_pme 0000:00:15.3:pcie001: service driver pcie_pme loaded\n[    2.579144] pcieport 0000:00:15.4: Signaling PME through PCIe PME interrupt\n[    2.579173] pcie_pme 0000:00:15.4:pcie001: service driver pcie_pme loaded\n[    2.579431] pcieport 0000:00:15.5: Signaling PME through PCIe PME interrupt\n[    2.579463] pcie_pme 0000:00:15.5:pcie001: service driver pcie_pme loaded\n[    2.579637] pcieport 0000:00:15.6: Signaling PME through PCIe PME interrupt\n[    2.579667] pcie_pme 0000:00:15.6:pcie001: service driver pcie_pme loaded\n[    2.579814] pcieport 0000:00:15.7: Signaling PME through PCIe PME interrupt\n[    2.579842] pcie_pme 0000:00:15.7:pcie001: service driver pcie_pme loaded\n[    2.579993] pcieport 0000:00:16.0: Signaling PME through PCIe PME interrupt\n[    2.580022] pcie_pme 0000:00:16.0:pcie001: service driver pcie_pme loaded\n[    2.580182] pcieport 0000:00:16.1: Signaling PME through PCIe PME interrupt\n[    2.580212] pcie_pme 0000:00:16.1:pcie001: service driver pcie_pme loaded\n[    2.580448] pcieport 0000:00:16.2: Signaling PME through PCIe PME interrupt\n[    2.580479] pcie_pme 0000:00:16.2:pcie001: service driver pcie_pme loaded\n[    2.580641] pcieport 0000:00:16.3: Signaling PME through PCIe PME interrupt\n[    2.580671] pcie_pme 0000:00:16.3:pcie001: service driver pcie_pme loaded\n[    2.580839] pcieport 0000:00:16.4: Signaling PME through PCIe PME interrupt\n[    2.580870] pcie_pme 0000:00:16.4:pcie001: service driver pci