{"bootlog":{"path":"/var/log/boot.log","content":null,"err":""},"dmesg":["[    0.000000] Initializing cgroup subsys cpuset","[    0.000000] Initializing cgroup subsys cpu","[    0.000000] Initializing cgroup subsys cpuacct","[    0.000000] Linux version 3.10.0-1160.el7.x86_64 (mockbuild@kbuilder.bsys.centos.org) (gcc version 4.8.5 20150623 (Red Hat 4.8.5-44) (GCC) ) #1 SMP Mon Oct 19 16:18:59 UTC 2020","[    0.000000] Command line: BOOT_IMAGE=/vmlinuz-3.10.0-1160.el7.x86_64 root=/dev/mapper/centos-root ro crashkernel=auto rd.lvm.lv=centos/root rd.lvm.lv=centos/swap rhgb quiet LANG=en_US.UTF-8","[    0.000000] e820: BIOS-provided physical RAM map:","[    0.000000] BIOS-e820: [mem 0x0000000000000000-0x000000000009ebff] usable","[    0.000000] BIOS-e820: [mem 0x000000000009ec00-0x000000000009ffff] reserved","[    0.000000] BIOS-e820: [mem 0x00000000000dc000-0x00000000000fffff] reserved","[    0.000000] BIOS-e820: [mem 0x0000000000100000-0x00000000bfecffff] usable","[    0.000000] BIOS-e820: [mem 0x00000000bfed0000-0x00000000bfefefff] ACPI data","[    0.000000] BIOS-e820: [mem 0x00000000bfeff000-0x00000000bfefffff] ACPI NVS","[    0.000000] BIOS-e820: [mem 0x00000000bff00000-0x00000000bfffffff] usable","[    0.000000] BIOS-e820: [mem 0x00000000f0000000-0x00000000f7ffffff] reserved","[    0.000000] BIOS-e820: [mem 0x00000000fec00000-0x00000000fec0ffff] reserved","[    0.000000] BIOS-e820: [mem 0x00000000fee00000-0x00000000fee00fff] reserved","[    0.000000] BIOS-e820: [mem 0x00000000fffe0000-0x00000000ffffffff] reserved","[    0.000000] BIOS-e820: [mem 0x0000000100000000-0x000000013fffffff] usable","[    0.000000] NX (Execute Disable) protection: active","[    0.000000] SMBIOS 2.7 present.","[    0.000000] DMI: VMware, Inc. VMware Virtual Platform/440BX Desktop Reference Platform, BIOS 6.00 11/12/2020","[    0.000000] Hypervisor detected: VMware","[    0.000000] vmware: TSC freq read from hypervisor : 3110.402 MHz","[    0.000000] vmware: Host bus clock speed read from hypervisor : 66000000 Hz","[    0.000000] vmware: using sched offset of 4913513800 ns","[    0.000000] e820: update [mem 0x00000000-0x00000fff] usable ==\u003e reserved","[    0.000000] e820: remove [mem 0x000a0000-0x000fffff] usable","[    0.000000] e820: last_pfn = 0x140000 max_arch_pfn = 0x400000000","[    0.000000] MTRR default type: uncachable","[    0.000000] MTRR fixed ranges enabled:","[    0.000000]   00000-9FFFF write-back","[    0.000000]   A0000-BFFFF uncachable","[    0.000000]   C0000-CBFFF write-protect","[    0.000000]   CC000-EFFFF uncachable","[    0.000000]   F0000-FFFFF write-protect","[    0.000000] MTRR variable ranges enabled:","[    0.000000]   0 base 000000000000 mask 1FE000000000 write-back","[    0.000000]   1 base 0000C0000000 mask 1FFFC0000000 uncachable","[    0.000000]   2 disabled","[    0.000000]   3 disabled","[    0.000000]   4 disabled","[    0.000000]   5 disabled","[    0.000000]   6 disabled","[    0.000000]   7 disabled","[    0.000000] PAT configuration [0-7]: WB  WC  UC- UC  WB  WP  UC- UC","[    0.000000] original variable MTRRs","[    0.000000] reg 0, base: 0GB, range: 128GB, type WB","[    0.000000] reg 1, base: 3GB, range: 1GB, type UC","[    0.000000] total RAM covered: 130048M","[    0.000000] Found optimal setting for mtrr clean up","[    0.000000]  gran_size: 64K \tchunk_size: 128G \tnum_reg: 2  \tlose cover RAM: 0G","[    0.000000] New variable MTRRs","[    0.000000] reg 0, base: 0GB, range: 128GB, type WB","[    0.000000] reg 1, base: 3GB, range: 1GB, type UC","[    0.000000] e820: update [mem 0xc0000000-0xffffffff] usable ==\u003e reserved","[    0.000000] e820: last_pfn = 0xc0000 max_arch_pfn = 0x400000000","[    0.000000] found SMP MP-table at [mem 0x000f6a70-0x000f6a7f] mapped at [ffffffffff200a70]","[    0.000000] Base memory trampoline at [ffff98d480098000] 98000 size 24576","[    0.000000] Using GB pages for direct mapping","[    0.000000] BRK [0x1c075000, 0x1c075fff] PGTABLE","[    0.000000] BRK [0x1c076000, 0x1c076fff] PGTABLE","[    0.000000] BRK [0x1c077000, 0x1c077fff] PGTABLE","[    0.000000] BRK [0x1c078000, 0x1c078fff] PGTABLE","[    0.000000] RAMDISK: [mem 0x34327000-0x3618bfff]","[    0.000000] Early table checksum verification disabled","[    0.000000] ACPI: RSDP 00000000000f6a00 00024 (v02 PTLTD )","[    0.000000] ACPI: XSDT 00000000bfedc633 0005C (v01 INTEL  440BX    06040000 VMW  01324272)","[    0.000000] ACPI: FACP 00000000bfefee73 000F4 (v04 INTEL  440BX    06040000 PTL  000F4240)","[    0.000000] ACPI: DSDT 00000000bfedd9e8 2148B (v01 PTLTD  Custom   06040000 MSFT 03000001)","[    0.000000] ACPI: FACS 00000000bfefffc0 00040","[    0.000000] ACPI: BOOT 00000000bfedd9c0 00028 (v01 PTLTD  $SBFTBL$ 06040000  LTP 00000001)","[    0.000000] ACPI: APIC 00000000bfedd27e 00742 (v01 PTLTD  ? APIC   06040000  LTP 00000000)","[    0.000000] ACPI: MCFG 00000000bfedd242 0003C (v01 PTLTD  $PCITBL$ 06040000  LTP 00000001)","[    0.000000] ACPI: SRAT 00000000bfedc72f 008D0 (v02 VMWARE MEMPLUG  06040000 VMW  00000001)","[    0.000000] ACPI: HPET 00000000bfedc6f7 00038 (v01 VMWARE VMW HPET 06040000 VMW  00000001)","[    0.000000] ACPI: WAET 00000000bfedc6cf 00028 (v01 VMWARE VMW WAET 06040000 VMW  00000001)","[    0.000000] ACPI: Local APIC address 0xfee00000","[    0.000000] system APIC only can use physical flat","[    0.000000] Setting APIC routing to physical flat.","[    0.000000] SRAT: PXM 0 -\u003e APIC 0x00 -\u003e Node 0","[    0.000000] SRAT: PXM 0 -\u003e APIC 0x01 -\u003e Node 0","[    0.000000] SRAT: PXM 0 -\u003e APIC 0x02 -\u003e Node 0","[    0.000000] SRAT: PXM 0 -\u003e APIC 0x03 -\u003e Node 0","[    0.000000] SRAT: PXM 0 -\u003e APIC 0x04 -\u003e Node 0","[    0.000000] SRAT: PXM 0 -\u003e APIC 0x05 -\u003e Node 0","[    0.000000] SRAT: PXM 0 -\u003e APIC 0x06 -\u003e Node 0","[    0.000000] SRAT: PXM 0 -\u003e APIC 0x07 -\u003e Node 0","[    0.000000] SRAT: PXM 0 -\u003e APIC 0x08 -\u003e Node 0","[    0.000000] SRAT: PXM 0 -\u003e APIC 0x09 -\u003e Node 0","[    0.000000] SRAT: PXM 0 -\u003e APIC 0x0a -\u003e Node 0","[    0.000000] SRAT: PXM 0 -\u003e APIC 0x0b -\u003e Node 0","[    0.000000] SRAT: PXM 0 -\u003e APIC 0x0c -\u003e Node 0","[    0.000000] SRAT: PXM 0 -\u003e APIC 0x0d -\u003e Node 0","[    0.000000] SRAT: PXM 0 -\u003e APIC 0x0e -\u003e Node 0","[    0.000000] SRAT: PXM 0 -\u003e APIC 0x0f -\u003e Node 0","[    0.000000] SRAT: PXM 0 -\u003e APIC 0x10 -\u003e Node 0","[    0.000000] SRAT: PXM 0 -\u003e APIC 0x11 -\u003e Node 0","[    0.000000] SRAT: PXM 0 -\u003e APIC 0x12 -\u003e Node 0","[    0.000000] SRAT: PXM 0 -\u003e APIC 0x13 -\u003e Node 0","[    0.000000] SRAT: PXM 0 -\u003e APIC 0x14 -\u003e Node 0","[    0.000000] SRAT: PXM 0 -\u003e APIC 0x15 -\u003e Node 0","[    0.000000] SRAT: PXM 0 -\u003e APIC 0x16 -\u003e Node 0","[    0.000000] SRAT: PXM 0 -\u003e APIC 0x17 -\u003e Node 0","[    0.000000] SRAT: PXM 0 -\u003e APIC 0x18 -\u003e Node 0","[    0.000000] SRAT: PXM 0 -\u003e APIC 0x19 -\u003e Node 0","[    0.000000] SRAT: PXM 0 -\u003e APIC 0x1a -\u003e Node 0","[    0.000000] SRAT: PXM 0 -\u003e APIC 0x1b -\u003e Node 0","[    0.000000] SRAT: PXM 0 -\u003e APIC 0x1c -\u003e Node 0","[    0.000000] SRAT: PXM 0 -\u003e APIC 0x1d -\u003e Node 0","[    0.000000] SRAT: PXM 0 -\u003e APIC 0x1e -\u003e Node 0","[    0.000000] SRAT: PXM 0 -\u003e APIC 0x1f -\u003e Node 0","[    0.000000] SRAT: PXM 0 -\u003e APIC 0x20 -\u003e Node 0","[    0.000000] SRAT: PXM 0 -\u003e APIC 0x21 -\u003e Node 0","[    0.000000] SRAT: PXM 0 -\u003e APIC 0x22 -\u003e Node 0","[    0.000000] SRAT: PXM 0 -\u003e APIC 0x23 -\u003e Node 0","[    0.000000] SRAT: PXM 0 -\u003e APIC 0x24 -\u003e Node 0","[    0.000000] SRAT: PXM 0 -\u003e APIC 0x25 -\u003e Node 0","[    0.000000] SRAT: PXM 0 -\u003e APIC 0x26 -\u003e Node 0","[    0.000000] SRAT: PXM 0 -\u003e APIC 0x27 -\u003e Node 0","[    0.000000] SRAT: PXM 0 -\u003e APIC 0x28 -\u003e Node 0","[    0.000000] SRAT: PXM 0 -\u003e APIC 0x29 -\u003e Node 0","[    0.000000] SRAT: PXM 0 -\u003e APIC 0x2a -\u003e Node 0","[    0.000000] SRAT: PXM 0 -\u003e APIC 0x2b -\u003e Node 0","[    0.000000] SRAT: PXM 0 -\u003e APIC 0x2c -\u003e Node 0","[    0.000000] SRAT: PXM 0 -\u003e APIC 0x2d -\u003e Node 0","[    0.000000] SRAT: PXM 0 -\u003e APIC 0x2e -\u003e Node 0","[    0.000000] SRAT: PXM 0 -\u003e APIC 0x2f -\u003e Node 0","[    0.000000] SRAT: PXM 0 -\u003e APIC 0x30 -\u003e Node 0","[    0.000000] SRAT: PXM 0 -\u003e APIC 0x31 -\u003e Node 0","[    0.000000] SRAT: PXM 0 -\u003e APIC 0x32 -\u003e Node 0","[    0.000000] SRAT: PXM 0 -\u003e APIC 0x33 -\u003e Node 0","[    0.000000] SRAT: PXM 0 -\u003e APIC 0x34 -\u003e Node 0","[    0.000000] SRAT: PXM 0 -\u003e APIC 0x35 -\u003e Node 0","[    0.000000] SRAT: PXM 0 -\u003e APIC 0x36 -\u003e Node 0","[    0.000000] SRAT: PXM 0 -\u003e APIC 0x37 -\u003e Node 0","[    0.000000] SRAT: PXM 0 -\u003e APIC 0x38 -\u003e Node 0","[    0.000000] SRAT: PXM 0 -\u003e APIC 0x39 -\u003e Node 0","[    0.000000] SRAT: PXM 0 -\u003e APIC 0x3a -\u003e Node 0","[    0.000000] SRAT: PXM 0 -\u003e APIC 0x3b -\u003e Node 0","[    0.000000] SRAT: PXM 0 -\u003e APIC 0x3c -\u003e Node 0","[    0.000000] SRAT: PXM 0 -\u003e APIC 0x3d -\u003e Node 0","[    0.000000] SRAT: PXM 0 -\u003e APIC 0x3e -\u003e Node 0","[    0.000000] SRAT: PXM 0 -\u003e APIC 0x3f -\u003e Node 0","[    0.000000] SRAT: PXM 0 -\u003e APIC 0x40 -\u003e Node 0","[    0.000000] SRAT: PXM 0 -\u003e APIC 0x41 -\u003e Node 0","[    0.000000] SRAT: PXM 0 -\u003e APIC 0x42 -\u003e Node 0","[    0.000000] SRAT: PXM 0 -\u003e APIC 0x43 -\u003e Node 0","[    0.000000] SRAT: PXM 0 -\u003e APIC 0x44 -\u003e Node 0","[    0.000000] SRAT: PXM 0 -\u003e APIC 0x45 -\u003e Node 0","[    0.000000] SRAT: PXM 0 -\u003e APIC 0x46 -\u003e Node 0","[    0.000000] SRAT: PXM 0 -\u003e APIC 0x47 -\u003e Node 0","[    0.000000] SRAT: PXM 0 -\u003e APIC 0x48 -\u003e Node 0","[    0.000000] SRAT: PXM 0 -\u003e APIC 0x49 -\u003e Node 0","[    0.000000] SRAT: PXM 0 -\u003e APIC 0x4a -\u003e Node 0","[    0.000000] SRAT: PXM 0 -\u003e APIC 0x4b -\u003e Node 0","[    0.000000] SRAT: PXM 0 -\u003e APIC 0x4c -\u003e Node 0","[    0.000000] SRAT: PXM 0 -\u003e APIC 0x4d -\u003e Node 0","[    0.000000] SRAT: PXM 0 -\u003e APIC 0x4e -\u003e Node 0","[    0.000000] SRAT: PXM 0 -\u003e APIC 0x4f -\u003e Node 0","[    0.000000] SRAT: PXM 0 -\u003e APIC 0x50 -\u003e Node 0","[    0.000000] SRAT: PXM 0 -\u003e APIC 0x51 -\u003e Node 0","[    0.000000] SRAT: PXM 0 -\u003e APIC 0x52 -\u003e Node 0","[    0.000000] SRAT: PXM 0 -\u003e APIC 0x53 -\u003e Node 0","[    0.000000] SRAT: PXM 0 -\u003e APIC 0x54 -\u003e Node 0","[    0.000000] SRAT: PXM 0 -\u003e APIC 0x55 -\u003e Node 0","[    0.000000] SRAT: PXM 0 -\u003e APIC 0x56 -\u003e Node 0","[    0.000000] SRAT: PXM 0 -\u003e APIC 0x57 -\u003e Node 0","[    0.000000] SRAT: PXM 0 -\u003e APIC 0x58 -\u003e Node 0","[    0.000000] SRAT: PXM 0 -\u003e APIC 0x59 -\u003e Node 0","[    0.000000] SRAT: PXM 0 -\u003e APIC 0x5a -\u003e Node 0","[    0.000000] SRAT: PXM 0 -\u003e APIC 0x5b -\u003e Node 0","[    0.000000] SRAT: PXM 0 -\u003e APIC 0x5c -\u003e Node 0","[    0.000000] SRAT: PXM 0 -\u003e APIC 0x5d -\u003e Node 0","[    0.000000] SRAT: PXM 0 -\u003e APIC 0x5e -\u003e Node 0","[    0.000000] SRAT: PXM 0 -\u003e APIC 0x5f -\u003e Node 0","[    0.000000] SRAT: PXM 0 -\u003e APIC 0x60 -\u003e Node 0","[    0.000000] SRAT: PXM 0 -\u003e APIC 0x61 -\u003e Node 0","[    0.000000] SRAT: PXM 0 -\u003e APIC 0x62 -\u003e Node 0","[    0.000000] SRAT: PXM 0 -\u003e APIC 0x63 -\u003e Node 0","[    0.000000] SRAT: PXM 0 -\u003e APIC 0x64 -\u003e Node 0","[    0.000000] SRAT: PXM 0 -\u003e APIC 0x65 -\u003e Node 0","[    0.000000] SRAT: PXM 0 -\u003e APIC 0x66 -\u003e Node 0","[    0.000000] SRAT: PXM 0 -\u003e APIC 0x67 -\u003e Node 0","[    0.000000] SRAT: PXM 0 -\u003e APIC 0x68 -\u003e Node 0","[    0.000000] SRAT: PXM 0 -\u003e APIC 0x69 -\u003e Node 0","[    0.000000] SRAT: PXM 0 -\u003e APIC 0x6a -\u003e Node 0","[    0.000000] SRAT: PXM 0 -\u003e APIC 0x6b -\u003e Node 0","[    0.000000] SRAT: PXM 0 -\u003e APIC 0x6c -\u003e Node 0","[    0.000000] SRAT: PXM 0 -\u003e APIC 0x6d -\u003e Node 0","[    0.000000] SRAT: PXM 0 -\u003e APIC 0x6e -\u003e Node 0","[    0.000000] SRAT: PXM 0 -\u003e APIC 0x6f -\u003e Node 0","[    0.000000] SRAT: PXM 0 -\u003e APIC 0x70 -\u003e Node 0","[    0.000000] SRAT: PXM 0 -\u003e APIC 0x71 -\u003e Node 0","[    0.000000] SRAT: PXM 0 -\u003e APIC 0x72 -\u003e Node 0","[    0.000000] SRAT: PXM 0 -\u003e APIC 0x73 -\u003e Node 0","[    0.000000] SRAT: PXM 0 -\u003e APIC 0x74 -\u003e Node 0","[    0.000000] SRAT: PXM 0 -\u003e APIC 0x75 -\u003e Node 0","[    0.000000] SRAT: PXM 0 -\u003e APIC 0x76 -\u003e Node 0","[    0.000000] SRAT: PXM 0 -\u003e APIC 0x77 -\u003e Node 0","[    0.000000] SRAT: PXM 0 -\u003e APIC 0x78 -\u003e Node 0","[    0.000000] SRAT: PXM 0 -\u003e APIC 0x79 -\u003e Node 0","[    0.000000] SRAT: PXM 0 -\u003e APIC 0x7a -\u003e Node 0","[    0.000000] SRAT: PXM 0 -\u003e APIC 0x7b -\u003e Node 0","[    0.000000] SRAT: PXM 0 -\u003e APIC 0x7c -\u003e Node 0","[    0.000000] SRAT: PXM 0 -\u003e APIC 0x7d -\u003e Node 0","[    0.000000] SRAT: PXM 0 -\u003e APIC 0x7e -\u003e Node 0","[    0.000000] SRAT: PXM 0 -\u003e APIC 0x7f -\u003e Node 0","[    0.000000] SRAT: Node 0 PXM 0 [mem 0x00000000-0x0009ffff]","[    0.000000] SRAT: Node 0 PXM 0 [mem 0x00100000-0xbfffffff]","[    0.000000] SRAT: Node 0 PXM 0 [mem 0x100000000-0x13fffffff]","[    0.000000] SRAT: Node 0 PXM 0 [mem 0x140000000-0x103fffffff] hotplug","[    0.000000] NUMA: Node 0 [mem 0x00000000-0x0009ffff] + [mem 0x00100000-0xbfffffff] -\u003e [mem 0x00000000-0xbfffffff]","[    0.000000] NUMA: Node 0 [mem 0x00000000-0xbfffffff] + [mem 0x100000000-0x13fffffff] -\u003e [mem 0x00000000-0x13fffffff]","[    0.000000] NODE_DATA(0) allocated [mem 0x13ffd7000-0x13fffdfff]","[    0.000000] Reserving 161MB of memory at 672MB for crashkernel (System RAM: 4095MB)","[    0.000000] Zone ranges:","[    0.000000]   DMA      [mem 0x00001000-0x00ffffff]","[    0.000000]   DMA32    [mem 0x01000000-0xffffffff]","[    0.000000]   Normal   [mem 0x100000000-0x13fffffff]","[    0.000000] Movable zone start for each node","[    0.000000] Early memory node ranges","[    0.000000]   node   0: [mem 0x00001000-0x0009dfff]","[    0.000000]   node   0: [mem 0x00100000-0xbfecffff]","[    0.000000]   node   0: [mem 0xbff00000-0xbfffffff]","[    0.000000]   node   0: [mem 0x100000000-0x13fffffff]","[    0.000000] Initmem setup node 0 [mem 0x00001000-0x13fffffff]","[    0.000000] On node 0 totalpages: 1048429","[    0.000000]   DMA zone: 64 pages used for memmap","[    0.000000]   DMA zone: 21 pages reserved","[    0.000000]   DMA zone: 3997 pages, LIFO batch:0","[    0.000000]   DMA32 zone: 12224 pages used for memmap","[    0.000000]   DMA32 zone: 782288 pages, LIFO batch:31","[    0.000000]   Normal zone: 4096 pages used for memmap","[    0.000000]   Normal zone: 262144 pages, LIFO batch:31","[    0.000000] ACPI: PM-Timer IO Port: 0x1008","[    0.000000] ACPI: Local APIC address 0xfee00000","[    0.000000] system APIC only can use physical flat","[    0.000000] ACPI: LAPIC (acpi_id[0x00] lapic_id[0x00] enabled)","[    0.000000] ACPI: LAPIC (acpi_id[0x01] lapic_id[0x01] enabled)","[    0.000000] ACPI: LAPIC (acpi_id[0x02] lapic_id[0x02] enabled)","[    0.000000] ACPI: LAPIC (acpi_id[0x03] lapic_id[0x03] enabled)","[    0.000000] ACPI: LAPIC (acpi_id[0x04] lapic_id[0x04] disabled)","[    0.000000] ACPI: LAPIC (acpi_id[0x05] lapic_id[0x05] disabled)","[    0.000000] ACPI: LAPIC (acpi_id[0x06] lapic_id[0x06] disabled)","[    0.000000] ACPI: LAPIC (acpi_id[0x07] lapic_id[0x07] disabled)","[    0.000000] ACPI: LAPIC (acpi_id[0x08] lapic_id[0x08] disabled)","[    0.000000] ACPI: LAPIC (acpi_id[0x09] lapic_id[0x09] disabled)","[    0.000000] ACPI: LAPIC (acpi_id[0x0a] lapic_id[0x0a] disabled)","[    0.000000] ACPI: LAPIC (acpi_id[0x0b] lapic_id[0x0b] disabled)","[    0.000000] ACPI: LAPIC (acpi_id[0x0c] lapic_id[0x0c] disabled)","[    0.000000] ACPI: LAPIC (acpi_id[0x0d] lapic_id[0x0d] disabled)","[    0.000000] ACPI: LAPIC (acpi_id[0x0e] lapic_id[0x0e] disabled)","[    0.000000] ACPI: LAPIC (acpi_id[0x0f] lapic_id[0x0f] disabled)","[    0.000000] ACPI: LAPIC (acpi_id[0x10] lapic_id[0x10] disabled)","[    0.000000] ACPI: LAPIC (acpi_id[0x11] lapic_id[0x11] disabled)","[    0.000000] ACPI: LAPIC (acpi_id[0x12] lapic_id[0x12] disabled)","[    0.000000] ACPI: LAPIC (acpi_id[0x13] lapic_id[0x13] disabled)","[    0.000000] ACPI: LAPIC (acpi_id[0x14] lapic_id[0x14] disabled)","[    0.000000] ACPI: LAPIC (acpi_id[0x15] lapic_id[0x15] disabled)","[    0.000000] ACPI: LAPIC (acpi_id[0x16] lapic_id[0x16] disabled)","[    0.000000] ACPI: LAPIC (acpi_id[0x17] lapic_id[0x17] disabled)","[    0.000000] ACPI: LAPIC (acpi_id[0x18] lapic_id[0x18] disabled)","[    0.000000] ACPI: LAPIC (acpi_id[0x19] lapic_id[0x19] disabled)","[    0.000000] ACPI: LAPIC (acpi_id[0x1a] lapic_id[0x1a] disabled)","[    0.000000] ACPI: LAPIC (acpi_id[0x1b] lapic_id[0x1b] disabled)","[    0.000000] ACPI: LAPIC (acpi_id[0x1c] lapic_id[0x1c] disabled)","[    0.000000] ACPI: LAPIC (acpi_id[0x1d] lapic_id[0x1d] disabled)","[    0.000000] ACPI: LAPIC (acpi_id[0x1e] lapic_id[0x1e] disabled)","[    0.000000] ACPI: LAPIC (acpi_id[0x1f] lapic_id[0x1f] disabled)","[    0.000000] ACPI: LAPIC (acpi_id[0x20] lapic_id[0x20] disabled)","[    0.000000] ACPI: LAPIC (acpi_id[0x21] lapic_id[0x21] disabled)","[    0.000000] ACPI: LAPIC (acpi_id[0x22] lapic_id[0x22] disabled)","[    0.000000] ACPI: LAPIC (acpi_id[0x23] lapic_id[0x23] disabled)","[    0.000000] ACPI: LAPIC (acpi_id[0x24] lapic_id[0x24] disabled)","[    0.000000] ACPI: LAPIC (acpi_id[0x25] lapic_id[0x25] disabled)","[    0.000000] ACPI: LAPIC (acpi_id[0x26] lapic_id[0x26] disabled)","[    0.000000] ACPI: LAPIC (acpi_id[0x27] lapic_id[0x27] disabled)","[    0.000000] ACPI: LAPIC (acpi_id[0x28] lapic_id[0x28] disabled)","[    0.000000] ACPI: LAPIC (acpi_id[0x29] lapic_id[0x29] disabled)","[    0.000000] ACPI: LAPIC (acpi_id[0x2a] lapic_id[0x2a] disabled)","[    0.000000] ACPI: LAPIC (acpi_id[0x2b] lapic_id[0x2b] disabled)","[    0.000000] ACPI: LAPIC (acpi_id[0x2c] lapic_id[0x2c] disabled)","[    0.000000] ACPI: LAPIC (acpi_id[0x2d] lapic_id[0x2d] disabled)","[    0.000000] ACPI: LAPIC (acpi_id[0x2e] lapic_id[0x2e] disabled)","[    0.000000] ACPI: LAPIC (acpi_id[0x2f] lapic_id[0x2f] disabled)","[    0.000000] ACPI: LAPIC (acpi_id[0x30] lapic_id[0x30] disabled)","[    0.000000] ACPI: LAPIC (acpi_id[0x31] lapic_id[0x31] disabled)","[    0.000000] ACPI: LAPIC (acpi_id[0x32] lapic_id[0x32] disabled)","[    0.000000] ACPI: LAPIC (acpi_id[0x33] lapic_id[0x33] disabled)","[    0.000000] ACPI: LAPIC (acpi_id[0x34] lapic_id[0x34] disabled)","[    0.000000] ACPI: LAPIC (acpi_id[0x35] lapic_id[0x35] disabled)","[    0.000000] ACPI: LAPIC (acpi_id[0x36] lapic_id[0x36] disabled)","[    0.000000] ACPI: LAPIC (acpi_id[0x37] lapic_id[0x37] disabled)","[    0.000000] ACPI: LAPIC (acpi_id[0x38] lapic_id[0x38] disabled)","[    0.000000] ACPI: LAPIC (acpi_id[0x39] lapic_id[0x39] disabled)","[    0.000000] ACPI: LAPIC (acpi_id[0x3a] lapic_id[0x3a] disabled)","[    0.000000] ACPI: LAPIC (acpi_id[0x3b] lapic_id[0x3b] disabled)","[    0.000000] ACPI: LAPIC (acpi_id[0x3c] lapic_id[0x3c] disabled)","[    0.000000] ACPI: LAPIC (acpi_id[0x3d] lapic_id[0x3d] disabled)","[    0.000000] ACPI: LAPIC (acpi_id[0x3e] lapic_id[0x3e] disabled)","[    0.000000] ACPI: LAPIC (acpi_id[0x3f] lapic_id[0x3f] disabled)","[    0.000000] ACPI: LAPIC (acpi_id[0x40] lapic_id[0x40] disabled)","[    0.000000] ACPI: LAPIC (acpi_id[0x41] lapic_id[0x41] disabled)","[    0.000000] ACPI: LAPIC (acpi_id[0x42] lapic_id[0x42] disabled)","[    0.000000] ACPI: LAPIC (acpi_id[0x43] lapic_id[0x43] disabled)","[    0.000000] ACPI: LAPIC (acpi_id[0x44] lapic_id[0x44] disabled)","[    0.000000] ACPI: LAPIC (acpi_id[0x45] lapic_id[0x45] disabled)","[    0.000000] ACPI: LAPIC (acpi_id[0x46] lapic_id[0x46] disabled)","[    0.000000] ACPI: LAPIC (acpi_id[0x47] lapic_id[0x47] disabled)","[    0.000000] ACPI: LAPIC (acpi_id[0x48] lapic_id[0x48] disabled)","[    0.000000] ACPI: LAPIC (acpi_id[0x49] lapic_id[0x49] disabled)","[    0.000000] ACPI: LAPIC (acpi_id[0x4a] lapic_id[0x4a] disabled)","[    0.000000] ACPI: LAPIC (acpi_id[0x4b] lapic_id[0x4b] disabled)","[    0.000000] ACPI: LAPIC (acpi_id[0x4c] lapic_id[0x4c] disabled)","[    0.000000] ACPI: LAPIC (acpi_id[0x4d] lapic_id[0x4d] disabled)","[    0.000000] ACPI: LAPIC (acpi_id[0x4e] lapic_id[0x4e] disabled)","[    0.000000] ACPI: LAPIC (acpi_id[0x4f] lapic_id[0x4f] disabled)","[    0.000000] ACPI: LAPIC (acpi_id[0x50] lapic_id[0x50] disabled)","[    0.000000] ACPI: LAPIC (acpi_id[0x51] lapic_id[0x51] disabled)","[    0.000000] ACPI: LAPIC (acpi_id[0x52] lapic_id[0x52] disabled)","[    0.000000] ACPI: LAPIC (acpi_id[0x53] lapic_id[0x53] disabled)","[    0.000000] ACPI: LAPIC (acpi_id[0x54] lapic_id[0x54] disabled)","[    0.000000] ACPI: LAPIC (acpi_id[0x55] lapic_id[0x55] disabled)","[    0.000000] ACPI: LAPIC (acpi_id[0x56] lapic_id[0x56] disabled)","[    0.000000] ACPI: LAPIC (acpi_id[0x57] lapic_id[0x57] disabled)","[    0.000000] ACPI: LAPIC (acpi_id[0x58] lapic_id[0x58] disabled)","[    0.000000] ACPI: LAPIC (acpi_id[0x59] lapic_id[0x59] disabled)","[    0.000000] ACPI: LAPIC (acpi_id[0x5a] lapic_id[0x5a] disabled)","[    0.000000] ACPI: LAPIC (acpi_id[0x5b] lapic_id[0x5b] disabled)","[    0.000000] ACPI: LAPIC (acpi_id[0x5c] lapic_id[0x5c] disabled)","[    0.000000] ACPI: LAPIC (acpi_id[0x5d] lapic_id[0x5d] disabled)","[    0.000000] ACPI: LAPIC (acpi_id[0x5e] lapic_id[0x5e] disabled)","[    0.000000] ACPI: LAPIC (acpi_id[0x5f] lapic_id[0x5f] disabled)","[    0.000000] ACPI: LAPIC (acpi_id[0x60] lapic_id[0x60] disabled)","[    0.000000] ACPI: LAPIC (acpi_id[0x61] lapic_id[0x61] disabled)","[    0.000000] ACPI: LAPIC (acpi_id[0x62] lapic_id[0x62] disabled)","[    0.000000] ACPI: LAPIC (acpi_id[0x63] lapic_id[0x63] disabled)","[    0.000000] ACPI: LAPIC (acpi_id[0x64] lapic_id[0x64] disabled)","[    0.000000] ACPI: LAPIC (acpi_id[0x65] lapic_id[0x65] disabled)","[    0.000000] ACPI: LAPIC (acpi_id[0x66] lapic_id[0x66] disabled)","[    0.000000] ACPI: LAPIC (acpi_id[0x67] lapic_id[0x67] disabled)","[    0.000000] ACPI: LAPIC (acpi_id[0x68] lapic_id[0x68] disabled)","[    0.000000] ACPI: LAPIC (acpi_id[0x69] lapic_id[0x69] disabled)","[    0.000000] ACPI: LAPIC (acpi_id[0x6a] lapic_id[0x6a] disabled)","[    0.000000] ACPI: LAPIC (acpi_id[0x6b] lapic_id[0x6b] disabled)","[    0.000000] ACPI: LAPIC (acpi_id[0x6c] lapic_id[0x6c] disabled)","[    0.000000] ACPI: LAPIC (acpi_id[0x6d] lapic_id[0x6d] disabled)","[    0.000000] ACPI: LAPIC (acpi_id[0x6e] lapic_id[0x6e] disabled)","[    0.000000] ACPI: LAPIC (acpi_id[0x6f] lapic_id[0x6f] disabled)","[    0.000000] ACPI: LAPIC (acpi_id[0x70] lapic_id[0x70] disabled)","[    0.000000] ACPI: LAPIC (acpi_id[0x71] lapic_id[0x71] disabled)","[    0.000000] ACPI: LAPIC (acpi_id[0x72] lapic_id[0x72] disabled)","[    0.000000] ACPI: LAPIC (acpi_id[0x73] lapic_id[0x73] disabled)","[    0.000000] ACPI: LAPIC (acpi_id[0x74] lapic_id[0x74] disabled)","[    0.000000] ACPI: LAPIC (acpi_id[0x75] lapic_id[0x75] disabled)","[    0.000000] ACPI: LAPIC (acpi_id[0x76] lapic_id[0x76] disabled)","[    0.000000] ACPI: LAPIC (acpi_id[0x77] lapic_id[0x77] disabled)","[    0.000000] ACPI: LAPIC (acpi_id[0x78] lapic_id[0x78] disabled)","[    0.000000] ACPI: LAPIC (acpi_id[0x79] lapic_id[0x79] disabled)","[    0.000000] ACPI: LAPIC (acpi_id[0x7a] lapic_id[0x7a] disabled)","[    0.000000] ACPI: LAPIC (acpi_id[0x7b] lapic_id[0x7b] disabled)","[    0.000000] ACPI: LAPIC (acpi_id[0x7c] lapic_id[0x7c] disabled)","[    0.000000] ACPI: LAPIC (acpi_id[0x7d] lapic_id[0x7d] disabled)","[    0.000000] ACPI: LAPIC (acpi_id[0x7e] lapic_id[0x7e] disabled)","[    0.000000] ACPI: LAPIC (acpi_id[0x7f] lapic_id[0x7f] disabled)","[    0.000000] ACPI: LAPIC_NMI (acpi_id[0x00] high edge lint[0x1])","[    0.000000] ACPI: LAPIC_NMI (acpi_id[0x01] high edge lint[0x1])","[    0.000000] ACPI: LAPIC_NMI (acpi_id[0x02] high edge lint[0x1])","[    0.000000] ACPI: LAPIC_NMI (acpi_id[0x03] high edge lint[0x1])","[    0.000000] ACPI: LAPIC_NMI (acpi_id[0x04] high edge lint[0x1])","[    0.000000] ACPI: LAPIC_NMI (acpi_id[0x05] high edge lint[0x1])","[    0.000000] ACPI: LAPIC_NMI (acpi_id[0x06] high edge lint[0x1])","[    0.000000] ACPI: LAPIC_NMI (acpi_id[0x07] high edge lint[0x1])","[    0.000000] ACPI: LAPIC_NMI (acpi_id[0x08] high edge lint[0x1])","[    0.000000] ACPI: LAPIC_NMI (acpi_id[0x09] high edge lint[0x1])","[    0.000000] ACPI: LAPIC_NMI (acpi_id[0x0a] high edge lint[0x1])","[    0.000000] ACPI: LAPIC_NMI (acpi_id[0x0b] high edge lint[0x1])","[    0.000000] ACPI: LAPIC_NMI (acpi_id[0x0c] high edge lint[0x1])","[    0.000000] ACPI: LAPIC_NMI (acpi_id[0x0d] high edge lint[0x1])","[    0.000000] ACPI: LAPIC_NMI (acpi_id[0x0e] high edge lint[0x1])","[    0.000000] ACPI: LAPIC_NMI (acpi_id[0x0f] high edge lint[0x1])","[    0.000000] ACPI: LAPIC_NMI (acpi_id[0x10] high edge lint[0x1])","[    0.000000] ACPI: LAPIC_NMI (acpi_id[0x11] high edge lint[0x1])","[    0.000000] ACPI: LAPIC_NMI (acpi_id[0x12] high edge lint[0x1])","[    0.000000] ACPI: LAPIC_NMI (acpi_id[0x13] high edge lint[0x1])","[    0.000000] ACPI: LAPIC_NMI (acpi_id[0x14] high edge lint[0x1])","[    0.000000] ACPI: LAPIC_NMI (acpi_id[0x15] high edge lint[0x1])","[    0.000000] ACPI: LAPIC_NMI (acpi_id[0x16] high edge lint[0x1])","[    0.000000] ACPI: LAPIC_NMI (acpi_id[0x17] high edge lint[0x1])","[    0.000000] ACPI: LAPIC_NMI (acpi_id[0x18] high edge lint[0x1])","[    0.000000] ACPI: LAPIC_NMI (acpi_id[0x19] high edge lint[0x1])","[    0.000000] ACPI: LAPIC_NMI (acpi_id[0x1a] high edge lint[0x1])","[    0.000000] ACPI: LAPIC_NMI (acpi_id[0x1b] high edge lint[0x1])","[    0.000000] ACPI: LAPIC_NMI (acpi_id[0x1c] high edge lint[0x1])","[    0.000000] ACPI: LAPIC_NMI (acpi_id[0x1d] high edge lint[0x1])","[    0.000000] ACPI: LAPIC_NMI (acpi_id[0x1e] high edge lint[0x1])","[    0.000000] ACPI: LAPIC_NMI (acpi_id[0x1f] high edge lint[0x1])","[    0.000000] ACPI: LAPIC_NMI (acpi_id[0x20] high edge lint[0x1])","[    0.000000] ACPI: LAPIC_NMI (acpi_id[0x21] high edge lint[0x1])","[    0.000000] ACPI: LAPIC_NMI (acpi_id[0x22] high edge lint[0x1])","[    0.000000] ACPI: LAPIC_NMI (acpi_id[0x23] high edge lint[0x1])","[    0.000000] ACPI: LAPIC_NMI (acpi_id[0x24] high edge lint[0x1])","[    0.000000] ACPI: LAPIC_NMI (acpi_id[0x25] high edge lint[0x1])","[    0.000000] ACPI: LAPIC_NMI (acpi_id[0x26] high edge lint[0x1])","[    0.000000] ACPI: LAPIC_NMI (acpi_id[0x27] high edge lint[0x1])","[    0.000000] ACPI: LAPIC_NMI (acpi_id[0x28] high edge lint[0x1])","[    0.000000] ACPI: LAPIC_NMI (acpi_id[0x29] high edge lint[0x1])","[    0.000000] ACPI: LAPIC_NMI (acpi_id[0x2a] high edge lint[0x1])","[    0.000000] ACPI: LAPIC_NMI (acpi_id[0x2b] high edge lint[0x1])","[    0.000000] ACPI: LAPIC_NMI (acpi_id[0x2c] high edge lint[0x1])","[    0.000000] ACPI: LAPIC_NMI (acpi_id[0x2d] high edge lint[0x1])","[    0.000000] ACPI: LAPIC_NMI (acpi_id[0x2e] high edge lint[0x1])","[    0.000000] ACPI: LAPIC_NMI (acpi_id[0x2f] high edge lint[0x1])","[    0.000000] ACPI: LAPIC_NMI (acpi_id[0x30] high edge lint[0x1])","[    0.000000] ACPI: LAPIC_NMI (acpi_id[0x31] high edge lint[0x1])","[    0.000000] ACPI: LAPIC_NMI (acpi_id[0x32] high edge lint[0x1])","[    0.000000] ACPI: LAPIC_NMI (acpi_id[0x33] high edge lint[0x1])","[    0.000000] ACPI: LAPIC_NMI (acpi_id[0x34] high edge lint[0x1])","[    0.000000] ACPI: LAPIC_NMI (acpi_id[0x35] high edge lint[0x1])","[    0.000000] ACPI: LAPIC_NMI (acpi_id[0x36] high edge lint[0x1])","[    0.000000] ACPI: LAPIC_NMI (acpi_id[0x37] high edge lint[0x1])","[    0.000000] ACPI: LAPIC_NMI (acpi_id[0x38] high edge lint[0x1])","[    0.000000] ACPI: LAPIC_NMI (acpi_id[0x39] high edge lint[0x1])","[    0.000000] ACPI: LAPIC_NMI (acpi_id[0x3a] high edge lint[0x1])","[    0.000000] ACPI: LAPIC_NMI (acpi_id[0x3b] high edge lint[0x1])","[    0.000000] ACPI: LAPIC_NMI (acpi_id[0x3c] high edge lint[0x1])","[    0.000000] ACPI: LAPIC_NMI (acpi_id[0x3d] high edge lint[0x1])","[    0.000000] ACPI: LAPIC_NMI (acpi_id[0x3e] high edge lint[0x1])","[    0.000000] ACPI: LAPIC_NMI (acpi_id[0x3f] high edge lint[0x1])","[    0.000000] ACPI: LAPIC_NMI (acpi_id[0x40] high edge lint[0x1])","[    0.000000] ACPI: LAPIC_NMI (acpi_id[0x41] high edge lint[0x1])","[    0.000000] ACPI: LAPIC_NMI (acpi_id[0x42] high edge lint[0x1])","[    0.000000] ACPI: LAPIC_NMI (acpi_id[0x43] high edge lint[0x1])","[    0.000000] ACPI: LAPIC_NMI (acpi_id[0x44] high edge lint[0x1])","[    0.000000] ACPI: LAPIC_NMI (acpi_id[0x45] high edge lint[0x1])","[    0.000000] ACPI: LAPIC_NMI (acpi_id[0x46] high edge lint[0x1])","[    0.000000] ACPI: LAPIC_NMI (acpi_id[0x47] high edge lint[0x1])","[    0.000000] ACPI: LAPIC_NMI (acpi_id[0x48] high edge lint[0x1])","[    0.000000] ACPI: LAPIC_NMI (acpi_id[0x49] high edge lint[0x1])","[    0.000000] ACPI: LAPIC_NMI (acpi_id[0x4a] high edge lint[0x1])","[    0.000000] ACPI: LAPIC_NMI (acpi_id[0x4b] high edge lint[0x1])","[    0.000000] ACPI: LAPIC_NMI (acpi_id[0x4c] high edge lint[0x1])","[    0.000000] ACPI: LAPIC_NMI (acpi_id[0x4d] high edge lint[0x1])","[    0.000000] ACPI: LAPIC_NMI (acpi_id[0x4e] high edge lint[0x1])","[    0.000000] ACPI: LAPIC_NMI (acpi_id[0x4f] high edge lint[0x1])","[    0.000000] ACPI: LAPIC_NMI (acpi_id[0x50] high edge lint[0x1])","[    0.000000] ACPI: LAPIC_NMI (acpi_id[0x51] high edge lint[0x1])","[    0.000000] ACPI: LAPIC_NMI (acpi_id[0x52] high edge lint[0x1])","[    0.000000] ACPI: LAPIC_NMI (acpi_id[0x53] high edge lint[0x1])","[    0.000000] ACPI: LAPIC_NMI (acpi_id[0x54] high edge lint[0x1])","[    0.000000] ACPI: LAPIC_NMI (acpi_id[0x55] high edge lint[0x1])","[    0.000000] ACPI: LAPIC_NMI (acpi_id[0x56] high edge lint[0x1])","[    0.000000] ACPI: LAPIC_NMI (acpi_id[0x57] high edge lint[0x1])","[    0.000000] ACPI: LAPIC_NMI (acpi_id[0x58] high edge lint[0x1])","[    0.000000] ACPI: LAPIC_NMI (acpi_id[0x59] high edge lint[0x1])","[    0.000000] ACPI: LAPIC_NMI (acpi_id[0x5a] high edge lint[0x1])","[    0.000000] ACPI: LAPIC_NMI (acpi_id[0x5b] high edge lint[0x1])","[    0.000000] ACPI: LAPIC_NMI (acpi_id[0x5c] high edge lint[0x1])","[    0.000000] ACPI: LAPIC_NMI (acpi_id[0x5d] high edge lint[0x1])","[    0.000000] ACPI: LAPIC_NMI (acpi_id[0x5e] high edge lint[0x1])","[    0.000000] ACPI: LAPIC_NMI (acpi_id[0x5f] high edge lint[0x1])","[    0.000000] ACPI: LAPIC_NMI (acpi_id[0x60] high edge lint[0x1])","[    0.000000] ACPI: LAPIC_NMI (acpi_id[0x61] high edge lint[0x1])","[    0.000000] ACPI: LAPIC_NMI (acpi_id[0x62] high edge lint[0x1])","[    0.000000] ACPI: LAPIC_NMI (acpi_id[0x63] high edge lint[0x1])","[    0.000000] ACPI: LAPIC_NMI (acpi_id[0x64] high edge lint[0x1])","[    0.000000] ACPI: LAPIC_NMI (acpi_id[0x65] high edge lint[0x1])","[    0.000000] ACPI: LAPIC_NMI (acpi_id[0x66] high edge lint[0x1])","[    0.000000] ACPI: LAPIC_NMI (acpi_id[0x67] high edge lint[0x1])","[    0.000000] ACPI: LAPIC_NMI (acpi_id[0x68] high edge lint[0x1])","[    0.000000] ACPI: LAPIC_NMI (acpi_id[0x69] high edge lint[0x1])","[    0.000000] ACPI: LAPIC_NMI (acpi_id[0x6a] high edge lint[0x1])","[    0.000000] ACPI: LAPIC_NMI (acpi_id[0x6b] high edge lint[0x1])","[    0.000000] ACPI: LAPIC_NMI (acpi_id[0x6c] high edge lint[0x1])","[    0.000000] ACPI: LAPIC_NMI (acpi_id[0x6d] high edge lint[0x1])","[    0.000000] ACPI: LAPIC_NMI (acpi_id[0x6e] high edge lint[0x1])","[    0.000000] ACPI: LAPIC_NMI (acpi_id[0x6f] high edge lint[0x1])","[    0.000000] ACPI: LAPIC_NMI (acpi_id[0x70] high edge lint[0x1])","[    0.000000] ACPI: LAPIC_NMI (acpi_id[0x71] high edge lint[0x1])","[    0.000000] ACPI: LAPIC_NMI (acpi_id[0x72] high edge lint[0x1])","[    0.000000] ACPI: LAPIC_NMI (acpi_id[0x73] high edge lint[0x1])","[    0.000000] ACPI: LAPIC_NMI (acpi_id[0x74] high edge lint[0x1])","[    0.000000] ACPI: LAPIC_NMI (acpi_id[0x75] high edge lint[0x1])","[    0.000000] ACPI: LAPIC_NMI (acpi_id[0x76] high edge lint[0x1])","[    0.000000] ACPI: LAPIC_NMI (acpi_id[0x77] high edge lint[0x1])","[    0.000000] ACPI: LAPIC_NMI (acpi_id[0x78] high edge lint[0x1])","[    0.000000] ACPI: LAPIC_NMI (acpi_id[0x79] high edge lint[0x1])","[    0.000000] ACPI: LAPIC_NMI (acpi_id[0x7a] high edge lint[0x1])","[    0.000000] ACPI: LAPIC_NMI (acpi_id[0x7b] high edge lint[0x1])","[    0.000000] ACPI: LAPIC_NMI (acpi_id[0x7c] high edge lint[0x1])","[    0.000000] ACPI: LAPIC_NMI (acpi_id[0x7d] high edge lint[0x1])","[    0.000000] ACPI: LAPIC_NMI (acpi_id[0x7e] high edge lint[0x1])","[    0.000000] ACPI: LAPIC_NMI (acpi_id[0x7f] high edge lint[0x1])","[    0.000000] ACPI: IOAPIC (id[0x80] address[0xfec00000] gsi_base[0])","[    0.000000] IOAPIC[0]: apic_id 128, version 32, address 0xfec00000, GSI 0-23","[    0.000000] ACPI: INT_SRC_OVR (bus 0 bus_irq 0 global_irq 2 high edge)","[    0.000000] ACPI: IRQ0 used by override.","[    0.000000] ACPI: IRQ9 used by override.","[    0.000000] Using ACPI (MADT) for SMP configuration information","[    0.000000] ACPI: HPET id: 0x8086af01 base: 0xfed00000","[    0.000000] smpboot: Allowing 128 CPUs, 124 hotplug CPUs","[    0.000000] PM: Registered nosave memory: [mem 0x0009e000-0x0009efff]","[    0.000000] PM: Registered nosave memory: [mem 0x0009f000-0x0009ffff]","[    0.000000] PM: Registered nosave memory: [mem 0x000a0000-0x000dbfff]","[    0.000000] PM: Registered nosave memory: [mem 0x000dc000-0x000fffff]","[    0.000000] PM: Registered nosave memory: [mem 0xbfed0000-0xbfefefff]","[    0.000000] PM: Registered nosave memory: [mem 0xbfeff000-0xbfefffff]","[    0.000000] PM: Registered nosave memory: [mem 0xc0000000-0xefffffff]","[    0.000000] PM: Registered nosave memory: [mem 0xf0000000-0xf7ffffff]","[    0.000000] PM: Registered nosave memory: [mem 0xf8000000-0xfebfffff]","[    0.000000] PM: Registered nosave memory: [mem 0xfec00000-0xfec0ffff]","[    0.000000] PM: Registered nosave memory: [mem 0xfec10000-0xfedfffff]","[    0.000000] PM: Registered nosave memory: [mem 0xfee00000-0xfee00fff]","[    0.000000] PM: Registered nosave memory: [mem 0xfee01000-0xfffdffff]","[    0.000000] PM: Registered nosave memory: [mem 0xfffe0000-0xffffffff]","[    0.000000] e820: [mem 0xc0000000-0xefffffff] available for PCI devices","[    0.000000] Booting paravirtualized kernel on VMware hypervisor","[    0.000000] Detected CPU family 6 model 154 stepping 3","[    0.000000] Warning: Intel Processor - this hardware has not undergone upstream testing. Please consult http://wiki.centos.org/FAQ for more information","[    0.000000] setup_percpu: NR_CPUS:5120 nr_cpumask_bits:128 nr_cpu_ids:128 nr_node_ids:1","[    0.000000] percpu: Embedded 38 pages/cpu s118784 r8192 d28672 u262144","[    0.000000] pcpu-alloc: s118784 r8192 d28672 u262144 alloc=1*2097152","[    0.000000] pcpu-alloc: [0] 000 001 002 003 004 005 006 007","[    0.000000] pcpu-alloc: [0] 008 009 010 011 012 013 014 015","[    0.000000] pcpu-alloc: [0] 016 017 018 019 020 021 022 023","[    0.000000] pcpu-alloc: [0] 024 025 026 027 028 029 030 031","[    0.000000] pcpu-alloc: [0] 032 033 034 035 036 037 038 039","[    0.000000] pcpu-alloc: [0] 040 041 042 043 044 045 046 047","[    0.000000] pcpu-alloc: [0] 048 049 050 051 052 053 054 055","[    0.000000] pcpu-alloc: [0] 056 057 058 059 060 061 062 063","[    0.000000] pcpu-alloc: [0] 064 065 066 067 068 069 070 071","[    0.000000] pcpu-alloc: [0] 072 073 074 075 076 077 078 079","[    0.000000] pcpu-alloc: [0] 080 081 082 083 084 085 086 087","[    0.000000] pcpu-alloc: [0] 088 089 090 091 092 093 094 095","[    0.000000] pcpu-alloc: [0] 096 097 098 099 100 101 102 103","[    0.000000] pcpu-alloc: [0] 104 105 106 107 108 109 110 111","[    0.000000] pcpu-alloc: [0] 112 113 114 115 116 117 118 119","[    0.000000] pcpu-alloc: [0] 120 121 122 123 124 125 126 127","[    0.000000] Built 1 zonelists in Node order, mobility grouping on.  Total pages: 1032024","[    0.000000] Policy zone: Normal","[    0.000000] Kernel command line: BOOT_IMAGE=/vmlinuz-3.10.0-1160.el7.x86_64 root=/dev/mapper/centos-root ro crashkernel=auto rd.lvm.lv=centos/root rd.lvm.lv=centos/swap rhgb quiet LANG=en_US.UTF-8","[    0.000000] PID hash table entries: 4096 (order: 3, 32768 bytes)","[    0.000000] x86/fpu: xstate_offset[2]: 0240, xstate_sizes[2]: 0100","[    0.000000] x86/fpu: xstate_offset[3]: 0000, xstate_sizes[3]: 0000","[    0.000000] x86/fpu: xstate_offset[4]: 0000, xstate_sizes[4]: 0000","[    0.000000] x86/fpu: xstate_offset[5]: 0000, xstate_sizes[5]: 0000","[    0.000000] x86/fpu: xstate_offset[6]: 0000, xstate_sizes[6]: 0000","[    0.000000] x86/fpu: xstate_offset[7]: 0000, xstate_sizes[7]: 0000","[    0.000000] x86/fpu: xstate_offset[8]: 0000, xstate_sizes[8]: 0000","[    0.000000] x86/fpu: xstate_offset[9]: 0a80, xstate_sizes[9]: 0008","[    0.000000] xsave: enabled xstate_bv 0x207, cntxt size 0xa88 using standard form","[    0.000000] Memory: 3827224k/5242880k available (7788k kernel code, 1049164k absent, 366492k reserved, 5954k data, 1984k init)","[    0.000000] SLUB: HWalign=64, Order=0-3, MinObjects=0, CPUs=128, Nodes=1","[    0.000000] Hierarchical RCU implementation.","[    0.000000] \tRCU restricting CPUs from NR_CPUS=5120 to nr_cpu_ids=128.","[    0.000000] NR_IRQS:327936 nr_irqs:1448 0","[    0.000000] Console: colour VGA+ 80x25","[    0.000000] console [tty0] enabled","[    0.000000] allocated 109051904 bytes of page_cgroup","[    0.000000] please try 'cgroup_disable=memory' option if you don't want memory cgroups","[    0.000000] hpet clockevent registered","[    0.000000] tsc: Detected 3110.402 MHz processor","[    0.624959] Calibrating delay loop (skipped) preset value.. 6220.80 BogoMIPS (lpj=3110402)","[    0.624961] pid_max: default: 131072 minimum: 1024","[    0.625036] Security Framework initialized","[    0.625040] SELinux:  Initializing.","[    0.625058] SELinux:  Starting in permissive mode","[    0.625058] Yama: becoming mindful.","[    0.625214] Dentry cache hash table entries: 524288 (order: 10, 4194304 bytes)","[    0.625613] Inode-cache hash table entries: 262144 (order: 9, 2097152 bytes)","[    0.625764] Mount-cache hash table entries: 8192 (order: 4, 65536 bytes)","[    0.625766] Mountpoint-cache hash table entries: 8192 (order: 4, 65536 bytes)","[    0.626178] Initializing cgroup subsys memory","[    0.626183] Initializing cgroup subsys devices","[    0.626184] Initializing cgroup subsys freezer","[    0.626185] Initializing cgroup subsys net_cls","[    0.626186] Initializing cgroup subsys blkio","[    0.626186] Initializing cgroup subsys perf_event","[    0.626189] Initializing cgroup subsys hugetlb","[    0.626190] Initializing cgroup subsys pids","[    0.626191] Initializing cgroup subsys net_prio","[    0.626274] x86/cpu: User Mode Instruction Prevention (UMIP) activated","[    0.629122] Last level iTLB entries: 4KB 0, 2MB 0, 4MB 0","[    0.629122] Last level dTLB entries: 4KB 0, 2MB 0, 4MB 0","[    0.629123] tlb_flushall_shift: 6","[    0.629171] FEATURE SPEC_CTRL Present","[    0.629172] FEATURE IBPB_SUPPORT Present","[    0.629172] Spectre V1 : Mitigation: Load fences, usercopy/swapgs barriers and __user pointer sanitization","[    0.629173] Spectre V2 : Enabling Indirect Branch Prediction Barrier","[    0.629226] Spectre V2 : Mitigation: Enhanced IBRS","[    0.629547] Speculative Store Bypass: Mitigation: Speculative Store Bypass disabled via prctl and seccomp","[    0.631408] Freeing SMP alternatives: 28k freed","[    0.638027] ACPI: Core revision 20130517","[    0.644222] ACPI: All ACPI Tables successfully acquired","[    0.646223] ftrace: allocating 29651 entries in 116 pages","[    0.674614] Enabling x2apic","[    0.675024] Enabled x2apic","[    0.675201] Switched APIC routing to physical x2apic.","[    0.676119] ..TIMER: vector=0x30 apic1=0 pin1=2 apic2=-1 pin2=-1","[    0.676120] smpboot: CPU0: 12th Gen Intel(R) Core(TM) i5-12500H (fam: 06, model: 9a, stepping: 03)","[    0.676132] TSC deadline timer enabled","[    0.676181] Performance Events: generic architected perfmon v1, core PMU driver.","[    0.676190] core: CPUID marked event: 'cpu cycles' unavailable","[    0.676190] core: CPUID marked event: 'instructions' unavailable","[    0.676190] core: CPUID marked event: 'bus cycles' unavailable","[    0.676191] core: CPUID marked event: 'cache references' unavailable","[    0.676191] core: CPUID marked event: 'cache misses' unavailable","[    0.676192] core: CPUID marked event: 'branch instructions' unavailable","[    0.676192] core: CPUID marked event: 'branch misses' unavailable","[    0.676193] ... version:                1","[    0.676194] ... bit width:              48","[    0.676194] ... generic registers:      6","[    0.676195] ... value mask:             0000ffffffffffff","[    0.676195] ... max period:             000000007fffffff","[    0.676195] ... fixed-purpose events:   0","[    0.676196] ... event mask:             000000000000003f","[    0.677092] NMI watchdog: disabled (cpu0): hardware events not enabled","[    0.677093] NMI watchdog: Shutting down hard lockup detector on all cpus","[    0.684749] smpboot: CPU 2 Converting physical 0 to logical die 1","[    0.677132] smpboot: Booting Node   0, Processors  #1 #2 #3","[    0.688543] Brought up 4 CPUs","[    0.688544] smpboot: Max logical packages: 64","[    0.688545] smpboot: Total of 4 processors activated (24883.21 BogoMIPS)","[    0.689553] devtmpfs: initialized","[    0.689625] x86/mm: Memory block size: 128MB","[    0.690508] EVM: security.selinux","[    0.690509] EVM: security.ima","[    0.690510] EVM: security.capability","[    0.690663] PM: Registering ACPI NVS region [mem 0xbfeff000-0xbfefffff] (4096 bytes)","[    0.691092] atomic64 test passed for x86-64 platform with CX8 and with SSE","[    0.691094] pinctrl core: initialized pinctrl subsystem","[    0.691314] RTC time:  7:08:07, date: 04/24/23","[    0.691443] NET: Registered protocol family 16","[    0.691534] ACPI: bus type PCI registered","[    0.691536] acpiphp: ACPI Hot Plug PCI Controller Driver version: 0.5","[    0.691646] PCI: MMCONFIG for domain 0000 [bus 00-7f] at [mem 0xf0000000-0xf7ffffff] (base 0xf0000000)","[    0.691647] PCI: MMCONFIG at [mem 0xf0000000-0xf7ffffff] reserved in E820","[    0.691658] pmd_set_huge: Cannot satisfy [mem 0xf0000000-0xf0200000] with a huge-page mapping due to MTRR override.","[    0.691742] PCI: Using configuration type 1 for base access","[    0.703667] ACPI: Added _OSI(Module Device)","[    0.703669] ACPI: Added _OSI(Processor Device)","[    0.703669] ACPI: Added _OSI(3.0 _SCP Extensions)","[    0.703670] ACPI: Added _OSI(Processor Aggregator Device)","[    0.703671] ACPI: Added _OSI(Linux-Dell-Video)","[    0.706440] ACPI: EC: Look up EC in DSDT","[    0.711024] ACPI: [Firmware Bug]: BIOS _OSI(Linux) query ignored","[    0.726392] ACPI: Interpreter enabled","[    0.726399] ACPI: (supports S0 S1 S4 S5)","[    0.726400] ACPI: Using IOAPIC for interrupt routing","[    0.726414] PCI: Using host bridge windows from ACPI; if necessary, use \"pci=nocrs\" and report a bug","[    0.726545] ACPI: Enabled 4 GPEs in block 00 to 0F","[    0.835512] ACPI: PCI Root Bridge [PCI0] (domain 0000 [bus 00-7f])","[    0.835516] acpi PNP0A03:00: _OSC: OS supports [ExtendedConfig ASPM ClockPM Segments MSI]","[    0.835604] acpi PNP0A03:00: _OSC: platform does not support [AER]","[    0.835689] acpi PNP0A03:00: _OSC: OS now controls [PCIeHotplug SHPCHotplug PME PCIeCapability]","[    0.836587] PCI host bridge to bus 0000:00","[    0.836588] pci_bus 0000:00: root bus resource [mem 0x000a0000-0x000bffff window]","[    0.836589] pci_bus 0000:00: root bus resource [mem 0x000cc000-0x000cffff window]","[    0.836590] pci_bus 0000:00: root bus resource [mem 0x000d0000-0x000d3fff window]","[    0.836590] pci_bus 0000:00: root bus resource [mem 0x000d4000-0x000d7fff window]","[    0.836591] pci_bus 0000:00: root bus resource [mem 0x000d8000-0x000dbfff window]","[    0.836591] pci_bus 0000:00: root bus resource [mem 0xc0000000-0xfebfffff window]","[    0.836592] pci_bus 0000:00: root bus resource [io  0x0000-0x0cf7 window]","[    0.836592] pci_bus 0000:00: root bus resource [io  0x0d00-0xfeff window]","[    0.836593] pci_bus 0000:00: root bus resource [bus 00-7f]","[    0.836624] pci 0000:00:00.0: [8086:7190] type 00 class 0x060000","[    0.836993] pci 0000:00:01.0: [8086:7191] type 01 class 0x060400","[    0.837296] pci 0000:00:07.0: [8086:7110] type 00 class 0x060100","[    0.837708] pci 0000:00:07.1: [8086:7111] type 00 class 0x01018a","[    0.838643] pci 0000:00:07.1: reg 0x20: [io  0x1060-0x106f]","[    0.839007] pci 0000:00:07.1: legacy IDE quirk: reg 0x10: [io  0x01f0-0x01f7]","[    0.839008] pci 0000:00:07.1: legacy IDE quirk: reg 0x14: [io  0x03f6]","[    0.839009] pci 0000:00:07.1: legacy IDE quirk: reg 0x18: [io  0x0170-0x0177]","[    0.839009] pci 0000:00:07.1: legacy IDE quirk: reg 0x1c: [io  0x0376]","[    0.839122] pci 0000:00:07.3: [8086:7113] type 00 class 0x068000","[    0.840381] pci 0000:00:07.3: quirk: [io  0x1000-0x103f] claimed by PIIX4 ACPI","[    0.840388] pci 0000:00:07.3: quirk: [io  0x1040-0x104f] claimed by PIIX4 SMB","[    0.840558] pci 0000:00:07.7: [15ad:0740] type 00 class 0x088000","[    0.841173] pci 0000:00:07.7: reg 0x10: [io  0x1080-0x10bf]","[    0.841913] pci 0000:00:07.7: reg 0x14: [mem 0xfebfe000-0xfebfffff 64bit]","[    0.843800] pci 0000:00:0f.0: [15ad:0405] type 00 class 0x030000","[    0.844524] pci 0000:00:0f.0: reg 0x10: [io  0x1070-0x107f]","[    0.845095] pci 0000:00:0f.0: reg 0x14: [mem 0xe8000000-0xefffffff pref]","[    0.845652] pci 0000:00:0f.0: reg 0x18: [mem 0xfe000000-0xfe7fffff]","[    0.847871] pci 0000:00:0f.0: reg 0x30: [mem 0x00000000-0x00007fff pref]","[    0.848160] pci 0000:00:10.0: [1000:0030] type 00 class 0x010000","[    0.848606] pci 0000:00:10.0: reg 0x10: [io  0x1400-0x14ff]","[    0.849003] pci 0000:00:10.0: reg 0x14: [mem 0xfeba0000-0xfebbffff 64bit]","[    0.849388] pci 0000:00:10.0: reg 0x1c: [mem 0xfebc0000-0xfebdffff 64bit]","[    0.850117] pci 0000:00:10.0: reg 0x30: [mem 0x00000000-0x00003fff pref]","[    0.850351] pci 0000:00:11.0: [15ad:0790] type 01 class 0x060401","[    0.850731] pci 0000:00:11.0: System wakeup disabled by ACPI","[    0.850819] pci 0000:00:15.0: [15ad:07a0] type 01 class 0x060400","[    0.851290] pci 0000:00:15.0: PME# supported from D0 D3hot D3cold","[    0.851428] pci 0000:00:15.0: System wakeup disabled by ACPI","[    0.851499] pci 0000:00:15.1: [15ad:07a0] type 01 class 0x060400","[    0.851946] pci 0000:00:15.1: PME# supported from D0 D3hot D3cold","[    0.852082] pci 0000:00:15.1: System wakeup disabled by ACPI","[    0.852151] pci 0000:00:15.2: [15ad:07a0] type 01 class 0x060400","[    0.852602] pci 0000:00:15.2: PME# supported from D0 D3hot D3cold","[    0.852737] pci 0000:00:15.2: System wakeup disabled by ACPI","[    0.852806] pci 0000:00:15.3: [15ad:07a0] type 01 class 0x060400","[    0.853259] pci 0000:00:15.3: PME# supported from D0 D3hot D3cold","[    0.853394] pci 0000:00:15.3: System wakeup disabled by ACPI","[    0.853462] pci 0000:00:15.4: [15ad:07a0] type 01 class 0x060400","[    0.853910] pci 0000:00:15.4: PME# supported from D0 D3hot D3cold","[    0.854044] pci 0000:00:15.4: System wakeup disabled by ACPI","[    0.854113] pci 0000:00:15.5: [15ad:07a0] type 01 class 0x060400","[    0.854566] pci 0000:00:15.5: PME# supported from D0 D3hot D3cold","[    0.854703] pci 0000:00:15.5: System wakeup disabled by ACPI","[    0.854772] pci 0000:00:15.6: [15ad:07a0] type 01 class 0x060400","[    0.855227] pci 0000:00:15.6: PME# supported from D0 D3hot D3cold","[    0.855362] pci 0000:00:15.6: System wakeup disabled by ACPI","[    0.855432] pci 0000:00:15.7: [15ad:07a0] type 01 class 0x060400","[    0.855880] pci 0000:00:15.7: PME# supported from D0 D3hot D3cold","[    0.856014] pci 0000:00:15.7: System wakeup disabled by ACPI","[    0.856082] pci 0000:00:16.0: [15ad:07a0] type 01 class 0x060400","[    0.856535] pci 0000:00:16.0: PME# supported from D0 D3hot D3cold","[    0.856672] pci 0000:00:16.0: System wakeup disabled by ACPI","[    0.856741] pci 0000:00:16.1: [15ad:07a0] type 01 class 0x060400","[    0.857283] pci 0000:00:16.1: PME# supported from D0 D3hot D3cold","[    0.857463] pci 0000:00:16.1: System wakeup disabled by ACPI","[    0.857541] pci 0000:00:16.2: [15ad:07a0] type 01 class 0x060400","[    0.857991] pci 0000:00:16.2: PME# supported from D0 D3hot D3cold","[    0.858127] pci 0000:00:16.2: System wakeup disabled by ACPI","[    0.858199] pci 0000:00:16.3: [15ad:07a0] type 01 class 0x060400","[    0.858650] pci 0000:00:16.3: PME# supported from D0 D3hot D3cold","[    0.858784] pci 0000:00:16.3: System wakeup disabled by ACPI","[    0.858853] pci 0000:00:16.4: [15ad:07a0] type 01 class 0x060400","[    0.859306] pci 0000:00:16.4: PME# supported from D0 D3hot D3cold","[    0.859440] pci 0000:00:16.4: System wakeup disabled by ACPI","[    0.859509] pci 0000:00:16.5: [15ad:07a0] type 01 class 0x060400","[    0.859954] pci 0000:00:16.5: PME# supported from D0 D3hot D3cold","[    0.860089] pci 0000:00:16.5: System wakeup disabled by ACPI","[    0.860163] pci 0000:00:16.6: [15ad:07a0] type 01 class 0x060400","[    0.860611] pci 0000:00:16.6: PME# supported from D0 D3hot D3cold","[    0.860746] pci 0000:00:16.6: System wakeup disabled by ACPI","[    0.860815] pci 0000:00:16.7: [15ad:07a0] type 01 class 0x060400","[    0.861284] pci 0000:00:16.7: PME# supported from D0 D3hot D3cold","[    0.861419] pci 0000:00:16.7: System wakeup disabled by ACPI","[    0.861487] pci 0000:00:17.0: [15ad:07a0] type 01 class 0x060400","[    0.861933] pci 0000:00:17.0: PME# supported from D0 D3hot D3cold","[    0.862067] pci 0000:00:17.0: System wakeup disabled by ACPI","[    0.862137] pci 0000:00:17.1: [15ad:07a0] type 01 class 0x060400","[    0.862589] pci 0000:00:17.1: PME# supported from D0 D3hot D3cold","[    0.862726] pci 0000:00:17.1: System wakeup disabled by ACPI","[    0.862795] pci 0000:00:17.2: [15ad:07a0] type 01 class 0x060400","[    0.863249] pci 0000:00:17.2: PME# supported from D0 D3hot D3cold","[    0.863383] pci 0000:00:17.2: System wakeup disabled by ACPI","[    0.863452] pci 0000:00:17.3: [15ad:07a0] type 01 class 0x060400","[    0.863899] pci 0000:00:17.3: PME# supported from D0 D3hot D3cold","[    0.864034] pci 0000:00:17.3: System wakeup disabled by ACPI","[    0.864102] pci 0000:00:17.4: [15ad:07a0] type 01 class 0x060400","[    0.864548] pci 0000:00:17.4: PME# supported from D0 D3hot D3cold","[    0.864684] pci 0000:00:17.4: System wakeup disabled by ACPI","[    0.864753] pci 0000:00:17.5: [15ad:07a0] type 01 class 0x060400","[    0.865201] pci 0000:00:17.5: PME# supported from D0 D3hot D3cold","[    0.865356] pci 0000:00:17.5: System wakeup disabled by ACPI","[    0.865425] pci 0000:00:17.6: [15ad:07a0] type 01 class 0x060400","[    0.865871] pci 0000:00:17.6: PME# supported from D0 D3hot D3cold","[    0.866006] pci 0000:00:17.6: System wakeup disabled by ACPI","[    0.866075] pci 0000:00:17.7: [15ad:07a0] type 01 class 0x060400","[    0.866529] pci 0000:00:17.7: PME# supported from D0 D3hot D3cold","[    0.866666] pci 0000:00:17.7: System wakeup disabled by ACPI","[    0.866734] pci 0000:00:18.0: [15ad:07a0] type 01 class 0x060400","[    0.867182] pci 0000:00:18.0: PME# supported from D0 D3hot D3cold","[    0.867317] pci 0000:00:18.0: System wakeup disabled by ACPI","[    0.867386] pci 0000:00:18.1: [15ad:07a0] type 01 class 0x060400","[    0.867831] pci 0000:00:18.1: PME# supported from D0 D3hot D3cold","[    0.867966] pci 0000:00:18.1: System wakeup disabled by ACPI","[    0.868034] pci 0000:00:18.2: [15ad:07a0] type 01 class 0x060400","[    0.868481] pci 0000:00:18.2: PME# supported from D0 D3hot D3cold","[    0.868615] pci 0000:00:18.2: System wakeup disabled by ACPI","[    0.868687] pci 0000:00:18.3: [15ad:07a0] type 01 class 0x060400","[    0.869133] pci 0000:00:18.3: PME# supported from D0 D3hot D3cold","[    0.869277] pci 0000:00:18.3: System wakeup disabled by ACPI","[    0.869345] pci 0000:00:18.4: [15ad:07a0] type 01 class 0x060400","[    0.869792] pci 0000:00:18.4: PME# supported from D0 D3hot D3cold","[    0.869927] pci 0000:00:18.4: System wakeup disabled by ACPI","[    0.869996] pci 0000:00:18.5: [15ad:07a0] type 01 class 0x060400","[    0.870442] pci 0000:00:18.5: PME# supported from D0 D3hot D3cold","[    0.870577] pci 0000:00:18.5: System wakeup disabled by ACPI","[    0.870648] pci 0000:00:18.6: [15ad:07a0] type 01 class 0x060400","[    0.871094] pci 0000:00:18.6: PME# supported from D0 D3hot D3cold","[    0.871230] pci 0000:00:18.6: System wakeup disabled by ACPI","[    0.871300] pci 0000:00:18.7: [15ad:07a0] type 01 class 0x060400","[    0.871746] pci 0000:00:18.7: PME# supported from D0 D3hot D3cold","[    0.871880] pci 0000:00:18.7: System wakeup disabled by ACPI","[    0.872010] pci 0000:00:01.0: PCI bridge to [bus 01]","[    0.872216] acpiphp: Slot [32] registered","[    0.872239] acpiphp: Slot [33] registered","[    0.872260] acpiphp: Slot [34] registered","[    0.872282] acpiphp: Slot [35] registered","[    0.872303] acpiphp: Slot [36] registered","[    0.872325] acpiphp: Slot [37] registered","[    0.872346] acpiphp: Slot [38] registered","[    0.872367] acpiphp: Slot [39] registered","[    0.872388] acpiphp: Slot [40] registered","[    0.872410] acpiphp: Slot [41] registered","[    0.872431] acpiphp: Slot [42] registered","[    0.872452] acpiphp: Slot [43] registered","[    0.872473] acpiphp: Slot [44] registered","[    0.872495] acpiphp: Slot [45] registered","[    0.872516] acpiphp: Slot [46] registered","[    0.872537] acpiphp: Slot [47] registered","[    0.872558] acpiphp: Slot [48] registered","[    0.872579] acpiphp: Slot [49] registered","[    0.872600] acpiphp: Slot [50] registered","[    0.872621] acpiphp: Slot [51] registered","[    0.872642] acpiphp: Slot [52] registered","[    0.872665] acpiphp: Slot [53] registered","[    0.872687] acpiphp: Slot [54] registered","[    0.872708] acpiphp: Slot [55] registered","[    0.872729] acpiphp: Slot [56] registered","[    0.872751] acpiphp: Slot [57] registered","[    0.872772] acpiphp: Slot [58] registered","[    0.872793] acpiphp: Slot [59] registered","[    0.872814] acpiphp: Slot [60] registered","[    0.872836] acpiphp: Slot [61] registered","[    0.872857] acpiphp: Slot [62] registered","[    0.872878] acpiphp: Slot [63] registered","[    0.872920] pci 0000:02:00.0: [15ad:0774] type 00 class 0x0c0300","[    0.874484] pci 0000:02:00.0: reg 0x20: [io  0x2080-0x209f]","[    0.875046] pci 0000:02:00.0: System wakeup disabled by ACPI","[    0.875104] pci 0000:02:01.0: [8086:100f] type 00 class 0x020000","[    0.875710] pci 0000:02:01.0: reg 0x10: [mem 0xfd5c0000-0xfd5dffff 64bit]","[    0.876124] pci 0000:02:01.0: reg 0x18: [mem 0xfdff0000-0xfdffffff 64bit]","[    0.876473] pci 0000:02:01.0: reg 0x20: [io  0x2000-0x203f]","[    0.877195] pci 0000:02:01.0: reg 0x30: [mem 0x00000000-0x0000ffff pref]","[    0.877369] pci 0000:02:01.0: PME# supported from D0 D3hot D3cold","[    0.877463] pci 0000:02:01.0: System wakeup disabled by ACPI","[    0.877510] pci 0000:02:02.0: [1274:1371] type 00 class 0x040100","[    0.877849] pci 0000:02:02.0: reg 0x10: [io  0x2040-0x207f]","[    0.879156] pci 0000:02:02.0: System wakeup disabled by ACPI","[    0.879202] pci 0000:02:03.0: [15ad:0770] type 00 class 0x0c0320","[    0.879493] pci 0000:02:03.0: reg 0x10: [mem 0xfd5ef000-0xfd5effff]","[    0.881335] pci 0000:02:03.0: System wakeup disabled by ACPI","[    0.881507] pci 0000:00:11.0: PCI bridge to [bus 02] (subtractive decode)","[    0.881519] pci 0000:00:11.0:   bridge window [io  0x2000-0x3fff]","[    0.881532] pci 0000:00:11.0:   bridge window [mem 0xfd500000-0xfdffffff]","[    0.881556] pci 0000:00:11.0:   bridge window [mem 0xe7b00000-0xe7ffffff 64bit pref]","[    0.881556] pci 0000:00:11.0:   bridge window [mem 0x000a0000-0x000bffff window] (subtractive decode)","[    0.881557] pci 0000:00:11.0:   bridge window [mem 0x000cc000-0x000cffff window] (subtractive decode)","[    0.881558] pci 0000:00:11.0:   bridge window [mem 0x000d0000-0x000d3fff window] (subtractive decode)","[    0.881558] pci 0000:00:11.0:   bridge window [mem 0x000d4000-0x000d7fff window] (subtractive decode)","[    0.881559] pci 0000:00:11.0:   bridge window [mem 0x000d8000-0x000dbfff window] (subtractive decode)","[    0.881559] pci 0000:00:11.0:   bridge window [mem 0xc0000000-0xfebfffff window] (subtractive decode)","[    0.881560] pci 0000:00:11.0:   bridge window [io  0x0000-0x0cf7 window] (subtractive decode)","[    0.881560] pci 0000:00:11.0:   bridge window [io  0x0d00-0xfeff window] (subtractive decode)","[    0.881757] pci 0000:00:15.0: PCI bridge to [bus 03]","[    0.881769] pci 0000:00:15.0:   bridge window [io  0x4000-0x4fff]","[    0.881781] pci 0000:00:15.0:   bridge window [mem 0xfd400000-0xfd4fffff]","[    0.881805] pci 0000:00:15.0:   bridge window [mem 0xe7a00000-0xe7afffff 64bit pref]","[    0.881984] pci 0000:00:15.1: PCI bridge to [bus 04]","[    0.881998] pci 0000:00:15.1:   bridge window [io  0x8000-0x8fff]","[    0.882010] pci 0000:00:15.1:   bridge window [mem 0xfd000000-0xfd0fffff]","[    0.882034] pci 0000:00:15.1:   bridge window [mem 0xe7600000-0xe76fffff 64bit pref]","[    0.882217] pci 0000:00:15.2: PCI bridge to [bus 05]","[    0.882229] pci 0000:00:15.2:   bridge window [io  0xc000-0xcfff]","[    0.882241] pci 0000:00:15.2:   bridge window [mem 0xfcc00000-0xfccfffff]","[    0.882265] pci 0000:00:15.2:   bridge window [mem 0xe7200000-0xe72fffff 64bit pref]","[    0.882444] pci 0000:00:15.3: PCI bridge to [bus 06]","[    0.882467] pci 0000:00:15.3:   bridge window [mem 0xfc800000-0xfc8fffff]","[    0.882491] pci 0000:00:15.3:   bridge window [mem 0xe6e00000-0xe6efffff 64bit pref]","[    0.882667] pci 0000:00:15.4: PCI bridge to [bus 07]","[    0.882690] pci 0000:00:15.4:   bridge window [mem 0xfc400000-0xfc4fffff]","[    0.882714] pci 0000:00:15.4:   bridge window [mem 0xe6a00000-0xe6afffff 64bit pref]","[    0.882889] pci 0000:00:15.5: PCI bridge to [bus 08]","[    0.882912] pci 0000:00:15.5:   bridge window [mem 0xfc000000-0xfc0fffff]","[    0.882936] pci 0000:00:15.5:   bridge window [mem 0xe6600000-0xe66fffff 64bit pref]","[    0.883112] pci 0000:00:15.6: PCI bridge to [bus 09]","[    0.883135] pci 0000:00:15.6:   bridge window [mem 0xfbc00000-0xfbcfffff]","[    0.883159] pci 0000:00:15.6:   bridge window [mem 0xe6200000-0xe62fffff 64bit pref]","[    0.883334] pci 0000:00:15.7: PCI bridge to [bus 0a]","[    0.883357] pci 0000:00:15.7:   bridge window [mem 0xfb800000-0xfb8fffff]","[    0.883381] pci 0000:00:15.7:   bridge window [mem 0xe5e00000-0xe5efffff 64bit pref]","[    0.883556] pci 0000:00:16.0: PCI bridge to [bus 0b]","[    0.883567] pci 0000:00:16.0:   bridge window [io  0x5000-0x5fff]","[    0.883580] pci 0000:00:16.0:   bridge window [mem 0xfd300000-0xfd3fffff]","[    0.883603] pci 0000:00:16.0:   bridge window [mem 0xe7900000-0xe79fffff 64bit pref]","[    0.883778] pci 0000:00:16.1: PCI bridge to [bus 0c]","[    0.883790] pci 0000:00:16.1:   bridge window [io  0x9000-0x9fff]","[    0.883802] pci 0000:00:16.1:   bridge window [mem 0xfcf00000-0xfcffffff]","[    0.883825] pci 0000:00:16.1:   bridge window [mem 0xe7500000-0xe75fffff 64bit pref]","[    0.884005] pci 0000:00:16.2: PCI bridge to [bus 0d]","[    0.884016] pci 0000:00:16.2:   bridge window [io  0xd000-0xdfff]","[    0.884028] pci 0000:00:16.2:   bridge window [mem 0xfcb00000-0xfcbfffff]","[    0.884052] pci 0000:00:16.2:   bridge window [mem 0xe7100000-0xe71fffff 64bit pref]","[    0.884229] pci 0000:00:16.3: PCI bridge to [bus 0e]","[    0.884252] pci 0000:00:16.3:   bridge window [mem 0xfc700000-0xfc7fffff]","[    0.884275] pci 0000:00:16.3:   bridge window [mem 0xe6d00000-0xe6dfffff 64bit pref]","[    0.884450] pci 0000:00:16.4: PCI bridge to [bus 0f]","[    0.884474] pci 0000:00:16.4:   bridge window [mem 0xfc300000-0xfc3fffff]","[    0.884497] pci 0000:00:16.4:   bridge window [mem 0xe6900000-0xe69fffff 64bit pref]","[    0.884674] pci 0000:00:16.5: PCI bridge to [bus 10]","[    0.884697] pci 0000:00:16.5:   bridge window [mem 0xfbf00000-0xfbffffff]","[    0.884721] pci 0000:00:16.5:   bridge window [mem 0xe6500000-0xe65fffff 64bit pref]","[    0.884896] pci 0000:00:16.6: PCI bridge to [bus 11]","[    0.884919] pci 0000:00:16.6:   bridge window [mem 0xfbb00000-0xfbbfffff]","[    0.884943] pci 0000:00:16.6:   bridge window [mem 0xe6100000-0xe61fffff 64bit pref]","[    0.885119] pci 0000:00:16.7: PCI bridge to [bus 12]","[    0.885142] pci 0000:00:16.7:   bridge window [mem 0xfb700000-0xfb7fffff]","[    0.885166] pci 0000:00:16.7:   bridge window [mem 0xe5d00000-0xe5dfffff 64bit pref]","[    0.885342] pci 0000:00:17.0: PCI bridge to [bus 13]","[    0.885353] pci 0000:00:17.0:   bridge window [io  0x6000-0x6fff]","[    0.885365] pci 0000:00:17.0:   bridge window [mem 0xfd200000-0xfd2fffff]","[    0.885389] pci 0000:00:17.0:   bridge window [mem 0xe7800000-0xe78fffff 64bit pref]","[    0.885565] pci 0000:00:17.1: PCI bridge to [bus 14]","[    0.885576] pci 0000:00:17.1:   bridge window [io  0xa000-0xafff]","[    0.885588] pci 0000:00:17.1:   bridge window [mem 0xfce00000-0xfcefffff]","[    0.885612] pci 0000:00:17.1:   bridge window [mem 0xe7400000-0xe74fffff 64bit pref]","[    0.885788] pci 0000:00:17.2: PCI bridge to [bus 15]","[    0.885799] pci 0000:00:17.2:   bridge window [io  0xe000-0xefff]","[    0.885811] pci 0000:00:17.2:   bridge window [mem 0xfca00000-0xfcafffff]","[    0.885835] pci 0000:00:17.2:   bridge window [mem 0xe7000000-0xe70fffff 64bit pref]","[    0.886024] pci 0000:00:17.3: PCI bridge to [bus 16]","[    0.886047] pci 0000:00:17.3:   bridge window [mem 0xfc600000-0xfc6fffff]","[    0.886075] pci 0000:00:17.3:   bridge window [mem 0xe6c00000-0xe6cfffff 64bit pref]","[    0.886251] pci 0000:00:17.4: PCI bridge to [bus 17]","[    0.886274] pci 0000:00:17.4:   bridge window [mem 0xfc200000-0xfc2fffff]","[    0.886297] pci 0000:00:17.4:   bridge window [mem 0xe6800000-0xe68fffff 64bit pref]","[    0.886473] pci 0000:00:17.5: PCI bridge to [bus 18]","[    0.886496] pci 0000:00:17.5:   bridge window [mem 0xfbe00000-0xfbefffff]","[    0.886519] pci 0000:00:17.5:   bridge window [mem 0xe6400000-0xe64fffff 64bit pref]","[    0.886695] pci 0000:00:17.6: PCI bridge to [bus 19]","[    0.886718] pci 0000:00:17.6:   bridge window [mem 0xfba00000-0xfbafffff]","[    0.886742] pci 0000:00:17.6:   bridge window [mem 0xe6000000-0xe60fffff 64bit pref]","[    0.886919] pci 0000:00:17.7: PCI bridge to [bus 1a]","[    0.886942] pci 0000:00:17.7:   bridge window [mem 0xfb600000-0xfb6fffff]","[    0.886966] pci 0000:00:17.7:   bridge window [mem 0xe5c00000-0xe5cfffff 64bit pref]","[    0.887150] pci 0000:00:18.0: PCI bridge to [bus 1b]","[    0.887161] pci 0000:00:18.0:   bridge window [io  0x7000-0x7fff]","[    0.887173] pci 0000:00:18.0:   bridge window [mem 0xfd100000-0xfd1fffff]","[    0.887197] pci 0000:00:18.0:   bridge window [mem 0xe7700000-0xe77fffff 64bit pref]","[    0.887373] pci 0000:00:18.1: PCI bridge to [bus 1c]","[    0.887385] pci 0000:00:18.1:   bridge window [io  0xb000-0xbfff]","[    0.887397] pci 0000:00:18.1:   bridge window [mem 0xfcd00000-0xfcdfffff]","[    0.887421] pci 0000:00:18.1:   bridge window [mem 0xe7300000-0xe73fffff 64bit pref]","[    0.887596] pci 0000:00:18.2: PCI bridge to [bus 1d]","[    0.887619] pci 0000:00:18.2:   bridge window [mem 0xfc900000-0xfc9fffff]","[    0.887642] pci 0000:00:18.2:   bridge window [mem 0xe6f00000-0xe6ffffff 64bit pref]","[    0.887818] pci 0000:00:18.3: PCI bridge to [bus 1e]","[    0.887841] pci 0000:00:18.3:   bridge window [mem 0xfc500000-0xfc5fffff]","[    0.887864] pci 0000:00:18.3:   bridge window [mem 0xe6b00000-0xe6bfffff 64bit pref]","[    0.888044] pci 0000:00:18.4: PCI bridge to [bus 1f]","[    0.888068] pci 0000:00:18.4:   bridge window [mem 0xfc100000-0xfc1fffff]","[    0.888092] pci 0000:00:18.4:   bridge window [mem 0xe6700000-0xe67fffff 64bit pref]","[    0.888267] pci 0000:00:18.5: PCI bridge to [bus 20]","[    0.888291] pci 0000:00:18.5:   bridge window [mem 0xfbd00000-0xfbdfffff]","[    0.888314] pci 0000:00:18.5:   bridge window [mem 0xe6300000-0xe63fffff 64bit pref]","[    0.888489] pci 0000:00:18.6: PCI bridge to [bus 21]","[    0.888512] pci 0000:00:18.6:   bridge window [mem 0xfb900000-0xfb9fffff]","[    0.888536] pci 0000:00:18.6:   bridge window [mem 0xe5f00000-0xe5ffffff 64bit pref]","[    0.888713] pci 0000:00:18.7: PCI bridge to [bus 22]","[    0.888736] pci 0000:00:18.7:   bridge window [mem 0xfb500000-0xfb5fffff]","[    0.888760] pci 0000:00:18.7:   bridge window [mem 0xe5b00000-0xe5bfffff 64bit pref]","[    0.890345] ACPI: PCI Interrupt Link [LNKA] (IRQs 3 4 5 6 7 *9 10 11 14 15)","[    0.890384] ACPI: PCI Interrupt Link [LNKB] (IRQs 3 4 5 6 7 9 10 *11 14 15)","[    0.890420] ACPI: PCI Interrupt Link [LNKC] (IRQs 3 4 5 6 7 9 *10 11 14 15)","[    0.890455] ACPI: PCI Interrupt Link [LNKD] (IRQs 3 4 5 6 *7 9 10 11 14 15)","[    0.936805] vgaarb: device added: PCI:0000:00:0f.0,decodes=io+mem,owns=io+mem,locks=none","[    0.936811] vgaarb: loaded","[    0.936811] vgaarb: bridge control possible 0000:00:0f.0","[    0.937032] SCSI subsystem initialized","[    0.937044] ACPI: bus type USB registered","[    0.937052] usbcore: registered new interface driver usbfs","[    0.937055] usbcore: registered new interface driver hub","[    0.937149] usbcore: registered new device driver usb","[    0.937335] EDAC MC: Ver: 3.0.0","[    0.938231] PCI: Using ACPI for IRQ routing","[    0.941203] PCI: pci_cache_line_size set to 64 bytes","[    0.941802] e820: reserve RAM buffer [mem 0x0009ec00-0x0009ffff]","[    0.941803] e820: reserve RAM buffer [mem 0xbfed0000-0xbfffffff]","[    0.941890] NetLabel: Initializing","[    0.941890] NetLabel:  domain hash size = 128","[    0.941891] NetLabel:  protocols = UNLABELED CIPSOv4","[    0.941897] NetLabel:  unlabeled traffic allowed by default","[    0.942082] hpet0: at MMIO 0xfed00000, IRQs 2, 8, 0, 0, 0, 0, 0, 0, 0, 0, 0, 0, 0, 0, 0, 0","[    0.942086] hpet0: 16 comparators, 64-bit 14.318180 MHz counter","[    0.944114] amd_nb: Cannot enumerate AMD northbridges","[    0.944214] Switched to clocksource hpet","[    0.958003] pnp: PnP ACPI init","[    0.958010] ACPI: bus type PNP registered","[    0.958130] system 00:00: [io  0x1000-0x103f] could not be reserved","[    0.958131] system 00:00: [io  0x1040-0x104f] has been reserved","[    0.958132] system 00:00: [io  0x0cf0-0x0cf1] has been reserved","[    0.958134] system 00:00: Plug and Play ACPI device, IDs PNP0c02 (active)","[    0.958154] pnp 00:01: Plug and Play ACPI device, IDs PNP0b00 (active)","[    0.958166] pnp 00:02: Plug and Play ACPI device, IDs PNP0303 (active)","[    0.958175] pnp 00:03: Plug and Play ACPI device, IDs VMW0003 PNP0f13 (active)","[    0.958276] system 00:04: [mem 0xfed00000-0xfed003ff] has been reserved","[    0.958277] system 00:04: Plug and Play ACPI device, IDs PNP0103 PNP0c01 (active)","[    0.958967] pnp 00:05: Plug and Play ACPI device, IDs PNP0501 (active)","[    0.959171] system 00:06: [io  0xfce0-0xfcff] has been reserved","[    0.959173] system 00:06: [mem 0xf0000000-0xf7ffffff] has been reserved","[    0.959174] system 00:06: [mem 0xfe800000-0xfe9fffff] has been reserved","[    0.959174] system 00:06: Plug and Play ACPI device, IDs PNP0c02 (active)","[    0.992941] pnp: PnP ACPI: found 7 devices","[    0.992943] ACPI: bus type PNP unregistered","[    1.000058] pci 0000:00:15.3: bridge window [io  0x1000-0x0fff] to [bus 06] add_size 1000","[    1.000060] pci 0000:00:15.4: bridge window [io  0x1000-0x0fff] to [bus 07] add_size 1000","[    1.000061] pci 0000:00:15.5: bridge window [io  0x1000-0x0fff] to [bus 08] add_size 1000","[    1.000062] pci 0000:00:15.6: bridge window [io  0x1000-0x0fff] to [bus 09] add_size 1000","[    1.000062] pci 0000:00:15.7: bridge window [io  0x1000-0x0fff] to [bus 0a] add_size 1000","[    1.000063] pci 0000:00:16.3: bridge window [io  0x1000-0x0fff] to [bus 0e] add_size 1000","[    1.000064] pci 0000:00:16.4: bridge window [io  0x1000-0x0fff] to [bus 0f] add_size 1000","[    1.000065] pci 0000:00:16.5: bridge window [io  0x1000-0x0fff] to [bus 10] add_size 1000","[    1.000065] pci 0000:00:16.6: bridge window [io  0x1000-0x0fff] to [bus 11] add_size 1000","[    1.000066] pci 0000:00:16.7: bridge window [io  0x1000-0x0fff] to [bus 12] add_size 1000","[    1.000067] pci 0000:00:17.3: bridge window [io  0x1000-0x0fff] to [bus 16] add_size 1000","[    1.000068] pci 0000:00:17.4: bridge window [io  0x1000-0x0fff] to [bus 17] add_size 1000","[    1.000069] pci 0000:00:17.5: bridge window [io  0x1000-0x0fff] to [bus 18] add_size 1000","[    1.000069] pci 0000:00:17.6: bridge window [io  0x1000-0x0fff] to [bus 19] add_size 1000","[    1.000070] pci 0000:00:17.7: bridge window [io  0x1000-0x0fff] to [bus 1a] add_size 1000","[    1.000071] pci 0000:00:18.2: bridge window [io  0x1000-0x0fff] to [bus 1d] add_size 1000","[    1.000071] pci 0000:00:18.3: bridge window [io  0x1000-0x0fff] to [bus 1e] add_size 1000","[    1.000072] pci 0000:00:18.4: bridge window [io  0x1000-0x0fff] to [bus 1f] add_size 1000","[    1.000073] pci 0000:00:18.5: bridge window [io  0x1000-0x0fff] to [bus 20] add_size 1000","[    1.000073] pci 0000:00:18.6: bridge window [io  0x1000-0x0fff] to [bus 21] add_size 1000","[    1.000074] pci 0000:00:18.7: bridge window [io  0x1000-0x0fff] to [bus 22] add_size 1000","[    1.000081] pci 0000:00:15.3: res[13]=[io  0x1000-0x0fff] res_to_dev_res add_size 1000 min_align 1000","[    1.000081] pci 0000:00:15.3: res[13]=[io  0x1000-0x1fff] res_to_dev_res add_size 1000 min_align 1000","[    1.000082] pci 0000:00:15.4: res[13]=[io  0x1000-0x0fff] res_to_dev_res add_size 1000 min_align 1000","[    1.000083] pci 0000:00:15.4: res[13]=[io  0x1000-0x1fff] res_to_dev_res add_size 1000 min_align 1000","[    1.000083] pci 0000:00:15.5: res[13]=[io  0x1000-0x0fff] res_to_dev_res add_size 1000 min_align 1000","[    1.000084] pci 0000:00:15.5: res[13]=[io  0x1000-0x1fff] res_to_dev_res add_size 1000 min_align 1000","[    1.000084] pci 0000:00:15.6: res[13]=[io  0x1000-0x0fff] res_to_dev_res add_size 1000 min_align 1000","[    1.000085] pci 0000:00:15.6: res[13]=[io  0x1000-0x1fff] res_to_dev_res add_size 1000 min_align 1000","[    1.000086] pci 0000:00:15.7: res[13]=[io  0x1000-0x0fff] res_to_dev_res add_size 1000 min_align 1000","[    1.000086] pci 0000:00:15.7: res[13]=[io  0x1000-0x1fff] res_to_dev_res add_size 1000 min_align 1000","[    1.000087] pci 0000:00:16.3: res[13]=[io  0x1000-0x0fff] res_to_dev_res add_size 1000 min_align 1000","[    1.000087] pci 0000:00:16.3: res[13]=[io  0x1000-0x1fff] res_to_dev_res add_size 1000 min_align 1000","[    1.000088] pci 0000:00:16.4: res[13]=[io  0x1000-0x0fff] res_to_dev_res add_size 1000 min_align 1000","[    1.000088] pci 0000:00:16.4: res[13]=[io  0x1000-0x1fff] res_to_dev_res add_size 1000 min_align 1000","[    1.000089] pci 0000:00:16.5: res[13]=[io  0x1000-0x0fff] res_to_dev_res add_size 1000 min_align 1000","[    1.000090] pci 0000:00:16.5: res[13]=[io  0x1000-0x1fff] res_to_dev_res add_size 1000 min_align 1000","[    1.000090] pci 0000:00:16.6: res[13]=[io  0x1000-0x0fff] res_to_dev_res add_size 1000 min_align 1000","[    1.000091] pci 0000:00:16.6: res[13]=[io  0x1000-0x1fff] res_to_dev_res add_size 1000 min_align 1000","[    1.000091] pci 0000:00:16.7: res[13]=[io  0x1000-0x0fff] res_to_dev_res add_size 1000 min_align 1000","[    1.000092] pci 0000:00:16.7: res[13]=[io  0x1000-0x1fff] res_to_dev_res add_size 1000 min_align 1000","[    1.000092] pci 0000:00:17.3: res[13]=[io  0x1000-0x0fff] res_to_dev_res add_size 1000 min_align 1000","[    1.000093] pci 0000:00:17.3: res[13]=[io  0x1000-0x1fff] res_to_dev_res add_size 1000 min_align 1000","[    1.000093] pci 0000:00:17.4: res[13]=[io  0x1000-0x0fff] res_to_dev_res add_size 1000 min_align 1000","[    1.000094] pci 0000:00:17.4: res[13]=[io  0x1000-0x1fff] res_to_dev_res add_size 1000 min_align 1000","[    1.000095] pci 0000:00:17.5: res[13]=[io  0x1000-0x0fff] res_to_dev_res add_size 1000 min_align 1000","[    1.000095] pci 0000:00:17.5: res[13]=[io  0x1000-0x1fff] res_to_dev_res add_size 1000 min_align 1000","[    1.000096] pci 0000:00:17.6: res[13]=[io  0x1000-0x0fff] res_to_dev_res add_size 1000 min_align 1000","[    1.000096] pci 0000:00:17.6: res[13]=[io  0x1000-0x1fff] res_to_dev_res add_size 1000 min_align 1000","[    1.000097] pci 0000:00:17.7: res[13]=[io  0x1000-0x0fff] res_to_dev_res add_size 1000 min_align 1000","[    1.000097] pci 0000:00:17.7: res[13]=[io  0x1000-0x1fff] res_to_dev_res add_size 1000 min_align 1000","[    1.000098] pci 0000:00:18.2: res[13]=[io  0x1000-0x0fff] res_to_dev_res add_size 1000 min_align 1000","[    1.000098] pci 0000:00:18.2: res[13]=[io  0x1000-0x1fff] res_to_dev_res add_size 1000 min_align 1000","[    1.000099] pci 0000:00:18.3: res[13]=[io  0x1000-0x0fff] res_to_dev_res add_size 1000 min_align 1000","[    1.000100] pci 0000:00:18.3: res[13]=[io  0x1000-0x1fff] res_to_dev_res add_size 1000 min_align 1000","[    1.000100] pci 0000:00:18.4: res[13]=[io  0x1000-0x0fff] res_to_dev_res add_size 1000 min_align 1000","[    1.000101] pci 0000:00:18.4: res[13]=[io  0x1000-0x1fff] res_to_dev_res add_size 1000 min_align 1000","[    1.000101] pci 0000:00:18.5: res[13]=[io  0x1000-0x0fff] res_to_dev_res add_size 1000 min_align 1000","[    1.000102] pci 0000:00:18.5: res[13]=[io  0x1000-0x1fff] res_to_dev_res add_size 1000 min_align 1000","[    1.000102] pci 0000:00:18.6: res[13]=[io  0x1000-0x0fff] res_to_dev_res add_size 1000 min_align 1000","[    1.000103] pci 0000:00:18.6: res[13]=[io  0x1000-0x1fff] res_to_dev_res add_size 1000 min_align 1000","[    1.000104] pci 0000:00:18.7: res[13]=[io  0x1000-0x0fff] res_to_dev_res add_size 1000 min_align 1000","[    1.000104] pci 0000:00:18.7: res[13]=[io  0x1000-0x1fff] res_to_dev_res add_size 1000 min_align 1000","[    1.000107] pci 0000:00:0f.0: BAR 6: assigned [mem 0xc0000000-0xc0007fff pref]","[    1.000108] pci 0000:00:10.0: BAR 6: assigned [mem 0xc0008000-0xc000bfff pref]","[    1.000110] pci 0000:00:15.3: BAR 13: no space for [io  size 0x1000]","[    1.000111] pci 0000:00:15.3: BAR 13: failed to assign [io  size 0x1000]","[    1.000112] pci 0000:00:15.4: BAR 13: no space for [io  size 0x1000]","[    1.000112] pci 0000:00:15.4: BAR 13: failed to assign [io  size 0x1000]","[    1.000113] pci 0000:00:15.5: BAR 13: no space for [io  size 0x1000]","[    1.000113] pci 0000:00:15.5: BAR 13: failed to assign [io  size 0x1000]","[    1.000114] pci 0000:00:15.6: BAR 13: no space for [io  size 0x1000]","[    1.000115] pci 0000:00:15.6: BAR 13: failed to assign [io  size 0x1000]","[    1.000115] pci 0000:00:15.7: BAR 13: no space for [io  size 0x1000]","[    1.000116] pci 0000:00:15.7: BAR 13: failed to assign [io  size 0x1000]","[    1.000117] pci 0000:00:16.3: BAR 13: no space for [io  size 0x1000]","[    1.000117] pci 0000:00:16.3: BAR 13: failed to assign [io  size 0x1000]","[    1.000118] pci 0000:00:16.4: BAR 13: no space for [io  size 0x1000]","[    1.000118] pci 0000:00:16.4: BAR 13: failed to assign [io  size 0x1000]","[    1.000119] pci 0000:00:16.5: BAR 13: no space for [io  size 0x1000]","[    1.000119] pci 0000:00:16.5: BAR 13: failed to assign [io  size 0x1000]","[    1.000120] pci 0000:00:16.6: BAR 13: no space for [io  size 0x1000]","[    1.000121] pci 0000:00:16.6: BAR 13: failed to assign [io  size 0x1000]","[    1.000121] pci 0000:00:16.7: BAR 13: no space for [io  size 0x1000]","[    1.000122] pci 0000:00:16.7: BAR 13: failed to assign [io  size 0x1000]","[    1.000123] pci 0000:00:17.3: BAR 13: no space for [io  size 0x1000]","[    1.000123] pci 0000:00:17.3: BAR 13: failed to assign [io  size 0x1000]","[    1.000124] pci 0000:00:17.4: BAR 13: no space for [io  size 0x1000]","[    1.000124] pci 0000:00:17.4: BAR 13: failed to assign [io  size 0x1000]","[    1.000125] pci 0000:00:17.5: BAR 13: no space for [io  size 0x1000]","[    1.000126] pci 0000:00:17.5: BAR 13: failed to assign [io  size 0x1000]","[    1.000126] pci 0000:00:17.6: BAR 13: no space for [io  size 0x1000]","[    1.000127] pci 0000:00:17.6: BAR 13: failed to assign [io  size 0x1000]","[    1.000127] pci 0000:00:17.7: BAR 13: no space for [io  size 0x1000]","[    1.000128] pci 0000:00:17.7: BAR 13: failed to assign [io  size 0x1000]","[    1.000129] pci 0000:00:18.2: BAR 13: no space for [io  size 0x1000]","[    1.000129] pci 0000:00:18.2: BAR 13: failed to assign [io  size 0x1000]","[    1.000130] pci 0000:00:18.3: BAR 13: no space for [io  size 0x1000]","[    1.000130] pci 0000:00:18.3: BAR 13: failed to assign [io  size 0x1000]","[    1.000131] pci 0000:00:18.4: BAR 13: no space for [io  size 0x1000]","[    1.000132] pci 0000:00:18.4: BAR 13: failed to assign [io  size 0x1000]","[    1.000132] pci 0000:00:18.5: BAR 13: no space for [io  size 0x1000]","[    1.000133] pci 0000:00:18.5: BAR 13: failed to assign [io  size 0x1000]","[    1.000134] pci 0000:00:18.6: BAR 13: no space for [io  size 0x1000]","[    1.000134] pci 0000:00:18.6: BAR 13: failed to assign [io  size 0x1000]","[    1.000135] pci 0000:00:18.7: BAR 13: no space for [io  size 0x1000]","[    1.000135] pci 0000:00:18.7: BAR 13: failed to assign [io  size 0x1000]","[    1.000138] pci 0000:00:18.7: BAR 13: no space for [io  size 0x1000]","[    1.000138] pci 0000:00:18.7: BAR 13: failed to assign [io  size 0x1000]","[    1.000139] pci 0000:00:18.6: BAR 13: no space for [io  size 0x1000]","[    1.000139] pci 0000:00:18.6: BAR 13: failed to assign [io  size 0x1000]","[    1.000140] pci 0000:00:18.5: BAR 13: no space for [io  size 0x1000]","[    1.000141] pci 0000:00:18.5: BAR 13: failed to assign [io  size 0x1000]","[    1.000141] pci 0000:00:18.4: BAR 13: no space for [io  size 0x1000]","[    1.000142] pci 0000:00:18.4: BAR 13: failed to assign [io  size 0x1000]","[    1.000143] pci 0000:00:18.3: BAR 13: no space for [io  size 0x1000]","[    1.000143] pci 0000:00:18.3: BAR 13: failed to assign [io  size 0x1000]","[    1.000144] pci 0000:00:18.2: BAR 13: no space for [io  size 0x1000]","[    1.000145] pci 0000:00:18.2: BAR 13: failed to assign [io  size 0x1000]","[    1.000145] pci 0000:00:17.7: BAR 13: no space for [io  size 0x1000]","[    1.000146] pci 0000:00:17.7: BAR 13: failed to assign [io  size 0x1000]","[    1.000147] pci 0000:00:17.6: BAR 13: no space for [io  size 0x1000]","[    1.000147] pci 0000:00:17.6: BAR 13: failed to assign [io  size 0x1000]","[    1.000148] pci 0000:00:17.5: BAR 13: no space for [io  size 0x1000]","[    1.000148] pci 0000:00:17.5: BAR 13: failed to assign [io  size 0x1000]","[    1.000149] pci 0000:00:17.4: BAR 13: no space for [io  size 0x1000]","[    1.000150] pci 0000:00:17.4: BAR 13: failed to assign [io  size 0x1000]","[    1.000150] pci 0000:00:17.3: BAR 13: no space for [io  size 0x1000]","[    1.000151] pci 0000:00:17.3: BAR 13: failed to assign [io  size 0x1000]","[    1.000152] pci 0000:00:16.7: BAR 13: no space for [io  size 0x1000]","[    1.000152] pci 0000:00:16.7: BAR 13: failed to assign [io  size 0x1000]","[    1.000153] pci 0000:00:16.6: BAR 13: no space for [io  size 0x1000]","[    1.000153] pci 0000:00:16.6: BAR 13: failed to assign [io  size 0x1000]","[    1.000154] pci 0000:00:16.5: BAR 13: no space for [io  size 0x1000]","[    1.000155] pci 0000:00:16.5: BAR 13: failed to assign [io  size 0x1000]","[    1.000155] pci 0000:00:16.4: BAR 13: no space for [io  size 0x1000]","[    1.000156] pci 0000:00:16.4: BAR 13: failed to assign [io  size 0x1000]","[    1.000157] pci 0000:00:16.3: BAR 13: no space for [io  size 0x1000]","[    1.000157] pci 0000:00:16.3: BAR 13: failed to assign [io  size 0x1000]","[    1.000158] pci 0000:00:15.7: BAR 13: no space for [io  size 0x1000]","[    1.000158] pci 0000:00:15.7: BAR 13: failed to assign [io  size 0x1000]","[    1.000159] pci 0000:00:15.6: BAR 13: no space for [io  size 0x1000]","[    1.000160] pci 0000:00:15.6: BAR 13: failed to assign [io  size 0x1000]","[    1.000160] pci 0000:00:15.5: BAR 13: no space for [io  size 0x1000]","[    1.000161] pci 0000:00:15.5: BAR 13: failed to assign [io  size 0x1000]","[    1.000162] pci 0000:00:15.4: BAR 13: no space for [io  size 0x1000]","[    1.000162] pci 0000:00:15.4: BAR 13: failed to assign [io  size 0x1000]","[    1.000163] pci 0000:00:15.3: BAR 13: no space for [io  size 0x1000]","[    1.000163] pci 0000:00:15.3: BAR 13: failed to assign [io  size 0x1000]","[    1.000165] pci 0000:00:01.0: PCI bridge to [bus 01]","[    1.000233] pci 0000:02:01.0: BAR 6: assigned [mem 0xfd500000-0xfd50ffff pref]","[    1.000234] pci 0000:00:11.0: PCI bridge to [bus 02]","[    1.000242] pci 0000:00:11.0:   bridge window [io  0x2000-0x3fff]","[    1.000268] pci 0000:00:11.0:   bridge window [mem 0xfd500000-0xfdffffff]","[    1.000281] pci 0000:00:11.0:   bridge window [mem 0xe7b00000-0xe7ffffff 64bit pref]","[    1.000307] pci 0000:00:15.0: PCI bridge to [bus 03]","[    1.000315] pci 0000:00:15.0:   bridge window [io  0x4000-0x4fff]","[    1.000334] pci 0000:00:15.0:   bridge window [mem 0xfd400000-0xfd4fffff]","[    1.000348] pci 0000:00:15.0:   bridge window [mem 0xe7a00000-0xe7afffff 64bit pref]","[    1.000407] pci 0000:00:15.1: PCI bridge to [bus 04]","[    1.000414] pci 0000:00:15.1:   bridge window [io  0x8000-0x8fff]","[    1.000434] pci 0000:00:15.1:   bridge window [mem 0xfd000000-0xfd0fffff]","[    1.000447] pci 0000:00:15.1:   bridge window [mem 0xe7600000-0xe76fffff 64bit pref]","[    1.000480] pci 0000:00:15.2: PCI bridge to [bus 05]","[    1.000488] pci 0000:00:15.2:   bridge window [io  0xc000-0xcfff]","[    1.000507] pci 0000:00:15.2:   bridge window [mem 0xfcc00000-0xfccfffff]","[    1.000520] pci 0000:00:15.2:   bridge window [mem 0xe7200000-0xe72fffff 64bit pref]","[    1.000553] pci 0000:00:15.3: PCI bridge to [bus 06]","[    1.000573] pci 0000:00:15.3:   bridge window [mem 0xfc800000-0xfc8fffff]","[    1.000586] pci 0000:00:15.3:   bridge window [mem 0xe6e00000-0xe6efffff 64bit pref]","[    1.000623] pci 0000:00:15.4: PCI bridge to [bus 07]","[    1.000642] pci 0000:00:15.4:   bridge window [mem 0xfc400000-0xfc4fffff]","[    1.000656] pci 0000:00:15.4:   bridge window [mem 0xe6a00000-0xe6afffff 64bit pref]","[    1.000688] pci 0000:00:15.5: PCI bridge to [bus 08]","[    1.000708] pci 0000:00:15.5:   bridge window [mem 0xfc000000-0xfc0fffff]","[    1.000721] pci 0000:00:15.5:   bridge window [mem 0xe6600000-0xe66fffff 64bit pref]","[    1.000753] pci 0000:00:15.6: PCI bridge to [bus 09]","[    1.000773] pci 0000:00:15.6:   bridge window [mem 0xfbc00000-0xfbcfffff]","[    1.000786] pci 0000:00:15.6:   bridge window [mem 0xe6200000-0xe62fffff 64bit pref]","[    1.000819] pci 0000:00:15.7: PCI bridge to [bus 0a]","[    1.000838] pci 0000:00:15.7:   bridge window [mem 0xfb800000-0xfb8fffff]","[    1.000851] pci 0000:00:15.7:   bridge window [mem 0xe5e00000-0xe5efffff 64bit pref]","[    1.000890] pci 0000:00:16.0: PCI bridge to [bus 0b]","[    1.000897] pci 0000:00:16.0:   bridge window [io  0x5000-0x5fff]","[    1.000917] pci 0000:00:16.0:   bridge window [mem 0xfd300000-0xfd3fffff]","[    1.000930] pci 0000:00:16.0:   bridge window [mem 0xe7900000-0xe79fffff 64bit pref]","[    1.000962] pci 0000:00:16.1: PCI bridge to [bus 0c]","[    1.000969] pci 0000:00:16.1:   bridge window [io  0x9000-0x9fff]","[    1.000989] pci 0000:00:16.1:   bridge window [mem 0xfcf00000-0xfcffffff]","[    1.001002] pci 0000:00:16.1:   bridge window [mem 0xe7500000-0xe75fffff 64bit pref]","[    1.001035] pci 0000:00:16.2: PCI bridge to [bus 0d]","[    1.001042] pci 0000:00:16.2:   bridge window [io  0xd000-0xdfff]","[    1.001061] pci 0000:00:16.2:   bridge window [mem 0xfcb00000-0xfcbfffff]","[    1.001074] pci 0000:00:16.2:   bridge window [mem 0xe7100000-0xe71fffff 64bit pref]","[    1.001107] pci 0000:00:16.3: PCI bridge to [bus 0e]","[    1.001127] pci 0000:00:16.3:   bridge window [mem 0xfc700000-0xfc7fffff]","[    1.001140] pci 0000:00:16.3:   bridge window [mem 0xe6d00000-0xe6dfffff 64bit pref]","[    1.001177] pci 0000:00:16.4: PCI bridge to [bus 0f]","[    1.001197] pci 0000:00:16.4:   bridge window [mem 0xfc300000-0xfc3fffff]","[    1.001210] pci 0000:00:16.4:   bridge window [mem 0xe6900000-0xe69fffff 64bit pref]","[    1.001243] pci 0000:00:16.5: PCI bridge to [bus 10]","[    1.001263] pci 0000:00:16.5:   bridge window [mem 0xfbf00000-0xfbffffff]","[    1.001276] pci 0000:00:16.5:   bridge window [mem 0xe6500000-0xe65fffff 64bit pref]","[    1.001308] pci 0000:00:16.6: PCI bridge to [bus 11]","[    1.001328] pci 0000:00:16.6:   bridge window [mem 0xfbb00000-0xfbbfffff]","[    1.001341] pci 0000:00:16.6:   bridge window [mem 0xe6100000-0xe61fffff 64bit pref]","[    1.001374] pci 0000:00:16.7: PCI bridge to [bus 12]","[    1.001393] pci 0000:00:16.7:   bridge window [mem 0xfb700000-0xfb7fffff]","[    1.001406] pci 0000:00:16.7:   bridge window [mem 0xe5d00000-0xe5dfffff 64bit pref]","[    1.001439] pci 0000:00:17.0: PCI bridge to [bus 13]","[    1.001446] pci 0000:00:17.0:   bridge window [io  0x6000-0x6fff]","[    1.001466] pci 0000:00:17.0:   bridge window [mem 0xfd200000-0xfd2fffff]","[    1.001479] pci 0000:00:17.0:   bridge window [mem 0xe7800000-0xe78fffff 64bit pref]","[    1.001511] pci 0000:00:17.1: PCI bridge to [bus 14]","[    1.001519] pci 0000:00:17.1:   bridge window [io  0xa000-0xafff]","[    1.001538] pci 0000:00:17.1:   bridge window [mem 0xfce00000-0xfcefffff]","[    1.001551] pci 0000:00:17.1:   bridge window [mem 0xe7400000-0xe74fffff 64bit pref]","[    1.001585] pci 0000:00:17.2: PCI bridge to [bus 15]","[    1.001592] pci 0000:00:17.2:   bridge window [io  0xe000-0xefff]","[    1.001612] pci 0000:00:17.2:   bridge window [mem 0xfca00000-0xfcafffff]","[    1.001625] pci 0000:00:17.2:   bridge window [mem 0xe7000000-0xe70fffff 64bit pref]","[    1.001658] pci 0000:00:17.3: PCI bridge to [bus 16]","[    1.001677] pci 0000:00:17.3:   bridge window [mem 0xfc600000-0xfc6fffff]","[    1.001690] pci 0000:00:17.3:   bridge window [mem 0xe6c00000-0xe6cfffff 64bit pref]","[    1.001723] pci 0000:00:17.4: PCI bridge to [bus 17]","[    1.001743] pci 0000:00:17.4:   bridge window [mem 0xfc200000-0xfc2fffff]","[    1.001756] pci 0000:00:17.4:   bridge window [mem 0xe6800000-0xe68fffff 64bit pref]","[    1.001788] pci 0000:00:17.5: PCI bridge to [bus 18]","[    1.001808] pci 0000:00:17.5:   bridge window [mem 0xfbe00000-0xfbefffff]","[    1.001821] pci 0000:00:17.5:   bridge window [mem 0xe6400000-0xe64fffff 64bit pref]","[    1.001853] pci 0000:00:17.6: PCI bridge to [bus 19]","[    1.001873] pci 0000:00:17.6:   bridge window [mem 0xfba00000-0xfbafffff]","[    1.001886] pci 0000:00:17.6:   bridge window [mem 0xe6000000-0xe60fffff 64bit pref]","[    1.001919] pci 0000:00:17.7: PCI bridge to [bus 1a]","[    1.001938] pci 0000:00:17.7:   bridge window [mem 0xfb600000-0xfb6fffff]","[    1.001951] pci 0000:00:17.7:   bridge window [mem 0xe5c00000-0xe5cfffff 64bit pref]","[    1.001984] pci 0000:00:18.0: PCI bridge to [bus 1b]","[    1.001991] pci 0000:00:18.0:   bridge window [io  0x7000-0x7fff]","[    1.002011] pci 0000:00:18.0:   bridge window [mem 0xfd100000-0xfd1fffff]","[    1.002024] pci 0000:00:18.0:   bridge window [mem 0xe7700000-0xe77fffff 64bit pref]","[    1.002056] pci 0000:00:18.1: PCI bridge to [bus 1c]","[    1.002064] pci 0000:00:18.1:   bridge window [io  0xb000-0xbfff]","[    1.002083] pci 0000:00:18.1:   bridge window [mem 0xfcd00000-0xfcdfffff]","[    1.002096] pci 0000:00:18.1:   bridge window [mem 0xe7300000-0xe73fffff 64bit pref]","[    1.002129] pci 0000:00:18.2: PCI bridge to [bus 1d]","[    1.002148] pci 0000:00:18.2:   bridge window [mem 0xfc900000-0xfc9fffff]","[    1.002166] pci 0000:00:18.2:   bridge window [mem 0xe6f00000-0xe6ffffff 64bit pref]","[    1.002199] pci 0000:00:18.3: PCI bridge to [bus 1e]","[    1.002218] pci 0000:00:18.3:   bridge window [mem 0xfc500000-0xfc5fffff]","[    1.002231] pci 0000:00:18.3:   bridge window [mem 0xe6b00000-0xe6bfffff 64bit pref]","[    1.002269] pci 0000:00:18.4: PCI bridge to [bus 1f]","[    1.002289] pci 0000:00:18.4:   bridge window [mem 0xfc100000-0xfc1fffff]","[    1.002302] pci 0000:00:18.4:   bridge window [mem 0xe6700000-0xe67fffff 64bit pref]","[    1.002334] pci 0000:00:18.5: PCI bridge to [bus 20]","[    1.002354] pci 0000:00:18.5:   bridge window [mem 0xfbd00000-0xfbdfffff]","[    1.002367] pci 0000:00:18.5:   bridge window [mem 0xe6300000-0xe63fffff 64bit pref]","[    1.002400] pci 0000:00:18.6: PCI bridge to [bus 21]","[    1.002419] pci 0000:00:18.6:   bridge window [mem 0xfb900000-0xfb9fffff]","[    1.002432] pci 0000:00:18.6:   bridge window [mem 0xe5f00000-0xe5ffffff 64bit pref]","[    1.002465] pci 0000:00:18.7: PCI bridge to [bus 22]","[    1.002484] pci 0000:00:18.7:   bridge window [mem 0xfb500000-0xfb5fffff]","[    1.002498] pci 0000:00:18.7:   bridge window [mem 0xe5b00000-0xe5bfffff 64bit pref]","[    1.002532] pci_bus 0000:00: resource 4 [mem 0x000a0000-0x000bffff window]","[    1.002533] pci_bus 0000:00: resource 5 [mem 0x000cc000-0x000cffff window]","[    1.002533] pci_bus 0000:00: resource 6 [mem 0x000d0000-0x000d3fff window]","[    1.002534] pci_bus 0000:00: resource 7 [mem 0x000d4000-0x000d7fff window]","[    1.002534] pci_bus 0000:00: resource 8 [mem 0x000d8000-0x000dbfff window]","[    1.002535] pci_bus 0000:00: resource 9 [mem 0xc0000000-0xfebfffff window]","[    1.002536] pci_bus 0000:00: resource 10 [io  0x0000-0x0cf7 window]","[    1.002536] pci_bus 0000:00: resource 11 [io  0x0d00-0xfeff window]","[    1.002537] pci_bus 0000:02: resource 0 [io  0x2000-0x3fff]","[    1.002537] pci_bus 0000:02: resource 1 [mem 0xfd500000-0xfdffffff]","[    1.002538] pci_bus 0000:02: resource 2 [mem 0xe7b00000-0xe7ffffff 64bit pref]","[    1.002539] pci_bus 0000:02: resource 4 [mem 0x000a0000-0x000bffff window]","[    1.002539] pci_bus 0000:02: resource 5 [mem 0x000cc000-0x000cffff window]","[    1.002540] pci_bus 0000:02: resource 6 [mem 0x000d0000-0x000d3fff window]","[    1.002540] pci_bus 0000:02: resource 7 [mem 0x000d4000-0x000d7fff window]","[    1.002541] pci_bus 0000:02: resource 8 [mem 0x000d8000-0x000dbfff window]","[    1.002541] pci_bus 0000:02: resource 9 [mem 0xc0000000-0xfebfffff window]","[    1.002542] pci_bus 0000:02: resource 10 [io  0x0000-0x0cf7 window]","[    1.002542] pci_bus 0000:02: resource 11 [io  0x0d00-0xfeff window]","[    1.002543] pci_bus 0000:03: resource 0 [io  0x4000-0x4fff]","[    1.002544] pci_bus 0000:03: resource 1 [mem 0xfd400000-0xfd4fffff]","[    1.002544] pci_bus 0000:03: resource 2 [mem 0xe7a00000-0xe7afffff 64bit pref]","[    1.002545] pci_bus 0000:04: resource 0 [io  0x8000-0x8fff]","[    1.002545] pci_bus 0000:04: resource 1 [mem 0xfd000000-0xfd0fffff]","[    1.002546] pci_bus 0000:04: resource 2 [mem 0xe7600000-0xe76fffff 64bit pref]","[    1.002546] pci_bus 0000:05: resource 0 [io  0xc000-0xcfff]","[    1.002547] pci_bus 0000:05: resource 1 [mem 0xfcc00000-0xfccfffff]","[    1.002547] pci_bus 0000:05: resource 2 [mem 0xe7200000-0xe72fffff 64bit pref]","[    1.002548] pci_bus 0000:06: resource 1 [mem 0xfc800000-0xfc8fffff]","[    1.002549] pci_bus 0000:06: resource 2 [mem 0xe6e00000-0xe6efffff 64bit pref]","[    1.002549] pci_bus 0000:07: resource 1 [mem 0xfc400000-0xfc4fffff]","[    1.002550] pci_bus 0000:07: resource 2 [mem 0xe6a00000-0xe6afffff 64bit pref]","[    1.002550] pci_bus 0000:08: resource 1 [mem 0xfc000000-0xfc0fffff]","[    1.002551] pci_bus 0000:08: resource 2 [mem 0xe6600000-0xe66fffff 64bit pref]","[    1.002551] pci_bus 0000:09: resource 1 [mem 0xfbc00000-0xfbcfffff]","[    1.002552] pci_bus 0000:09: resource 2 [mem 0xe6200000-0xe62fffff 64bit pref]","[    1.002552] pci_bus 0000:0a: resource 1 [mem 0xfb800000-0xfb8fffff]","[    1.002553] pci_bus 0000:0a: resource 2 [mem 0xe5e00000-0xe5efffff 64bit pref]","[    1.002553] pci_bus 0000:0b: resource 0 [io  0x5000-0x5fff]","[    1.002554] pci_bus 0000:0b: resource 1 [mem 0xfd300000-0xfd3fffff]","[    1.002554] pci_bus 0000:0b: resource 2 [mem 0xe7900000-0xe79fffff 64bit pref]","[    1.002555] pci_bus 0000:0c: resource 0 [io  0x9000-0x9fff]","[    1.002555] pci_bus 0000:0c: resource 1 [mem 0xfcf00000-0xfcffffff]","[    1.002556] pci_bus 0000:0c: resource 2 [mem 0xe7500000-0xe75fffff 64bit pref]","[    1.002556] pci_bus 0000:0d: resource 0 [io  0xd000-0xdfff]","[    1.002557] pci_bus 0000:0d: resource 1 [mem 0xfcb00000-0xfcbfffff]","[    1.002557] pci_bus 0000:0d: resource 2 [mem 0xe7100000-0xe71fffff 64bit pref]","[    1.002558] pci_bus 0000:0e: resource 1 [mem 0xfc700000-0xfc7fffff]","[    1.002558] pci_bus 0000:0e: resource 2 [mem 0xe6d00000-0xe6dfffff 64bit pref]","[    1.002559] pci_bus 0000:0f: resource 1 [mem 0xfc300000-0xfc3fffff]","[    1.002560] pci_bus 0000:0f: resource 2 [mem 0xe6900000-0xe69fffff 64bit pref]","[    1.002560] pci_bus 0000:10: resource 1 [mem 0xfbf00000-0xfbffffff]","[    1.002561] pci_bus 0000:10: resource 2 [mem 0xe6500000-0xe65fffff 64bit pref]","[    1.002561] pci_bus 0000:11: resource 1 [mem 0xfbb00000-0xfbbfffff]","[    1.002562] pci_bus 0000:11: resource 2 [mem 0xe6100000-0xe61fffff 64bit pref]","[    1.002562] pci_bus 0000:12: resource 1 [mem 0xfb700000-0xfb7fffff]","[    1.002563] pci_bus 0000:12: resource 2 [mem 0xe5d00000-0xe5dfffff 64bit pref]","[    1.002563] pci_bus 0000:13: resource 0 [io  0x6000-0x6fff]","[    1.002564] pci_bus 0000:13: resource 1 [mem 0xfd200000-0xfd2fffff]","[    1.002564] pci_bus 0000:13: resource 2 [mem 0xe7800000-0xe78fffff 64bit pref]","[    1.002565] pci_bus 0000:14: resource 0 [io  0xa000-0xafff]","[    1.002565] pci_bus 0000:14: resource 1 [mem 0xfce00000-0xfcefffff]","[    1.002566] pci_bus 0000:14: resource 2 [mem 0xe7400000-0xe74fffff 64bit pref]","[    1.002566] pci_bus 0000:15: resource 0 [io  0xe000-0xefff]","[    1.002567] pci_bus 0000:15: resource 1 [mem 0xfca00000-0xfcafffff]","[    1.002567] pci_bus 0000:15: resource 2 [mem 0xe7000000-0xe70fffff 64bit pref]","[    1.002568] pci_bus 0000:16: resource 1 [mem 0xfc600000-0xfc6fffff]","[    1.002568] pci_bus 0000:16: resource 2 [mem 0xe6c00000-0xe6cfffff 64bit pref]","[    1.002569] pci_bus 0000:17: resource 1 [mem 0xfc200000-0xfc2fffff]","[    1.002569] pci_bus 0000:17: resource 2 [mem 0xe6800000-0xe68fffff 64bit pref]","[    1.002570] pci_bus 0000:18: resource 1 [mem 0xfbe00000-0xfbefffff]","[    1.002570] pci_bus 0000:18: resource 2 [mem 0xe6400000-0xe64fffff 64bit pref]","[    1.002571] pci_bus 0000:19: resource 1 [mem 0xfba00000-0xfbafffff]","[    1.002571] pci_bus 0000:19: resource 2 [mem 0xe6000000-0xe60fffff 64bit pref]","[    1.002572] pci_bus 0000:1a: resource 1 [mem 0xfb600000-0xfb6fffff]","[    1.002573] pci_bus 0000:1a: resource 2 [mem 0xe5c00000-0xe5cfffff 64bit pref]","[    1.002573] pci_bus 0000:1b: resource 0 [io  0x7000-0x7fff]","[    1.002574] pci_bus 0000:1b: resource 1 [mem 0xfd100000-0xfd1fffff]","[    1.002574] pci_bus 0000:1b: resource 2 [mem 0xe7700000-0xe77fffff 64bit pref]","[    1.002575] pci_bus 0000:1c: resource 0 [io  0xb000-0xbfff]","[    1.002575] pci_bus 0000:1c: resource 1 [mem 0xfcd00000-0xfcdfffff]","[    1.002576] pci_bus 0000:1c: resource 2 [mem 0xe7300000-0xe73fffff 64bit pref]","[    1.002576] pci_bus 0000:1d: resource 1 [mem 0xfc900000-0xfc9fffff]","[    1.002577] pci_bus 0000:1d: resource 2 [mem 0xe6f00000-0xe6ffffff 64bit pref]","[    1.002577] pci_bus 0000:1e: resource 1 [mem 0xfc500000-0xfc5fffff]","[    1.002578] pci_bus 0000:1e: resource 2 [mem 0xe6b00000-0xe6bfffff 64bit pref]","[    1.002578] pci_bus 0000:1f: resource 1 [mem 0xfc100000-0xfc1fffff]","[    1.002579] pci_bus 0000:1f: resource 2 [mem 0xe6700000-0xe67fffff 64bit pref]","[    1.002579] pci_bus 0000:20: resource 1 [mem 0xfbd00000-0xfbdfffff]","[    1.002580] pci_bus 0000:20: resource 2 [mem 0xe6300000-0xe63fffff 64bit pref]","[    1.002580] pci_bus 0000:21: resource 1 [mem 0xfb900000-0xfb9fffff]","[    1.002581] pci_bus 0000:21: resource 2 [mem 0xe5f00000-0xe5ffffff 64bit pref]","[    1.002581] pci_bus 0000:22: resource 1 [mem 0xfb500000-0xfb5fffff]","[    1.002582] pci_bus 0000:22: resource 2 [mem 0xe5b00000-0xe5bfffff 64bit pref]","[    1.002613] NET: Registered protocol family 2","[    1.003031] TCP established hash table entries: 32768 (order: 6, 262144 bytes)","[    1.003064] TCP bind hash table entries: 32768 (order: 7, 524288 bytes)","[    1.003095] TCP: Hash tables configured (established 32768 bind 32768)","[    1.003109] TCP: reno registered","[    1.003115] UDP hash table entries: 2048 (order: 4, 65536 bytes)","[    1.003122] UDP-Lite hash table entries: 2048 (order: 4, 65536 bytes)","[    1.003480] NET: Registered protocol family 1","[    1.003490] pci 0000:00:00.0: Limiting direct PCI/PCI transfers","[    1.003544] pci 0000:00:0f.0: Boot video device","[    1.004192] PCI: CLS mismatch (32 != 64), using 64 bytes","[    1.004492] Unpacking initramfs...","[    1.411734] Freeing initrd memory: 31124k freed","[    1.414565] PCI-DMA: Using software bounce buffering for IO (SWIOTLB)","[    1.414567] software IO TLB [mem 0xbbed0000-0xbfed0000] (64MB) mapped at [ffff98d53bed0000-ffff98d53fecffff]","[    1.414755] Simple Boot Flag at 0x36 set to 0x80","[    1.414849] Switched to clocksource tsc","[    1.416226] sha1_ssse3: Using SHA-NI optimized SHA-1 implementation","[    1.416448] sha256_ssse3: Using SHA-256-NI optimized SHA-256 implementation","[    1.418124] futex hash table entries: 32768 (order: 9, 2097152 bytes)","[    1.422726] Initialise system trusted keyring","[    1.422766] audit: initializing netlink socket (disabled)","[    1.422773] type=2000 audit(1682320086.719:1): initialized","[    1.436982] HugeTLB registered 1 GB page size, pre-allocated 0 pages","[    1.436983] HugeTLB registered 2 MB page size, pre-allocated 0 pages","[    1.438398] zpool: loaded","[    1.438399] zbud: loaded","[    1.438549] VFS: Disk quotas dquot_6.5.2","[    1.438589] Dquot-cache hash table entries: 512 (order 0, 4096 bytes)","[    1.439068] Key type big_key registered","[    1.439070] SELinux:  Registering netfilter hooks","[    1.442521] NET: Registered protocol family 38","[    1.442525] Key type asymmetric registered","[    1.442526] Asymmetric key parser 'x509' registered","[    1.442548] Block layer SCSI generic (bsg) driver version 0.4 loaded (major 248)","[    1.442712] io scheduler noop registered","[    1.442713] io scheduler deadline registered (default)","[    1.442728] io scheduler cfq registered","[    1.442730] io scheduler mq-deadline registered","[    1.442731] io scheduler kyber registered","[    1.443044] pcieport 0000:00:15.0: irq 24 for MSI/MSI-X","[    1.443425] pcieport 0000:00:15.1: irq 25 for MSI/MSI-X","[    1.443772] pcieport 0000:00:15.2: irq 26 for MSI/MSI-X","[    1.444120] pcieport 0000:00:15.3: irq 27 for MSI/MSI-X","[    1.444568] pcieport 0000:00:15.4: irq 28 for MSI/MSI-X","[    1.444916] pcieport 0000:00:15.5: irq 29 for MSI/MSI-X","[    1.445277] pcieport 0000:00:15.6: irq 30 for MSI/MSI-X","[    1.445644] pcieport 0000:00:15.7: irq 31 for MSI/MSI-X","[    1.445991] pcieport 0000:00:16.0: irq 32 for MSI/MSI-X","[    1.446423] pcieport 0000:00:16.1: irq 33 for MSI/MSI-X","[    1.446801] pcieport 0000:00:16.2: irq 34 for MSI/MSI-X","[    1.447174] pcieport 0000:00:16.3: irq 35 for MSI/MSI-X","[    1.447519] pcieport 0000:00:16.4: irq 36 for MSI/MSI-X","[    1.447890] pcieport 0000:00:16.5: irq 37 for MSI/MSI-X","[    1.448239] pcieport 0000:00:16.6: irq 38 for MSI/MSI-X","[    1.448677] pcieport 0000:00:16.7: irq 39 for MSI/MSI-X","[    1.449044] pcieport 0000:00:17.0: irq 40 for MSI/MSI-X","[    1.449392]