{
  "bootlog": {
    "path": "/var/log/boot.log",
    "content": null,
    "err": ""
  },
  "dmesg": [
    "[    0.000000] Initializing cgroup subsys cpuset",
    "[    0.000000] Initializing cgroup subsys cpu",
    "[    0.000000] Initializing cgroup subsys cpuacct",
    "[    0.000000] Linux version 3.10.0-1160.el7.x86_64 (mockbuild@kbuilder.bsys.centos.org) (gcc version 4.8.5 20150623 (Red Hat 4.8.5-44) (GCC) ) #1 SMP Mon Oct 19 16:18:59 UTC 2020",
    "[    0.000000] Command line: BOOT_IMAGE=/vmlinuz-3.10.0-1160.el7.x86_64 root=/dev/mapper/centos-root ro crashkernel=auto rd.lvm.lv=centos/root rd.lvm.lv=centos/swap rhgb quiet LANG=zh_CN.UTF-8",
    "[    0.000000] e820: BIOS-provided physical RAM map:",
    "[    0.000000] BIOS-e820: [mem 0x0000000000000000-0x000000000009ebff] usable",
    "[    0.000000] BIOS-e820: [mem 0x000000000009ec00-0x000000000009ffff] reserved",
    "[    0.000000] BIOS-e820: [mem 0x00000000000dc000-0x00000000000fffff] reserved",
    "[    0.000000] BIOS-e820: [mem 0x0000000000100000-0x000000007fedffff] usable",
    "[    0.000000] BIOS-e820: [mem 0x000000007fee0000-0x000000007fefefff] ACPI data",
    "[    0.000000] BIOS-e820: [mem 0x000000007feff000-0x000000007fefffff] ACPI NVS",
    "[    0.000000] BIOS-e820: [mem 0x000000007ff00000-0x000000007fffffff] usable",
    "[    0.000000] BIOS-e820: [mem 0x00000000f0000000-0x00000000f7ffffff] reserved",
    "[    0.000000] BIOS-e820: [mem 0x00000000fec00000-0x00000000fec0ffff] reserved",
    "[    0.000000] BIOS-e820: [mem 0x00000000fee00000-0x00000000fee00fff] reserved",
    "[    0.000000] BIOS-e820: [mem 0x00000000fffe0000-0x00000000ffffffff] reserved",
    "[    0.000000] NX (Execute Disable) protection: active",
    "[    0.000000] SMBIOS 2.7 present.",
    "[    0.000000] DMI: VMware, Inc. VMware Virtual Platform/440BX Desktop Reference Platform, BIOS 6.00 11/12/2020",
    "[    0.000000] Hypervisor detected: VMware",
    "[    0.000000] vmware: TSC freq read from hypervisor : 3110.399 MHz",
    "[    0.000000] vmware: Host bus clock speed read from hypervisor : 66000000 Hz",
    "[    0.000000] vmware: using sched offset of 5199239930 ns",
    "[    0.000000] e820: update [mem 0x00000000-0x00000fff] usable ==\u003e reserved",
    "[    0.000000] e820: remove [mem 0x000a0000-0x000fffff] usable",
    "[    0.000000] e820: last_pfn = 0x80000 max_arch_pfn = 0x400000000",
    "[    0.000000] MTRR default type: uncachable",
    "[    0.000000] MTRR fixed ranges enabled:",
    "[    0.000000]   00000-9FFFF write-back",
    "[    0.000000]   A0000-BFFFF uncachable",
    "[    0.000000]   C0000-CBFFF write-protect",
    "[    0.000000]   CC000-EFFFF uncachable",
    "[    0.000000]   F0000-FFFFF write-protect",
    "[    0.000000] MTRR variable ranges enabled:",
    "[    0.000000]   0 base 000000000000 mask 1FFF00000000 write-back",
    "[    0.000000]   1 base 0000C0000000 mask 1FFFC0000000 uncachable",
    "[    0.000000]   2 disabled",
    "[    0.000000]   3 disabled",
    "[    0.000000]   4 disabled",
    "[    0.000000]   5 disabled",
    "[    0.000000]   6 disabled",
    "[    0.000000]   7 disabled",
    "[    0.000000] PAT configuration [0-7]: WB  WC  UC- UC  WB  WP  UC- UC",
    "[    0.000000] original variable MTRRs",
    "[    0.000000] reg 0, base: 0GB, range: 4GB, type WB",
    "[    0.000000] reg 1, base: 3GB, range: 1GB, type UC",
    "[    0.000000] total RAM covered: 3072M",
    "[    0.000000] Found optimal setting for mtrr clean up",
    "[    0.000000]  gran_size: 64K \tchunk_size: 64K \tnum_reg: 2  \tlose cover RAM: 0G",
    "[    0.000000] New variable MTRRs",
    "[    0.000000] reg 0, base: 0GB, range: 2GB, type WB",
    "[    0.000000] reg 1, base: 2GB, range: 1GB, type WB",
    "[    0.000000] found SMP MP-table at [mem 0x000f6a70-0x000f6a7f] mapped at [ffffffffff200a70]",
    "[    0.000000] Base memory trampoline at [ffff8eaa00098000] 98000 size 24576",
    "[    0.000000] Using GB pages for direct mapping",
    "[    0.000000] BRK [0x72c75000, 0x72c75fff] PGTABLE",
    "[    0.000000] BRK [0x72c76000, 0x72c76fff] PGTABLE",
    "[    0.000000] BRK [0x72c77000, 0x72c77fff] PGTABLE",
    "[    0.000000] BRK [0x72c78000, 0x72c78fff] PGTABLE",
    "[    0.000000] BRK [0x72c79000, 0x72c79fff] PGTABLE",
    "[    0.000000] BRK [0x72c7a000, 0x72c7afff] PGTABLE",
    "[    0.000000] RAMDISK: [mem 0x34327000-0x3618bfff]",
    "[    0.000000] Early table checksum verification disabled",
    "[    0.000000] ACPI: RSDP 00000000000f6a00 00024 (v02 PTLTD )",
    "[    0.000000] ACPI: XSDT 000000007fee965b 0005C (v01 INTEL  440BX    06040000 VMW  01324272)",
    "[    0.000000] ACPI: FACP 000000007fefee73 000F4 (v04 INTEL  440BX    06040000 PTL  000F4240)",
    "[    0.000000] ACPI: DSDT 000000007feead55 1411E (v01 PTLTD  Custom   06040000 MSFT 03000001)",
    "[    0.000000] ACPI: FACS 000000007fefffc0 00040",
    "[    0.000000] ACPI: BOOT 000000007feead2d 00028 (v01 PTLTD  $SBFTBL$ 06040000  LTP 00000001)",
    "[    0.000000] ACPI: APIC 000000007feea5eb 00742 (v01 PTLTD  ? APIC   06040000  LTP 00000000)",
    "[    0.000000] ACPI: MCFG 000000007feea5af 0003C (v01 PTLTD  $PCITBL$ 06040000  LTP 00000001)",
    "[    0.000000] ACPI: SRAT 000000007fee9757 008A8 (v02 VMWARE MEMPLUG  06040000 VMW  00000001)",
    "[    0.000000] ACPI: HPET 000000007fee971f 00038 (v01 VMWARE VMW HPET 06040000 VMW  00000001)",
    "[    0.000000] ACPI: WAET 000000007fee96f7 00028 (v01 VMWARE VMW WAET 06040000 VMW  00000001)",
    "[    0.000000] ACPI: Local APIC address 0xfee00000",
    "[    0.000000] system APIC only can use physical flat",
    "[    0.000000] Setting APIC routing to physical flat.",
    "[    0.000000] SRAT: PXM 0 -\u003e APIC 0x00 -\u003e Node 0",
    "[    0.000000] SRAT: PXM 0 -\u003e APIC 0x02 -\u003e Node 0",
    "[    0.000000] SRAT: PXM 0 -\u003e APIC 0x04 -\u003e Node 0",
    "[    0.000000] SRAT: PXM 0 -\u003e APIC 0x06 -\u003e Node 0",
    "[    0.000000] SRAT: PXM 0 -\u003e APIC 0x08 -\u003e Node 0",
    "[    0.000000] SRAT: PXM 0 -\u003e APIC 0x0a -\u003e Node 0",
    "[    0.000000] SRAT: PXM 0 -\u003e APIC 0x0c -\u003e Node 0",
    "[    0.000000] SRAT: PXM 0 -\u003e APIC 0x0e -\u003e Node 0",
    "[    0.000000] SRAT: PXM 0 -\u003e APIC 0x10 -\u003e Node 0",
    "[    0.000000] SRAT: PXM 0 -\u003e APIC 0x12 -\u003e Node 0",
    "[    0.000000] SRAT: PXM 0 -\u003e APIC 0x14 -\u003e Node 0",
    "[    0.000000] SRAT: PXM 0 -\u003e APIC 0x16 -\u003e Node 0",
    "[    0.000000] SRAT: PXM 0 -\u003e APIC 0x18 -\u003e Node 0",
    "[    0.000000] SRAT: PXM 0 -\u003e APIC 0x1a -\u003e Node 0",
    "[    0.000000] SRAT: PXM 0 -\u003e APIC 0x1c -\u003e Node 0",
    "[    0.000000] SRAT: PXM 0 -\u003e APIC 0x1e -\u003e Node 0",
    "[    0.000000] SRAT: PXM 0 -\u003e APIC 0x20 -\u003e Node 0",
    "[    0.000000] SRAT: PXM 0 -\u003e APIC 0x22 -\u003e Node 0",
    "[    0.000000] SRAT: PXM 0 -\u003e APIC 0x24 -\u003e Node 0",
    "[    0.000000] SRAT: PXM 0 -\u003e APIC 0x26 -\u003e Node 0",
    "[    0.000000] SRAT: PXM 0 -\u003e APIC 0x28 -\u003e Node 0",
    "[    0.000000] SRAT: PXM 0 -\u003e APIC 0x2a -\u003e Node 0",
    "[    0.000000] SRAT: PXM 0 -\u003e APIC 0x2c -\u003e Node 0",
    "[    0.000000] SRAT: PXM 0 -\u003e APIC 0x2e -\u003e Node 0",
    "[    0.000000] SRAT: PXM 0 -\u003e APIC 0x30 -\u003e Node 0",
    "[    0.000000] SRAT: PXM 0 -\u003e APIC 0x32 -\u003e Node 0",
    "[    0.000000] SRAT: PXM 0 -\u003e APIC 0x34 -\u003e Node 0",
    "[    0.000000] SRAT: PXM 0 -\u003e APIC 0x36 -\u003e Node 0",
    "[    0.000000] SRAT: PXM 0 -\u003e APIC 0x38 -\u003e Node 0",
    "[    0.000000] SRAT: PXM 0 -\u003e APIC 0x3a -\u003e Node 0",
    "[    0.000000] SRAT: PXM 0 -\u003e APIC 0x3c -\u003e Node 0",
    "[    0.000000] SRAT: PXM 0 -\u003e APIC 0x3e -\u003e Node 0",
    "[    0.000000] SRAT: PXM 0 -\u003e APIC 0x40 -\u003e Node 0",
    "[    0.000000] SRAT: PXM 0 -\u003e APIC 0x42 -\u003e Node 0",
    "[    0.000000] SRAT: PXM 0 -\u003e APIC 0x44 -\u003e Node 0",
    "[    0.000000] SRAT: PXM 0 -\u003e APIC 0x46 -\u003e Node 0",
    "[    0.000000] SRAT: PXM 0 -\u003e APIC 0x48 -\u003e Node 0",
    "[    0.000000] SRAT: PXM 0 -\u003e APIC 0x4a -\u003e Node 0",
    "[    0.000000] SRAT: PXM 0 -\u003e APIC 0x4c -\u003e Node 0",
    "[    0.000000] SRAT: PXM 0 -\u003e APIC 0x4e -\u003e Node 0",
    "[    0.000000] SRAT: PXM 0 -\u003e APIC 0x50 -\u003e Node 0",
    "[    0.000000] SRAT: PXM 0 -\u003e APIC 0x52 -\u003e Node 0",
    "[    0.000000] SRAT: PXM 0 -\u003e APIC 0x54 -\u003e Node 0",
    "[    0.000000] SRAT: PXM 0 -\u003e APIC 0x56 -\u003e Node 0",
    "[    0.000000] SRAT: PXM 0 -\u003e APIC 0x58 -\u003e Node 0",
    "[    0.000000] SRAT: PXM 0 -\u003e APIC 0x5a -\u003e Node 0",
    "[    0.000000] SRAT: PXM 0 -\u003e APIC 0x5c -\u003e Node 0",
    "[    0.000000] SRAT: PXM 0 -\u003e APIC 0x5e -\u003e Node 0",
    "[    0.000000] SRAT: PXM 0 -\u003e APIC 0x60 -\u003e Node 0",
    "[    0.000000] SRAT: PXM 0 -\u003e APIC 0x62 -\u003e Node 0",
    "[    0.000000] SRAT: PXM 0 -\u003e APIC 0x64 -\u003e Node 0",
    "[    0.000000] SRAT: PXM 0 -\u003e APIC 0x66 -\u003e Node 0",
    "[    0.000000] SRAT: PXM 0 -\u003e APIC 0x68 -\u003e Node 0",
    "[    0.000000] SRAT: PXM 0 -\u003e APIC 0x6a -\u003e Node 0",
    "[    0.000000] SRAT: PXM 0 -\u003e APIC 0x6c -\u003e Node 0",
    "[    0.000000] SRAT: PXM 0 -\u003e APIC 0x6e -\u003e Node 0",
    "[    0.000000] SRAT: PXM 0 -\u003e APIC 0x70 -\u003e Node 0",
    "[    0.000000] SRAT: PXM 0 -\u003e APIC 0x72 -\u003e Node 0",
    "[    0.000000] SRAT: PXM 0 -\u003e APIC 0x74 -\u003e Node 0",
    "[    0.000000] SRAT: PXM 0 -\u003e APIC 0x76 -\u003e Node 0",
    "[    0.000000] SRAT: PXM 0 -\u003e APIC 0x78 -\u003e Node 0",
    "[    0.000000] SRAT: PXM 0 -\u003e APIC 0x7a -\u003e Node 0",
    "[    0.000000] SRAT: PXM 0 -\u003e APIC 0x7c -\u003e Node 0",
    "[    0.000000] SRAT: PXM 0 -\u003e APIC 0x7e -\u003e Node 0",
    "[    0.000000] SRAT: PXM 0 -\u003e APIC 0x80 -\u003e Node 0",
    "[    0.000000] SRAT: PXM 0 -\u003e APIC 0x82 -\u003e Node 0",
    "[    0.000000] SRAT: PXM 0 -\u003e APIC 0x84 -\u003e Node 0",
    "[    0.000000] SRAT: PXM 0 -\u003e APIC 0x86 -\u003e Node 0",
    "[    0.000000] SRAT: PXM 0 -\u003e APIC 0x88 -\u003e Node 0",
    "[    0.000000] SRAT: PXM 0 -\u003e APIC 0x8a -\u003e Node 0",
    "[    0.000000] SRAT: PXM 0 -\u003e APIC 0x8c -\u003e Node 0",
    "[    0.000000] SRAT: PXM 0 -\u003e APIC 0x8e -\u003e Node 0",
    "[    0.000000] SRAT: PXM 0 -\u003e APIC 0x90 -\u003e Node 0",
    "[    0.000000] SRAT: PXM 0 -\u003e APIC 0x92 -\u003e Node 0",
    "[    0.000000] SRAT: PXM 0 -\u003e APIC 0x94 -\u003e Node 0",
    "[    0.000000] SRAT: PXM 0 -\u003e APIC 0x96 -\u003e Node 0",
    "[    0.000000] SRAT: PXM 0 -\u003e APIC 0x98 -\u003e Node 0",
    "[    0.000000] SRAT: PXM 0 -\u003e APIC 0x9a -\u003e Node 0",
    "[    0.000000] SRAT: PXM 0 -\u003e APIC 0x9c -\u003e Node 0",
    "[    0.000000] SRAT: PXM 0 -\u003e APIC 0x9e -\u003e Node 0",
    "[    0.000000] SRAT: PXM 0 -\u003e APIC 0xa0 -\u003e Node 0",
    "[    0.000000] SRAT: PXM 0 -\u003e APIC 0xa2 -\u003e Node 0",
    "[    0.000000] SRAT: PXM 0 -\u003e APIC 0xa4 -\u003e Node 0",
    "[    0.000000] SRAT: PXM 0 -\u003e APIC 0xa6 -\u003e Node 0",
    "[    0.000000] SRAT: PXM 0 -\u003e APIC 0xa8 -\u003e Node 0",
    "[    0.000000] SRAT: PXM 0 -\u003e APIC 0xaa -\u003e Node 0",
    "[    0.000000] SRAT: PXM 0 -\u003e APIC 0xac -\u003e Node 0",
    "[    0.000000] SRAT: PXM 0 -\u003e APIC 0xae -\u003e Node 0",
    "[    0.000000] SRAT: PXM 0 -\u003e APIC 0xb0 -\u003e Node 0",
    "[    0.000000] SRAT: PXM 0 -\u003e APIC 0xb2 -\u003e Node 0",
    "[    0.000000] SRAT: PXM 0 -\u003e APIC 0xb4 -\u003e Node 0",
    "[    0.000000] SRAT: PXM 0 -\u003e APIC 0xb6 -\u003e Node 0",
    "[    0.000000] SRAT: PXM 0 -\u003e APIC 0xb8 -\u003e Node 0",
    "[    0.000000] SRAT: PXM 0 -\u003e APIC 0xba -\u003e Node 0",
    "[    0.000000] SRAT: PXM 0 -\u003e APIC 0xbc -\u003e Node 0",
    "[    0.000000] SRAT: PXM 0 -\u003e APIC 0xbe -\u003e Node 0",
    "[    0.000000] SRAT: PXM 0 -\u003e APIC 0xc0 -\u003e Node 0",
    "[    0.000000] SRAT: PXM 0 -\u003e APIC 0xc2 -\u003e Node 0",
    "[    0.000000] SRAT: PXM 0 -\u003e APIC 0xc4 -\u003e Node 0",
    "[    0.000000] SRAT: PXM 0 -\u003e APIC 0xc6 -\u003e Node 0",
    "[    0.000000] SRAT: PXM 0 -\u003e APIC 0xc8 -\u003e Node 0",
    "[    0.000000] SRAT: PXM 0 -\u003e APIC 0xca -\u003e Node 0",
    "[    0.000000] SRAT: PXM 0 -\u003e APIC 0xcc -\u003e Node 0",
    "[    0.000000] SRAT: PXM 0 -\u003e APIC 0xce -\u003e Node 0",
    "[    0.000000] SRAT: PXM 0 -\u003e APIC 0xd0 -\u003e Node 0",
    "[    0.000000] SRAT: PXM 0 -\u003e APIC 0xd2 -\u003e Node 0",
    "[    0.000000] SRAT: PXM 0 -\u003e APIC 0xd4 -\u003e Node 0",
    "[    0.000000] SRAT: PXM 0 -\u003e APIC 0xd6 -\u003e Node 0",
    "[    0.000000] SRAT: PXM 0 -\u003e APIC 0xd8 -\u003e Node 0",
    "[    0.000000] SRAT: PXM 0 -\u003e APIC 0xda -\u003e Node 0",
    "[    0.000000] SRAT: PXM 0 -\u003e APIC 0xdc -\u003e Node 0",
    "[    0.000000] SRAT: PXM 0 -\u003e APIC 0xde -\u003e Node 0",
    "[    0.000000] SRAT: PXM 0 -\u003e APIC 0xe0 -\u003e Node 0",
    "[    0.000000] SRAT: PXM 0 -\u003e APIC 0xe2 -\u003e Node 0",
    "[    0.000000] SRAT: PXM 0 -\u003e APIC 0xe4 -\u003e Node 0",
    "[    0.000000] SRAT: PXM 0 -\u003e APIC 0xe6 -\u003e Node 0",
    "[    0.000000] SRAT: PXM 0 -\u003e APIC 0xe8 -\u003e Node 0",
    "[    0.000000] SRAT: PXM 0 -\u003e APIC 0xea -\u003e Node 0",
    "[    0.000000] SRAT: PXM 0 -\u003e APIC 0xec -\u003e Node 0",
    "[    0.000000] SRAT: PXM 0 -\u003e APIC 0xee -\u003e Node 0",
    "[    0.000000] SRAT: PXM 0 -\u003e APIC 0xf0 -\u003e Node 0",
    "[    0.000000] SRAT: PXM 0 -\u003e APIC 0xf2 -\u003e Node 0",
    "[    0.000000] SRAT: PXM 0 -\u003e APIC 0xf4 -\u003e Node 0",
    "[    0.000000] SRAT: PXM 0 -\u003e APIC 0xf6 -\u003e Node 0",
    "[    0.000000] SRAT: PXM 0 -\u003e APIC 0xf8 -\u003e Node 0",
    "[    0.000000] SRAT: PXM 0 -\u003e APIC 0xfa -\u003e Node 0",
    "[    0.000000] SRAT: PXM 0 -\u003e APIC 0xfc -\u003e Node 0",
    "[    0.000000] SRAT: PXM 0 -\u003e APIC 0xfe -\u003e Node 0",
    "[    0.000000] SRAT: Node 0 PXM 0 [mem 0x00000000-0x0009ffff]",
    "[    0.000000] SRAT: Node 0 PXM 0 [mem 0x00100000-0x7fffffff]",
    "[    0.000000] SRAT: Node 0 PXM 0 [mem 0x80000000-0xbfffffff] hotplug",
    "[    0.000000] NUMA: Node 0 [mem 0x00000000-0x0009ffff] + [mem 0x00100000-0x7fffffff] -\u003e [mem 0x00000000-0x7fffffff]",
    "[    0.000000] NODE_DATA(0) allocated [mem 0x7ffd9000-0x7fffffff]",
    "[    0.000000] Reserving 161MB of memory at 672MB for crashkernel (System RAM: 2047MB)",
    "[    0.000000] Zone ranges:",
    "[    0.000000]   DMA      [mem 0x00001000-0x00ffffff]",
    "[    0.000000]   DMA32    [mem 0x01000000-0xffffffff]",
    "[    0.000000]   Normal   empty",
    "[    0.000000] Movable zone start for each node",
    "[    0.000000] Early memory node ranges",
    "[    0.000000]   node   0: [mem 0x00001000-0x0009dfff]",
    "[    0.000000]   node   0: [mem 0x00100000-0x7fedffff]",
    "[    0.000000]   node   0: [mem 0x7ff00000-0x7fffffff]",
    "[    0.000000] Initmem setup node 0 [mem 0x00001000-0x7fffffff]",
    "[    0.000000] On node 0 totalpages: 524157",
    "[    0.000000]   DMA zone: 64 pages used for memmap",
    "[    0.000000]   DMA zone: 21 pages reserved",
    "[    0.000000]   DMA zone: 3997 pages, LIFO batch:0",
    "[    0.000000]   DMA32 zone: 8128 pages used for memmap",
    "[    0.000000]   DMA32 zone: 520160 pages, LIFO batch:31",
    "[    0.000000] ACPI: PM-Timer IO Port: 0x1008",
    "[    0.000000] ACPI: Local APIC address 0xfee00000",
    "[    0.000000] system APIC only can use physical flat",
    "[    0.000000] ACPI: LAPIC (acpi_id[0x00] lapic_id[0x00] enabled)",
    "[    0.000000] ACPI: LAPIC (acpi_id[0x01] lapic_id[0x02] enabled)",
    "[    0.000000] ACPI: LAPIC (acpi_id[0x02] lapic_id[0x04] disabled)",
    "[    0.000000] ACPI: LAPIC (acpi_id[0x03] lapic_id[0x06] disabled)",
    "[    0.000000] ACPI: LAPIC (acpi_id[0x04] lapic_id[0x08] disabled)",
    "[    0.000000] ACPI: LAPIC (acpi_id[0x05] lapic_id[0x0a] disabled)",
    "[    0.000000] ACPI: LAPIC (acpi_id[0x06] lapic_id[0x0c] disabled)",
    "[    0.000000] ACPI: LAPIC (acpi_id[0x07] lapic_id[0x0e] disabled)",
    "[    0.000000] ACPI: LAPIC (acpi_id[0x08] lapic_id[0x10] disabled)",
    "[    0.000000] ACPI: LAPIC (acpi_id[0x09] lapic_id[0x12] disabled)",
    "[    0.000000] ACPI: LAPIC (acpi_id[0x0a] lapic_id[0x14] disabled)",
    "[    0.000000] ACPI: LAPIC (acpi_id[0x0b] lapic_id[0x16] disabled)",
    "[    0.000000] ACPI: LAPIC (acpi_id[0x0c] lapic_id[0x18] disabled)",
    "[    0.000000] ACPI: LAPIC (acpi_id[0x0d] lapic_id[0x1a] disabled)",
    "[    0.000000] ACPI: LAPIC (acpi_id[0x0e] lapic_id[0x1c] disabled)",
    "[    0.000000] ACPI: LAPIC (acpi_id[0x0f] lapic_id[0x1e] disabled)",
    "[    0.000000] ACPI: LAPIC (acpi_id[0x10] lapic_id[0x20] disabled)",
    "[    0.000000] ACPI: LAPIC (acpi_id[0x11] lapic_id[0x22] disabled)",
    "[    0.000000] ACPI: LAPIC (acpi_id[0x12] lapic_id[0x24] disabled)",
    "[    0.000000] ACPI: LAPIC (acpi_id[0x13] lapic_id[0x26] disabled)",
    "[    0.000000] ACPI: LAPIC (acpi_id[0x14] lapic_id[0x28] disabled)",
    "[    0.000000] ACPI: LAPIC (acpi_id[0x15] lapic_id[0x2a] disabled)",
    "[    0.000000] ACPI: LAPIC (acpi_id[0x16] lapic_id[0x2c] disabled)",
    "[    0.000000] ACPI: LAPIC (acpi_id[0x17] lapic_id[0x2e] disabled)",
    "[    0.000000] ACPI: LAPIC (acpi_id[0x18] lapic_id[0x30] disabled)",
    "[    0.000000] ACPI: LAPIC (acpi_id[0x19] lapic_id[0x32] disabled)",
    "[    0.000000] ACPI: LAPIC (acpi_id[0x1a] lapic_id[0x34] disabled)",
    "[    0.000000] ACPI: LAPIC (acpi_id[0x1b] lapic_id[0x36] disabled)",
    "[    0.000000] ACPI: LAPIC (acpi_id[0x1c] lapic_id[0x38] disabled)",
    "[    0.000000] ACPI: LAPIC (acpi_id[0x1d] lapic_id[0x3a] disabled)",
    "[    0.000000] ACPI: LAPIC (acpi_id[0x1e] lapic_id[0x3c] disabled)",
    "[    0.000000] ACPI: LAPIC (acpi_id[0x1f] lapic_id[0x3e] disabled)",
    "[    0.000000] ACPI: LAPIC (acpi_id[0x20] lapic_id[0x40] disabled)",
    "[    0.000000] ACPI: LAPIC (acpi_id[0x21] lapic_id[0x42] disabled)",
    "[    0.000000] ACPI: LAPIC (acpi_id[0x22] lapic_id[0x44] disabled)",
    "[    0.000000] ACPI: LAPIC (acpi_id[0x23] lapic_id[0x46] disabled)",
    "[    0.000000] ACPI: LAPIC (acpi_id[0x24] lapic_id[0x48] disabled)",
    "[    0.000000] ACPI: LAPIC (acpi_id[0x25] lapic_id[0x4a] disabled)",
    "[    0.000000] ACPI: LAPIC (acpi_id[0x26] lapic_id[0x4c] disabled)",
    "[    0.000000] ACPI: LAPIC (acpi_id[0x27] lapic_id[0x4e] disabled)",
    "[    0.000000] ACPI: LAPIC (acpi_id[0x28] lapic_id[0x50] disabled)",
    "[    0.000000] ACPI: LAPIC (acpi_id[0x29] lapic_id[0x52] disabled)",
    "[    0.000000] ACPI: LAPIC (acpi_id[0x2a] lapic_id[0x54] disabled)",
    "[    0.000000] ACPI: LAPIC (acpi_id[0x2b] lapic_id[0x56] disabled)",
    "[    0.000000] ACPI: LAPIC (acpi_id[0x2c] lapic_id[0x58] disabled)",
    "[    0.000000] ACPI: LAPIC (acpi_id[0x2d] lapic_id[0x5a] disabled)",
    "[    0.000000] ACPI: LAPIC (acpi_id[0x2e] lapic_id[0x5c] disabled)",
    "[    0.000000] ACPI: LAPIC (acpi_id[0x2f] lapic_id[0x5e] disabled)",
    "[    0.000000] ACPI: LAPIC (acpi_id[0x30] lapic_id[0x60] disabled)",
    "[    0.000000] ACPI: LAPIC (acpi_id[0x31] lapic_id[0x62] disabled)",
    "[    0.000000] ACPI: LAPIC (acpi_id[0x32] lapic_id[0x64] disabled)",
    "[    0.000000] ACPI: LAPIC (acpi_id[0x33] lapic_id[0x66] disabled)",
    "[    0.000000] ACPI: LAPIC (acpi_id[0x34] lapic_id[0x68] disabled)",
    "[    0.000000] ACPI: LAPIC (acpi_id[0x35] lapic_id[0x6a] disabled)",
    "[    0.000000] ACPI: LAPIC (acpi_id[0x36] lapic_id[0x6c] disabled)",
    "[    0.000000] ACPI: LAPIC (acpi_id[0x37] lapic_id[0x6e] disabled)",
    "[    0.000000] ACPI: LAPIC (acpi_id[0x38] lapic_id[0x70] disabled)",
    "[    0.000000] ACPI: LAPIC (acpi_id[0x39] lapic_id[0x72] disabled)",
    "[    0.000000] ACPI: LAPIC (acpi_id[0x3a] lapic_id[0x74] disabled)",
    "[    0.000000] ACPI: LAPIC (acpi_id[0x3b] lapic_id[0x76] disabled)",
    "[    0.000000] ACPI: LAPIC (acpi_id[0x3c] lapic_id[0x78] disabled)",
    "[    0.000000] ACPI: LAPIC (acpi_id[0x3d] lapic_id[0x7a] disabled)",
    "[    0.000000] ACPI: LAPIC (acpi_id[0x3e] lapic_id[0x7c] disabled)",
    "[    0.000000] ACPI: LAPIC (acpi_id[0x3f] lapic_id[0x7e] disabled)",
    "[    0.000000] ACPI: LAPIC (acpi_id[0x40] lapic_id[0x80] disabled)",
    "[    0.000000] ACPI: LAPIC (acpi_id[0x41] lapic_id[0x82] disabled)",
    "[    0.000000] ACPI: LAPIC (acpi_id[0x42] lapic_id[0x84] disabled)",
    "[    0.000000] ACPI: LAPIC (acpi_id[0x43] lapic_id[0x86] disabled)",
    "[    0.000000] ACPI: LAPIC (acpi_id[0x44] lapic_id[0x88] disabled)",
    "[    0.000000] ACPI: LAPIC (acpi_id[0x45] lapic_id[0x8a] disabled)",
    "[    0.000000] ACPI: LAPIC (acpi_id[0x46] lapic_id[0x8c] disabled)",
    "[    0.000000] ACPI: LAPIC (acpi_id[0x47] lapic_id[0x8e] disabled)",
    "[    0.000000] ACPI: LAPIC (acpi_id[0x48] lapic_id[0x90] disabled)",
    "[    0.000000] ACPI: LAPIC (acpi_id[0x49] lapic_id[0x92] disabled)",
    "[    0.000000] ACPI: LAPIC (acpi_id[0x4a] lapic_id[0x94] disabled)",
    "[    0.000000] ACPI: LAPIC (acpi_id[0x4b] lapic_id[0x96] disabled)",
    "[    0.000000] ACPI: LAPIC (acpi_id[0x4c] lapic_id[0x98] disabled)",
    "[    0.000000] ACPI: LAPIC (acpi_id[0x4d] lapic_id[0x9a] disabled)",
    "[    0.000000] ACPI: LAPIC (acpi_id[0x4e] lapic_id[0x9c] disabled)",
    "[    0.000000] ACPI: LAPIC (acpi_id[0x4f] lapic_id[0x9e] disabled)",
    "[    0.000000] ACPI: LAPIC (acpi_id[0x50] lapic_id[0xa0] disabled)",
    "[    0.000000] ACPI: LAPIC (acpi_id[0x51] lapic_id[0xa2] disabled)",
    "[    0.000000] ACPI: LAPIC (acpi_id[0x52] lapic_id[0xa4] disabled)",
    "[    0.000000] ACPI: LAPIC (acpi_id[0x53] lapic_id[0xa6] disabled)",
    "[    0.000000] ACPI: LAPIC (acpi_id[0x54] lapic_id[0xa8] disabled)",
    "[    0.000000] ACPI: LAPIC (acpi_id[0x55] lapic_id[0xaa] disabled)",
    "[    0.000000] ACPI: LAPIC (acpi_id[0x56] lapic_id[0xac] disabled)",
    "[    0.000000] ACPI: LAPIC (acpi_id[0x57] lapic_id[0xae] disabled)",
    "[    0.000000] ACPI: LAPIC (acpi_id[0x58] lapic_id[0xb0] disabled)",
    "[    0.000000] ACPI: LAPIC (acpi_id[0x59] lapic_id[0xb2] disabled)",
    "[    0.000000] ACPI: LAPIC (acpi_id[0x5a] lapic_id[0xb4] disabled)",
    "[    0.000000] ACPI: LAPIC (acpi_id[0x5b] lapic_id[0xb6] disabled)",
    "[    0.000000] ACPI: LAPIC (acpi_id[0x5c] lapic_id[0xb8] disabled)",
    "[    0.000000] ACPI: LAPIC (acpi_id[0x5d] lapic_id[0xba] disabled)",
    "[    0.000000] ACPI: LAPIC (acpi_id[0x5e] lapic_id[0xbc] disabled)",
    "[    0.000000] ACPI: LAPIC (acpi_id[0x5f] lapic_id[0xbe] disabled)",
    "[    0.000000] ACPI: LAPIC (acpi_id[0x60] lapic_id[0xc0] disabled)",
    "[    0.000000] ACPI: LAPIC (acpi_id[0x61] lapic_id[0xc2] disabled)",
    "[    0.000000] ACPI: LAPIC (acpi_id[0x62] lapic_id[0xc4] disabled)",
    "[    0.000000] ACPI: LAPIC (acpi_id[0x63] lapic_id[0xc6] disabled)",
    "[    0.000000] ACPI: LAPIC (acpi_id[0x64] lapic_id[0xc8] disabled)",
    "[    0.000000] ACPI: LAPIC (acpi_id[0x65] lapic_id[0xca] disabled)",
    "[    0.000000] ACPI: LAPIC (acpi_id[0x66] lapic_id[0xcc] disabled)",
    "[    0.000000] ACPI: LAPIC (acpi_id[0x67] lapic_id[0xce] disabled)",
    "[    0.000000] ACPI: LAPIC (acpi_id[0x68] lapic_id[0xd0] disabled)",
    "[    0.000000] ACPI: LAPIC (acpi_id[0x69] lapic_id[0xd2] disabled)",
    "[    0.000000] ACPI: LAPIC (acpi_id[0x6a] lapic_id[0xd4] disabled)",
    "[    0.000000] ACPI: LAPIC (acpi_id[0x6b] lapic_id[0xd6] disabled)",
    "[    0.000000] ACPI: LAPIC (acpi_id[0x6c] lapic_id[0xd8] disabled)",
    "[    0.000000] ACPI: LAPIC (acpi_id[0x6d] lapic_id[0xda] disabled)",
    "[    0.000000] ACPI: LAPIC (acpi_id[0x6e] lapic_id[0xdc] disabled)",
    "[    0.000000] ACPI: LAPIC (acpi_id[0x6f] lapic_id[0xde] disabled)",
    "[    0.000000] ACPI: LAPIC (acpi_id[0x70] lapic_id[0xe0] disabled)",
    "[    0.000000] ACPI: LAPIC (acpi_id[0x71] lapic_id[0xe2] disabled)",
    "[    0.000000] ACPI: LAPIC (acpi_id[0x72] lapic_id[0xe4] disabled)",
    "[    0.000000] ACPI: LAPIC (acpi_id[0x73] lapic_id[0xe6] disabled)",
    "[    0.000000] ACPI: LAPIC (acpi_id[0x74] lapic_id[0xe8] disabled)",
    "[    0.000000] ACPI: LAPIC (acpi_id[0x75] lapic_id[0xea] disabled)",
    "[    0.000000] ACPI: LAPIC (acpi_id[0x76] lapic_id[0xec] disabled)",
    "[    0.000000] ACPI: LAPIC (acpi_id[0x77] lapic_id[0xee] disabled)",
    "[    0.000000] ACPI: LAPIC (acpi_id[0x78] lapic_id[0xf0] disabled)",
    "[    0.000000] ACPI: LAPIC (acpi_id[0x79] lapic_id[0xf2] disabled)",
    "[    0.000000] ACPI: LAPIC (acpi_id[0x7a] lapic_id[0xf4] disabled)",
    "[    0.000000] ACPI: LAPIC (acpi_id[0x7b] lapic_id[0xf6] disabled)",
    "[    0.000000] ACPI: LAPIC (acpi_id[0x7c] lapic_id[0xf8] disabled)",
    "[    0.000000] ACPI: LAPIC (acpi_id[0x7d] lapic_id[0xfa] disabled)",
    "[    0.000000] ACPI: LAPIC (acpi_id[0x7e] lapic_id[0xfc] disabled)",
    "[    0.000000] ACPI: LAPIC (acpi_id[0x7f] lapic_id[0xfe] disabled)",
    "[    0.000000] ACPI: LAPIC_NMI (acpi_id[0x00] high edge lint[0x1])",
    "[    0.000000] ACPI: LAPIC_NMI (acpi_id[0x01] high edge lint[0x1])",
    "[    0.000000] ACPI: LAPIC_NMI (acpi_id[0x02] high edge lint[0x1])",
    "[    0.000000] ACPI: LAPIC_NMI (acpi_id[0x03] high edge lint[0x1])",
    "[    0.000000] ACPI: LAPIC_NMI (acpi_id[0x04] high edge lint[0x1])",
    "[    0.000000] ACPI: LAPIC_NMI (acpi_id[0x05] high edge lint[0x1])",
    "[    0.000000] ACPI: LAPIC_NMI (acpi_id[0x06] high edge lint[0x1])",
    "[    0.000000] ACPI: LAPIC_NMI (acpi_id[0x07] high edge lint[0x1])",
    "[    0.000000] ACPI: LAPIC_NMI (acpi_id[0x08] high edge lint[0x1])",
    "[    0.000000] ACPI: LAPIC_NMI (acpi_id[0x09] high edge lint[0x1])",
    "[    0.000000] ACPI: LAPIC_NMI (acpi_id[0x0a] high edge lint[0x1])",
    "[    0.000000] ACPI: LAPIC_NMI (acpi_id[0x0b] high edge lint[0x1])",
    "[    0.000000] ACPI: LAPIC_NMI (acpi_id[0x0c] high edge lint[0x1])",
    "[    0.000000] ACPI: LAPIC_NMI (acpi_id[0x0d] high edge lint[0x1])",
    "[    0.000000] ACPI: LAPIC_NMI (acpi_id[0x0e] high edge lint[0x1])",
    "[    0.000000] ACPI: LAPIC_NMI (acpi_id[0x0f] high edge lint[0x1])",
    "[    0.000000] ACPI: LAPIC_NMI (acpi_id[0x10] high edge lint[0x1])",
    "[    0.000000] ACPI: LAPIC_NMI (acpi_id[0x11] high edge lint[0x1])",
    "[    0.000000] ACPI: LAPIC_NMI (acpi_id[0x12] high edge lint[0x1])",
    "[    0.000000] ACPI: LAPIC_NMI (acpi_id[0x13] high edge lint[0x1])",
    "[    0.000000] ACPI: LAPIC_NMI (acpi_id[0x14] high edge lint[0x1])",
    "[    0.000000] ACPI: LAPIC_NMI (acpi_id[0x15] high edge lint[0x1])",
    "[    0.000000] ACPI: LAPIC_NMI (acpi_id[0x16] high edge lint[0x1])",
    "[    0.000000] ACPI: LAPIC_NMI (acpi_id[0x17] high edge lint[0x1])",
    "[    0.000000] ACPI: LAPIC_NMI (acpi_id[0x18] high edge lint[0x1])",
    "[    0.000000] ACPI: LAPIC_NMI (acpi_id[0x19] high edge lint[0x1])",
    "[    0.000000] ACPI: LAPIC_NMI (acpi_id[0x1a] high edge lint[0x1])",
    "[    0.000000] ACPI: LAPIC_NMI (acpi_id[0x1b] high edge lint[0x1])",
    "[    0.000000] ACPI: LAPIC_NMI (acpi_id[0x1c] high edge lint[0x1])",
    "[    0.000000] ACPI: LAPIC_NMI (acpi_id[0x1d] high edge lint[0x1])",
    "[    0.000000] ACPI: LAPIC_NMI (acpi_id[0x1e] high edge lint[0x1])",
    "[    0.000000] ACPI: LAPIC_NMI (acpi_id[0x1f] high edge lint[0x1])",
    "[    0.000000] ACPI: LAPIC_NMI (acpi_id[0x20] high edge lint[0x1])",
    "[    0.000000] ACPI: LAPIC_NMI (acpi_id[0x21] high edge lint[0x1])",
    "[    0.000000] ACPI: LAPIC_NMI (acpi_id[0x22] high edge lint[0x1])",
    "[    0.000000] ACPI: LAPIC_NMI (acpi_id[0x23] high edge lint[0x1])",
    "[    0.000000] ACPI: LAPIC_NMI (acpi_id[0x24] high edge lint[0x1])",
    "[    0.000000] ACPI: LAPIC_NMI (acpi_id[0x25] high edge lint[0x1])",
    "[    0.000000] ACPI: LAPIC_NMI (acpi_id[0x26] high edge lint[0x1])",
    "[    0.000000] ACPI: LAPIC_NMI (acpi_id[0x27] high edge lint[0x1])",
    "[    0.000000] ACPI: LAPIC_NMI (acpi_id[0x28] high edge lint[0x1])",
    "[    0.000000] ACPI: LAPIC_NMI (acpi_id[0x29] high edge lint[0x1])",
    "[    0.000000] ACPI: LAPIC_NMI (acpi_id[0x2a] high edge lint[0x1])",
    "[    0.000000] ACPI: LAPIC_NMI (acpi_id[0x2b] high edge lint[0x1])",
    "[    0.000000] ACPI: LAPIC_NMI (acpi_id[0x2c] high edge lint[0x1])",
    "[    0.000000] ACPI: LAPIC_NMI (acpi_id[0x2d] high edge lint[0x1])",
    "[    0.000000] ACPI: LAPIC_NMI (acpi_id[0x2e] high edge lint[0x1])",
    "[    0.000000] ACPI: LAPIC_NMI (acpi_id[0x2f] high edge lint[0x1])",
    "[    0.000000] ACPI: LAPIC_NMI (acpi_id[0x30] high edge lint[0x1])",
    "[    0.000000] ACPI: LAPIC_NMI (acpi_id[0x31] high edge lint[0x1])",
    "[    0.000000] ACPI: LAPIC_NMI (acpi_id[0x32] high edge lint[0x1])",
    "[    0.000000] ACPI: LAPIC_NMI (acpi_id[0x33] high edge lint[0x1])",
    "[    0.000000] ACPI: LAPIC_NMI (acpi_id[0x34] high edge lint[0x1])",
    "[    0.000000] ACPI: LAPIC_NMI (acpi_id[0x35] high edge lint[0x1])",
    "[    0.000000] ACPI: LAPIC_NMI (acpi_id[0x36] high edge lint[0x1])",
    "[    0.000000] ACPI: LAPIC_NMI (acpi_id[0x37] high edge lint[0x1])",
    "[    0.000000] ACPI: LAPIC_NMI (acpi_id[0x38] high edge lint[0x1])",
    "[    0.000000] ACPI: LAPIC_NMI (acpi_id[0x39] high edge lint[0x1])",
    "[    0.000000] ACPI: LAPIC_NMI (acpi_id[0x3a] high edge lint[0x1])",
    "[    0.000000] ACPI: LAPIC_NMI (acpi_id[0x3b] high edge lint[0x1])",
    "[    0.000000] ACPI: LAPIC_NMI (acpi_id[0x3c] high edge lint[0x1])",
    "[    0.000000] ACPI: LAPIC_NMI (acpi_id[0x3d] high edge lint[0x1])",
    "[    0.000000] ACPI: LAPIC_NMI (acpi_id[0x3e] high edge lint[0x1])",
    "[    0.000000] ACPI: LAPIC_NMI (acpi_id[0x3f] high edge lint[0x1])",
    "[    0.000000] ACPI: LAPIC_NMI (acpi_id[0x40] high edge lint[0x1])",
    "[    0.000000] ACPI: LAPIC_NMI (acpi_id[0x41] high edge lint[0x1])",
    "[    0.000000] ACPI: LAPIC_NMI (acpi_id[0x42] high edge lint[0x1])",
    "[    0.000000] ACPI: LAPIC_NMI (acpi_id[0x43] high edge lint[0x1])",
    "[    0.000000] ACPI: LAPIC_NMI (acpi_id[0x44] high edge lint[0x1])",
    "[    0.000000] ACPI: LAPIC_NMI (acpi_id[0x45] high edge lint[0x1])",
    "[    0.000000] ACPI: LAPIC_NMI (acpi_id[0x46] high edge lint[0x1])",
    "[    0.000000] ACPI: LAPIC_NMI (acpi_id[0x47] high edge lint[0x1])",
    "[    0.000000] ACPI: LAPIC_NMI (acpi_id[0x48] high edge lint[0x1])",
    "[    0.000000] ACPI: LAPIC_NMI (acpi_id[0x49] high edge lint[0x1])",
    "[    0.000000] ACPI: LAPIC_NMI (acpi_id[0x4a] high edge lint[0x1])",
    "[    0.000000] ACPI: LAPIC_NMI (acpi_id[0x4b] high edge lint[0x1])",
    "[    0.000000] ACPI: LAPIC_NMI (acpi_id[0x4c] high edge lint[0x1])",
    "[    0.000000] ACPI: LAPIC_NMI (acpi_id[0x4d] high edge lint[0x1])",
    "[    0.000000] ACPI: LAPIC_NMI (acpi_id[0x4e] high edge lint[0x1])",
    "[    0.000000] ACPI: LAPIC_NMI (acpi_id[0x4f] high edge lint[0x1])",
    "[    0.000000] ACPI: LAPIC_NMI (acpi_id[0x50] high edge lint[0x1])",
    "[    0.000000] ACPI: LAPIC_NMI (acpi_id[0x51] high edge lint[0x1])",
    "[    0.000000] ACPI: LAPIC_NMI (acpi_id[0x52] high edge lint[0x1])",
    "[    0.000000] ACPI: LAPIC_NMI (acpi_id[0x53] high edge lint[0x1])",
    "[    0.000000] ACPI: LAPIC_NMI (acpi_id[0x54] high edge lint[0x1])",
    "[    0.000000] ACPI: LAPIC_NMI (acpi_id[0x55] high edge lint[0x1])",
    "[    0.000000] ACPI: LAPIC_NMI (acpi_id[0x56] high edge lint[0x1])",
    "[    0.000000] ACPI: LAPIC_NMI (acpi_id[0x57] high edge lint[0x1])",
    "[    0.000000] ACPI: LAPIC_NMI (acpi_id[0x58] high edge lint[0x1])",
    "[    0.000000] ACPI: LAPIC_NMI (acpi_id[0x59] high edge lint[0x1])",
    "[    0.000000] ACPI: LAPIC_NMI (acpi_id[0x5a] high edge lint[0x1])",
    "[    0.000000] ACPI: LAPIC_NMI (acpi_id[0x5b] high edge lint[0x1])",
    "[    0.000000] ACPI: LAPIC_NMI (acpi_id[0x5c] high edge lint[0x1])",
    "[    0.000000] ACPI: LAPIC_NMI (acpi_id[0x5d] high edge lint[0x1])",
    "[    0.000000] ACPI: LAPIC_NMI (acpi_id[0x5e] high edge lint[0x1])",
    "[    0.000000] ACPI: LAPIC_NMI (acpi_id[0x5f] high edge lint[0x1])",
    "[    0.000000] ACPI: LAPIC_NMI (acpi_id[0x60] high edge lint[0x1])",
    "[    0.000000] ACPI: LAPIC_NMI (acpi_id[0x61] high edge lint[0x1])",
    "[    0.000000] ACPI: LAPIC_NMI (acpi_id[0x62] high edge lint[0x1])",
    "[    0.000000] ACPI: LAPIC_NMI (acpi_id[0x63] high edge lint[0x1])",
    "[    0.000000] ACPI: LAPIC_NMI (acpi_id[0x64] high edge lint[0x1])",
    "[    0.000000] ACPI: LAPIC_NMI (acpi_id[0x65] high edge lint[0x1])",
    "[    0.000000] ACPI: LAPIC_NMI (acpi_id[0x66] high edge lint[0x1])",
    "[    0.000000] ACPI: LAPIC_NMI (acpi_id[0x67] high edge lint[0x1])",
    "[    0.000000] ACPI: LAPIC_NMI (acpi_id[0x68] high edge lint[0x1])",
    "[    0.000000] ACPI: LAPIC_NMI (acpi_id[0x69] high edge lint[0x1])",
    "[    0.000000] ACPI: LAPIC_NMI (acpi_id[0x6a] high edge lint[0x1])",
    "[    0.000000] ACPI: LAPIC_NMI (acpi_id[0x6b] high edge lint[0x1])",
    "[    0.000000] ACPI: LAPIC_NMI (acpi_id[0x6c] high edge lint[0x1])",
    "[    0.000000] ACPI: LAPIC_NMI (acpi_id[0x6d] high edge lint[0x1])",
    "[    0.000000] ACPI: LAPIC_NMI (acpi_id[0x6e] high edge lint[0x1])",
    "[    0.000000] ACPI: LAPIC_NMI (acpi_id[0x6f] high edge lint[0x1])",
    "[    0.000000] ACPI: LAPIC_NMI (acpi_id[0x70] high edge lint[0x1])",
    "[    0.000000] ACPI: LAPIC_NMI (acpi_id[0x71] high edge lint[0x1])",
    "[    0.000000] ACPI: LAPIC_NMI (acpi_id[0x72] high edge lint[0x1])",
    "[    0.000000] ACPI: LAPIC_NMI (acpi_id[0x73] high edge lint[0x1])",
    "[    0.000000] ACPI: LAPIC_NMI (acpi_id[0x74] high edge lint[0x1])",
    "[    0.000000] ACPI: LAPIC_NMI (acpi_id[0x75] high edge lint[0x1])",
    "[    0.000000] ACPI: LAPIC_NMI (acpi_id[0x76] high edge lint[0x1])",
    "[    0.000000] ACPI: LAPIC_NMI (acpi_id[0x77] high edge lint[0x1])",
    "[    0.000000] ACPI: LAPIC_NMI (acpi_id[0x78] high edge lint[0x1])",
    "[    0.000000] ACPI: LAPIC_NMI (acpi_id[0x79] high edge lint[0x1])",
    "[    0.000000] ACPI: LAPIC_NMI (acpi_id[0x7a] high edge lint[0x1])",
    "[    0.000000] ACPI: LAPIC_NMI (acpi_id[0x7b] high edge lint[0x1])",
    "[    0.000000] ACPI: LAPIC_NMI (acpi_id[0x7c] high edge lint[0x1])",
    "[    0.000000] ACPI: LAPIC_NMI (acpi_id[0x7d] high edge lint[0x1])",
    "[    0.000000] ACPI: LAPIC_NMI (acpi_id[0x7e] high edge lint[0x1])",
    "[    0.000000] ACPI: LAPIC_NMI (acpi_id[0x7f] high edge lint[0x1])",
    "[    0.000000] ACPI: IOAPIC (id[0x01] address[0xfec00000] gsi_base[0])",
    "[    0.000000] IOAPIC[0]: apic_id 1, version 32, address 0xfec00000, GSI 0-23",
    "[    0.000000] ACPI: INT_SRC_OVR (bus 0 bus_irq 0 global_irq 2 high edge)",
    "[    0.000000] ACPI: IRQ0 used by override.",
    "[    0.000000] ACPI: IRQ9 used by override.",
    "[    0.000000] Using ACPI (MADT) for SMP configuration information",
    "[    0.000000] ACPI: HPET id: 0x8086af01 base: 0xfed00000",
    "[    0.000000] smpboot: Allowing 128 CPUs, 126 hotplug CPUs",
    "[    0.000000] PM: Registered nosave memory: [mem 0x0009e000-0x0009efff]",
    "[    0.000000] PM: Registered nosave memory: [mem 0x0009f000-0x0009ffff]",
    "[    0.000000] PM: Registered nosave memory: [mem 0x000a0000-0x000dbfff]",
    "[    0.000000] PM: Registered nosave memory: [mem 0x000dc000-0x000fffff]",
    "[    0.000000] PM: Registered nosave memory: [mem 0x7fee0000-0x7fefefff]",
    "[    0.000000] PM: Registered nosave memory: [mem 0x7feff000-0x7fefffff]",
    "[    0.000000] e820: [mem 0x80000000-0xefffffff] available for PCI devices",
    "[    0.000000] Booting paravirtualized kernel on VMware hypervisor",
    "[    0.000000] Detected CPU family 6 model 154 stepping 3",
    "[    0.000000] Warning: Intel Processor - this hardware has not undergone upstream testing. Please consult http://wiki.centos.org/FAQ for more information",
    "[    0.000000] setup_percpu: NR_CPUS:5120 nr_cpumask_bits:128 nr_cpu_ids:128 nr_node_ids:1",
    "[    0.000000] percpu: Embedded 38 pages/cpu s118784 r8192 d28672 u262144",
    "[    0.000000] pcpu-alloc: s118784 r8192 d28672 u262144 alloc=1*2097152",
    "[    0.000000] pcpu-alloc: [0] 000 001 002 003 004 005 006 007",
    "[    0.000000] pcpu-alloc: [0] 008 009 010 011 012 013 014 015",
    "[    0.000000] pcpu-alloc: [0] 016 017 018 019 020 021 022 023",
    "[    0.000000] pcpu-alloc: [0] 024 025 026 027 028 029 030 031",
    "[    0.000000] pcpu-alloc: [0] 032 033 034 035 036 037 038 039",
    "[    0.000000] pcpu-alloc: [0] 040 041 042 043 044 045 046 047",
    "[    0.000000] pcpu-alloc: [0] 048 049 050 051 052 053 054 055",
    "[    0.000000] pcpu-alloc: [0] 056 057 058 059 060 061 062 063",
    "[    0.000000] pcpu-alloc: [0] 064 065 066 067 068 069 070 071",
    "[    0.000000] pcpu-alloc: [0] 072 073 074 075 076 077 078 079",
    "[    0.000000] pcpu-alloc: [0] 080 081 082 083 084 085 086 087",
    "[    0.000000] pcpu-alloc: [0] 088 089 090 091 092 093 094 095",
    "[    0.000000] pcpu-alloc: [0] 096 097 098 099 100 101 102 103",
    "[    0.000000] pcpu-alloc: [0] 104 105 106 107 108 109 110 111",
    "[    0.000000] pcpu-alloc: [0] 112 113 114 115 116 117 118 119",
    "[    0.000000] pcpu-alloc: [0] 120 121 122 123 124 125 126 127",
    "[    0.000000] Built 1 zonelists in Node order, mobility grouping on.  Total pages: 515944",
    "[    0.000000] Policy zone: DMA32",
    "[    0.000000] Kernel command line: BOOT_IMAGE=/vmlinuz-3.10.0-1160.el7.x86_64 root=/dev/mapper/centos-root ro crashkernel=auto rd.lvm.lv=centos/root rd.lvm.lv=centos/swap rhgb quiet LANG=zh_CN.UTF-8",
    "[    0.000000] PID hash table entries: 4096 (order: 3, 32768 bytes)",
    "[    0.000000] x86/fpu: xstate_offset[2]: 0240, xstate_sizes[2]: 0100",
    "[    0.000000] x86/fpu: xstate_offset[3]: 0000, xstate_sizes[3]: 0000",
    "[    0.000000] x86/fpu: xstate_offset[4]: 0000, xstate_sizes[4]: 0000",
    "[    0.000000] x86/fpu: xstate_offset[5]: 0000, xstate_sizes[5]: 0000",
    "[    0.000000] x86/fpu: xstate_offset[6]: 0000, xstate_sizes[6]: 0000",
    "[    0.000000] x86/fpu: xstate_offset[7]: 0000, xstate_sizes[7]: 0000",
    "[    0.000000] x86/fpu: xstate_offset[8]: 0000, xstate_sizes[8]: 0000",
    "[    0.000000] x86/fpu: xstate_offset[9]: 0a80, xstate_sizes[9]: 0008",
    "[    0.000000] xsave: enabled xstate_bv 0x207, cntxt size 0xa88 using standard form",
    "[    0.000000] Memory: 1828964k/2097152k available (7788k kernel code, 524k absent, 267664k reserved, 5954k data, 1984k init)",
    "[    0.000000] SLUB: HWalign=64, Order=0-3, MinObjects=0, CPUs=128, Nodes=1",
    "[    0.000000] Hierarchical RCU implementation.",
    "[    0.000000] \tRCU restricting CPUs from NR_CPUS=5120 to nr_cpu_ids=128.",
    "[    0.000000] NR_IRQS:327936 nr_irqs:1448 0",
    "[    0.000000] Console: colour VGA+ 80x25",
    "[    0.000000] console [tty0] enabled",
    "[    0.000000] allocated 54525952 bytes of page_cgroup",
    "[    0.000000] please try 'cgroup_disable=memory' option if you don't want memory cgroups",
    "[    0.000000] hpet clockevent registered",
    "[    0.000000] tsc: Detected 3110.399 MHz processor",
    "[    0.279208] Calibrating delay loop (skipped) preset value.. 6220.79 BogoMIPS (lpj=3110399)",
    "[    0.279210] pid_max: default: 131072 minimum: 1024",
    "[    0.279262] Security Framework initialized",
    "[    0.279269] SELinux:  Initializing.",
    "[    0.279278] SELinux:  Starting in permissive mode",
    "[    0.279278] Yama: becoming mindful.",
    "[    0.279352] Dentry cache hash table entries: 262144 (order: 9, 2097152 bytes)",
    "[    0.279502] Inode-cache hash table entries: 131072 (order: 8, 1048576 bytes)",
    "[    0.279574] Mount-cache hash table entries: 4096 (order: 3, 32768 bytes)",
    "[    0.279575] Mountpoint-cache hash table entries: 4096 (order: 3, 32768 bytes)",
    "[    0.279890] Initializing cgroup subsys memory",
    "[    0.279894] Initializing cgroup subsys devices",
    "[    0.279894] Initializing cgroup subsys freezer",
    "[    0.279895] Initializing cgroup subsys net_cls",
    "[    0.279897] Initializing cgroup subsys blkio",
    "[    0.279897] Initializing cgroup subsys perf_event",
    "[    0.279899] Initializing cgroup subsys hugetlb",
    "[    0.279899] Initializing cgroup subsys pids",
    "[    0.279900] Initializing cgroup subsys net_prio",
    "[    0.279984] x86/cpu: User Mode Instruction Prevention (UMIP) activated",
    "[    0.282853] Last level iTLB entries: 4KB 0, 2MB 0, 4MB 0",
    "[    0.282854] Last level dTLB entries: 4KB 0, 2MB 0, 4MB 0",
    "[    0.282854] tlb_flushall_shift: 6",
    "[    0.282904] FEATURE SPEC_CTRL Present",
    "[    0.282905] FEATURE IBPB_SUPPORT Present",
    "[    0.282905] Spectre V1 : Mitigation: Load fences, usercopy/swapgs barriers and __user pointer sanitization",
    "[    0.282906] Spectre V2 : Enabling Indirect Branch Prediction Barrier",
    "[    0.282957] Spectre V2 : Mitigation: Enhanced IBRS",
    "[    0.283063] Speculative Store Bypass: Mitigation: Speculative Store Bypass disabled via prctl and seccomp",
    "[    0.284906] Freeing SMP alternatives: 28k freed",
    "[    0.291376] ACPI: Core revision 20130517",
    "[    0.295257] ACPI: All ACPI Tables successfully acquired",
    "[    0.295999] ftrace: allocating 29651 entries in 116 pages",
    "[    0.324441] Enabling x2apic",
    "[    0.324593] Enabled x2apic",
    "[    0.324767] Switched APIC routing to physical x2apic.",
    "[    0.325705] ..TIMER: vector=0x30 apic1=0 pin1=2 apic2=-1 pin2=-1",
    "[    0.325706] smpboot: CPU0: 12th Gen Intel(R) Core(TM) i5-12500H (fam: 06, model: 9a, stepping: 03)",
    "[    0.325719] TSC deadline timer enabled",
    "[    0.325771] Performance Events: generic architected perfmon v1, core PMU driver.",
    "[    0.325780] core: CPUID marked event: 'cpu cycles' unavailable",
    "[    0.325780] core: CPUID marked event: 'instructions' unavailable",
    "[    0.325780] core: CPUID marked event: 'bus cycles' unavailable",
    "[    0.325781] core: CPUID marked event: 'cache references' unavailable",
    "[    0.325781] core: CPUID marked event: 'cache misses' unavailable",
    "[    0.325781] core: CPUID marked event: 'branch instructions' unavailable",
    "[    0.325782] core: CPUID marked event: 'branch misses' unavailable",
    "[    0.325783] ... version:                1",
    "[    0.325784] ... bit width:              48",
    "[    0.325784] ... generic registers:      6",
    "[    0.325785] ... value mask:             0000ffffffffffff",
    "[    0.325785] ... max period:             000000007fffffff",
    "[    0.325785] ... fixed-purpose events:   0",
    "[    0.325786] ... event mask:             000000000000003f",
    "[    0.326650] NMI watchdog: disabled (cpu0): hardware events not enabled",
    "[    0.326650] NMI watchdog: Shutting down hard lockup detector on all cpus",
    "[    0.330176] smpboot: CPU 1 Converting physical 2 to logical package 1",
    "[    0.330178] smpboot: CPU 1 Converting physical 0 to logical die 1",
    "[    0.326688] smpboot: Booting Node   0, Processors  #1",
    "[    0.330293] Brought up 2 CPUs",
    "[    0.330294] smpboot: Max logical packages: 128",
    "[    0.330296] smpboot: Total of 2 processors activated (12441.59 BogoMIPS)",
    "[    0.330770] devtmpfs: initialized",
    "[    0.330801] x86/mm: Memory block size: 128MB",
    "[    0.331448] EVM: security.selinux",
    "[    0.331449] EVM: security.ima",
    "[    0.331449] EVM: security.capability",
    "[    0.331499] PM: Registering ACPI NVS region [mem 0x7feff000-0x7fefffff] (4096 bytes)",
    "[    0.331860] atomic64 test passed for x86-64 platform with CX8 and with SSE",
    "[    0.331862] pinctrl core: initialized pinctrl subsystem",
    "[    0.331927] RTC time:  6:34:51, date: 07/14/22",
    "[    0.332087] NET: Registered protocol family 16",
    "[    0.332196] ACPI: bus type PCI registered",
    "[    0.332197] acpiphp: ACPI Hot Plug PCI Controller Driver version: 0.5",
    "[    0.332294] PCI: MMCONFIG for domain 0000 [bus 00-7f] at [mem 0xf0000000-0xf7ffffff] (base 0xf0000000)",
    "[    0.332295] PCI: MMCONFIG at [mem 0xf0000000-0xf7ffffff] reserved in E820",
    "[    0.332300] PCI: Using configuration type 1 for base access",
    "[    0.338651] ACPI: Added _OSI(Module Device)",
    "[    0.338652] ACPI: Added _OSI(Processor Device)",
    "[    0.338652] ACPI: Added _OSI(3.0 _SCP Extensions)",
    "[    0.338652] ACPI: Added _OSI(Processor Aggregator Device)",
    "[    0.338653] ACPI: Added _OSI(Linux-Dell-Video)",
    "[    0.340330] ACPI: EC: Look up EC in DSDT",
    "[    0.343229] ACPI: [Firmware Bug]: BIOS _OSI(Linux) query ignored",
    "[    0.352339] ACPI: Interpreter enabled",
    "[    0.352346] ACPI: (supports S0 S1 S4 S5)",
    "[    0.352347] ACPI: Using IOAPIC for interrupt routing",
    "[    0.352360] PCI: Using host bridge windows from ACPI; if necessary, use \"pci=nocrs\" and report a bug",
    "[    0.352489] ACPI: Enabled 4 GPEs in block 00 to 0F",
    "[    0.385019] ACPI: PCI Root Bridge [PCI0] (domain 0000 [bus 00-7f])",
    "[    0.385022] acpi PNP0A03:00: _OSC: OS supports [ExtendedConfig ASPM ClockPM Segments MSI]",
    "[    0.385109] acpi PNP0A03:00: _OSC: platform does not support [AER]",
    "[    0.385202] acpi PNP0A03:00: _OSC: OS now controls [PCIeHotplug SHPCHotplug PME PCIeCapability]",
    "[    0.386110] PCI host bridge to bus 0000:00",
    "[    0.386112] pci_bus 0000:00: root bus resource [mem 0x000a0000-0x000bffff window]",
    "[    0.386113] pci_bus 0000:00: root bus resource [mem 0x000cc000-0x000cffff window]",
    "[    0.386113] pci_bus 0000:00: root bus resource [mem 0x000d0000-0x000d3fff window]",
    "[    0.386114] pci_bus 0000:00: root bus resource [mem 0x000d4000-0x000d7fff window]",
    "[    0.386114] pci_bus 0000:00: root bus resource [mem 0x000d8000-0x000dbfff window]",
    "[    0.386115] pci_bus 0000:00: root bus resource [mem 0xc0000000-0xfebfffff window]",
    "[    0.386115] pci_bus 0000:00: root bus resource [io  0x0000-0x0cf7 window]",
    "[    0.386116] pci_bus 0000:00: root bus resource [io  0x0d00-0xfeff window]",
    "[    0.386117] pci_bus 0000:00: root bus resource [bus 00-7f]",
    "[    0.386151] pci 0000:00:00.0: [8086:7190] type 00 class 0x060000",
    "[    0.386530] pci 0000:00:01.0: [8086:7191] type 01 class 0x060400",
    "[    0.386832] pci 0000:00:07.0: [8086:7110] type 00 class 0x060100",
    "[    0.387271] pci 0000:00:07.1: [8086:7111] type 00 class 0x01018a",
    "[    0.387860] pci 0000:00:07.1: reg 0x20: [io  0x1060-0x106f]",
    "[    0.388103] pci 0000:00:07.1: legacy IDE quirk: reg 0x10: [io  0x01f0-0x01f7]",
    "[    0.388103] pci 0000:00:07.1: legacy IDE quirk: reg 0x14: [io  0x03f6]",
    "[    0.388104] pci 0000:00:07.1: legacy IDE quirk: reg 0x18: [io  0x0170-0x0177]",
    "[    0.388104] pci 0000:00:07.1: legacy IDE quirk: reg 0x1c: [io  0x0376]",
    "[    0.388237] pci 0000:00:07.3: [8086:7113] type 00 class 0x068000",
    "[    0.388991] pci 0000:00:07.3: quirk: [io  0x1000-0x103f] claimed by PIIX4 ACPI",
    "[    0.388998] pci 0000:00:07.3: quirk: [io  0x1040-0x104f] claimed by PIIX4 SMB",
    "[    0.389181] pci 0000:00:07.7: [15ad:0740] type 00 class 0x088000",
    "[    0.389713] pci 0000:00:07.7: reg 0x10: [io  0x1080-0x10bf]",
    "[    0.390013] pci 0000:00:07.7: reg 0x14: [mem 0xfebfe000-0xfebfffff 64bit]",
    "[    0.391297] pci 0000:00:0f.0: [15ad:0405] type 00 class 0x030000",
    "[    0.391780] pci 0000:00:0f.0: reg 0x10: [io  0x1070-0x107f]",
    "[    0.392141] pci 0000:00:0f.0: reg 0x14: [mem 0xe8000000-0xefffffff pref]",
    "[    0.392505] pci 0000:00:0f.0: reg 0x18: [mem 0xfe000000-0xfe7fffff]",
    "[    0.393945] pci 0000:00:0f.0: reg 0x30: [mem 0x00000000-0x00007fff pref]",
    "[    0.394258] pci 0000:00:10.0: [1000:0030] type 00 class 0x010000",
    "[    0.394520] pci 0000:00:10.0: reg 0x10: [io  0x1400-0x14ff]",
    "[    0.394763] pci 0000:00:10.0: reg 0x14: [mem 0xfeba0000-0xfebbffff 64bit]",
    "[    0.395002] pci 0000:00:10.0: reg 0x1c: [mem 0xfebc0000-0xfebdffff 64bit]",
    "[    0.395463] pci 0000:00:10.0: reg 0x30: [mem 0x00000000-0x00003fff pref]",
    "[    0.395693] pci 0000:00:11.0: [15ad:0790] type 01 class 0x060401",
    "[    0.396077] pci 0000:00:11.0: System wakeup disabled by ACPI",
    "[    0.396172] pci 0000:00:15.0: [15ad:07a0] type 01 class 0x060400",
    "[    0.396657] pci 0000:00:15.0: PME# supported from D0 D3hot D3cold",
    "[    0.396795] pci 0000:00:15.0: System wakeup disabled by ACPI",
    "[    0.396866] pci 0000:00:15.1: [15ad:07a0] type 01 class 0x060400",
    "[    0.397343] pci 0000:00:15.1: PME# supported from D0 D3hot D3cold",
    "[    0.397480] pci 0000:00:15.1: System wakeup disabled by ACPI",
    "[    0.397553] pci 0000:00:15.2: [15ad:07a0] type 01 class 0x060400",
    "[    0.398009] pci 0000:00:15.2: PME# supported from D0 D3hot D3cold",
    "[    0.398208] pci 0000:00:15.2: System wakeup disabled by ACPI",
    "[    0.398284] pci 0000:00:15.3: [15ad:07a0] type 01 class 0x060400",
    "[    0.398746] pci 0000:00:15.3: PME# supported from D0 D3hot D3cold",
    "[    0.398883] pci 0000:00:15.3: System wakeup disabled by ACPI",
    "[    0.398953] pci 0000:00:15.4: [15ad:07a0] type 01 class 0x060400",
    "[    0.399431] pci 0000:00:15.4: PME# supported from D0 D3hot D3cold",
    "[    0.399593] pci 0000:00:15.4: System wakeup disabled by ACPI",
    "[    0.399662] pci 0000:00:15.5: [15ad:07a0] type 01 class 0x060400",
    "[    0.400119] pci 0000:00:15.5: PME# supported from D0 D3hot D3cold",
    "[    0.400272] pci 0000:00:15.5: System wakeup disabled by ACPI",
    "[    0.400342] pci 0000:00:15.6: [15ad:07a0] type 01 class 0x060400",
    "[    0.400803] pci 0000:00:15.6: PME# supported from D0 D3hot D3cold",
    "[    0.400940] pci 0000:00:15.6: System wakeup disabled by ACPI",
    "[    0.401010] pci 0000:00:15.7: [15ad:07a0] type 01 class 0x060400",
    "[    0.401486] pci 0000:00:15.7: PME# supported from D0 D3hot D3cold",
    "[    0.401625] pci 0000:00:15.7: System wakeup disabled by ACPI",
    "[    0.401696] pci 0000:00:16.0: [15ad:07a0] type 01 class 0x060400",
    "[    0.402157] pci 0000:00:16.0: PME# supported from D0 D3hot D3cold",
    "[    0.402308] pci 0000:00:16.0: System wakeup disabled by ACPI",
    "[    0.402377] pci 0000:00:16.1: [15ad:07a0] type 01 class 0x060400",
    "[    0.402835] pci 0000:00:16.1: PME# supported from D0 D3hot D3cold",
    "[    0.402972] pci 0000:00:16.1: System wakeup disabled by ACPI",
    "[    0.403043] pci 0000:00:16.2: [15ad:07a0] type 01 class 0x060400",
    "[    0.403516] pci 0000:00:16.2: PME# supported from D0 D3hot D3cold",
    "[    0.403659] pci 0000:00:16.2: System wakeup disabled by ACPI",
    "[    0.403729] pci 0000:00:16.3: [15ad:07a0] type 01 class 0x060400",
    "[    0.404196] pci 0000:00:16.3: PME# supported from D0 D3hot D3cold",
    "[    0.404339] pci 0000:00:16.3: System wakeup disabled by ACPI",
    "[    0.404409] pci 0000:00:16.4: [15ad:07a0] type 01 class 0x060400",
    "[    0.404868] pci 0000:00:16.4: PME# supported from D0 D3hot D3cold",
    "[    0.405005] pci 0000:00:16.4: System wakeup disabled by ACPI",
    "[    0.405074] pci 0000:00:16.5: [15ad:07a0] type 01 class 0x060400",
    "[    0.405634] pci 0000:00:16.5: PME# supported from D0 D3hot D3cold",
    "[    0.405774] pci 0000:00:16.5: System wakeup disabled by ACPI",
    "[    0.405848] pci 0000:00:16.6: [15ad:07a0] type 01 class 0x060400",
    "[    0.406323] pci 0000:00:16.6: PME# supported from D0 D3hot D3cold",
    "[    0.406462] pci 0000:00:16.6: System wakeup disabled by ACPI",
    "[    0.406533] pci 0000:00:16.7: [15ad:07a0] type 01 class 0x060400",
    "[    0.407023] pci 0000:00:16.7: PME# supported from D0 D3hot D3cold",
    "[    0.407202] pci 0000:00:16.7: System wakeup disabled by ACPI",
    "[    0.407286] pci 0000:00:17.0: [15ad:07a0] type 01 class 0x060400",
    "[    0.407756] pci 0000:00:17.0: PME# supported from D0 D3hot D3cold",
    "[    0.407895] pci 0000:00:17.0: System wakeup disabled by ACPI",
    "[    0.407967] pci 0000:00:17.1: [15ad:07a0] type 01 class 0x060400",
    "[    0.408443] pci 0000:00:17.1: PME# supported from D0 D3hot D3cold",
    "[    0.408582] pci 0000:00:17.1: System wakeup disabled by ACPI",
    "[    0.408656] pci 0000:00:17.2: [15ad:07a0] type 01 class 0x060400",
    "[    0.409120] pci 0000:00:17.2: PME# supported from D0 D3hot D3cold",
    "[    0.409283] pci 0000:00:17.2: System wakeup disabled by ACPI",
    "[    0.409355] pci 0000:00:17.3: [15ad:07a0] type 01 class 0x060400",
    "[    0.409824] pci 0000:00:17.3: PME# supported from D0 D3hot D3cold",
    "[    0.409980] pci 0000:00:17.3: System wakeup disabled by ACPI",
    "[    0.410057] pci 0000:00:17.4: [15ad:07a0] type 01 class 0x060400",
    "[    0.410533] pci 0000:00:17.4: PME# supported from D0 D3hot D3cold",
    "[    0.410674] pci 0000:00:17.4: System wakeup disabled by ACPI",
    "[    0.410745] pci 0000:00:17.5: [15ad:07a0] type 01 class 0x060400",
    "[    0.411217] pci 0000:00:17.5: PME# supported from D0 D3hot D3cold",
    "[    0.411359] pci 0000:00:17.5: System wakeup disabled by ACPI",
    "[    0.411430] pci 0000:00:17.6: [15ad:07a0] type 01 class 0x060400",
    "[    0.411892] pci 0000:00:17.6: PME# supported from D0 D3hot D3cold",
    "[    0.412029] pci 0000:00:17.6: System wakeup disabled by ACPI",
    "[    0.412101] pci 0000:00:17.7: [15ad:07a0] type 01 class 0x060400",
    "[    0.412571] pci 0000:00:17.7: PME# supported from D0 D3hot D3cold",
    "[    0.412711] pci 0000:00:17.7: System wakeup disabled by ACPI",
    "[    0.412782] pci 0000:00:18.0: [15ad:07a0] type 01 class 0x060400",
    "[    0.413257] pci 0000:00:18.0: PME# supported from D0 D3hot D3cold",
    "[    0.413395] pci 0000:00:18.0: System wakeup disabled by ACPI",
    "[    0.413465] pci 0000:00:18.1: [15ad:07a0] type 01 class 0x060400",
    "[    0.413927] pci 0000:00:18.1: PME# supported from D0 D3hot D3cold",
    "[    0.414066] pci 0000:00:18.1: System wakeup disabled by ACPI",
    "[    0.414139] pci 0000:00:18.2: [15ad:07a0] type 01 class 0x060400",
    "[    0.414607] pci 0000:00:18.2: PME# supported from D0 D3hot D3cold",
    "[    0.414748] pci 0000:00:18.2: System wakeup disabled by ACPI",
    "[    0.414818] pci 0000:00:18.3: [15ad:07a0] type 01 class 0x060400",
    "[    0.415289] pci 0000:00:18.3: PME# supported from D0 D3hot D3cold",
    "[    0.415431] pci 0000:00:18.3: System wakeup disabled by ACPI",
    "[    0.415503] pci 0000:00:18.4: [15ad:07a0] type 01 class 0x060400",
    "[    0.415973] pci 0000:00:18.4: PME# supported from D0 D3hot D3cold",
    "[    0.416114] pci 0000:00:18.4: System wakeup disabled by ACPI",
    "[    0.416193] pci 0000:00:18.5: [15ad:07a0] type 01 class 0x060400",
    "[    0.416669] pci 0000:00:18.5: PME# supported from D0 D3hot D3cold",
    "[    0.416816] pci 0000:00:18.5: System wakeup disabled by ACPI",
    "[    0.416892] pci 0000:00:18.6: [15ad:07a0] type 01 class 0x060400",
    "[    0.417366] pci 0000:00:18.6: PME# supported from D0 D3hot D3cold",
    "[    0.417505] pci 0000:00:18.6: System wakeup disabled by ACPI",
    "[    0.417576] pci 0000:00:18.7: [15ad:07a0] type 01 class 0x060400",
    "[    0.418040] pci 0000:00:18.7: PME# supported from D0 D3hot D3cold",
    "[    0.418182] pci 0000:00:18.7: System wakeup disabled by ACPI",
    "[    0.418331] pci 0000:00:01.0: PCI bridge to [bus 01]",
    "[    0.418540] acpiphp: Slot [32] registered",
    "[    0.418563] acpiphp: Slot [33] registered",
    "[    0.418586] acpiphp: Slot [34] registered",
    "[    0.418608] acpiphp: Slot [35] registered",
    "[    0.418630] acpiphp: Slot [36] registered",
    "[    0.418652] acpiphp: Slot [37] registered",
    "[    0.418676] acpiphp: Slot [38] registered",
    "[    0.418700] acpiphp: Slot [39] registered",
    "[    0.418723] acpiphp: Slot [40] registered",
    "[    0.418745] acpiphp: Slot [41] registered",
    "[    0.418768] acpiphp: Slot [42] registered",
    "[    0.418790] acpiphp: Slot [43] registered",
    "[    0.418811] acpiphp: Slot [44] registered",
    "[    0.418834] acpiphp: Slot [45] registered",
    "[    0.418856] acpiphp: Slot [46] registered",
    "[    0.418878] acpiphp: Slot [47] registered",
    "[    0.418900] acpiphp: Slot [48] registered",
    "[    0.418922] acpiphp: Slot [49] registered",
    "[    0.418943] acpiphp: Slot [50] registered",
    "[    0.418965] acpiphp: Slot [51] registered",
    "[    0.418988] acpiphp: Slot [52] registered",
    "[    0.419009] acpiphp: Slot [53] registered",
    "[    0.419031] acpiphp: Slot [54] registered",
    "[    0.419053] acpiphp: Slot [55] registered",
    "[    0.419074] acpiphp: Slot [56] registered",
    "[    0.419096] acpiphp: Slot [57] registered",
    "[    0.419118] acpiphp: Slot [58] registered",
    "[    0.419141] acpiphp: Slot [59] registered",
    "[    0.419164] acpiphp: Slot [60] registered",
    "[    0.419193] acpiphp: Slot [61] registered",
    "[    0.419219] acpiphp: Slot [62] registered",
    "[    0.419243] acpiphp: Slot [63] registered",
    "[    0.419289] pci 0000:02:00.0: [15ad:0774] type 00 class 0x0c0300",
    "[    0.419882] pci 0000:02:00.0: reg 0x20: [io  0x2080-0x209f]",
    "[    0.420337] pci 0000:02:00.0: System wakeup disabled by ACPI",
    "[    0.420391] pci 0000:02:01.0: [8086:100f] type 00 class 0x020000",
    "[    0.420695] pci 0000:02:01.0: reg 0x10: [mem 0xfd5c0000-0xfd5dffff 64bit]",
    "[    0.420935] pci 0000:02:01.0: reg 0x18: [mem 0xfdff0000-0xfdffffff 64bit]",
    "[    0.421151] pci 0000:02:01.0: reg 0x20: [io  0x2000-0x203f]",
    "[    0.423256] pci 0000:02:01.0: reg 0x30: [mem 0x00000000-0x0000ffff pref]",
    "[    0.423456] pci 0000:02:01.0: PME# supported from D0 D3hot D3cold",
    "[    0.423567] pci 0000:02:01.0: System wakeup disabled by ACPI",
    "[    0.423631] pci 0000:02:02.0: [1274:1371] type 00 class 0x040100",
    "[    0.423797] pci 0000:02:02.0: reg 0x10: [io  0x2040-0x207f]",
    "[    0.424864] pci 0000:02:02.0: System wakeup disabled by ACPI",
    "[    0.424912] pci 0000:02:03.0: [15ad:0770] type 00 class 0x0c0320",
    "[    0.425135] pci 0000:02:03.0: reg 0x10: [mem 0xfd5ef000-0xfd5effff]",
    "[    0.426315] pci 0000:02:03.0: System wakeup disabled by ACPI",
    "[    0.426495] pci 0000:00:11.0: PCI bridge to [bus 02] (subtractive decode)",
    "[    0.426508] pci 0000:00:11.0:   bridge window [io  0x2000-0x3fff]",
    "[    0.426521] pci 0000:00:11.0:   bridge window [mem 0xfd500000-0xfdffffff]",
    "[    0.426545] pci 0000:00:11.0:   bridge window [mem 0xe7b00000-0xe7ffffff 64bit pref]",
    "[    0.426547] pci 0000:00:11.0:   bridge window [mem 0x000a0000-0x000bffff window] (subtractive decode)",
    "[    0.426547] pci 0000:00:11.0:   bridge window [mem 0x000cc000-0x000cffff window] (subtractive decode)",
    "[    0.426548] pci 0000:00:11.0:   bridge window [mem 0x000d0000-0x000d3fff window] (subtractive decode)",
    "[    0.426548] pci 0000:00:11.0:   bridge window [mem 0x000d4000-0x000d7fff window] (subtractive decode)",
    "[    0.426549] pci 0000:00:11.0:   bridge window [mem 0x000d8000-0x000dbfff window] (subtractive decode)",
    "[    0.426549] pci 0000:00:11.0:   bridge window [mem 0xc0000000-0xfebfffff window] (subtractive decode)",
    "[    0.426550] pci 0000:00:11.0:   bridge window [io  0x0000-0x0cf7 window] (subtractive decode)",
    "[    0.426550] pci 0000:00:11.0:   bridge window [io  0x0d00-0xfeff window] (subtractive decode)",
    "[    0.426752] pci 0000:00:15.0: PCI bridge to [bus 03]",
    "[    0.426764] pci 0000:00:15.0:   bridge window [io  0x4000-0x4fff]",
    "[    0.426777] pci 0000:00:15.0:   bridge window [mem 0xfd400000-0xfd4fffff]",
    "[    0.426802] pci 0000:00:15.0:   bridge window [mem 0xe7a00000-0xe7afffff 64bit pref]",
    "[    0.426986] pci 0000:00:15.1: PCI bridge to [bus 04]",
    "[    0.426998] pci 0000:00:15.1:   bridge window [io  0x8000-0x8fff]",
    "[    0.427011] pci 0000:00:15.1:   bridge window [mem 0xfd000000-0xfd0fffff]",
    "[    0.427035] pci 0000:00:15.1:   bridge window [mem 0xe7600000-0xe76fffff 64bit pref]",
    "[    0.427227] pci 0000:00:15.2: PCI bridge to [bus 05]",
    "[    0.427241] pci 0000:00:15.2:   bridge window [io  0xc000-0xcfff]",
    "[    0.427254] pci 0000:00:15.2:   bridge window [mem 0xfcc00000-0xfccfffff]",
    "[    0.427278] pci 0000:00:15.2:   bridge window [mem 0xe7200000-0xe72fffff 64bit pref]",
    "[    0.427458] pci 0000:00:15.3: PCI bridge to [bus 06]",
    "[    0.427484] pci 0000:00:15.3:   bridge window [mem 0xfc800000-0xfc8fffff]",
    "[    0.427509] pci 0000:00:15.3:   bridge window [mem 0xe6e00000-0xe6efffff 64bit pref]",
    "[    0.427689] pci 0000:00:15.4: PCI bridge to [bus 07]",
    "[    0.427712] pci 0000:00:15.4:   bridge window [mem 0xfc400000-0xfc4fffff]",
    "[    0.427737] pci 0000:00:15.4:   bridge window [mem 0xe6a00000-0xe6afffff 64bit pref]",
    "[    0.427917] pci 0000:00:15.5: PCI bridge to [bus 08]",
    "[    0.427940] pci 0000:00:15.5:   bridge window [mem 0xfc000000-0xfc0fffff]",
    "[    0.427965] pci 0000:00:15.5:   bridge window [mem 0xe6600000-0xe66fffff 64bit pref]",
    "[    0.428147] pci 0000:00:15.6: PCI bridge to [bus 09]",
    "[    0.428172] pci 0000:00:15.6:   bridge window [mem 0xfbc00000-0xfbcfffff]",
    "[    0.428204] pci 0000:00:15.6:   bridge window [mem 0xe6200000-0xe62fffff 64bit pref]",
    "[    0.428387] pci 0000:00:15.7: PCI bridge to [bus 0a]",
    "[    0.428411] pci 0000:00:15.7:   bridge window [mem 0xfb800000-0xfb8fffff]",
    "[    0.428435] pci 0000:00:15.7:   bridge window [mem 0xe5e00000-0xe5efffff 64bit pref]",
    "[    0.428617] pci 0000:00:16.0: PCI bridge to [bus 0b]",
    "[    0.428629] pci 0000:00:16.0:   bridge window [io  0x5000-0x5fff]",
    "[    0.428642] pci 0000:00:16.0:   bridge window [mem 0xfd300000-0xfd3fffff]",
    "[    0.428666] pci 0000:00:16.0:   bridge window [mem 0xe7900000-0xe79fffff 64bit pref]",
    "[    0.428845] pci 0000:00:16.1: PCI bridge to [bus 0c]",
    "[    0.428857] pci 0000:00:16.1:   bridge window [io  0x9000-0x9fff]",
    "[    0.428869] pci 0000:00:16.1:   bridge window [mem 0xfcf00000-0xfcffffff]",
    "[    0.428894] pci 0000:00:16.1:   bridge window [mem 0xe7500000-0xe75fffff 64bit pref]",
    "[    0.429073] pci 0000:00:16.2: PCI bridge to [bus 0d]",
    "[    0.429085] pci 0000:00:16.2:   bridge window [io  0xd000-0xdfff]",
    "[    0.429098] pci 0000:00:16.2:   bridge window [mem 0xfcb00000-0xfcbfffff]",
    "[    0.429123] pci 0000:00:16.2:   bridge window [mem 0xe7100000-0xe71fffff 64bit pref]",
    "[    0.429312] pci 0000:00:16.3: PCI bridge to [bus 0e]",
    "[    0.429336] pci 0000:00:16.3:   bridge window [mem 0xfc700000-0xfc7fffff]",
    "[    0.429360] pci 0000:00:16.3:   bridge window [mem 0xe6d00000-0xe6dfffff 64bit pref]",
    "[    0.429541] pci 0000:00:16.4: PCI bridge to [bus 0f]",
    "[    0.429565] pci 0000:00:16.4:   bridge window [mem 0xfc300000-0xfc3fffff]",
    "[    0.429590] pci 0000:00:16.4:   bridge window [mem 0xe6900000-0xe69fffff 64bit pref]",
    "[    0.429777] pci 0000:00:16.5: PCI bridge to [bus 10]",
    "[    0.429801] pci 0000:00:16.5:   bridge window [mem 0xfbf00000-0xfbffffff]",
    "[    0.429825] pci 0000:00:16.5:   bridge window [mem 0xe6500000-0xe65fffff 64bit pref]",
    "[    0.430004] pci 0000:00:16.6: PCI bridge to [bus 11]",
    "[    0.430028] pci 0000:00:16.6:   bridge window [mem 0xfbb00000-0xfbbfffff]",
    "[    0.430052] pci 0000:00:16.6:   bridge window [mem 0xe6100000-0xe61fffff 64bit pref]",
    "[    0.430242] pci 0000:00:16.7: PCI bridge to [bus 12]",
    "[    0.430267] pci 0000:00:16.7:   bridge window [mem 0xfb700000-0xfb7fffff]",
    "[    0.430292] pci 0000:00:16.7:   bridge window [mem 0xe5d00000-0xe5dfffff 64bit pref]",
    "[    0.430473] pci 0000:00:17.0: PCI bridge to [bus 13]",
    "[    0.430485] pci 0000:00:17.0:   bridge window [io  0x6000-0x6fff]",
    "[    0.430499] pci 0000:00:17.0:   bridge window [mem 0xfd200000-0xfd2fffff]",
    "[    0.430524] pci 0000:00:17.0:   bridge window [mem 0xe7800000-0xe78fffff 64bit pref]",
    "[    0.430703] pci 0000:00:17.1: PCI bridge to [bus 14]",
    "[    0.430715] pci 0000:00:17.1:   bridge window [io  0xa000-0xafff]",
    "[    0.430727] pci 0000:00:17.1:   bridge window [mem 0xfce00000-0xfcefffff]",
    "[    0.430752] pci 0000:00:17.1:   bridge window [mem 0xe7400000-0xe74fffff 64bit pref]",
    "[    0.430931] pci 0000:00:17.2: PCI bridge to [bus 15]",
    "[    0.430943] pci 0000:00:17.2:   bridge window [io  0xe000-0xefff]",
    "[    0.430956] pci 0000:00:17.2:   bridge window [mem 0xfca00000-0xfcafffff]",
    "[    0.430980] pci 0000:00:17.2:   bridge window [mem 0xe7000000-0xe70fffff 64bit pref]",
    "[    0.431163] pci 0000:00:17.3: PCI bridge to [bus 16]",
    "[    0.431194] pci 0000:00:17.3:   bridge window [mem 0xfc600000-0xfc6fffff]",
    "[    0.431220] pci 0000:00:17.3:   bridge window [mem 0xe6c00000-0xe6cfffff 64bit pref]",
    "[    0.431404] pci 0000:00:17.4: PCI bridge to [bus 17]",
    "[    0.431428] pci 0000:00:17.4:   bridge window [mem 0xfc200000-0xfc2fffff]",
    "[    0.431452] pci 0000:00:17.4:   bridge window [mem 0xe6800000-0xe68fffff 64bit pref]",
    "[    0.431637] pci 0000:00:17.5: PCI bridge to [bus 18]",
    "[    0.431661] pci 0000:00:17.5:   bridge window [mem 0xfbe00000-0xfbefffff]",
    "[    0.431686] pci 0000:00:17.5:   bridge window [mem 0xe6400000-0xe64fffff 64bit pref]",
    "[    0.431867] pci 0000:00:17.6: PCI bridge to [bus 19]",
    "[    0.431891] pci 0000:00:17.6:   bridge window [mem 0xfba00000-0xfbafffff]",
    "[    0.431915] pci 0000:00:17.6:   bridge window [mem 0xe6000000-0xe60fffff 64bit pref]",
    "[    0.432095] pci 0000:00:17.7: PCI bridge to [bus 1a]",
    "[    0.432119] pci 0000:00:17.7:   bridge window [mem 0xfb600000-0xfb6fffff]",
    "[    0.432145] pci 0000:00:17.7:   bridge window [mem 0xe5c00000-0xe5cfffff 64bit pref]",
    "[    0.432338] pci 0000:00:18.0: PCI bridge to [bus 1b]",
    "[    0.432350] pci 0000:00:18.0:   bridge window [io  0x7000-0x7fff]",
    "[    0.432363] pci 0000:00:18.0:   bridge window [mem 0xfd100000-0xfd1fffff]",
    "[    0.432387] pci 0000:00:18.0:   bridge window [mem 0xe7700000-0xe77fffff 64bit pref]",
    "[    0.432570] pci 0000:00:18.1: PCI bridge to [bus 1c]",
    "[    0.432582] pci 0000:00:18.1:   bridge window [io  0xb000-0xbfff]",
    "[    0.432595] pci 0000:00:18.1:   bridge window [mem 0xfcd00000-0xfcdfffff]",
    "[    0.432619] pci 0000:00:18.1:   bridge window [mem 0xe7300000-0xe73fffff 64bit pref]",
    "[    0.432799] pci 0000:00:18.2: PCI bridge to [bus 1d]",
    "[    0.432823] pci 0000:00:18.2:   bridge window [mem 0xfc900000-0xfc9fffff]",
    "[    0.432847] pci 0000:00:18.2:   bridge window [mem 0xe6f00000-0xe6ffffff 64bit pref]",
    "[    0.433028] pci 0000:00:18.3: PCI bridge to [bus 1e]",
    "[    0.433052] pci 0000:00:18.3:   bridge window [mem 0xfc500000-0xfc5fffff]",
    "[    0.433076] pci 0000:00:18.3:   bridge window [mem 0xe6b00000-0xe6bfffff 64bit pref]",
    "[    0.433275] pci 0000:00:18.4: PCI bridge to [bus 1f]",
    "[    0.433299] pci 0000:00:18.4:   bridge window [mem 0xfc100000-0xfc1fffff]",
    "[    0.433323] pci 0000:00:18.4:   bridge window [mem 0xe6700000-0xe67fffff 64bit pref]",
    "[    0.433505] pci 0000:00:18.5: PCI bridge to [bus 20]",
    "[    0.433532] pci 0000:00:18.5:   bridge window [mem 0xfbd00000-0xfbdfffff]",
    "[    0.433556] pci 0000:00:18.5:   bridge window [mem 0xe6300000-0xe63fffff 64bit pref]",
    "[    0.433736] pci 0000:00:18.6: PCI bridge to [bus 21]",
    "[    0.433760] pci 0000:00:18.6:   bridge window [mem 0xfb900000-0xfb9fffff]",
    "[    0.433785] pci 0000:00:18.6:   bridge window [mem 0xe5f00000-0xe5ffffff 64bit pref]",
    "[    0.433965] pci 0000:00:18.7: PCI bridge to [bus 22]",
    "[    0.433989] pci 0000:00:18.7:   bridge window [mem 0xfb500000-0xfb5fffff]",
    "[    0.434014] pci 0000:00:18.7:   bridge window [mem 0xe5b00000-0xe5bfffff 64bit pref]",
    "[    0.435552] ACPI: PCI Interrupt Link [LNKA] (IRQs 3 4 5 6 7 *9 10 11 14 15)",
    "[    0.435591] ACPI: PCI Interrupt Link [LNKB] (IRQs 3 4 5 6 7 9 10 *11 14 15)",
    "[    0.435627] ACPI: PCI Interrupt Link [LNKC] (IRQs 3 4 5 6 7 9 *10 11 14 15)",
    "[    0.435664] ACPI: PCI Interrupt Link [LNKD] (IRQs 3 4 5 6 *7 9 10 11 14 15)",
    "[    0.442307] vgaarb: device added: PCI:0000:00:0f.0,decodes=io+mem,owns=io+mem,locks=none",
    "[    0.442311] vgaarb: loaded",
    "[    0.442312] vgaarb: bridge control possible 0000:00:0f.0",
    "[    0.442452] SCSI subsystem initialized",
    "[    0.442463] ACPI: bus type USB registered",
    "[    0.442470] usbcore: registered new interface driver usbfs",
    "[    0.442473] usbcore: registered new interface driver hub",
    "[    0.442522] usbcore: registered new device driver usb",
    "[    0.442625] EDAC MC: Ver: 3.0.0",
    "[    0.443436] PCI: Using ACPI for IRQ routing",
    "[    0.446237] PCI: pci_cache_line_size set to 64 bytes",
    "[    0.446787] e820: reserve RAM buffer [mem 0x0009ec00-0x0009ffff]",
    "[    0.446787] e820: reserve RAM buffer [mem 0x7fee0000-0x7fffffff]",
    "[    0.446988] NetLabel: Initializing",
    "[    0.446989] NetLabel:  domain hash size = 128",
    "[    0.446989] NetLabel:  protocols = UNLABELED CIPSOv4",
    "[    0.447084] NetLabel:  unlabeled traffic allowed by default",
    "[    0.447375] hpet0: at MMIO 0xfed00000, IRQs 2, 8, 0, 0, 0, 0, 0, 0, 0, 0, 0, 0, 0, 0, 0, 0",
    "[    0.447378] hpet0: 16 comparators, 64-bit 14.318180 MHz counter",
    "[    0.449402] amd_nb: Cannot enumerate AMD northbridges",
    "[    0.449469] Switched to clocksource hpet",
    "[    0.464613] pnp: PnP ACPI init",
    "[    0.464622] ACPI: bus type PNP registered",
    "[    0.464742] system 00:00: [io  0x1000-0x103f] could not be reserved",
    "[    0.464743] system 00:00: [io  0x1040-0x104f] has been reserved",
    "[    0.464744] system 00:00: [io  0x0cf0-0x0cf1] has been reserved",
    "[    0.464745] system 00:00: Plug and Play ACPI device, IDs PNP0c02 (active)",
    "[    0.464764] pnp 00:01: Plug and Play ACPI device, IDs PNP0b00 (active)",
    "[    0.464805] pnp 00:02: Plug and Play ACPI device, IDs PNP0303 (active)",
    "[    0.464816] pnp 00:03: Plug and Play ACPI device, IDs VMW0003 PNP0f13 (active)",
    "[    0.464911] system 00:04: [mem 0xfed00000-0xfed003ff] has been reserved",
    "[    0.464911] system 00:04: Plug and Play ACPI device, IDs PNP0103 PNP0c01 (active)",
    "[    0.465594] pnp 00:05: Plug and Play ACPI device, IDs PNP0501 (active)",
    "[    0.465796] system 00:06: [io  0xfce0-0xfcff] has been reserved",
    "[    0.465797] system 00:06: [mem 0xf0000000-0xf7ffffff] has been reserved",
    "[    0.465798] system 00:06: [mem 0xfe800000-0xfe9fffff] has been reserved",
    "[    0.465799] system 00:06: Plug and Play ACPI device, IDs PNP0c02 (active)",
    "[    0.468796] pnp: PnP ACPI: found 7 devices",
    "[    0.468798] ACPI: bus type PNP unregistered",
    "[    0.474538] pci 0000:00:15.3: bridge window [io  0x1000-0x0fff] to [bus 06] add_size 1000",
    "[    0.474540] pci 0000:00:15.4: bridge window [io  0x1000-0x0fff] to [bus 07] add_size 1000",
    "[    0.474541] pci 0000:00:15.5: bridge window [io  0x1000-0x0fff] to [bus 08] add_size 1000",
    "[    0.474541] pci 0000:00:15.6: bridge window [io  0x1000-0x0fff] to [bus 09] add_size 1000",
    "[    0.474542] pci 0000:00:15.7: bridge window [io  0x1000-0x0fff] to [bus 0a] add_size 1000",
    "[    0.474543] pci 0000:00:16.3: bridge window [io  0x1000-0x0fff] to [bus 0e] add_size 1000",
    "[    0.474544] pci 0000:00:16.4: bridge window [io  0x1000-0x0fff] to [bus 0f] add_size 1000",
    "[    0.474545] pci 0000:00:16.5: bridge window [io  0x1000-0x0fff] to [bus 10] add_size 1000",
    "[    0.474546] pci 0000:00:16.6: bridge window [io  0x1000-0x0fff] to [bus 11] add_size 1000",
    "[    0.474546] pci 0000:00:16.7: bridge window [io  0x1000-0x0fff] to [bus 12] add_size 1000",
    "[    0.474547] pci 0000:00:17.3: bridge window [io  0x1000-0x0fff] to [bus 16] add_size 1000",
    "[    0.474548] pci 0000:00:17.4: bridge window [io  0x1000-0x0fff] to [bus 17] add_size 1000",
    "[    0.474549] pci 0000:00:17.5: bridge window [io  0x1000-0x0fff] to [bus 18] add_size 1000",
    "[    0.474549] pci 0000:00:17.6: bridge window [io  0x1000-0x0fff] to [bus 19] add_size 1000",
    "[    0.474550] pci 0000:00:17.7: bridge window [io  0x1000-0x0fff] to [bus 1a] add_size 1000",
    "[    0.474551] pci 0000:00:18.2: bridge window [io  0x1000-0x0fff] to [bus 1d] add_size 1000",
    "[    0.474552] pci 0000:00:18.3: bridge window [io  0x1000-0x0fff] to [bus 1e] add_size 1000",
    "[    0.474552] pci 0000:00:18.4: bridge window [io  0x1000-0x0fff] to [bus 1f] add_size 1000",
    "[    0.474553] pci 0000:00:18.5: bridge window [io  0x1000-0x0fff] to [bus 20] add_size 1000",
    "[    0.474554] pci 0000:00:18.6: bridge window [io  0x1000-0x0fff] to [bus 21] add_size 1000",
    "[    0.474554] pci 0000:00:18.7: bridge window [io  0x1000-0x0fff] to [bus 22] add_size 1000",
    "[    0.474560] pci 0000:00:15.3: res[13]=[io  0x1000-0x0fff] res_to_dev_res add_size 1000 min_align 1000",
    "[    0.474561] pci 0000:00:15.3: res[13]=[io  0x1000-0x1fff] res_to_dev_res add_size 1000 min_align 1000",
    "[    0.474561] pci 0000:00:15.4: res[13]=[io  0x1000-0x0fff] res_to_dev_res add_size 1000 min_align 1000",
    "[    0.474562] pci 0000:00:15.4: res[13]=[io  0x1000-0x1fff] res_to_dev_res add_size 1000 min_align 1000",
    "[    0.474562] pci 0000:00:15.5: res[13]=[io  0x1000-0x0fff] res_to_dev_res add_size 1000 min_align 1000",
    "[    0.474563] pci 0000:00:15.5: res[13]=[io  0x1000-0x1fff] res_to_dev_res add_size 1000 min_align 1000",
    "[    0.474564] pci 0000:00:15.6: res[13]=[io  0x1000-0x0fff] res_to_dev_res add_size 1000 min_align 1000",
    "[    0.474564] pci 0000:00:15.6: res[13]=[io  0x1000-0x1fff] res_to_dev_res add_size 1000 min_align 1000",
    "[    0.474565] pci 0000:00:15.7: res[13]=[io  0x1000-0x0fff] res_to_dev_res add_size 1000 min_align 1000",
    "[    0.474565] pci 0000:00:15.7: res[13]=[io  0x1000-0x1fff] res_to_dev_res add_size 1000 min_align 1000",
    "[    0.474566] pci 0000:00:16.3: res[13]=[io  0x1000-0x0fff] res_to_dev_res add_size 1000 min_align 1000",
    "[    0.474566] pci 0000:00:16.3: res[13]=[io  0x1000-0x1fff] res_to_dev_res add_size 1000 min_align 1000",
    "[    0.474567] pci 0000:00:16.4: res[13]=[io  0x1000-0x0fff] res_to_dev_res add_size 1000 min_align 1000",
    "[    0.474567] pci 0000:00:16.4: res[13]=[io  0x1000-0x1fff] res_to_dev_res add_size 1000 min_align 1000",
    "[    0.474568] pci 0000:00:16.5: res[13]=[io  0x1000-0x0fff] res_to_dev_res add_size 1000 min_align 1000",
    "[    0.474568] pci 0000:00:16.5: res[13]=[io  0x1000-0x1fff] res_to_dev_res add_size 1000 min_align 1000",
    "[    0.474569] pci 0000:00:16.6: res[13]=[io  0x1000-0x0fff] res_to_dev_res add_size 1000 min_align 1000",
    "[    0.474569] pci 0000:00:16.6: res[13]=[io  0x1000-0x1fff] res_to_dev_res add_size 1000 min_align 1000",
    "[    0.474570] pci 0000:00:16.7: res[13]=[io  0x1000-0x0fff] res_to_dev_res add_size 1000 min_align 1000",
    "[    0.474571] pci 0000:00:16.7: res[13]=[io  0x1000-0x1fff] res_to_dev_res add_size 1000 min_align 1000",
    "[    0.474571] pci 0000:00:17.3: res[13]=[io  0x1000-0x0fff] res_to_dev_res add_size 1000 min_align 1000",
    "[    0.474572] pci 0000:00:17.3: res[13]=[io  0x1000-0x1fff] res_to_dev_res add_size 1000 min_align 1000",
    "[    0.474572] pci 0000:00:17.4: res[13]=[io  0x1000-0x0fff] res_to_dev_res add_size 1000 min_align 1000",
    "[    0.474573] pci 0000:00:17.4: res[13]=[io  0x1000-0x1fff] res_to_dev_res add_size 1000 min_align 1000",
    "[    0.474573] pci 0000:00:17.5: res[13]=[io  0x1000-0x0fff] res_to_dev_res add_size 1000 min_align 1000",
    "[    0.474574] pci 0000:00:17.5: res[13]=[io  0x1000-0x1fff] res_to_dev_res add_size 1000 min_align 1000",
    "[    0.474574] pci 0000:00:17.6: res[13]=[io  0x1000-0x0fff] res_to_dev_res add_size 1000 min_align 1000",
    "[    0.474575] pci 0000:00:17.6: res[13]=[io  0x1000-0x1fff] res_to_dev_res add_size 1000 min_align 1000",
    "[    0.474575] pci 0000:00:17.7: res[13]=[io  0x1000-0x0fff] res_to_dev_res add_size 1000 min_align 1000",
    "[    0.474576] pci 0000:00:17.7: res[13]=[io  0x1000-0x1fff] res_to_dev_res add_size 1000 min_align 1000",
    "[    0.474576] pci 0000:00:18.2: res[13]=[io  0x1000-0x0fff] res_to_dev_res add_size 1000 min_align 1000",
    "[    0.474577] pci 0000:00:18.2: res[13]=[io  0x1000-0x1fff] res_to_dev_res add_size 1000 min_align 1000",
    "[    0.474577] pci 0000:00:18.3: res[13]=[io  0x1000-0x0fff] res_to_dev_res add_size 1000 min_align 1000",
    "[    0.474578] pci 0000:00:18.3: res[13]=[io  0x1000-0x1fff] res_to_dev_res add_size 1000 min_align 1000",
    "[    0.474578] pci 0000:00:18.4: res[13]=[io  0x1000-0x0fff] res_to_dev_res add_size 1000 min_align 1000",
    "[    0.474579] pci 0000:00:18.4: res[13]=[io  0x1000-0x1fff] res_to_dev_res add_size 1000 min_align 1000",
    "[    0.474580] pci 0000:00:18.5: res[13]=[io  0x1000-0x0fff] res_to_dev_res add_size 1000 min_align 1000",
    "[    0.474580] pci 0000:00:18.5: res[13]=[io  0x1000-0x1fff] res_to_dev_res add_size 1000 min_align 1000",
    "[    0.474581] pci 0000:00:18.6: res[13]=[io  0x1000-0x0fff] res_to_dev_res add_size 1000 min_align 1000",
    "[    0.474581] pci 0000:00:18.6: res[13]=[io  0x1000-0x1fff] res_to_dev_res add_size 1000 min_align 1000",
    "[    0.474582] pci 0000:00:18.7: res[13]=[io  0x1000-0x0fff] res_to_dev_res add_size 1000 min_align 1000",
    "[    0.474582] pci 0000:00:18.7: res[13]=[io  0x1000-0x1fff] res_to_dev_res add_size 1000 min_align 1000",
    "[    0.474585] pci 0000:00:0f.0: BAR 6: assigned [mem 0xc0000000-0xc0007fff pref]",
    "[    0.474586] pci 0000:00:10.0: BAR 6: assigned [mem 0xc0008000-0xc000bfff pref]",
    "[    0.474588] pci 0000:00:15.3: BAR 13: no space for [io  size 0x1000]",
    "[    0.474588] pci 0000:00:15.3: BAR 13: failed to assign [io  size 0x1000]",
    "[    0.474589] pci 0000:00:15.4: BAR 13: no space for [io  size 0x1000]",
    "[    0.474590] pci 0000:00:15.4: BAR 13: failed to assign [io  size 0x1000]",
    "[    0.474591] pci 0000:00:15.5: BAR 13: no space for [io  size 0x1000]",
    "[    0.474591] pci 0000:00:15.5: BAR 13: failed to assign [io  size 0x1000]",
    "[    0.474592] pci 0000:00:15.6: BAR 13: no space for [io  size 0x1000]",
    "[    0.474592] pci 0000:00:15.6: BAR 13: failed to assign [io  size 0x1000]",
    "[    0.474593] pci 0000:00:15.7: BAR 13: no space for [io  size 0x1000]",
    "[    0.474594] pci 0000:00:15.7: BAR 13: failed to assign [io  size 0x1000]",
    "[    0.474594] pci 0000:00:16.3: BAR 13: no space for [io  size 0x1000]",
    "[    0.474595] pci 0000:00:16.3: BAR 13: failed to assign [io  size 0x1000]",
    "[    0.474596] pci 0000:00:16.4: BAR 13: no space for [io  size 0x1000]",
    "[    0.474596] pci 0000:00:16.4: BAR 13: failed to assign [io  size 0x1000]",
    "[    0.474597] pci 0000:00:16.5: BAR 13: no space for [io  size 0x1000]",
    "[    0.474597] pci 0000:00:16.5: BAR 13: failed to assign [io  size 0x1000]",
    "[    0.474598] pci 0000:00:16.6: BAR 13: no space for [io  size 0x1000]",
    "[    0.474598] pci 0000:00:16.6: BAR 13: failed to assign [io  size 0x1000]",
    "[    0.474599] pci 0000:00:16.7: BAR 13: no space for [io  size 0x1000]",
    "[    0.474599] pci 0000:00:16.7: BAR 13: failed to assign [io  size 0x1000]",
    "[    0.474600] pci 0000:00:17.3: BAR 13: no space for [io  size 0x1000]",
    "[    0.474601] pci 0000:00:17.3: BAR 13: failed to assign [io  size 0x1000]",
    "[    0.474601] pci 0000:00:17.4: BAR 13: no space for [io  size 0x1000]",
    "[    0.474602] pci 0000:00:17.4: BAR 13: failed to assign [io  size 0x1000]",
    "[    0.474602] pci 0000:00:17.5: BAR 13: no space for [io  size 0x1000]",
    "[    0.474603] pci 0000:00:17.5: BAR 13: failed to assign [io  size 0x1000]",
    "[    0.474603] pci 0000:00:17.6: BAR 13: no space for [io  size 0x1000]",
    "[    0.474604] pci 0000:00:17.6: BAR 13: failed to assign [io  size 0x1000]",
    "[    0.474605] pci 0000:00:17.7: BAR 13: no space for [io  size 0x1000]",
    "[    0.474605] pci 0000:00:17.7: BAR 13: failed to assign [io  size 0x1000]",
    "[    0.474606] pci 0000:00:18.2: BAR 13: no space for [io  size 0x1000]",
    "[    0.474606] pci 0000:00:18.2: BAR 13: failed to assign [io  size 0x1000]",
    "[    0.474607] pci 0000:00:18.3: BAR 13: no space for [io  size 0x1000]",
    "[    0.474607] pci 0000:00:18.3: BAR 13: failed to assign [io  size 0x1000]",
    "[    0.474608] pci 0000:00:18.4: BAR 13: no space for [io  size 0x1000]",
    "[    0.474608] pci 0000:00:18.4: BAR 13: failed to assign [io  size 0x1000]",
    "[    0.474609] pci 0000:00:18.5: BAR 13: no space for [io  size 0x1000]",
    "[    0.474610] pci 0000:00:18.5: BAR 13: failed to assign [io  size 0x1000]",
    "[    0.474610] pci 0000:00:18.6: BAR 13: no space for [io  size 0x1000]",
    "[    0.474611] pci 0000:00:18.6: BAR 13: failed to assign [io  size 0x1000]",
    "[    0.474611] pci 0000:00:18.7: BAR 13: no space for [io  size 0x1000]",
    "[    0.474612] pci 0000:00:18.7: BAR 13: failed to assign [io  size 0x1000]",
    "[    0.474614] pci 0000:00:18.7: BAR 13: no space for [io  size 0x1000]",
    "[    0.474614] pci 0000:00:18.7: BAR 13: failed to assign [io  size 0x1000]",
    "[    0.474615] pci 0000:00:18.6: BAR 13: no space for [io  size 0x1000]",
    "[    0.474616] pci 0000:00:18.6: BAR 13: failed to assign [io  size 0x1000]",
    "[    0.474616] pci 0000:00:18.5: BAR 13: no space for [io  size 0x1000]",
    "[    0.474617] pci 0000:00:18.5: BAR 13: failed to assign [io  size 0x1000]",
    "[    0.474617] pci 0000:00:18.4: BAR 13: no space for [io  size 0x1000]",
    "[    0.474618] pci 0000:00:18.4: BAR 13: failed to assign [io  size 0x1000]",
    "[    0.474619] pci 0000:00:18.3: BAR 13: no space for [io  size 0x1000]",
    "[    0.474619] pci 0000:00:18.3: BAR 13: failed to assign [io  size 0x1000]",
    "[    0.474620] pci 0000:00:18.2: BAR 13: no space for [io  size 0x1000]",
    "[    0.474620] pci 0000:00:18.2: BAR 13: failed to assign [io  size 0x1000]",
    "[    0.474621] pci 0000:00:17.7: BAR 13: no space for [io  size 0x1000]",
    "[    0.474621] pci 0000:00:17.7: BAR 13: failed to assign [io  size 0x1000]",
    "[    0.474622] pci 0000:00:17.6: BAR 13: no space for [io  size 0x1000]",
    "[    0.474623] pci 0000:00:17.6: BAR 13: failed to assign [io  size 0x1000]",
    "[    0.474623] pci 0000:00:17.5: BAR 13: no space for [io  size 0x1000]",
    "[    0.474624] pci 0000:00:17.5: BAR 13: failed to assign [io  size 0x1000]",
    "[    0.474624] pci 0000:00:17.4: BAR 13: no space for [io  size 0x1000]",
    "[    0.474625] pci 0000:00:17.4: BAR 13: failed to assign [io  size 0x1000]",
    "[    0.474626] pci 0000:00:17.3: BAR 13: no space for [io  size 0x1000]",
    "[    0.474626] pci 0000:00:17.3: BAR 13: failed to assign [io  size 0x1000]",
    "[    0.474627] pci 0000:00:16.7: BAR 13: no space for [io  size 0x1000]",
    "[    0.474627] pci 0000:00:16.7: BAR 13: failed to assign [io  size 0x1000]",
    "[    0.474628] pci 0000:00:16.6: BAR 13: no space for [io  size 0x1000]",
    "[    0.474628] pci 0000:00:16.6: BAR 13: failed to assign [io  size 0x1000]",
    "[    0.474629] pci 0000:00:16.5: BAR 13: no space for [io  size 0x1000]",
    "[    0.474629] pci 0000:00:16.5: BAR 13: failed to assign [io  size 0x1000]",
    "[    0.474630] pci 0000:00:16.4: BAR 13: no space for [io  size 0x1000]",
    "[    0.474631] pci 0000:00:16.4: BAR 13: failed to assign [io  size 0x1000]",
    "[    0.474631] pci 0000:00:16.3: BAR 13: no space for [io  size 0x1000]",
    "[    0.474632] pci 0000:00:16.3: BAR 13: failed to assign [io  size 0x1000]",
    "[    0.474632] pci 0000:00:15.7: BAR 13: no space for [io  size 0x1000]",
    "[    0.474633] pci 0000:00:15.7: BAR 13: failed to assign [io  size 0x1000]",
    "[    0.474634] pci 0000:00:15.6: BAR 13: no space for [io  size 0x1000]",
    "[    0.474634] pci 0000:00:15.6: BAR 13: failed to assign [io  size 0x1000]",
    "[    0.474635] pci 0000:00:15.5: BAR 13: no space for [io  size 0x1000]",
    "[    0.474635] pci 0000:00:15.5: BAR 13: failed to assign [io  size 0x1000]",
    "[    0.474636] pci 0000:00:15.4: BAR 13: no space for [io  size 0x1000]",
    "[    0.474636] pci 0000:00:15.4: BAR 13: failed to assign [io  size 0x1000]",
    "[    0.474637] pci 0000:00:15.3: BAR 13: no space for [io  size 0x1000]",
    "[    0.474638] pci 0000:00:15.3: BAR 13: failed to assign [io  size 0x1000]",
    "[    0.474639] pci 0000:00:01.0: PCI bridge to [bus 01]",
    "[    0.474707] pci 0000:02:01.0: BAR 6: assigned [mem 0xfd500000-0xfd50ffff pref]",
    "[    0.474708] pci 0000:00:11.0: PCI bridge to [bus 02]",
    "[    0.474717] pci 0000:00:11.0:   bridge window [io  0x2000-0x3fff]",
    "[    0.474741] pci 0000:00:11.0:   bridge window [mem 0xfd500000-0xfdffffff]",
    "[    0.474754] pci 0000:00:11.0:   bridge window [mem 0xe7b00000-0xe7ffffff 64bit pref]",
    "[    0.474779] pci 0000:00:15.0: PCI bridge to [bus 03]",
    "[    0.474787] pci 0000:00:15.0:   bridge window [io  0x4000-0x4fff]",
    "[    0.474806] pci 0000:00:15.0:   bridge window [mem 0xfd400000-0xfd4fffff]",
    "[    0.474819] pci 0000:00:15.0:   bridge window [mem 0xe7a00000-0xe7afffff 64bit pref]",
    "[    0.474874] pci 0000:00:15.1: PCI bridge to [bus 04]",
    "[    0.474886] pci 0000:00:15.1:   bridge window [io  0x8000-0x8fff]",
    "[    0.474905] pci 0000:00:15.1:   bridge window [mem 0xfd000000-0xfd0fffff]",
    "[    0.474918] pci 0000:00:15.1:   bridge window [mem 0xe7600000-0xe76fffff 64bit pref]",
    "[    0.474950] pci 0000:00:15.2: PCI bridge to [bus 05]",
    "[    0.474957] pci 0000:00:15.2:   bridge window [io  0xc000-0xcfff]",
    "[    0.474976] pci 0000:00:15.2:   bridge window [mem 0xfcc00000-0xfccfffff]",
    "[    0.474989] pci 0000:00:15.2:   bridge window [mem 0xe7200000-0xe72fffff 64bit pref]",
    "[    0.475020] pci 0000:00:15.3: PCI bridge to [bus 06]",
    "[    0.475039] pci 0000:00:15.3:   bridge window [mem 0xfc800000-0xfc8fffff]",
    "[    0.475052] pci 0000:00:15.3:   bridge window [mem 0xe6e00000-0xe6efffff 64bit pref]",
    "[    0.475083] pci 0000:00:15.4: PCI bridge to [bus 07]",
    "[    0.475102] pci 0000:00:15.4:   bridge window [mem 0xfc400000-0xfc4fffff]",
    "[    0.475115] pci 0000:00:15.4:   bridge window [mem 0xe6a00000-0xe6afffff 64bit pref]",
    "[    0.475148] pci 0000:00:15.5: PCI bridge to [bus 08]",
    "[    0.475168] pci 0000:00:15.5:   bridge window [mem 0xfc000000-0xfc0fffff]",
    "[    0.475187] pci 0000:00:15.5:   bridge window [mem 0xe6600000-0xe66fffff 64bit pref]",
    "[    0.475220] pci 0000:00:15.6: PCI bridge to [bus 09]",
    "[    0.475240] pci 0000:00:15.6:   bridge window [mem 0xfbc00000-0xfbcfffff]",
    "[    0.475253] pci 0000:00:15.6:   bridge window [mem 0xe6200000-0xe62fffff 64bit pref]",
    "[    0.475284] pci 0000:00:15.7: PCI bridge to [bus 0a]",
    "[    0.475303] pci 0000:00:15.7:   bridge window [mem 0xfb800000-0xfb8fffff]",
    "[    0.475315] pci 0000:00:15.7:   bridge window [mem 0xe5e00000-0xe5efffff 64bit pref]",
    "[    0.475346] pci 0000:00:16.0: PCI bridge to [bus 0b]",
    "[    0.475353] pci 0000:00:16.0:   bridge window [io  0x5000-0x5fff]",
    "[    0.475371] pci 0000:00:16.0:   bridge window [mem 0xfd300000-0xfd3fffff]",
    "[    0.475384] pci 0000:00:16.0:   bridge window [mem 0xe7900000-0xe79fffff 64bit pref]",
    "[    0.475415] pci 0000:00:16.1: PCI bridge to [bus 0c]",
    "[    0.475421] pci 0000:00:16.1:   bridge window [io  0x9000-0x9fff]",
    "[    0.475440] pci 0000:00:16.1:   bridge window [mem 0xfcf00000-0xfcffffff]",
    "[    0.475452] pci 0000:00:16.1:   bridge window [mem 0xe7500000-0xe75fffff 64bit pref]",
    "[    0.475489] pci 0000:00:16.2: PCI bridge to [bus 0d]",
    "[    0.475496] pci 0000:00:16.2:   bridge window [io  0xd000-0xdfff]",
    "[    0.475515] pci 0000:00:16.2:   bridge window [mem 0xfcb00000-0xfcbfffff]",
    "[    0.475527] pci 0000:00:16.2:   bridge window [mem 0xe7100000-0xe71fffff 64bit pref]",
    "[    0.475558] pci 0000:00:16.3: PCI bridge to [bus 0e]",
    "[    0.475576] pci 0000:00:16.3:   bridge window [mem 0xfc700000-0xfc7fffff]",
    "[    0.475589] pci 0000:00:16.3:   bridge window [mem 0xe6d00000-0xe6dfffff 64bit pref]",
    "[    0.475620] pci 0000:00:16.4: PCI bridge to [bus 0f]",
    "[    0.475638] pci 0000:00:16.4:   bridge window [mem 0xfc300000-0xfc3fffff]",
    "[    0.475651] pci 0000:00:16.4:   bridge window [mem 0xe6900000-0xe69fffff 64bit pref]",
    "[    0.475682] pci 0000:00:16.5: PCI bridge to [bus 10]",
    "[    0.475700] pci 0000:00:16.5:   bridge window [mem 0xfbf00000-0xfbffffff]",
    "[    0.475713] pci 0000:00:16.5:   bridge window [mem 0xe6500000-0xe65fffff 64bit pref]",
    "[    0.475743] pci 0000:00:16.6: PCI bridge to [bus 11]",
    "[    0.475762] pci 0000:00:16.6:   bridge window [mem 0xfbb00000-0xfbbfffff]",
    "[    0.475775] pci 0000:00:16.6:   bridge window [mem 0xe6100000-0xe61fffff 64bit pref]",
    "[    0.475805] pci 0000:00:16.7: PCI bridge to [bus 12]",
    "[    0.475824] pci 0000:00:16.7:   bridge window [mem 0xfb700000-0xfb7fffff]",
    "[    0.475836] pci 0000:00:16.7:   bridge window [mem 0xe5d00000-0xe5dfffff 64bit pref]",
    "[    0.475867] pci 0000:00:17.0: PCI bridge to [bus 13]",
    "[    0.475874] pci 0000:00:17.0:   bridge window [io  0x6000-0x6fff]",
    "[    0.475892] pci 0000:00:17.0:   bridge window [mem 0xfd200000-0xfd2fffff]",
    "[    0.475905] pci 0000:00:17.0:   bridge window [mem 0xe7800000-0xe78fffff 64bit pref]",
    "[    0.475935] pci 0000:00:17.1: PCI bridge to [bus 14]",
    "[    0.475942] pci 0000:00:17.1:   bridge window [io  0xa000-0xafff]",
    "[    0.475961] pci 0000:00:17.1:   bridge window [mem 0xfce00000-0xfcefffff]",
    "[    0.475973] pci 0000:00:17.1:   bridge window [mem 0xe7400000-0xe74fffff 64bit pref]",
    "[    0.476004] pci 0000:00:17.2: PCI bridge to [bus 15]",
    "[    0.476011] pci 0000:00:17.2:   bridge window [io  0xe000-0xefff]",
    "[    0.476029] pci 0000:00:17.2:   bridge window [mem 0xfca00000-0xfcafffff]",
    "[    0.476042] pci 0000:00:17.2:   bridge window [mem 0xe7000000-0xe70fffff 64bit pref]",
    "[    0.476072] pci 0000:00:17.3: PCI bridge to [bus 16]",
    "[    0.476091] pci 0000:00:17.3:   bridge window [mem 0xfc600000-0xfc6fffff]",
    "[    0.476103] pci 0000:00:17.3:   bridge window [mem 0xe6c00000-0xe6cfffff 64bit pref]",
    "[    0.476136] pci 0000:00:17.4: PCI bridge to [bus 17]",
    "[    0.476156] pci 0000:00:17.4:   bridge window [mem 0xfc200000-0xfc2fffff]",
    "[    0.476169] pci 0000:00:17.4:   bridge window [mem 0xe6800000-0xe68fffff 64bit pref]",
    "[    0.476203] pci 0000:00:17.5: PCI bridge to [bus 18]",
    "[    0.476224] pci 0000:00:17.5:   bridge window [mem 0xfbe00000-0xfbefffff]",
    "[    0.476236] pci 0000:00:17.5:   bridge window [mem 0xe6400000-0xe64fffff 64bit pref]",
    "[    0.476267] pci 0000:00:17.6: PCI bridge to [bus 19]",
    "[    0.476285] pci 0000:00:17.6:   bridge window [mem 0xfba00000-0xfbafffff]",
    "[    0.476298] pci 0000:00:17.6:   bridge window [mem 0xe6000000-0xe60fffff 64bit pref]",
    "[    0.476329] pci 0000:00:17.7: PCI bridge to [bus 1a]",
    "[    0.476347] pci 0000:00:17.7:   bridge window [mem 0xfb600000-0xfb6fffff]",
    "[    0.476360] pci 0000:00:17.7:   bridge window [mem 0xe5c00000-0xe5cfffff 64bit pref]",
    "[    0.476390] pci 0000:00:18.0: PCI bridge to [bus 1b]",
    "[    0.476397] pci 0000:00:18.0:   bridge window [io  0x7000-0x7fff]",
    "[    0.476416] pci 0000:00:18.0:   bridge window [mem 0xfd100000-0xfd1fffff]",
    "[    0.476428] pci 0000:00:18.0:   bridge window [mem 0xe7700000-0xe77fffff 64bit pref]",
    "[    0.476459] pci 0000:00:18.1: PCI bridge to [bus 1c]",
    "[    0.476470] pci 0000:00:18.1:   bridge window [io  0xb000-0xbfff]",
    "[    0.476489] pci 0000:00:18.1:   bridge window [mem 0xfcd00000-0xfcdfffff]",
    "[    0.476501] pci 0000:00:18.1:   bridge window [mem 0xe7300000-0xe73fffff 64bit pref]",
    "[    0.476535] pci 0000:00:18.2: PCI bridge to [bus 1d]",
    "[    0.476554] pci 0000:00:18.2:   bridge window [mem 0xfc900000-0xfc9fffff]",
    "[    0.476567] pci 0000:00:18.2:   bridge window [mem 0xe6f00000-0xe6ffffff 64bit pref]",
    "[    0.476597] pci 0000:00:18.3: PCI bridge to [bus 1e]",
    "[    0.476616] pci 0000:00:18.3:   bridge window [mem 0xfc500000-0xfc5fffff]",
    "[    0.476629] pci 0000:00:18.3:   bridge window [mem 0xe6b00000-0xe6bfffff 64bit pref]",
    "[    0.476659] pci 0000:00:18.4: PCI bridge to [bus 1f]",
    "[    0.476678] pci 0000:00:18.4:   bridge window [mem 0xfc100000-0xfc1fffff]",
    "[    0.476690] pci 0000:00:18.4:   bridge window [mem 0xe6700000-0xe67fffff 64bit pref]",
    "[    0.476721] pci 0000:00:18.5: PCI bridge to [bus 20]",
    "[    0.476739] pci 0000:00:18.5:   bridge window [mem 0xfbd00000-0xfbdfffff]",
    "[    0.476752] pci 0000:00:18.5:   bridge window [mem 0xe6300000-0xe63fffff 64bit pref]",
    "[    0.476783] pci 0000:00:18.6: PCI bridge to [bus 21]",
    "[    0.476801] pci 0000:00:18.6:   bridge window [mem 0xfb900000-0xfb9fffff]",
    "[    0.476814] pci 0000:00:18.6:   bridge window [mem 0xe5f00000-0xe5ffffff 64bit pref]",
    "[    0.476845] pci 0000:00:18.7: PCI bridge to [bus 22]",
    "[    0.476863] pci 0000:00:18.7:   bridge window [mem 0xfb500000-0xfb5fffff]",
    "[    0.476876] pci 0000:00:18.7:   bridge window [mem 0xe5b00000-0xe5bfffff 64bit pref]",
    "[    0.476908] pci_bus 0000:00: resource 4 [mem 0x000a0000-0x000bffff window]",
    "[    0.476908] pci_bus 0000:00: resource 5 [mem 0x000cc000-0x000cffff window]",
    "[    0.476909] pci_bus 0000:00: resource 6 [mem 0x000d0000-0x000d3fff window]",
    "[    0.476909] pci_bus 0000:00: resource 7 [mem 0x000d4000-0x000d7fff window]",
    "[    0.476910] pci_bus 0000:00: resource 8 [mem 0x000d8000-0x000dbfff window]",
    "[    0.476910] pci_bus 0000:00: resource 9 [mem 0xc0000000-0xfebfffff window]",
    "[    0.476911] pci_bus 0000:00: resource 10 [io  0x0000-0x0cf7 window]",
    "[    0.476911] pci_bus 0000:00: resource 11 [io  0x0d00-0xfeff window]",
    "[    0.476912] pci_bus 0000:02: resource 0 [io  0x2000-0x3fff]",
    "[    0.476913] pci_bus 0000:02: resource 1 [mem 0xfd500000-0xfdffffff]",
    "[    0.476913] pci_bus 0000:02: resource 2 [mem 0xe7b00000-0xe7ffffff 64bit pref]",
    "[    0.476914] pci_bus 0000:02: resource 4 [mem 0x000a0000-0x000bffff window]",
    "[    0.476914] pci_bus 0000:02: resource 5 [mem 0x000cc000-0x000cffff window]",
    "[    0.476915] pci_bus 0000:02: resource 6 [mem 0x000d0000-0x000d3fff window]",
    "[    0.476915] pci_bus 0000:02: resource 7 [mem 0x000d4000-0x000d7fff window]",
    "[    0.476916] pci_bus 0000:02: resource 8 [mem 0x000d8000-0x000dbfff window]",
    "[    0.476916] pci_bus 0000:02: resource 9 [mem 0xc0000000-0xfebfffff window]",
    "[    0.476917] pci_bus 0000:02: resource 10 [io  0x0000-0x0cf7 window]",
    "[    0.476917] pci_bus 0000:02: resource 11 [io  0x0d00-0xfeff window]",
    "[    0.476918] pci_bus 0000:03: resource 0 [io  0x4000-0x4fff]",
    "[    0.476918] pci_bus 0000:03: resource 1 [mem 0xfd400000-0xfd4fffff]",
    "[    0.476919] pci_bus 0000:03: resource 2 [mem 0xe7a00000-0xe7afffff 64bit pref]",
    "[    0.476920] pci_bus 0000:04: resource 0 [io  0x8000-0x8fff]",
    "[    0.476920] pci_bus 0000:04: resource 1 [mem 0xfd000000-0xfd0fffff]",
    "[    0.476921] pci_bus 0000:04: resource 2 [mem 0xe7600000-0xe76fffff 64bit pref]",
    "[    0.476921] pci_bus 0000:05: resource 0 [io  0xc000-0xcfff]",
    "[    0.476921] pci_bus 0000:05: resource 1 [mem 0xfcc00000-0xfccfffff]",
    "[    0.476922] pci_bus 0000:05: resource 2 [mem 0xe7200000-0xe72fffff 64bit pref]",
    "[    0.476922] pci_bus 0000:06: resource 1 [mem 0xfc800000-0xfc8fffff]",
    "[    0.476923] pci_bus 0000:06: resource 2 [mem 0xe6e00000-0xe6efffff 64bit pref]",
    "[    0.476924] pci_bus 0000:07: resource 1 [mem 0xfc400000-0xfc4fffff]",
    "[    0.476924] pci_bus 0000:07: resource 2 [mem 0xe6a00000-0xe6afffff 64bit pref]",
    "[    0.476925] pci_bus 0000:08: resource 1 [mem 0xfc000000-0xfc0fffff]",
    "[    0.476925] pci_bus 0000:08: resource 2 [mem 0xe6600000-0xe66fffff 64bit pref]",
    "[    0.476925] pci_bus 0000:09: resource 1 [mem 0xfbc00000-0xfbcfffff]",
    "[    0.476926] pci_bus 0000:09: resource 2 [mem 0xe6200000-0xe62fffff 64bit pref]",
    "[    0.476927] pci_bus 0000:0a: resource 1 [mem 0xfb800000-0xfb8fffff]",
    "[    0.476927] pci_bus 0000:0a: resource 2 [mem 0xe5e00000-0xe5efffff 64bit pref]",
    "[    0.476928] pci_bus 0000:0b: resource 0 [io  0x5000-0x5fff]",
    "[    0.476928] pci_bus 0000:0b: resource 1 [mem 0xfd300000-0xfd3fffff]",
    "[    0.476929] pci_bus 0000:0b: resource 2 [mem 0xe7900000-0xe79fffff 64bit pref]",
    "[    0.476929] pci_bus 0000:0c: resource 0 [io  0x9000-0x9fff]",
    "[    0.476930] pci_bus 0000:0c: resource 1 [mem 0xfcf00000-0xfcffffff]",
    "[    0.476930] pci_bus 0000:0c: resource 2 [mem 0xe7500000-0xe75fffff 64bit pref]",
    "[    0.476931] pci_bus 0000:0d: resource 0 [io  0xd000-0xdfff]",
    "[    0.476931] pci_bus 0000:0d: resource 1 [mem 0xfcb00000-0xfcbfffff]",
    "[    0.476931] pci_bus 0000:0d: resource 2 [mem 0xe7100000-0xe71fffff 64bit pref]",
    "[    0.476932] pci_bus 0000:0e: resource 1 [mem 0xfc700000-0xfc7fffff]",
    "[    0.476932] pci_bus 0000:0e: resource 2 [mem 0xe6d00000-0xe6dfffff 64bit pref]",
    "[    0.476933] pci_bus 0000:0f: resource 1 [mem 0xfc300000-0xfc3fffff]",
    "[    0.476933] pci_bus 0000:0f: resource 2 [mem 0xe6900000-0xe69fffff 64bit pref]",
    "[    0.476934] pci_bus 0000:10: resource 1 [mem 0xfbf00000-0xfbffffff]",
    "[    0.476934] pci_bus 0000:10: resource 2 [mem 0xe6500000-0xe65fffff 64bit pref]",
    "[    0.476935] pci_bus 0000:11: resource 1 [mem 0xfbb00000-0xfbbfffff]",
    "[    0.476935] pci_bus 0000:11: resource 2 [mem 0xe6100000-0xe61fffff 64bit pref]",
    "[    0.476936] pci_bus 0000:12: resource 1 [mem 0xfb700000-0xfb7fffff]",
    "[    0.476936] pci_bus 0000:12: resource 2 [mem 0xe5d00000-0xe5dfffff 64bit pref]",
    "[    0.476937] pci_bus 0000:13: resource 0 [io  0x6000-0x6fff]",
    "[    0.476937] pci_bus 0000:13: resource 1 [mem 0xfd200000-0xfd2fffff]",
    "[    0.476938] pci_bus 0000:13: resource 2 [mem 0xe7800000-0xe78fffff 64bit pref]",
    "[    0.476938] pci_bus 0000:14: resource 0 [io  0xa000-0xafff]",
    "[    0.476939] pci_bus 0000:14: resource 1 [mem 0xfce00000-0xfcefffff]",
    "[    0.476939] pci_bus 0000:14: resource 2 [mem 0xe7400000-0xe74fffff 64bit pref]",
    "[    0.476940] pci_bus 0000:15: resource 0 [io  0xe000-0xefff]",
    "[    0.476940] pci_bus 0000:15: resource 1 [mem 0xfca00000-0xfcafffff]",
    "[    0.476941] pci_bus 0000:15: resource 2 [mem 0xe7000000-0xe70fffff 64bit pref]",
    "[    0.476941] pci_bus 0000:16: resource 1 [mem 0xfc600000-0xfc6fffff]",
    "[    0.476942] pci_bus 0000:16: resource 2 [mem 0xe6c00000-0xe6cfffff 64bit pref]",
